Archive member included because of file (symbol)

c:/program files/gnu tools arm embedded/4.9 2014q4/bin/../lib/gcc/arm-none-eabi/4.9.3/../../../../arm-none-eabi/lib/armv7e-m/fpu\libc.a(lib_a-exit.o)
                              c:/program files/gnu tools arm embedded/4.9 2014q4/bin/../lib/gcc/arm-none-eabi/4.9.3/../../../../arm-none-eabi/lib/armv7e-m/fpu/crt0.o (exit)
c:/program files/gnu tools arm embedded/4.9 2014q4/bin/../lib/gcc/arm-none-eabi/4.9.3/../../../../arm-none-eabi/lib/armv7e-m/fpu\libc.a(lib_a-impure.o)
                              c:/program files/gnu tools arm embedded/4.9 2014q4/bin/../lib/gcc/arm-none-eabi/4.9.3/../../../../arm-none-eabi/lib/armv7e-m/fpu\libc.a(lib_a-exit.o) (_global_impure_ptr)
c:/program files/gnu tools arm embedded/4.9 2014q4/bin/../lib/gcc/arm-none-eabi/4.9.3/../../../../arm-none-eabi/lib/armv7e-m/fpu\libc.a(lib_a-init.o)
                              c:/program files/gnu tools arm embedded/4.9 2014q4/bin/../lib/gcc/arm-none-eabi/4.9.3/../../../../arm-none-eabi/lib/armv7e-m/fpu/crt0.o (__libc_init_array)
c:/program files/gnu tools arm embedded/4.9 2014q4/bin/../lib/gcc/arm-none-eabi/4.9.3/../../../../arm-none-eabi/lib/armv7e-m/fpu\libc.a(lib_a-memset.o)
                              c:/program files/gnu tools arm embedded/4.9 2014q4/bin/../lib/gcc/arm-none-eabi/4.9.3/../../../../arm-none-eabi/lib/armv7e-m/fpu/crt0.o (memset)
c:/program files/gnu tools arm embedded/4.9 2014q4/bin/../lib/gcc/arm-none-eabi/4.9.3/../../../../arm-none-eabi/lib/armv7e-m/fpu\libc.a(lib_a-rand.o)
                              ./Synth/random.o (symbol from plugin) (srand)
c:/program files/gnu tools arm embedded/4.9 2014q4/bin/../lib/gcc/arm-none-eabi/4.9.3/../../../../arm-none-eabi/lib/armv7e-m/fpu\libc.a(lib_a-__call_atexit.o)
                              c:/program files/gnu tools arm embedded/4.9 2014q4/bin/../lib/gcc/arm-none-eabi/4.9.3/../../../../arm-none-eabi/lib/armv7e-m/fpu\libc.a(lib_a-exit.o) (__call_exitprocs)
c:/program files/gnu tools arm embedded/4.9 2014q4/bin/../lib/gcc/arm-none-eabi/4.9.3/../../../../arm-none-eabi/lib/armv7e-m/fpu\libc.a(lib_a-atexit.o)
                              c:/program files/gnu tools arm embedded/4.9 2014q4/bin/../lib/gcc/arm-none-eabi/4.9.3/../../../../arm-none-eabi/lib/armv7e-m/fpu\libc.a(lib_a-__call_atexit.o) (atexit)
c:/program files/gnu tools arm embedded/4.9 2014q4/bin/../lib/gcc/arm-none-eabi/4.9.3/../../../../arm-none-eabi/lib/armv7e-m/fpu\libc.a(lib_a-fini.o)
                              c:/program files/gnu tools arm embedded/4.9 2014q4/bin/../lib/gcc/arm-none-eabi/4.9.3/../../../../arm-none-eabi/lib/armv7e-m/fpu\libc.a(lib_a-__call_atexit.o) (__libc_fini_array)
c:/program files/gnu tools arm embedded/4.9 2014q4/bin/../lib/gcc/arm-none-eabi/4.9.3/../../../../arm-none-eabi/lib/armv7e-m/fpu\libc.a(lib_a-__atexit.o)
                              c:/program files/gnu tools arm embedded/4.9 2014q4/bin/../lib/gcc/arm-none-eabi/4.9.3/../../../../arm-none-eabi/lib/armv7e-m/fpu\libc.a(lib_a-atexit.o) (__register_exitproc)
c:/program files/gnu tools arm embedded/4.9 2014q4/bin/../lib/gcc/arm-none-eabi/4.9.3/../../../../arm-none-eabi/lib/armv7e-m/fpu\libnosys.a(_exit.o)
                              c:/program files/gnu tools arm embedded/4.9 2014q4/bin/../lib/gcc/arm-none-eabi/4.9.3/../../../../arm-none-eabi/lib/armv7e-m/fpu\libc.a(lib_a-exit.o) (_exit)
c:/program files/gnu tools arm embedded/4.9 2014q4/bin/../lib/gcc/arm-none-eabi/4.9.3/../../../../arm-none-eabi/lib/armv7e-m/fpu\libc.a(lib_a-malloc.o)
                              C:\Users\CNous\AppData\Local\Temp\ccPRtbYf.ltrans15.ltrans.o (malloc)
c:/program files/gnu tools arm embedded/4.9 2014q4/bin/../lib/gcc/arm-none-eabi/4.9.3/../../../../arm-none-eabi/lib/armv7e-m/fpu\libc.a(lib_a-mallocr.o)
                              c:/program files/gnu tools arm embedded/4.9 2014q4/bin/../lib/gcc/arm-none-eabi/4.9.3/../../../../arm-none-eabi/lib/armv7e-m/fpu\libc.a(lib_a-malloc.o) (_malloc_r)
c:/program files/gnu tools arm embedded/4.9 2014q4/bin/../lib/gcc/arm-none-eabi/4.9.3/../../../../arm-none-eabi/lib/armv7e-m/fpu\libc.a(lib_a-memcpy.o)
                              C:\Users\CNous\AppData\Local\Temp\ccPRtbYf.ltrans1.ltrans.o (memcpy)
c:/program files/gnu tools arm embedded/4.9 2014q4/bin/../lib/gcc/arm-none-eabi/4.9.3/../../../../arm-none-eabi/lib/armv7e-m/fpu\libc.a(lib_a-mlock.o)
                              c:/program files/gnu tools arm embedded/4.9 2014q4/bin/../lib/gcc/arm-none-eabi/4.9.3/../../../../arm-none-eabi/lib/armv7e-m/fpu\libc.a(lib_a-mallocr.o) (__malloc_lock)
c:/program files/gnu tools arm embedded/4.9 2014q4/bin/../lib/gcc/arm-none-eabi/4.9.3/../../../../arm-none-eabi/lib/armv7e-m/fpu\libc.a(lib_a-sbrkr.o)
                              c:/program files/gnu tools arm embedded/4.9 2014q4/bin/../lib/gcc/arm-none-eabi/4.9.3/../../../../arm-none-eabi/lib/armv7e-m/fpu\libc.a(lib_a-mallocr.o) (_sbrk_r)
[...]
Memory Configuration

Name             Origin             Length             Attributes
FLASH            0x08000000         0x00100000         xr
RAM              0x20000000         0x00020000         xrw
CCMRAM           0x10000000         0x00010000         rw
*default*        0x00000000         0xffffffff

Linker script and memory map

LOAD c:/program files/gnu tools arm embedded/4.9 2014q4/bin/../lib/gcc/arm-none-eabi/4.9.3/armv7e-m/fpu/crti.o
LOAD c:/program files/gnu tools arm embedded/4.9 2014q4/bin/../lib/gcc/arm-none-eabi/4.9.3/armv7e-m/fpu/crtbegin.o
LOAD c:/program files/gnu tools arm embedded/4.9 2014q4/bin/../lib/gcc/arm-none-eabi/4.9.3/../../../../arm-none-eabi/lib/armv7e-m/fpu/crt0.o
LOAD ./drivers/USBH_midi_class/Src/usbh_MIDI.o
LOAD C:\Users\CNous\AppData\Local\Temp\ccPRtbYf.ltrans0.ltrans.o
LOAD C:\Users\CNous\AppData\Local\Temp\ccPRtbYf.ltrans1.ltrans.o
LOAD C:\Users\CNous\AppData\Local\Temp\ccPRtbYf.ltrans2.ltrans.o
LOAD C:\Users\CNous\AppData\Local\Temp\ccPRtbYf.ltrans3.ltrans.o
LOAD C:\Users\CNous\AppData\Local\Temp\ccPRtbYf.ltrans4.ltrans.o
LOAD C:\Users\CNous\AppData\Local\Temp\ccPRtbYf.ltrans5.ltrans.o
LOAD C:\Users\CNous\AppData\Local\Temp\ccPRtbYf.ltrans6.ltrans.o
LOAD C:\Users\CNous\AppData\Local\Temp\ccPRtbYf.ltrans7.ltrans.o
LOAD C:\Users\CNous\AppData\Local\Temp\ccPRtbYf.ltrans8.ltrans.o
LOAD C:\Users\CNous\AppData\Local\Temp\ccPRtbYf.ltrans9.ltrans.o
LOAD C:\Users\CNous\AppData\Local\Temp\ccPRtbYf.ltrans10.ltrans.o
LOAD C:\Users\CNous\AppData\Local\Temp\ccPRtbYf.ltrans11.ltrans.o
LOAD C:\Users\CNous\AppData\Local\Temp\ccPRtbYf.ltrans12.ltrans.o
LOAD C:\Users\CNous\AppData\Local\Temp\ccPRtbYf.ltrans13.ltrans.o
LOAD C:\Users\CNous\AppData\Local\Temp\ccPRtbYf.ltrans14.ltrans.o
LOAD C:\Users\CNous\AppData\Local\Temp\ccPRtbYf.ltrans15.ltrans.o
LOAD C:\Users\CNous\AppData\Local\Temp\ccPRtbYf.ltrans16.ltrans.o
LOAD C:\Users\CNous\AppData\Local\Temp\ccPRtbYf.ltrans17.ltrans.o
LOAD C:\Users\CNous\AppData\Local\Temp\ccPRtbYf.ltrans18.ltrans.o
LOAD C:\Users\CNous\AppData\Local\Temp\ccPRtbYf.ltrans19.ltrans.o
LOAD C:\Users\CNous\AppData\Local\Temp\ccPRtbYf.ltrans20.ltrans.o
LOAD c:/program files/gnu tools arm embedded/4.9 2014q4/bin/../lib/gcc/arm-none-eabi/4.9.3/armv7e-m/fpu\libgcc.a
LOAD c:/program files/gnu tools arm embedded/4.9 2014q4/bin/../lib/gcc/arm-none-eabi/4.9.3/../../../../arm-none-eabi/lib/armv7e-m/fpu\libc.a
LOAD c:/program files/gnu tools arm embedded/4.9 2014q4/bin/../lib/gcc/arm-none-eabi/4.9.3/armv7e-m/fpu\libgcc.a
LOAD c:/program files/gnu tools arm embedded/4.9 2014q4/bin/../lib/gcc/arm-none-eabi/4.9.3/../../../../arm-none-eabi/lib/armv7e-m/fpu\libc.a
LOAD c:/program files/gnu tools arm embedded/4.9 2014q4/bin/../lib/gcc/arm-none-eabi/4.9.3/../../../../arm-none-eabi/lib/armv7e-m/fpu\libnosys.a
LOAD ./drivers/STM32_USB_Host_Library/Core/Src/usbh_core.o
LOAD ./drivers/STM32_USB_Host_Library/Core/Src/usbh_ctlreq.o
LOAD ./drivers/STM32_USB_Host_Library/Core/Src/usbh_ioreq.o
LOAD ./drivers/STM32_USB_Host_Library/Core/Src/usbh_pipes.o
LOAD ./drivers/STM32F4xx_HAL_Driver/Src/stm32f4xx_hal.o
LOAD ./drivers/STM32F4xx_HAL_Driver/Src/stm32f4xx_hal_adc.o
LOAD ./drivers/STM32F4xx_HAL_Driver/Src/stm32f4xx_hal_adc_ex.o
LOAD ./drivers/STM32F4xx_HAL_Driver/Src/stm32f4xx_hal_can.o
LOAD ./drivers/STM32F4xx_HAL_Driver/Src/stm32f4xx_hal_cortex.o
LOAD ./drivers/STM32F4xx_HAL_Driver/Src/stm32f4xx_hal_crc.o
LOAD ./drivers/STM32F4xx_HAL_Driver/Src/stm32f4xx_hal_cryp.o
LOAD ./drivers/STM32F4xx_HAL_Driver/Src/stm32f4xx_hal_cryp_ex.o
LOAD ./drivers/STM32F4xx_HAL_Driver/Src/stm32f4xx_hal_dac.o
LOAD ./drivers/STM32F4xx_HAL_Driver/Src/stm32f4xx_hal_dac_ex.o
LOAD ./drivers/STM32F4xx_HAL_Driver/Src/stm32f4xx_hal_dcmi.o
LOAD ./drivers/STM32F4xx_HAL_Driver/Src/stm32f4xx_hal_dma.o
LOAD ./drivers/STM32F4xx_HAL_Driver/Src/stm32f4xx_hal_dma2d.o
LOAD ./drivers/STM32F4xx_HAL_Driver/Src/stm32f4xx_hal_dma_ex.o
LOAD ./drivers/STM32F4xx_HAL_Driver/Src/stm32f4xx_hal_eth.o
LOAD ./drivers/STM32F4xx_HAL_Driver/Src/stm32f4xx_hal_flash.o
LOAD ./drivers/STM32F4xx_HAL_Driver/Src/stm32f4xx_hal_flash_ex.o
LOAD ./drivers/STM32F4xx_HAL_Driver/Src/stm32f4xx_hal_flash_ramfunc.o
LOAD ./drivers/STM32F4xx_HAL_Driver/Src/stm32f4xx_hal_gpio.o
LOAD ./drivers/STM32F4xx_HAL_Driver/Src/stm32f4xx_hal_hash.o
LOAD ./drivers/STM32F4xx_HAL_Driver/Src/stm32f4xx_hal_hash_ex.o
LOAD ./drivers/STM32F4xx_HAL_Driver/Src/stm32f4xx_hal_hcd.o
LOAD ./drivers/STM32F4xx_HAL_Driver/Src/stm32f4xx_hal_i2c.o
LOAD ./drivers/STM32F4xx_HAL_Driver/Src/stm32f4xx_hal_i2c_ex.o
LOAD ./drivers/STM32F4xx_HAL_Driver/Src/stm32f4xx_hal_i2s.o
LOAD ./drivers/STM32F4xx_HAL_Driver/Src/stm32f4xx_hal_i2s_ex.o
LOAD ./drivers/STM32F4xx_HAL_Driver/Src/stm32f4xx_hal_irda.o
LOAD ./drivers/STM32F4xx_HAL_Driver/Src/stm32f4xx_hal_iwdg.o
LOAD ./drivers/STM32F4xx_HAL_Driver/Src/stm32f4xx_hal_ltdc.o
LOAD ./drivers/STM32F4xx_HAL_Driver/Src/stm32f4xx_hal_msp_template.o
LOAD ./drivers/STM32F4xx_HAL_Driver/Src/stm32f4xx_hal_nand.o
LOAD ./drivers/STM32F4xx_HAL_Driver/Src/stm32f4xx_hal_nor.o
LOAD ./drivers/STM32F4xx_HAL_Driver/Src/stm32f4xx_hal_pccard.o
LOAD ./drivers/STM32F4xx_HAL_Driver/Src/stm32f4xx_hal_pcd.o
LOAD ./drivers/STM32F4xx_HAL_Driver/Src/stm32f4xx_hal_pcd_ex.o
LOAD ./drivers/STM32F4xx_HAL_Driver/Src/stm32f4xx_hal_pwr.o
LOAD ./drivers/STM32F4xx_HAL_Driver/Src/stm32f4xx_hal_pwr_ex.o
LOAD ./drivers/STM32F4xx_HAL_Driver/Src/stm32f4xx_hal_rcc.o
LOAD ./drivers/STM32F4xx_HAL_Driver/Src/stm32f4xx_hal_rcc_ex.o
LOAD ./drivers/STM32F4xx_HAL_Driver/Src/stm32f4xx_hal_rng.o
LOAD ./drivers/STM32F4xx_HAL_Driver/Src/stm32f4xx_hal_rtc.o
LOAD ./drivers/STM32F4xx_HAL_Driver/Src/stm32f4xx_hal_rtc_ex.o
LOAD ./drivers/STM32F4xx_HAL_Driver/Src/stm32f4xx_hal_sai.o
LOAD ./drivers/STM32F4xx_HAL_Driver/Src/stm32f4xx_hal_sd.o
LOAD ./drivers/STM32F4xx_HAL_Driver/Src/stm32f4xx_hal_sdram.o
LOAD ./drivers/STM32F4xx_HAL_Driver/Src/stm32f4xx_hal_smartcard.o
LOAD ./drivers/STM32F4xx_HAL_Driver/Src/stm32f4xx_hal_spi.o
LOAD ./drivers/STM32F4xx_HAL_Driver/Src/stm32f4xx_hal_sram.o
LOAD ./drivers/STM32F4xx_HAL_Driver/Src/stm32f4xx_hal_tim.o
LOAD ./drivers/STM32F4xx_HAL_Driver/Src/stm32f4xx_hal_tim_ex.o
LOAD ./drivers/STM32F4xx_HAL_Driver/Src/stm32f4xx_hal_uart.o
LOAD ./drivers/STM32F4xx_HAL_Driver/Src/stm32f4xx_hal_usart.o
LOAD ./drivers/STM32F4xx_HAL_Driver/Src/stm32f4xx_hal_wwdg.o
LOAD ./drivers/STM32F4xx_HAL_Driver/Src/stm32f4xx_ll_fmc.o
LOAD ./drivers/STM32F4xx_HAL_Driver/Src/stm32f4xx_ll_fsmc.o
LOAD ./drivers/STM32F4xx_HAL_Driver/Src/stm32f4xx_ll_sdmmc.o
LOAD ./drivers/STM32F4xx_HAL_Driver/Src/stm32f4xx_ll_usb.o
LOAD ./drivers/BSP/cs43l22.o
LOAD ./drivers/BSP/lis302dl.o
LOAD ./drivers/BSP/lis3dsh.o
LOAD ./drivers/BSP/startup_stm32f407xx.o
LOAD ./drivers/BSP/stm32f4_discovery.o
LOAD ./drivers/BSP/stm32f4_discovery_accelerometer.o
LOAD ./drivers/BSP/stm32f4_discovery_audio.o
LOAD ./drivers/BSP/stm32f4xx_it.o
LOAD ./drivers/BSP/system_stm32f4xx.o
LOAD ./drivers/BSP/usbh_conf.o
LOAD ./Synth/MIDI_application.o
LOAD ./Synth/adsr.o
LOAD ./Synth/audio_conf.o
LOAD ./Synth/blepvco.o
LOAD ./Synth/chorusFD.o
LOAD ./Synth/delay.o
LOAD ./Synth/drifter.o
LOAD ./Synth/main.o
LOAD ./Synth/math_tools.o
LOAD ./Synth/minblep_tables.o
LOAD ./Synth/notesTables.o
LOAD ./Synth/oscillators.o
LOAD ./Synth/phaser.o
LOAD ./Synth/random.o
LOAD ./Synth/resonantFilter.o
LOAD ./Synth/sequencer.o
LOAD ./Synth/sinetable.o
LOAD ./Synth/soundGen.o
LOAD ./Synth/timers.o
LOAD c:/program files/gnu tools arm embedded/4.9 2014q4/bin/../lib/gcc/arm-none-eabi/4.9.3/../../../../arm-none-eabi/lib/armv7e-m/fpu\libm.a
LOAD c:/program files/gnu tools arm embedded/4.9 2014q4/bin/../lib/gcc/arm-none-eabi/4.9.3/../../../../arm-none-eabi/lib/armv7e-m/fpu\libc.a
LOAD c:/program files/gnu tools arm embedded/4.9 2014q4/bin/../lib/gcc/arm-none-eabi/4.9.3/../../../../arm-none-eabi/lib/armv7e-m/fpu\libg.a
START GROUP
LOAD c:/program files/gnu tools arm embedded/4.9 2014q4/bin/../lib/gcc/arm-none-eabi/4.9.3/armv7e-m/fpu\libgcc.a
LOAD c:/program files/gnu tools arm embedded/4.9 2014q4/bin/../lib/gcc/arm-none-eabi/4.9.3/../../../../arm-none-eabi/lib/armv7e-m/fpu\libc.a
END GROUP
START GROUP
LOAD c:/program files/gnu tools arm embedded/4.9 2014q4/bin/../lib/gcc/arm-none-eabi/4.9.3/armv7e-m/fpu\libgcc.a
LOAD c:/program files/gnu tools arm embedded/4.9 2014q4/bin/../lib/gcc/arm-none-eabi/4.9.3/../../../../arm-none-eabi/lib/armv7e-m/fpu\libc.a
LOAD c:/program files/gnu tools arm embedded/4.9 2014q4/bin/../lib/gcc/arm-none-eabi/4.9.3/../../../../arm-none-eabi/lib/armv7e-m/fpu\libnosys.a
END GROUP
LOAD c:/program files/gnu tools arm embedded/4.9 2014q4/bin/../lib/gcc/arm-none-eabi/4.9.3/armv7e-m/fpu/crtend.o
LOAD c:/program files/gnu tools arm embedded/4.9 2014q4/bin/../lib/gcc/arm-none-eabi/4.9.3/armv7e-m/fpu/crtn.o
                0x2001ffff                _estack = 0x2001ffff
                0x00001000                _Min_Heap_Size = 0x1000
                0x00001000                _Min_Stack_Size = 0x1000

.isr_vector     0x08000000      0x188
                0x08000000                . = ALIGN (0x4)
 *(.isr_vector)
 .isr_vector    0x08000000      0x188 ./drivers/BSP/startup_stm32f407xx.o
                0x08000000                g_pfnVectors
                0x08000188                . = ALIGN (0x4)

.text           0x08000188    0x10730
                0x08000188                . = ALIGN (0x4)
 *(.text)
 .text          0x08000188       0x5c c:/program files/gnu tools arm embedded/4.9 2014q4/bin/../lib/gcc/arm-none-eabi/4.9.3/armv7e-m/fpu/crtbegin.o
 .text          0x080001e4      0x134 c:/program files/gnu tools arm embedded/4.9 2014q4/bin/../lib/gcc/arm-none-eabi/4.9.3/../../../../arm-none-eabi/lib/armv7e-m/fpu\libc.a(lib_a-memcpy.o)
                0x080001e4                memcpy
 .text          0x08000318      0x370 c:/program files/gnu tools arm embedded/4.9 2014q4/bin/../lib/gcc/arm-none-eabi/4.9.3/armv7e-m/fpu\libgcc.a(_arm_addsubdf3.o)
                0x08000318                __aeabi_drsub
                0x08000320                __aeabi_dsub
                0x08000320                __subdf3
                0x08000324                __aeabi_dadd
                0x08000324                __adddf3
                0x0800059c                __floatunsidf
                0x0800059c                __aeabi_ui2d
                0x080005bc                __floatsidf
                0x080005bc                __aeabi_i2d
                0x080005e0                __aeabi_f2d
                0x080005e0                __extendsfdf2
                0x0800061c                __floatundidf
                0x0800061c                __aeabi_ul2d
                0x0800062c                __floatdidf
                0x0800062c                __aeabi_l2d
 .text          0x08000688      0x424 c:/program files/gnu tools arm embedded/4.9 2014q4/bin/../lib/gcc/arm-none-eabi/4.9.3/armv7e-m/fpu\libgcc.a(_arm_muldivdf3.o)
                0x08000688                __aeabi_dmul
                0x08000688                __muldf3
                0x080008dc                __divdf3
                0x080008dc                __aeabi_ddiv
 .text          0x08000aac      0x110 c:/program files/gnu tools arm embedded/4.9 2014q4/bin/../lib/gcc/arm-none-eabi/4.9.3/armv7e-m/fpu\libgcc.a(_arm_cmpdf2.o)
                0x08000aac                __gtdf2
                0x08000aac                __gedf2
                0x08000ab4                __ltdf2
                0x08000ab4                __ledf2
                0x08000abc                __nedf2
                0x08000abc                __eqdf2
                0x08000abc                __cmpdf2
                0x08000b38                __aeabi_cdrcmple
                0x08000b48                __aeabi_cdcmpeq
                0x08000b48                __aeabi_cdcmple
                0x08000b58                __aeabi_dcmpeq
                0x08000b6c                __aeabi_dcmplt
                0x08000b80                __aeabi_dcmple
                0x08000b94                __aeabi_dcmpge
                0x08000ba8                __aeabi_dcmpgt
 .text          0x08000bbc       0xa0 c:/program files/gnu tools arm embedded/4.9 2014q4/bin/../lib/gcc/arm-none-eabi/4.9.3/armv7e-m/fpu\libgcc.a(_arm_truncdfsf2.o)
                0x08000bbc                __truncdfsf2
                0x08000bbc                __aeabi_d2f
 *(.text*)
 .text.startup.main
                0x08000c5c     0x1ae8 C:\Users\CNous\AppData\Local\Temp\ccPRtbYf.ltrans0.ltrans.o
                0x08000c5c                main
 .text.make_sound.constprop.28
                0x08002744     0x39c0 C:\Users\CNous\AppData\Local\Temp\ccPRtbYf.ltrans1.ltrans.o
                0x08002744                make_sound.constprop.28
 .text.USBH_MIDI_Process.lto_priv.169
                0x08006104     0x18ac C:\Users\CNous\AppData\Local\Temp\ccPRtbYf.ltrans2.ltrans.o
                0x08006104                USBH_MIDI_Process.lto_priv.169
 .text.HAL_DMA_IRQHandler
                0x080079b0      0xc88 C:\Users\CNous\AppData\Local\Temp\ccPRtbYf.ltrans3.ltrans.o
                0x080079b0                HAL_DMA_IRQHandler
 .text.cs43l22_Init
                0x08008638      0x820 C:\Users\CNous\AppData\Local\Temp\ccPRtbYf.ltrans4.ltrans.o
                0x08008638                cs43l22_Init
 .text.cs43l22_ReadID
                0x08008e58      0x248 C:\Users\CNous\AppData\Local\Temp\ccPRtbYf.ltrans5.ltrans.o
                0x08008e58                cs43l22_ReadID
 .text.cs43l22_SetFrequency
                0x080090a0        0x4 C:\Users\CNous\AppData\Local\Temp\ccPRtbYf.ltrans6.ltrans.o
                0x080090a0                cs43l22_SetFrequency
 .text.cs43l22_SetOutputMode
                0x080090a4      0x2b4 C:\Users\CNous\AppData\Local\Temp\ccPRtbYf.ltrans6.ltrans.o
                0x080090a4                cs43l22_SetOutputMode
 .text.cs43l22_SetMute
                0x08009358       0xe8 C:\Users\CNous\AppData\Local\Temp\ccPRtbYf.ltrans6.ltrans.o
                0x08009358                cs43l22_SetMute
 .text.cs43l22_SetVolume
                0x08009440      0x20c C:\Users\CNous\AppData\Local\Temp\ccPRtbYf.ltrans6.ltrans.o
                0x08009440                cs43l22_SetVolume
 .text.cs43l22_Stop
                0x0800964c      0x114 C:\Users\CNous\AppData\Local\Temp\ccPRtbYf.ltrans6.ltrans.o
                0x0800964c                cs43l22_Stop
 .text.MagicPatch.part.2.lto_priv.143
                0x08009760      0xc60 C:\Users\CNous\AppData\Local\Temp\ccPRtbYf.ltrans7.ltrans.o
                0x08009760                MagicPatch.part.2.lto_priv.143
 .text.TIM4_IRQHandler
                0x0800a3c0        0x4 C:\Users\CNous\AppData\Local\Temp\ccPRtbYf.ltrans8.ltrans.o
                0x0800a3c0                TIM4_IRQHandler
 .text.DMA1_Stream3_IRQHandler
                0x0800a3c4        0x8 C:\Users\CNous\AppData\Local\Temp\ccPRtbYf.ltrans8.ltrans.o
                0x0800a3c4                DMA1_Stream3_IRQHandler
 .text.DMA1_Stream7_IRQHandler
                0x0800a3cc        0xc C:\Users\CNous\AppData\Local\Temp\ccPRtbYf.ltrans8.ltrans.o
                0x0800a3cc                DMA1_Stream7_IRQHandler
 .text.EXTI1_IRQHandler
                0x0800a3d8       0x14 C:\Users\CNous\AppData\Local\Temp\ccPRtbYf.ltrans8.ltrans.o
                0x0800a3d8                EXTI1_IRQHandler
 .text.EXTI0_IRQHandler
                0x0800a3ec       0x14 C:\Users\CNous\AppData\Local\Temp\ccPRtbYf.ltrans8.ltrans.o
                0x0800a3ec                EXTI0_IRQHandler
 .text.SysTick_Handler
                0x0800a400       0xcc C:\Users\CNous\AppData\Local\Temp\ccPRtbYf.ltrans8.ltrans.o
                0x0800a400                SysTick_Handler
 .text.OTG_FS_IRQHandler
                0x0800a4cc      0x978 C:\Users\CNous\AppData\Local\Temp\ccPRtbYf.ltrans8.ltrans.o
                0x0800a4cc                OTG_FS_IRQHandler
 .text.HAL_GPIO_Init.constprop.98
                0x0800ae44       0x78 C:\Users\CNous\AppData\Local\Temp\ccPRtbYf.ltrans9.ltrans.o
                0x0800ae44                HAL_GPIO_Init.constprop.98
 .text.HAL_NVIC_SetPriority.constprop.96
                0x0800aebc       0x64 C:\Users\CNous\AppData\Local\Temp\ccPRtbYf.ltrans9.ltrans.o
                0x0800aebc                HAL_NVIC_SetPriority.constprop.96
 .text.USBH_Get_DevDesc.constprop.104
                0x0800af20      0x48c C:\Users\CNous\AppData\Local\Temp\ccPRtbYf.ltrans9.ltrans.o
                0x0800af20                USBH_Get_DevDesc.constprop.104
 .text.USBH_Get_StringDesc.constprop.110
                0x0800b3ac      0x418 C:\Users\CNous\AppData\Local\Temp\ccPRtbYf.ltrans10.ltrans.o
                0x0800b3ac                USBH_Get_StringDesc.constprop.110
 .text.USBH_MIDI_SOFProcess.lto_priv.170
                0x0800b7c4        0x4 C:\Users\CNous\AppData\Local\Temp\ccPRtbYf.ltrans11.ltrans.o
                0x0800b7c4                USBH_MIDI_SOFProcess.lto_priv.170
 .text.HAL_Delay
                0x0800b7c8       0x1c C:\Users\CNous\AppData\Local\Temp\ccPRtbYf.ltrans11.ltrans.o
                0x0800b7c8                HAL_Delay
 .text.USBH_CtlReq
                0x0800b7e4      0x3b4 C:\Users\CNous\AppData\Local\Temp\ccPRtbYf.ltrans11.ltrans.o
                0x0800b7e4                USBH_CtlReq
 .text.USB_WritePacket
                0x0800bb98       0x28 C:\Users\CNous\AppData\Local\Temp\ccPRtbYf.ltrans12.ltrans.o
 .text.USB_FlushRxFifo
                0x0800bbc0       0x20 C:\Users\CNous\AppData\Local\Temp\ccPRtbYf.ltrans12.ltrans.o
 .text.USB_FlushTxFifo
                0x0800bbe0       0x24 C:\Users\CNous\AppData\Local\Temp\ccPRtbYf.ltrans12.ltrans.o
 .text.USB_DisableGlobalInt
                0x0800bc04       0x10 C:\Users\CNous\AppData\Local\Temp\ccPRtbYf.ltrans12.ltrans.o
                0x0800bc04                USB_DisableGlobalInt
 .text.USB_EnableGlobalInt
                0x0800bc14       0x10 C:\Users\CNous\AppData\Local\Temp\ccPRtbYf.ltrans12.ltrans.o
                0x0800bc14                USB_EnableGlobalInt
 .text.I2S_DMAError
                0x0800bc24       0x30 C:\Users\CNous\AppData\Local\Temp\ccPRtbYf.ltrans12.ltrans.o
                0x0800bc24                I2S_DMAError
 .text.I2S_DMATxHalfCplt
                0x0800bc54       0x30 C:\Users\CNous\AppData\Local\Temp\ccPRtbYf.ltrans12.ltrans.o
                0x0800bc54                I2S_DMATxHalfCplt
 .text.I2S_DMATxCplt
                0x0800bc84       0x88 C:\Users\CNous\AppData\Local\Temp\ccPRtbYf.ltrans12.ltrans.o
                0x0800bc84                I2S_DMATxCplt
 .text.USB_StopHost
                0x0800bd0c      0x100 C:\Users\CNous\AppData\Local\Temp\ccPRtbYf.ltrans12.ltrans.o
                0x0800bd0c                USB_StopHost
 .text.USB_DoPing
                0x0800be0c       0x84 C:\Users\CNous\AppData\Local\Temp\ccPRtbYf.ltrans12.ltrans.o
 .text.USB_HC_Halt
                0x0800be90      0x1f8 C:\Users\CNous\AppData\Local\Temp\ccPRtbYf.ltrans12.ltrans.o
                0x0800be90                USB_HC_Halt
 .text.USB_HC_ReadInterrupt
                0x0800c088       0x20 C:\Users\CNous\AppData\Local\Temp\ccPRtbYf.ltrans12.ltrans.o
                0x0800c088                USB_HC_ReadInterrupt
 .text.USB_HC_StartXfer
                0x0800c0a8      0x284 C:\Users\CNous\AppData\Local\Temp\ccPRtbYf.ltrans12.ltrans.o
                0x0800c0a8                USB_HC_StartXfer
 .text.unlikely.USB_CoreReset.lto_priv.171
                0x0800c32c       0x30 C:\Users\CNous\AppData\Local\Temp\ccPRtbYf.ltrans12.ltrans.o
                0x0800c32c                USB_CoreReset.lto_priv.171
 .text.HAL_RCC_GetHCLKFreq
                0x0800c35c       0xc4 C:\Users\CNous\AppData\Local\Temp\ccPRtbYf.ltrans12.ltrans.o
                0x0800c35c                HAL_RCC_GetHCLKFreq
 .text.HAL_GPIO_Init
                0x0800c420      0x22c C:\Users\CNous\AppData\Local\Temp\ccPRtbYf.ltrans12.ltrans.o
                0x0800c420                HAL_GPIO_Init
 .text.seq_sequence_new
                0x0800c64c       0xc4 C:\Users\CNous\AppData\Local\Temp\ccPRtbYf.ltrans13.ltrans.o
                0x0800c64c                seq_sequence_new
 .text.Synth_Init
                0x0800c710      0x690 C:\Users\CNous\AppData\Local\Temp\ccPRtbYf.ltrans13.ltrans.o
                0x0800c710                Synth_Init
 .text.SVF_calcSample
                0x0800cda0      0x270 C:\Users\CNous\AppData\Local\Temp\ccPRtbYf.ltrans13.ltrans.o
                0x0800cda0                SVF_calcSample
 .text.Error_Handler
                0x0800d010       0x10 C:\Users\CNous\AppData\Local\Temp\ccPRtbYf.ltrans13.ltrans.o
                0x0800d010                Error_Handler
 .text.cs43l22_Resume
                0x0800d020      0x1ac C:\Users\CNous\AppData\Local\Temp\ccPRtbYf.ltrans14.ltrans.o
                0x0800d020                cs43l22_Resume
 .text.cs43l22_Pause
                0x0800d1cc      0x108 C:\Users\CNous\AppData\Local\Temp\ccPRtbYf.ltrans14.ltrans.o
                0x0800d1cc                cs43l22_Pause
 .text.cs43l22_Play
                0x0800d2d4      0x128 C:\Users\CNous\AppData\Local\Temp\ccPRtbYf.ltrans14.ltrans.o
                0x0800d2d4                cs43l22_Play
 .text.USBH_MIDI_ClassRequest.lto_priv.168
                0x0800d3fc       0x10 C:\Users\CNous\AppData\Local\Temp\ccPRtbYf.ltrans15.ltrans.o
                0x0800d3fc                USBH_MIDI_ClassRequest.lto_priv.168
 .text.USBH_MIDI_InterfaceInit.lto_priv.166
                0x0800d40c      0x520 C:\Users\CNous\AppData\Local\Temp\ccPRtbYf.ltrans15.ltrans.o
                0x0800d40c                USBH_MIDI_InterfaceInit.lto_priv.166
 .text.USBH_MIDI_InterfaceDeInit.lto_priv.167
                0x0800d92c       0xa8 C:\Users\CNous\AppData\Local\Temp\ccPRtbYf.ltrans15.ltrans.o
                0x0800d92c                USBH_MIDI_InterfaceDeInit.lto_priv.167
 .text.HAL_InitTick.constprop.79
                0x0800d9d4       0x44 C:\Users\CNous\AppData\Local\Temp\ccPRtbYf.ltrans16.ltrans.o
                0x0800d9d4                HAL_InitTick.constprop.79
 .text.I2C_RequestMemoryWrite.constprop.55
                0x0800da18       0xdc C:\Users\CNous\AppData\Local\Temp\ccPRtbYf.ltrans16.ltrans.o
                0x0800da18                I2C_RequestMemoryWrite.constprop.55
 .text.HAL_I2C_Mem_Write.part.16.constprop.52
                0x0800daf4       0x9c C:\Users\CNous\AppData\Local\Temp\ccPRtbYf.ltrans16.ltrans.o
                0x0800daf4                HAL_I2C_Mem_Write.part.16.constprop.52
 .text.PendSV_Handler
                0x0800db90        0x4 C:\Users\CNous\AppData\Local\Temp\ccPRtbYf.ltrans17.ltrans.o
                0x0800db90                PendSV_Handler
 .text.DebugMon_Handler
                0x0800db94        0x4 C:\Users\CNous\AppData\Local\Temp\ccPRtbYf.ltrans17.ltrans.o
                0x0800db94                DebugMon_Handler
 .text.SVC_Handler
                0x0800db98        0x4 C:\Users\CNous\AppData\Local\Temp\ccPRtbYf.ltrans17.ltrans.o
                0x0800db98                SVC_Handler
 .text.UsageFault_Handler
                0x0800db9c        0x4 C:\Users\CNous\AppData\Local\Temp\ccPRtbYf.ltrans17.ltrans.o
                0x0800db9c                UsageFault_Handler
 .text.BusFault_Handler
                0x0800dba0        0x4 C:\Users\CNous\AppData\Local\Temp\ccPRtbYf.ltrans17.ltrans.o
                0x0800dba0                BusFault_Handler
 .text.MemManage_Handler
                0x0800dba4        0x4 C:\Users\CNous\AppData\Local\Temp\ccPRtbYf.ltrans17.ltrans.o
                0x0800dba4                MemManage_Handler
 .text.HardFault_Handler
                0x0800dba8        0x4 C:\Users\CNous\AppData\Local\Temp\ccPRtbYf.ltrans17.ltrans.o
                0x0800dba8                HardFault_Handler
 .text.NMI_Handler
                0x0800dbac        0x4 C:\Users\CNous\AppData\Local\Temp\ccPRtbYf.ltrans17.ltrans.o
                0x0800dbac                NMI_Handler
 .text.I2Cx_Init.lto_priv.176
                0x0800dbb0      0x204 C:\Users\CNous\AppData\Local\Temp\ccPRtbYf.ltrans17.ltrans.o
                0x0800dbb0                I2Cx_Init.lto_priv.176
 .text.BSP_LED_Init
                0x0800ddb4       0x58 C:\Users\CNous\AppData\Local\Temp\ccPRtbYf.ltrans17.ltrans.o
                0x0800ddb4                BSP_LED_Init
 .text.MagicFX.part.1.lto_priv.144
                0x0800de0c      0x42c C:\Users\CNous\AppData\Local\Temp\ccPRtbYf.ltrans18.ltrans.o
                0x0800de0c                MagicFX.part.1.lto_priv.144
 .text.SystemInit
                0x0800e238       0x50 C:\Users\CNous\AppData\Local\Temp\ccPRtbYf.ltrans18.ltrans.o
                0x0800e238                SystemInit
 .text.USBH_UserProcess_callback.lto_priv.164
                0x0800e288       0x6c C:\Users\CNous\AppData\Local\Temp\ccPRtbYf.ltrans19.ltrans.o
                0x0800e288                USBH_UserProcess_callback.lto_priv.164
 .text.delay_read
                0x0800e2f4      0x144 C:\Users\CNous\AppData\Local\Temp\ccPRtbYf.ltrans20.ltrans.o
 .text.mono_chorus_compute
                0x0800e438      0x148 C:\Users\CNous\AppData\Local\Temp\ccPRtbYf.ltrans20.ltrans.o
                0x0800e438                mono_chorus_compute
 .text.malloc   0x0800e580       0x10 c:/program files/gnu tools arm embedded/4.9 2014q4/bin/../lib/gcc/arm-none-eabi/4.9.3/../../../../arm-none-eabi/lib/armv7e-m/fpu\libc.a(lib_a-malloc.o)
                0x0800e580                malloc
 .text.free     0x0800e590       0x10 c:/program files/gnu tools arm embedded/4.9 2014q4/bin/../lib/gcc/arm-none-eabi/4.9.3/../../../../arm-none-eabi/lib/armv7e-m/fpu\libc.a(lib_a-malloc.o)
                0x0800e590                free
 .text._malloc_r
                0x0800e5a0      0x51c c:/program files/gnu tools arm embedded/4.9 2014q4/bin/../lib/gcc/arm-none-eabi/4.9.3/../../../../arm-none-eabi/lib/armv7e-m/fpu\libc.a(lib_a-mallocr.o)
                0x0800e5a0                _malloc_r
 .text.__malloc_lock
                0x0800eabc        0x4 c:/program files/gnu tools arm embedded/4.9 2014q4/bin/../lib/gcc/arm-none-eabi/4.9.3/../../../../arm-none-eabi/lib/armv7e-m/fpu\libc.a(lib_a-mlock.o)
                0x0800eabc                __malloc_lock
 .text.__malloc_unlock
                0x0800eac0        0x4 c:/program files/gnu tools arm embedded/4.9 2014q4/bin/../lib/gcc/arm-none-eabi/4.9.3/../../../../arm-none-eabi/lib/armv7e-m/fpu\libc.a(lib_a-mlock.o)
                0x0800eac0                __malloc_unlock
 .text._sbrk_r  0x0800eac4       0x24 c:/program files/gnu tools arm embedded/4.9 2014q4/bin/../lib/gcc/arm-none-eabi/4.9.3/../../../../arm-none-eabi/lib/armv7e-m/fpu\libc.a(lib_a-sbrkr.o)
                0x0800eac4                _sbrk_r
 .text._malloc_trim_r
                0x0800eae8       0x9c c:/program files/gnu tools arm embedded/4.9 2014q4/bin/../lib/gcc/arm-none-eabi/4.9.3/../../../../arm-none-eabi/lib/armv7e-m/fpu\libc.a(lib_a-freer.o)
                0x0800eae8                _malloc_trim_r
 .text._free_r  0x0800eb84      0x1b0 c:/program files/gnu tools arm embedded/4.9 2014q4/bin/../lib/gcc/arm-none-eabi/4.9.3/../../../../arm-none-eabi/lib/armv7e-m/fpu\libc.a(lib_a-freer.o)
                0x0800eb84                _free_r
 .text._sbrk    0x0800ed34       0x1c c:/program files/gnu tools arm embedded/4.9 2014q4/bin/../lib/gcc/arm-none-eabi/4.9.3/../../../../arm-none-eabi/lib/armv7e-m/fpu\libnosys.a(sbrk.o)
                0x0800ed34                _sbrk
 .text.Reset_Handler
                0x0800ed50       0x50 ./drivers/BSP/startup_stm32f407xx.o
                0x0800ed50                Reset_Handler
 .text.Default_Handler
                0x0800eda0        0x2 ./drivers/BSP/startup_stm32f407xx.o
                0x0800eda0                RTC_Alarm_IRQHandler
                0x0800eda0                HASH_RNG_IRQHandler
                0x0800eda0                EXTI2_IRQHandler
                0x0800eda0                TIM8_CC_IRQHandler
                0x0800eda0                TIM1_CC_IRQHandler
                0x0800eda0                DMA2_Stream5_IRQHandler
                0x0800eda0                DMA1_Stream5_IRQHandler
                0x0800eda0                PVD_IRQHandler
                0x0800eda0                SDIO_IRQHandler
                0x0800eda0                TAMP_STAMP_IRQHandler
                0x0800eda0                CAN2_RX1_IRQHandler
                0x0800eda0                EXTI3_IRQHandler
                0x0800eda0                TIM8_TRG_COM_TIM14_IRQHandler
                0x0800eda0                TIM1_UP_TIM10_IRQHandler
                0x0800eda0                TIM8_UP_TIM13_IRQHandler
                0x0800eda0                I2C3_ER_IRQHandler
                0x0800eda0                I2C2_EV_IRQHandler
                0x0800eda0                DMA1_Stream2_IRQHandler
                0x0800eda0                CAN1_RX0_IRQHandler
                0x0800eda0                FPU_IRQHandler
                0x0800eda0                OTG_HS_WKUP_IRQHandler
                0x0800eda0                CAN2_SCE_IRQHandler
                0x0800eda0                DMA2_Stream2_IRQHandler
                0x0800eda0                SPI1_IRQHandler
                0x0800eda0                TIM6_DAC_IRQHandler
                0x0800eda0                TIM1_BRK_TIM9_IRQHandler
                0x0800eda0                DCMI_IRQHandler
                0x0800eda0                CAN2_RX0_IRQHandler
                0x0800eda0                DMA2_Stream3_IRQHandler
                0x0800eda0                USART6_IRQHandler
                0x0800eda0                USART3_IRQHandler
                0x0800eda0                CAN1_RX1_IRQHandler
                0x0800eda0                UART5_IRQHandler
                0x0800eda0                DMA2_Stream0_IRQHandler
                0x0800eda0                I2C1_EV_IRQHandler
                0x0800eda0                DMA1_Stream6_IRQHandler
                0x0800eda0                DMA1_Stream1_IRQHandler
                0x0800eda0                UART4_IRQHandler
                0x0800eda0                TIM3_IRQHandler
                0x0800eda0                RCC_IRQHandler
                0x0800eda0                TIM8_BRK_TIM12_IRQHandler
                0x0800eda0                Default_Handler
                0x0800eda0                EXTI15_10_IRQHandler
                0x0800eda0                ADC_IRQHandler
                0x0800eda0                TIM7_IRQHandler
                0x0800eda0                CAN2_TX_IRQHandler
                0x0800eda0                TIM5_IRQHandler
                0x0800eda0                DMA2_Stream7_IRQHandler
                0x0800eda0                I2C3_EV_IRQHandler
                0x0800eda0                EXTI9_5_IRQHandler
                0x0800eda0                RTC_WKUP_IRQHandler
                0x0800eda0                ETH_WKUP_IRQHandler
                0x0800eda0                SPI2_IRQHandler
                0x0800eda0                OTG_HS_EP1_IN_IRQHandler
                0x0800eda0                DMA1_Stream0_IRQHandler
                0x0800eda0                CAN1_TX_IRQHandler
                0x0800eda0                EXTI4_IRQHandler
                0x0800eda0                FSMC_IRQHandler
                0x0800eda0                ETH_IRQHandler
                0x0800eda0                OTG_HS_EP1_OUT_IRQHandler
                0x0800eda0                WWDG_IRQHandler
                0x0800eda0                TIM2_IRQHandler
                0x0800eda0                OTG_FS_WKUP_IRQHandler
                0x0800eda0                TIM1_TRG_COM_TIM11_IRQHandler
                0x0800eda0                OTG_HS_IRQHandler
                0x0800eda0                USART2_IRQHandler
                0x0800eda0                I2C2_ER_IRQHandler
                0x0800eda0                DMA2_Stream1_IRQHandler
                0x0800eda0                CAN1_SCE_IRQHandler
                0x0800eda0                FLASH_IRQHandler
                0x0800eda0                DMA2_Stream4_IRQHandler
                0x0800eda0                USART1_IRQHandler
                0x0800eda0                SPI3_IRQHandler
                0x0800eda0                DMA1_Stream4_IRQHandler
                0x0800eda0                I2C1_ER_IRQHandler
                0x0800eda0                DMA2_Stream6_IRQHandler
 *fill*         0x0800eda2        0x2 
 .text.__libc_init_array
                0x0800eda4       0x50 c:/program files/gnu tools arm embedded/4.9 2014q4/bin/../lib/gcc/arm-none-eabi/4.9.3/../../../../arm-none-eabi/lib/armv7e-m/fpu\libc.a(lib_a-init.o)
                0x0800eda4                __libc_init_array
 .text.memset   0x0800edf4       0x9c c:/program files/gnu tools arm embedded/4.9 2014q4/bin/../lib/gcc/arm-none-eabi/4.9.3/../../../../arm-none-eabi/lib/armv7e-m/fpu\libc.a(lib_a-memset.o)
                0x0800edf4                memset
 .text.srand    0x0800ee90       0x14 c:/program files/gnu tools arm embedded/4.9 2014q4/bin/../lib/gcc/arm-none-eabi/4.9.3/../../../../arm-none-eabi/lib/armv7e-m/fpu\libc.a(lib_a-rand.o)
                0x0800ee90                srand
 .text.rand     0x0800eea4       0x40 c:/program files/gnu tools arm embedded/4.9 2014q4/bin/../lib/gcc/arm-none-eabi/4.9.3/../../../../arm-none-eabi/lib/armv7e-m/fpu\libc.a(lib_a-rand.o)
                0x0800eea4                rand
 .text.startup.register_fini
                0x0800eee4       0x14 c:/program files/gnu tools arm embedded/4.9 2014q4/bin/../lib/gcc/arm-none-eabi/4.9.3/../../../../arm-none-eabi/lib/armv7e-m/fpu\libc.a(lib_a-__call_atexit.o)
 .text.atexit   0x0800eef8        0xc c:/program files/gnu tools arm embedded/4.9 2014q4/bin/../lib/gcc/arm-none-eabi/4.9.3/../../../../arm-none-eabi/lib/armv7e-m/fpu\libc.a(lib_a-atexit.o)
                0x0800eef8                atexit
 .text.__libc_fini_array
                0x0800ef04       0x2c c:/program files/gnu tools arm embedded/4.9 2014q4/bin/../lib/gcc/arm-none-eabi/4.9.3/../../../../arm-none-eabi/lib/armv7e-m/fpu\libc.a(lib_a-fini.o)
                0x0800ef04                __libc_fini_array
 .text.__register_exitproc
                0x0800ef30       0xa4 c:/program files/gnu tools arm embedded/4.9 2014q4/bin/../lib/gcc/arm-none-eabi/4.9.3/../../../../arm-none-eabi/lib/armv7e-m/fpu\libc.a(lib_a-__atexit.o)
                0x0800ef30                __register_exitproc
 .text.floorf   0x0800efd4       0x90 c:/program files/gnu tools arm embedded/4.9 2014q4/bin/../lib/gcc/arm-none-eabi/4.9.3/../../../../arm-none-eabi/lib/armv7e-m/fpu\libm.a(lib_a-sf_floor.o)
                0x0800efd4                floorf
 .text.lrintf   0x0800f064       0x8c c:/program files/gnu tools arm embedded/4.9 2014q4/bin/../lib/gcc/arm-none-eabi/4.9.3/../../../../arm-none-eabi/lib/armv7e-m/fpu\libm.a(lib_a-sf_lrint.o)
                0x0800f064                lrintf
 .text.rintf    0x0800f0f0       0xd0 c:/program files/gnu tools arm embedded/4.9 2014q4/bin/../lib/gcc/arm-none-eabi/4.9.3/../../../../arm-none-eabi/lib/armv7e-m/fpu\libm.a(lib_a-sf_rint.o)
                0x0800f0f0                rintf
 .text.sinf     0x0800f1c0       0x7c c:/program files/gnu tools arm embedded/4.9 2014q4/bin/../lib/gcc/arm-none-eabi/4.9.3/../../../../arm-none-eabi/lib/armv7e-m/fpu\libm.a(lib_a-sf_sin.o)
                0x0800f1c0                sinf
 .text.powf     0x0800f23c      0x344 c:/program files/gnu tools arm embedded/4.9 2014q4/bin/../lib/gcc/arm-none-eabi/4.9.3/../../../../arm-none-eabi/lib/armv7e-m/fpu\libm.a(lib_a-wf_pow.o)
                0x0800f23c                powf
 .text.__ieee754_powf
                0x0800f580      0x5f0 c:/program files/gnu tools arm embedded/4.9 2014q4/bin/../lib/gcc/arm-none-eabi/4.9.3/../../../../arm-none-eabi/lib/armv7e-m/fpu\libm.a(lib_a-ef_pow.o)
                0x0800f580                __ieee754_powf
 .text.__ieee754_rem_pio2f
                0x0800fb70      0x290 c:/program files/gnu tools arm embedded/4.9 2014q4/bin/../lib/gcc/arm-none-eabi/4.9.3/../../../../arm-none-eabi/lib/armv7e-m/fpu\libm.a(lib_a-ef_rem_pio2.o)
                0x0800fb70                __ieee754_rem_pio2f
 .text.__ieee754_sqrtf
                0x0800fe00       0xa4 c:/program files/gnu tools arm embedded/4.9 2014q4/bin/../lib/gcc/arm-none-eabi/4.9.3/../../../../arm-none-eabi/lib/armv7e-m/fpu\libm.a(lib_a-ef_sqrt.o)
                0x0800fe00                __ieee754_sqrtf
 .text.__kernel_cosf
                0x0800fea4      0x104 c:/program files/gnu tools arm embedded/4.9 2014q4/bin/../lib/gcc/arm-none-eabi/4.9.3/../../../../arm-none-eabi/lib/armv7e-m/fpu\libm.a(lib_a-kf_cos.o)
                0x0800fea4                __kernel_cosf
 .text.__kernel_rem_pio2f
                0x0800ffa8      0x5e4 c:/program files/gnu tools arm embedded/4.9 2014q4/bin/../lib/gcc/arm-none-eabi/4.9.3/../../../../arm-none-eabi/lib/armv7e-m/fpu\libm.a(lib_a-kf_rem_pio2.o)
                0x0800ffa8                __kernel_rem_pio2f
 .text.__kernel_sinf
                0x0801058c       0x90 c:/program files/gnu tools arm embedded/4.9 2014q4/bin/../lib/gcc/arm-none-eabi/4.9.3/../../../../arm-none-eabi/lib/armv7e-m/fpu\libm.a(lib_a-kf_sin.o)
                0x0801058c                __kernel_sinf
 .text.matherr  0x0801061c        0x4 c:/program files/gnu tools arm embedded/4.9 2014q4/bin/../lib/gcc/arm-none-eabi/4.9.3/../../../../arm-none-eabi/lib/armv7e-m/fpu\libm.a(lib_a-s_matherr.o)
                0x0801061c                matherr
 .text.rint     0x08010620      0x124 c:/program files/gnu tools arm embedded/4.9 2014q4/bin/../lib/gcc/arm-none-eabi/4.9.3/../../../../arm-none-eabi/lib/armv7e-m/fpu\libm.a(lib_a-s_rint.o)
                0x08010620                rint
 .text.fabsf    0x08010744       0x10 c:/program files/gnu tools arm embedded/4.9 2014q4/bin/../lib/gcc/arm-none-eabi/4.9.3/../../../../arm-none-eabi/lib/armv7e-m/fpu\libm.a(lib_a-sf_fabs.o)
                0x08010744                fabsf
 .text.finitef  0x08010754       0x14 c:/program files/gnu tools arm embedded/4.9 2014q4/bin/../lib/gcc/arm-none-eabi/4.9.3/../../../../arm-none-eabi/lib/armv7e-m/fpu\libm.a(lib_a-sf_finite.o)
                0x08010754                finitef
 .text.__fpclassifyf
                0x08010768       0x38 c:/program files/gnu tools arm embedded/4.9 2014q4/bin/../lib/gcc/arm-none-eabi/4.9.3/../../../../arm-none-eabi/lib/armv7e-m/fpu\libm.a(lib_a-sf_fpclassify.o)
                0x08010768                __fpclassifyf
 .text.nanf     0x080107a0        0xc c:/program files/gnu tools arm embedded/4.9 2014q4/bin/../lib/gcc/arm-none-eabi/4.9.3/../../../../arm-none-eabi/lib/armv7e-m/fpu\libm.a(lib_a-sf_nan.o)
                0x080107a0                nanf
 .text.scalbnf  0x080107ac       0xd0 c:/program files/gnu tools arm embedded/4.9 2014q4/bin/../lib/gcc/arm-none-eabi/4.9.3/../../../../arm-none-eabi/lib/armv7e-m/fpu\libm.a(lib_a-sf_scalbn.o)
                0x080107ac                scalbnf
 .text.copysignf
                0x0801087c       0x18 c:/program files/gnu tools arm embedded/4.9 2014q4/bin/../lib/gcc/arm-none-eabi/4.9.3/../../../../arm-none-eabi/lib/armv7e-m/fpu\libm.a(lib_a-sf_copysign.o)
                0x0801087c                copysignf
 .text.__errno  0x08010894        0xc c:/program files/gnu tools arm embedded/4.9 2014q4/bin/../lib/gcc/arm-none-eabi/4.9.3/../../../../arm-none-eabi/lib/armv7e-m/fpu\libc.a(lib_a-errno.o)
                0x08010894                __errno
 *(.glue_7)
 .glue_7        0x00000000        0x0 linker stubs
 *(.glue_7t)
 .glue_7t       0x00000000        0x0 linker stubs
 *(.eh_frame)
 .eh_frame      0x080108a0        0x0 c:/program files/gnu tools arm embedded/4.9 2014q4/bin/../lib/gcc/arm-none-eabi/4.9.3/armv7e-m/fpu/crtbegin.o
 *(.init)
 .init          0x080108a0        0x4 c:/program files/gnu tools arm embedded/4.9 2014q4/bin/../lib/gcc/arm-none-eabi/4.9.3/armv7e-m/fpu/crti.o
                0x080108a0                _init
 .init          0x080108a4        0x8 c:/program files/gnu tools arm embedded/4.9 2014q4/bin/../lib/gcc/arm-none-eabi/4.9.3/armv7e-m/fpu/crtn.o
 *(.fini)
 .fini          0x080108ac        0x4 c:/program files/gnu tools arm embedded/4.9 2014q4/bin/../lib/gcc/arm-none-eabi/4.9.3/armv7e-m/fpu/crti.o
                0x080108ac                _fini
 .fini          0x080108b0        0x8 c:/program files/gnu tools arm embedded/4.9 2014q4/bin/../lib/gcc/arm-none-eabi/4.9.3/armv7e-m/fpu/crtn.o
                0x080108b8                . = ALIGN (0x4)
                0x080108b8                _etext = .

.vfp11_veneer   0x080108b8        0x0
 .vfp11_veneer  0x00000000        0x0 linker stubs

.v4_bx          0x080108b8        0x0
 .v4_bx         0x00000000        0x0 linker stubs

.iplt           0x080108b8        0x0
 .iplt          0x00000000        0x0 c:/program files/gnu tools arm embedded/4.9 2014q4/bin/../lib/gcc/arm-none-eabi/4.9.3/armv7e-m/fpu/crtbegin.o

.rodata         0x080108b8     0xed98
                0x080108b8                . = ALIGN (0x4)
 *(.rodata)
 *(.rodata*)
 .rodata.str1.4
                0x080108b8        0x5 C:\Users\CNous\AppData\Local\Temp\ccPRtbYf.ltrans0.ltrans.o
                                  0x8 (size before relaxing)
 *fill*         0x080108bd        0x3 
 .rodata.CSWTCH.11
                0x080108c0        0x4 C:\Users\CNous\AppData\Local\Temp\ccPRtbYf.ltrans0.ltrans.o
 .rodata.step_dd_table
                0x080108c4     0x9008 C:\Users\CNous\AppData\Local\Temp\ccPRtbYf.ltrans1.ltrans.o
 .rodata.slope_dd_table
                0x080198cc     0x4704 C:\Users\CNous\AppData\Local\Temp\ccPRtbYf.ltrans1.ltrans.o
 .rodata.notesFreq
                0x0801dfd0      0x1ac C:\Users\CNous\AppData\Local\Temp\ccPRtbYf.ltrans1.ltrans.o
 .rodata.sinetable
                0x0801e17c     0x1004 C:\Users\CNous\AppData\Local\Temp\ccPRtbYf.ltrans1.ltrans.o
                0x0801e17c                sinetable
 .rodata.MIDIscale04
                0x0801f180        0x8 C:\Users\CNous\AppData\Local\Temp\ccPRtbYf.ltrans7.ltrans.o
                0x0801f180                MIDIscale04
 .rodata.MIDIscale05
                0x0801f188        0x8 C:\Users\CNous\AppData\Local\Temp\ccPRtbYf.ltrans7.ltrans.o
                0x0801f188                MIDIscale05
 .rodata.MIDIscale11
                0x0801f190        0x8 C:\Users\CNous\AppData\Local\Temp\ccPRtbYf.ltrans7.ltrans.o
                0x0801f190                MIDIscale11
 .rodata.MIDIscale12
                0x0801f198       0x10 C:\Users\CNous\AppData\Local\Temp\ccPRtbYf.ltrans7.ltrans.o
                0x0801f198                MIDIscale12
 .rodata.MIDIscale08
                0x0801f1a8        0x4 C:\Users\CNous\AppData\Local\Temp\ccPRtbYf.ltrans7.ltrans.o
                0x0801f1a8                MIDIscale08
 .rodata.MIDIscale09
                0x0801f1ac        0x4 C:\Users\CNous\AppData\Local\Temp\ccPRtbYf.ltrans7.ltrans.o
                0x0801f1ac                MIDIscale09
 .rodata.MIDIscale07
                0x0801f1b0        0x4 C:\Users\CNous\AppData\Local\Temp\ccPRtbYf.ltrans7.ltrans.o
                0x0801f1b0                MIDIscale07
 .rodata.MIDIscale06
                0x0801f1b4        0x8 C:\Users\CNous\AppData\Local\Temp\ccPRtbYf.ltrans7.ltrans.o
                0x0801f1b4                MIDIscale06
 .rodata.MIDIscale10
                0x0801f1bc        0x8 C:\Users\CNous\AppData\Local\Temp\ccPRtbYf.ltrans7.ltrans.o
                0x0801f1bc                MIDIscale10
 .rodata.CSWTCH.11.lto_priv.178
                0x0801f1c4       0x3c C:\Users\CNous\AppData\Local\Temp\ccPRtbYf.ltrans7.ltrans.o
                0x0801f1c4                CSWTCH.11.lto_priv.178
 .rodata.MIDIscale14
                0x0801f200        0x4 C:\Users\CNous\AppData\Local\Temp\ccPRtbYf.ltrans7.ltrans.o
                0x0801f200                MIDIscale14
 .rodata.MIDIscale01
                0x0801f204        0x8 C:\Users\CNous\AppData\Local\Temp\ccPRtbYf.ltrans7.ltrans.o
                0x0801f204                MIDIscale01
 .rodata.MIDIscale02
                0x0801f20c        0x8 C:\Users\CNous\AppData\Local\Temp\ccPRtbYf.ltrans7.ltrans.o
                0x0801f20c                MIDIscale02
 .rodata.MIDIscale03
                0x0801f214        0x8 C:\Users\CNous\AppData\Local\Temp\ccPRtbYf.ltrans7.ltrans.o
                0x0801f214                MIDIscale03
 .rodata.MIDIscale13
                0x0801f21c        0x4 C:\Users\CNous\AppData\Local\Temp\ccPRtbYf.ltrans13.ltrans.o
                0x0801f21c                MIDIscale13
 .rodata.GPIO_PIN
                0x0801f220        0x8 C:\Users\CNous\AppData\Local\Temp\ccPRtbYf.ltrans13.ltrans.o
                0x0801f220                GPIO_PIN
 .rodata.APBAHBPrescTable
                0x0801f228       0x10 C:\Users\CNous\AppData\Local\Temp\ccPRtbYf.ltrans17.ltrans.o
                0x0801f228                APBAHBPrescTable
 .rodata.str1.4
                0x0801f238        0x2 c:/program files/gnu tools arm embedded/4.9 2014q4/bin/../lib/gcc/arm-none-eabi/4.9.3/../../../../arm-none-eabi/lib/armv7e-m/fpu\libc.a(lib_a-impure.o)
                                  0x4 (size before relaxing)
 *fill*         0x0801f23a        0x2 
 .rodata._global_impure_ptr
                0x0801f23c        0x4 c:/program files/gnu tools arm embedded/4.9 2014q4/bin/../lib/gcc/arm-none-eabi/4.9.3/../../../../arm-none-eabi/lib/armv7e-m/fpu\libc.a(lib_a-impure.o)
                0x0801f23c                _global_impure_ptr
 .rodata.TWO23  0x0801f240        0x8 c:/program files/gnu tools arm embedded/4.9 2014q4/bin/../lib/gcc/arm-none-eabi/4.9.3/../../../../arm-none-eabi/lib/armv7e-m/fpu\libm.a(lib_a-sf_lrint.o)
 .rodata.TWO23  0x0801f248        0x8 c:/program files/gnu tools arm embedded/4.9 2014q4/bin/../lib/gcc/arm-none-eabi/4.9.3/../../../../arm-none-eabi/lib/armv7e-m/fpu\libm.a(lib_a-sf_rint.o)
 .rodata.str1.4
                0x0801f250        0x5 c:/program files/gnu tools arm embedded/4.9 2014q4/bin/../lib/gcc/arm-none-eabi/4.9.3/../../../../arm-none-eabi/lib/armv7e-m/fpu\libm.a(lib_a-wf_pow.o)
                                  0x8 (size before relaxing)
 *fill*         0x0801f255        0x3 
 .rodata.dp_h   0x0801f258        0x8 c:/program files/gnu tools arm embedded/4.9 2014q4/bin/../lib/gcc/arm-none-eabi/4.9.3/../../../../arm-none-eabi/lib/armv7e-m/fpu\libm.a(lib_a-ef_pow.o)
 .rodata.dp_l   0x0801f260        0x8 c:/program files/gnu tools arm embedded/4.9 2014q4/bin/../lib/gcc/arm-none-eabi/4.9.3/../../../../arm-none-eabi/lib/armv7e-m/fpu\libm.a(lib_a-ef_pow.o)
 .rodata.bp     0x0801f268        0x8 c:/program files/gnu tools arm embedded/4.9 2014q4/bin/../lib/gcc/arm-none-eabi/4.9.3/../../../../arm-none-eabi/lib/armv7e-m/fpu\libm.a(lib_a-ef_pow.o)
 .rodata.str1.4
                0x00000000        0x8 c:/program files/gnu tools arm embedded/4.9 2014q4/bin/../lib/gcc/arm-none-eabi/4.9.3/../../../../arm-none-eabi/lib/armv7e-m/fpu\libm.a(lib_a-ef_pow.o)
                                  0x4 (size before relaxing)
 .rodata.npio2_hw
                0x0801f270       0x80 c:/program files/gnu tools arm embedded/4.9 2014q4/bin/../lib/gcc/arm-none-eabi/4.9.3/../../../../arm-none-eabi/lib/armv7e-m/fpu\libm.a(lib_a-ef_rem_pio2.o)
 .rodata.two_over_pi
                0x0801f2f0      0x318 c:/program files/gnu tools arm embedded/4.9 2014q4/bin/../lib/gcc/arm-none-eabi/4.9.3/../../../../arm-none-eabi/lib/armv7e-m/fpu\libm.a(lib_a-ef_rem_pio2.o)
 .rodata.init_jk
                0x0801f608        0xc c:/program files/gnu tools arm embedded/4.9 2014q4/bin/../lib/gcc/arm-none-eabi/4.9.3/../../../../arm-none-eabi/lib/armv7e-m/fpu\libm.a(lib_a-kf_rem_pio2.o)
 .rodata.PIo2   0x0801f614       0x2c c:/program files/gnu tools arm embedded/4.9 2014q4/bin/../lib/gcc/arm-none-eabi/4.9.3/../../../../arm-none-eabi/lib/armv7e-m/fpu\libm.a(lib_a-kf_rem_pio2.o)
 .rodata.TWO52  0x0801f640       0x10 c:/program files/gnu tools arm embedded/4.9 2014q4/bin/../lib/gcc/arm-none-eabi/4.9.3/../../../../arm-none-eabi/lib/armv7e-m/fpu\libm.a(lib_a-s_rint.o)
                0x0801f650                . = ALIGN (0x4)

.rel.dyn        0x0801f650        0x0
 .rel.iplt      0x00000000        0x0 c:/program files/gnu tools arm embedded/4.9 2014q4/bin/../lib/gcc/arm-none-eabi/4.9.3/armv7e-m/fpu/crtbegin.o

.ARM.extab
 *(.ARM.extab* .gnu.linkonce.armextab.*)

.ARM            0x0801f650        0x0
                0x0801f650                __exidx_start = .
 *(.ARM.exidx*)
                0x0801f650                __exidx_end = .

.preinit_array  0x0801f650        0x0
                0x0801f650                PROVIDE (__preinit_array_start, .)
 *(.preinit_array*)
                0x0801f650                PROVIDE (__preinit_array_end, .)

.init_array     0x0801f650        0x8
                0x0801f650                PROVIDE (__init_array_start, .)
 *(SORT(.init_array.*))
 .init_array.00000
                0x0801f650        0x4 c:/program files/gnu tools arm embedded/4.9 2014q4/bin/../lib/gcc/arm-none-eabi/4.9.3/../../../../arm-none-eabi/lib/armv7e-m/fpu\libc.a(lib_a-__call_atexit.o)
 *(.init_array*)
 .init_array    0x0801f654        0x4 c:/program files/gnu tools arm embedded/4.9 2014q4/bin/../lib/gcc/arm-none-eabi/4.9.3/armv7e-m/fpu/crtbegin.o
                0x0801f658                PROVIDE (__init_array_end, .)

.fini_array     0x0801f658        0x4
                0x0801f658                PROVIDE (__fini_array_start, .)
 *(SORT(.fini_array.*))
 *(.fini_array*)
 .fini_array    0x0801f658        0x4 c:/program files/gnu tools arm embedded/4.9 2014q4/bin/../lib/gcc/arm-none-eabi/4.9.3/armv7e-m/fpu/crtbegin.o
                0x0801f65c                PROVIDE (__fini_array_end, .)
                0x0801f65c                _sidata = LOADADDR (.data)

.data           0x20000000      0x8b8 load address 0x0801f65c
                0x20000000                . = ALIGN (0x4)
                0x20000000                _sdata = .
 *(.data)
 *(.data*)
 .data.cs43l22_drv
                0x20000000       0x2c C:\Users\CNous\AppData\Local\Temp\ccPRtbYf.ltrans0.ltrans.o
 .data.MIDI_Class
                0x2000002c       0x20 C:\Users\CNous\AppData\Local\Temp\ccPRtbYf.ltrans0.ltrans.o
 .data.demoMode
                0x2000004c        0x1 C:\Users\CNous\AppData\Local\Temp\ccPRtbYf.ltrans1.ltrans.o
                0x2000004c                demoMode
 *fill*         0x2000004d        0x3 
 .data.fdb.lto_priv.173
                0x20000050        0x4 C:\Users\CNous\AppData\Local\Temp\ccPRtbYf.ltrans1.ltrans.o
                0x20000050                fdb.lto_priv.173
 .data.centralFreq
                0x20000054        0x4 C:\Users\CNous\AppData\Local\Temp\ccPRtbYf.ltrans1.ltrans.o
                0x20000054                centralFreq
 .data.wet.lto_priv.141
                0x20000058        0x4 C:\Users\CNous\AppData\Local\Temp\ccPRtbYf.ltrans1.ltrans.o
                0x20000058                wet.lto_priv.141
 .data.volume   0x2000005c        0x1 C:\Users\CNous\AppData\Local\Temp\ccPRtbYf.ltrans2.ltrans.o
 .data.Is_cs43l22_Stop.lto_priv.177
                0x2000005d        0x1 C:\Users\CNous\AppData\Local\Temp\ccPRtbYf.ltrans6.ltrans.o
                0x2000005d                Is_cs43l22_Stop.lto_priv.177
 .data.Count    0x2000005e        0x1 C:\Users\CNous\AppData\Local\Temp\ccPRtbYf.ltrans8.ltrans.o
 *fill*         0x2000005f        0x1 
 .data.SystemCoreClock
                0x20000060        0x4 C:\Users\CNous\AppData\Local\Temp\ccPRtbYf.ltrans12.ltrans.o
 .data.GPIO_PORT
                0x20000064       0x10 C:\Users\CNous\AppData\Local\Temp\ccPRtbYf.ltrans13.ltrans.o
                0x20000064                GPIO_PORT
 .data.__malloc_av_
                0x20000074      0x408 c:/program files/gnu tools arm embedded/4.9 2014q4/bin/../lib/gcc/arm-none-eabi/4.9.3/../../../../arm-none-eabi/lib/armv7e-m/fpu\libc.a(lib_a-mallocr.o)
                0x20000074                __malloc_av_
 .data.__malloc_trim_threshold
                0x2000047c        0x4 c:/program files/gnu tools arm embedded/4.9 2014q4/bin/../lib/gcc/arm-none-eabi/4.9.3/../../../../arm-none-eabi/lib/armv7e-m/fpu\libc.a(lib_a-mallocr.o)
                0x2000047c                __malloc_trim_threshold
 .data.__malloc_sbrk_base
                0x20000480        0x4 c:/program files/gnu tools arm embedded/4.9 2014q4/bin/../lib/gcc/arm-none-eabi/4.9.3/../../../../arm-none-eabi/lib/armv7e-m/fpu\libc.a(lib_a-mallocr.o)
                0x20000480                __malloc_sbrk_base
 *fill*         0x20000484        0x4 
 .data.impure_data
                0x20000488      0x428 c:/program files/gnu tools arm embedded/4.9 2014q4/bin/../lib/gcc/arm-none-eabi/4.9.3/../../../../arm-none-eabi/lib/armv7e-m/fpu\libc.a(lib_a-impure.o)
 .data._impure_ptr
                0x200008b0        0x4 c:/program files/gnu tools arm embedded/4.9 2014q4/bin/../lib/gcc/arm-none-eabi/4.9.3/../../../../arm-none-eabi/lib/armv7e-m/fpu\libc.a(lib_a-impure.o)
                0x200008b0                _impure_ptr
 .data.__fdlib_version
                0x200008b4        0x1 c:/program files/gnu tools arm embedded/4.9 2014q4/bin/../lib/gcc/arm-none-eabi/4.9.3/../../../../arm-none-eabi/lib/armv7e-m/fpu\libm.a(lib_a-s_lib_ver.o)
                0x200008b4                __fdlib_version
                0x200008b8                . = ALIGN (0x4)
 *fill*         0x200008b5        0x3 
                0x200008b8                _edata = .
                0x0801ff14                _siccmram = LOADADDR (.ccmram)

.jcr            0x200008b8        0x0 load address 0x0801ff14
 .jcr           0x200008b8        0x0 c:/program files/gnu tools arm embedded/4.9 2014q4/bin/../lib/gcc/arm-none-eabi/4.9.3/armv7e-m/fpu/crtbegin.o

.igot.plt       0x200008b8        0x0 load address 0x0801ff14
 .igot.plt      0x00000000        0x0 c:/program files/gnu tools arm embedded/4.9 2014q4/bin/../lib/gcc/arm-none-eabi/4.9.3/armv7e-m/fpu/crtbegin.o

.ccmram         0x10000000     0x3ed4 load address 0x0801ff14
                0x10000000                . = ALIGN (0x4)
                0x10000000                _sccmram = .
 *(.ccmram)
 .ccmram        0x10000000     0x3ed4 C:\Users\CNous\AppData\Local\Temp\ccPRtbYf.ltrans1.ltrans.o
                0x10000000                seq
                0x10000054                noteG
                0x10000068                a
                0x10000094                ph
                0x100000c0                adsr
                0x100000e8                autoFilterON.lto_priv.148
                0x100000ec                SVFilter
                0x1000010c                autoSound.lto_priv.149
                0x1000010d                sound.lto_priv.147
                0x10000114                vol.lto_priv.146
                0x10000118                vibr_lfo
                0x10000138                op1
                0x10000158                mbTriOsc
                0x100006b0                mbRectOsc
                0x10000c0c                op2
                0x10000c2c                op3
                0x10000c4c                d1
                0x10000c78                d2
                0x10000ca4                d3
                0x10000cd0                op4
                0x10000cf0                mbSawOsc
                0x1000123c                amp_lfo
                0x1000125c                env.lto_priv.145
                0x10001260                filt_lfo
                0x10001280                filt2_lfo
                0x100012a0                SVFilter2
                0x100012c0                delayON.lto_priv.151
                0x100012c1                phaserON.lto_priv.152
                0x100012c2                chorusON.lto_priv.150
                0x100012c4                delL.lto_priv.157
                0x100028bc                lfoL.lto_priv.159
                0x100028cc                delR.lto_priv.158
                0x10003ec4                lfoR.lto_priv.160
 *(.ccmram*)
                0x10003ed4                . = ALIGN (0x4)
                0x10003ed4                _eccmram = .
                0x10003ed4                . = ALIGN (0x4)

.bss            0x200008b8    0x1eef8
                0x200008b8                _sbss = .
                0x200008b8                __bss_start__ = _sbss
 *(.bss)
 .bss           0x200008b8       0x1c c:/program files/gnu tools arm embedded/4.9 2014q4/bin/../lib/gcc/arm-none-eabi/4.9.3/armv7e-m/fpu/crtbegin.o
 *(.bss*)
 .bss.audiobuff
                0x200008d4      0xfa0 C:\Users\CNous\AppData\Local\Temp\ccPRtbYf.ltrans0.ltrans.o
                0x200008d4                audiobuff
 .bss.hAudioOutI2s
                0x20001874       0x40 C:\Users\CNous\AppData\Local\Temp\ccPRtbYf.ltrans0.ltrans.o
                0x20001874                hAudioOutI2s
 .bss.hdma_i2sTx.7231
                0x200018b4       0x50 C:\Users\CNous\AppData\Local\Temp\ccPRtbYf.ltrans0.ltrans.o
 .bss.RngHandle
                0x20001904        0x8 C:\Users\CNous\AppData\Local\Temp\ccPRtbYf.ltrans0.ltrans.o
 .bss.hHCD      0x2000190c      0x290 C:\Users\CNous\AppData\Local\Temp\ccPRtbYf.ltrans0.ltrans.o
                0x2000190c                hHCD
 .bss.MIDI_RX_Buffer
                0x20001b9c       0x40 C:\Users\CNous\AppData\Local\Temp\ccPRtbYf.ltrans0.ltrans.o
                0x20001b9c                MIDI_RX_Buffer
 .bss.pAudioDrv.lto_priv.179
                0x20001bdc        0x4 C:\Users\CNous\AppData\Local\Temp\ccPRtbYf.ltrans0.ltrans.o
                0x20001bdc                pAudioDrv.lto_priv.179
 .bss.old_dy    0x20001be0        0x4 C:\Users\CNous\AppData\Local\Temp\ccPRtbYf.ltrans1.ltrans.o
 .bss.delayline.lto_priv.162
                0x20001be4    0x1d4c8 C:\Users\CNous\AppData\Local\Temp\ccPRtbYf.ltrans1.ltrans.o
                0x20001be4                delayline.lto_priv.162
 .bss.filterFreq2
                0x2001f0ac        0x4 C:\Users\CNous\AppData\Local\Temp\ccPRtbYf.ltrans1.ltrans.o
                0x2001f0ac                filterFreq2
 .bss.writepos.lto_priv.163
                0x2001f0b0        0x4 C:\Users\CNous\AppData\Local\Temp\ccPRtbYf.ltrans1.ltrans.o
                0x2001f0b0                writepos.lto_priv.163
 .bss.a1        0x2001f0b4        0x4 C:\Users\CNous\AppData\Local\Temp\ccPRtbYf.ltrans1.ltrans.o
 .bss.wet.lto_priv.142
                0x2001f0b8        0x4 C:\Users\CNous\AppData\Local\Temp\ccPRtbYf.ltrans1.ltrans.o
                0x2001f0b8                wet.lto_priv.142
 .bss.dmax.lto_priv.155
                0x2001f0bc        0x4 C:\Users\CNous\AppData\Local\Temp\ccPRtbYf.ltrans1.ltrans.o
                0x2001f0bc                dmax.lto_priv.155
 .bss.filterFreq
                0x2001f0c0        0x4 C:\Users\CNous\AppData\Local\Temp\ccPRtbYf.ltrans1.ltrans.o
                0x2001f0c0                filterFreq
 .bss.lfoPhase  0x2001f0c4        0x4 C:\Users\CNous\AppData\Local\Temp\ccPRtbYf.ltrans1.ltrans.o
 .bss.old       0x2001f0c8       0x18 C:\Users\CNous\AppData\Local\Temp\ccPRtbYf.ltrans1.ltrans.o
 .bss.lfoInc.lto_priv.156
                0x2001f0e0        0x4 C:\Users\CNous\AppData\Local\Temp\ccPRtbYf.ltrans1.ltrans.o
                0x2001f0e0                lfoInc.lto_priv.156
 .bss.zm1       0x2001f0e4        0x4 C:\Users\CNous\AppData\Local\Temp\ccPRtbYf.ltrans1.ltrans.o
 .bss.dmin.lto_priv.154
                0x2001f0e8        0x4 C:\Users\CNous\AppData\Local\Temp\ccPRtbYf.ltrans1.ltrans.o
                0x2001f0e8                dmin.lto_priv.154
 .bss.readpos.lto_priv.161
                0x2001f0ec        0x4 C:\Users\CNous\AppData\Local\Temp\ccPRtbYf.ltrans1.ltrans.o
                0x2001f0ec                readpos.lto_priv.161
 .bss.fb.lto_priv.153
                0x2001f0f0        0x4 C:\Users\CNous\AppData\Local\Temp\ccPRtbYf.ltrans1.ltrans.o
                0x2001f0f0                fb.lto_priv.153
 .bss.freeze    0x2001f0f4        0x1 C:\Users\CNous\AppData\Local\Temp\ccPRtbYf.ltrans1.ltrans.o
                0x2001f0f4                freeze
 .bss.OutputDev
                0x2001f0f5        0x1 C:\Users\CNous\AppData\Local\Temp\ccPRtbYf.ltrans6.ltrans.o
                0x2001f0f5                OutputDev
 *fill*         0x2001f0f6        0x2 
 .bss.TimingDelay1
                0x2001f0f8        0x4 C:\Users\CNous\AppData\Local\Temp\ccPRtbYf.ltrans8.ltrans.o
 .bss.BlueLED_counter
                0x2001f0fc        0x4 C:\Users\CNous\AppData\Local\Temp\ccPRtbYf.ltrans8.ltrans.o
                0x2001f0fc                BlueLED_counter
 .bss.DebouncedKeyPress
                0x2001f100        0x1 C:\Users\CNous\AppData\Local\Temp\ccPRtbYf.ltrans8.ltrans.o
 .bss.Key_changed
                0x2001f101        0x1 C:\Users\CNous\AppData\Local\Temp\ccPRtbYf.ltrans8.ltrans.o
 .bss.Key_pressed
                0x2001f102        0x1 C:\Users\CNous\AppData\Local\Temp\ccPRtbYf.ltrans8.ltrans.o
 *fill*         0x2001f103        0x1 
 .bss.TimingDelay
                0x2001f104        0x4 C:\Users\CNous\AppData\Local\Temp\ccPRtbYf.ltrans8.ltrans.o
 .bss.hUSBHost  0x2001f108      0x618 C:\Users\CNous\AppData\Local\Temp\ccPRtbYf.ltrans10.ltrans.o
                0x2001f108                hUSBHost
 .bss.swrate.lto_priv.174
                0x2001f720        0x4 C:\Users\CNous\AppData\Local\Temp\ccPRtbYf.ltrans13.ltrans.o
                0x2001f720                swrate.lto_priv.174
 .bss.rateCoeff
                0x2001f724        0x4 C:\Users\CNous\AppData\Local\Temp\ccPRtbYf.ltrans13.ltrans.o
                0x2001f724                rateCoeff
 .bss.shift.lto_priv.172
                0x2001f728        0x4 C:\Users\CNous\AppData\Local\Temp\ccPRtbYf.ltrans13.ltrans.o
                0x2001f728                shift.lto_priv.172
 .bss.f_min     0x2001f72c        0x4 C:\Users\CNous\AppData\Local\Temp\ccPRtbYf.ltrans13.ltrans.o
 .bss.f_max     0x2001f730        0x4 C:\Users\CNous\AppData\Local\Temp\ccPRtbYf.ltrans13.ltrans.o
 .bss.I2cHandle.lto_priv.175
                0x2001f734       0x38 C:\Users\CNous\AppData\Local\Temp\ccPRtbYf.ltrans16.ltrans.o
                0x2001f734                I2cHandle.lto_priv.175
 .bss.uwTick.lto_priv.165
                0x2001f76c        0x4 C:\Users\CNous\AppData\Local\Temp\ccPRtbYf.ltrans16.ltrans.o
                0x2001f76c                uwTick.lto_priv.165
 .bss.Appli_state
                0x2001f770        0x1 C:\Users\CNous\AppData\Local\Temp\ccPRtbYf.ltrans19.ltrans.o
                0x2001f770                Appli_state
 *fill*         0x2001f771        0x3 
 .bss.__malloc_max_total_mem
                0x2001f774        0x4 c:/program files/gnu tools arm embedded/4.9 2014q4/bin/../lib/gcc/arm-none-eabi/4.9.3/../../../../arm-none-eabi/lib/armv7e-m/fpu\libc.a(lib_a-mallocr.o)
                0x2001f774                __malloc_max_total_mem
 .bss.__malloc_max_sbrked_mem
                0x2001f778        0x4 c:/program files/gnu tools arm embedded/4.9 2014q4/bin/../lib/gcc/arm-none-eabi/4.9.3/../../../../arm-none-eabi/lib/armv7e-m/fpu\libc.a(lib_a-mallocr.o)
                0x2001f778                __malloc_max_sbrked_mem
 .bss.__malloc_top_pad
                0x2001f77c        0x4 c:/program files/gnu tools arm embedded/4.9 2014q4/bin/../lib/gcc/arm-none-eabi/4.9.3/../../../../arm-none-eabi/lib/armv7e-m/fpu\libc.a(lib_a-mallocr.o)
                0x2001f77c                __malloc_top_pad
 .bss.__malloc_current_mallinfo
                0x2001f780       0x28 c:/program files/gnu tools arm embedded/4.9 2014q4/bin/../lib/gcc/arm-none-eabi/4.9.3/../../../../arm-none-eabi/lib/armv7e-m/fpu\libc.a(lib_a-mallocr.o)
                0x2001f780                __malloc_current_mallinfo
 .bss.heap_end.4079
                0x2001f7a8        0x4 c:/program files/gnu tools arm embedded/4.9 2014q4/bin/../lib/gcc/arm-none-eabi/4.9.3/../../../../arm-none-eabi/lib/armv7e-m/fpu\libnosys.a(sbrk.o)
 *(COMMON)
 COMMON         0x2001f7ac        0x4 c:/program files/gnu tools arm embedded/4.9 2014q4/bin/../lib/gcc/arm-none-eabi/4.9.3/../../../../arm-none-eabi/lib/armv7e-m/fpu\libc.a(lib_a-reent.o)
                0x2001f7ac                errno
                0x2001f7b0                . = ALIGN (0x4)
                0x2001f7b0                _ebss = .
                0x2001f7b0                __bss_end__ = _ebss

._user_heap_stack
                0x10003ed4     0x2000
                0x10003ed4                . = ALIGN (0x4)
                0x10003ed4                PROVIDE (end, .)
                0x10003ed4                PROVIDE (_end, .)
                0x10004ed4                . = (. + _Min_Heap_Size)
 *fill*         0x10003ed4     0x1000 
                0x10005ed4                . = (. + _Min_Stack_Size)
 *fill*         0x10004ed4     0x1000 
                0x10005ed4                . = ALIGN (0x4)

/DISCARD/
 libc.a(*)
 libm.a(*)
 libgcc.a(*)

.ARM.attributes
                0x00000000       0x30
 *(.ARM.attributes)
 .ARM.attributes
                0x00000000       0x22 c:/program files/gnu tools arm embedded/4.9 2014q4/bin/../lib/gcc/arm-none-eabi/4.9.3/armv7e-m/fpu/crti.o
 .ARM.attributes
                0x00000022       0x34 c:/program files/gnu tools arm embedded/4.9 2014q4/bin/../lib/gcc/arm-none-eabi/4.9.3/armv7e-m/fpu/crtbegin.o
 .ARM.attributes
                0x00000056       0x37 C:\Users\CNous\AppData\Local\Temp\ccPRtbYf.ltrans0.ltrans.o
 .ARM.attributes
                0x0000008d       0x37 C:\Users\CNous\AppData\Local\Temp\ccPRtbYf.ltrans1.ltrans.o
 .ARM.attributes
                0x000000c4       0x37 C:\Users\CNous\AppData\Local\Temp\ccPRtbYf.ltrans2.ltrans.o
 .ARM.attributes
                0x000000fb       0x37 C:\Users\CNous\AppData\Local\Temp\ccPRtbYf.ltrans3.ltrans.o
 .ARM.attributes
                0x00000132       0x37 C:\Users\CNous\AppData\Local\Temp\ccPRtbYf.ltrans4.ltrans.o
 .ARM.attributes
                0x00000169       0x37 C:\Users\CNous\AppData\Local\Temp\ccPRtbYf.ltrans5.ltrans.o
 .ARM.attributes
                0x000001a0       0x37 C:\Users\CNous\AppData\Local\Temp\ccPRtbYf.ltrans6.ltrans.o
 .ARM.attributes
                0x000001d7       0x37 C:\Users\CNous\AppData\Local\Temp\ccPRtbYf.ltrans7.ltrans.o
 .ARM.attributes
                0x0000020e       0x37 C:\Users\CNous\AppData\Local\Temp\ccPRtbYf.ltrans8.ltrans.o
 .ARM.attributes
                0x00000245       0x37 C:\Users\CNous\AppData\Local\Temp\ccPRtbYf.ltrans9.ltrans.o
 .ARM.attributes
                0x0000027c       0x37 C:\Users\CNous\AppData\Local\Temp\ccPRtbYf.ltrans10.ltrans.o
 .ARM.attributes
                0x000002b3       0x37 C:\Users\CNous\AppData\Local\Temp\ccPRtbYf.ltrans11.ltrans.o
 .ARM.attributes
                0x000002ea       0x37 C:\Users\CNous\AppData\Local\Temp\ccPRtbYf.ltrans12.ltrans.o
 .ARM.attributes
                0x00000321       0x37 C:\Users\CNous\AppData\Local\Temp\ccPRtbYf.ltrans13.ltrans.o
 .ARM.attributes
                0x00000358       0x37 C:\Users\CNous\AppData\Local\Temp\ccPRtbYf.ltrans14.ltrans.o
 .ARM.attributes
                0x0000038f       0x37 C:\Users\CNous\AppData\Local\Temp\ccPRtbYf.ltrans15.ltrans.o
 .ARM.attributes
                0x000003c6       0x37 C:\Users\CNous\AppData\Local\Temp\ccPRtbYf.ltrans16.ltrans.o
 .ARM.attributes
                0x000003fd       0x37 C:\Users\CNous\AppData\Local\Temp\ccPRtbYf.ltrans17.ltrans.o
 .ARM.attributes
                0x00000434       0x37 C:\Users\CNous\AppData\Local\Temp\ccPRtbYf.ltrans18.ltrans.o
 .ARM.attributes
                0x0000046b       0x37 C:\Users\CNous\AppData\Local\Temp\ccPRtbYf.ltrans19.ltrans.o
 .ARM.attributes
                0x000004a2       0x37 C:\Users\CNous\AppData\Local\Temp\ccPRtbYf.ltrans20.ltrans.o
 .ARM.attributes
                0x000004d9       0x34 c:/program files/gnu tools arm embedded/4.9 2014q4/bin/../lib/gcc/arm-none-eabi/4.9.3/../../../../arm-none-eabi/lib/armv7e-m/fpu\libc.a(lib_a-malloc.o)
 .ARM.attributes
                0x0000050d       0x34 c:/program files/gnu tools arm embedded/4.9 2014q4/bin/../lib/gcc/arm-none-eabi/4.9.3/../../../../arm-none-eabi/lib/armv7e-m/fpu\libc.a(lib_a-mallocr.o)
 .ARM.attributes
                0x00000541       0x20 c:/program files/gnu tools arm embedded/4.9 2014q4/bin/../lib/gcc/arm-none-eabi/4.9.3/../../../../arm-none-eabi/lib/armv7e-m/fpu\libc.a(lib_a-memcpy.o)
 .ARM.attributes
                0x00000561       0x34 c:/program files/gnu tools arm embedded/4.9 2014q4/bin/../lib/gcc/arm-none-eabi/4.9.3/../../../../arm-none-eabi/lib/armv7e-m/fpu\libc.a(lib_a-mlock.o)
 .ARM.attributes
                0x00000595       0x34 c:/program files/gnu tools arm embedded/4.9 2014q4/bin/../lib/gcc/arm-none-eabi/4.9.3/../../../../arm-none-eabi/lib/armv7e-m/fpu\libc.a(lib_a-sbrkr.o)
 .ARM.attributes
                0x000005c9       0x34 c:/program files/gnu tools arm embedded/4.9 2014q4/bin/../lib/gcc/arm-none-eabi/4.9.3/../../../../arm-none-eabi/lib/armv7e-m/fpu\libc.a(lib_a-freer.o)
 .ARM.attributes
                0x000005fd       0x34 c:/program files/gnu tools arm embedded/4.9 2014q4/bin/../lib/gcc/arm-none-eabi/4.9.3/../../../../arm-none-eabi/lib/armv7e-m/fpu\libc.a(lib_a-reent.o)
 .ARM.attributes
                0x00000631       0x34 c:/program files/gnu tools arm embedded/4.9 2014q4/bin/../lib/gcc/arm-none-eabi/4.9.3/../../../../arm-none-eabi/lib/armv7e-m/fpu\libnosys.a(sbrk.o)
 .ARM.attributes
                0x00000665       0x21 ./drivers/BSP/startup_stm32f407xx.o
 .ARM.attributes
                0x00000686       0x34 c:/program files/gnu tools arm embedded/4.9 2014q4/bin/../lib/gcc/arm-none-eabi/4.9.3/../../../../arm-none-eabi/lib/armv7e-m/fpu\libc.a(lib_a-impure.o)
 .ARM.attributes
                0x000006ba       0x34 c:/program files/gnu tools arm embedded/4.9 2014q4/bin/../lib/gcc/arm-none-eabi/4.9.3/../../../../arm-none-eabi/lib/armv7e-m/fpu\libc.a(lib_a-init.o)
 .ARM.attributes
                0x000006ee       0x34 c:/program files/gnu tools arm embedded/4.9 2014q4/bin/../lib/gcc/arm-none-eabi/4.9.3/../../../../arm-none-eabi/lib/armv7e-m/fpu\libc.a(lib_a-memset.o)
 .ARM.attributes
                0x00000722       0x34 c:/program files/gnu tools arm embedded/4.9 2014q4/bin/../lib/gcc/arm-none-eabi/4.9.3/../../../../arm-none-eabi/lib/armv7e-m/fpu\libc.a(lib_a-rand.o)
 .ARM.attributes
                0x00000756       0x34 c:/program files/gnu tools arm embedded/4.9 2014q4/bin/../lib/gcc/arm-none-eabi/4.9.3/../../../../arm-none-eabi/lib/armv7e-m/fpu\libc.a(lib_a-__call_atexit.o)
 .ARM.attributes
                0x0000078a       0x34 c:/program files/gnu tools arm embedded/4.9 2014q4/bin/../lib/gcc/arm-none-eabi/4.9.3/../../../../arm-none-eabi/lib/armv7e-m/fpu\libc.a(lib_a-atexit.o)
 .ARM.attributes
                0x000007be       0x34 c:/program files/gnu tools arm embedded/4.9 2014q4/bin/../lib/gcc/arm-none-eabi/4.9.3/../../../../arm-none-eabi/lib/armv7e-m/fpu\libc.a(lib_a-fini.o)
 .ARM.attributes
                0x000007f2       0x34 c:/program files/gnu tools arm embedded/4.9 2014q4/bin/../lib/gcc/arm-none-eabi/4.9.3/../../../../arm-none-eabi/lib/armv7e-m/fpu\libc.a(lib_a-__atexit.o)
 .ARM.attributes
                0x00000826       0x22 c:/program files/gnu tools arm embedded/4.9 2014q4/bin/../lib/gcc/arm-none-eabi/4.9.3/armv7e-m/fpu/crtn.o
 .ARM.attributes
                0x00000848       0x34 c:/program files/gnu tools arm embedded/4.9 2014q4/bin/../lib/gcc/arm-none-eabi/4.9.3/../../../../arm-none-eabi/lib/armv7e-m/fpu\libm.a(lib_a-sf_floor.o)
 .ARM.attributes
                0x0000087c       0x34 c:/program files/gnu tools arm embedded/4.9 2014q4/bin/../lib/gcc/arm-none-eabi/4.9.3/../../../../arm-none-eabi/lib/armv7e-m/fpu\libm.a(lib_a-sf_lrint.o)
 .ARM.attributes
                0x000008b0       0x34 c:/program files/gnu tools arm embedded/4.9 2014q4/bin/../lib/gcc/arm-none-eabi/4.9.3/../../../../arm-none-eabi/lib/armv7e-m/fpu\libm.a(lib_a-sf_rint.o)
 .ARM.attributes
                0x000008e4       0x34 c:/program files/gnu tools arm embedded/4.9 2014q4/bin/../lib/gcc/arm-none-eabi/4.9.3/../../../../arm-none-eabi/lib/armv7e-m/fpu\libm.a(lib_a-sf_sin.o)
 .ARM.attributes
                0x00000918       0x34 c:/program files/gnu tools arm embedded/4.9 2014q4/bin/../lib/gcc/arm-none-eabi/4.9.3/../../../../arm-none-eabi/lib/armv7e-m/fpu\libm.a(lib_a-wf_pow.o)
 .ARM.attributes
                0x0000094c       0x34 c:/program files/gnu tools arm embedded/4.9 2014q4/bin/../lib/gcc/arm-none-eabi/4.9.3/../../../../arm-none-eabi/lib/armv7e-m/fpu\libm.a(lib_a-ef_pow.o)
 .ARM.attributes
                0x00000980       0x34 c:/program files/gnu tools arm embedded/4.9 2014q4/bin/../lib/gcc/arm-none-eabi/4.9.3/../../../../arm-none-eabi/lib/armv7e-m/fpu\libm.a(lib_a-ef_rem_pio2.o)
 .ARM.attributes
                0x000009b4       0x34 c:/program files/gnu tools arm embedded/4.9 2014q4/bin/../lib/gcc/arm-none-eabi/4.9.3/../../../../arm-none-eabi/lib/armv7e-m/fpu\libm.a(lib_a-ef_sqrt.o)
 .ARM.attributes
                0x000009e8       0x34 c:/program files/gnu tools arm embedded/4.9 2014q4/bin/../lib/gcc/arm-none-eabi/4.9.3/../../../../arm-none-eabi/lib/armv7e-m/fpu\libm.a(lib_a-kf_cos.o)
 .ARM.attributes
                0x00000a1c       0x34 c:/program files/gnu tools arm embedded/4.9 2014q4/bin/../lib/gcc/arm-none-eabi/4.9.3/../../../../arm-none-eabi/lib/armv7e-m/fpu\libm.a(lib_a-kf_rem_pio2.o)
 .ARM.attributes
                0x00000a50       0x34 c:/program files/gnu tools arm embedded/4.9 2014q4/bin/../lib/gcc/arm-none-eabi/4.9.3/../../../../arm-none-eabi/lib/armv7e-m/fpu\libm.a(lib_a-kf_sin.o)
 .ARM.attributes
                0x00000a84       0x34 c:/program files/gnu tools arm embedded/4.9 2014q4/bin/../lib/gcc/arm-none-eabi/4.9.3/../../../../arm-none-eabi/lib/armv7e-m/fpu\libm.a(lib_a-s_lib_ver.o)
 .ARM.attributes
                0x00000ab8       0x34 c:/program files/gnu tools arm embedded/4.9 2014q4/bin/../lib/gcc/arm-none-eabi/4.9.3/../../../../arm-none-eabi/lib/armv7e-m/fpu\libm.a(lib_a-s_matherr.o)
 .ARM.attributes
                0x00000aec       0x34 c:/program files/gnu tools arm embedded/4.9 2014q4/bin/../lib/gcc/arm-none-eabi/4.9.3/../../../../arm-none-eabi/lib/armv7e-m/fpu\libm.a(lib_a-s_rint.o)
 .ARM.attributes
                0x00000b20       0x34 c:/program files/gnu tools arm embedded/4.9 2014q4/bin/../lib/gcc/arm-none-eabi/4.9.3/../../../../arm-none-eabi/lib/armv7e-m/fpu\libm.a(lib_a-sf_fabs.o)
 .ARM.attributes
                0x00000b54       0x34 c:/program files/gnu tools arm embedded/4.9 2014q4/bin/../lib/gcc/arm-none-eabi/4.9.3/../../../../arm-none-eabi/lib/armv7e-m/fpu\libm.a(lib_a-sf_finite.o)
 .ARM.attributes
                0x00000b88       0x34 c:/program files/gnu tools arm embedded/4.9 2014q4/bin/../lib/gcc/arm-none-eabi/4.9.3/../../../../arm-none-eabi/lib/armv7e-m/fpu\libm.a(lib_a-sf_fpclassify.o)
 .ARM.attributes
                0x00000bbc       0x34 c:/program files/gnu tools arm embedded/4.9 2014q4/bin/../lib/gcc/arm-none-eabi/4.9.3/../../../../arm-none-eabi/lib/armv7e-m/fpu\libm.a(lib_a-sf_nan.o)
 .ARM.attributes
                0x00000bf0       0x34 c:/program files/gnu tools arm embedded/4.9 2014q4/bin/../lib/gcc/arm-none-eabi/4.9.3/../../../../arm-none-eabi/lib/armv7e-m/fpu\libm.a(lib_a-sf_scalbn.o)
 .ARM.attributes
                0x00000c24       0x34 c:/program files/gnu tools arm embedded/4.9 2014q4/bin/../lib/gcc/arm-none-eabi/4.9.3/../../../../arm-none-eabi/lib/armv7e-m/fpu\libm.a(lib_a-sf_copysign.o)
 .ARM.attributes
                0x00000c58       0x34 c:/program files/gnu tools arm embedded/4.9 2014q4/bin/../lib/gcc/arm-none-eabi/4.9.3/../../../../arm-none-eabi/lib/armv7e-m/fpu\libc.a(lib_a-errno.o)
 .ARM.attributes
                0x00000c8c       0x22 c:/program files/gnu tools arm embedded/4.9 2014q4/bin/../lib/gcc/arm-none-eabi/4.9.3/armv7e-m/fpu\libgcc.a(_arm_addsubdf3.o)
 .ARM.attributes
                0x00000cae       0x22 c:/program files/gnu tools arm embedded/4.9 2014q4/bin/../lib/gcc/arm-none-eabi/4.9.3/armv7e-m/fpu\libgcc.a(_arm_muldivdf3.o)
 .ARM.attributes
                0x00000cd0       0x22 c:/program files/gnu tools arm embedded/4.9 2014q4/bin/../lib/gcc/arm-none-eabi/4.9.3/armv7e-m/fpu\libgcc.a(_arm_cmpdf2.o)
 .ARM.attributes
                0x00000cf2       0x22 c:/program files/gnu tools arm embedded/4.9 2014q4/bin/../lib/gcc/arm-none-eabi/4.9.3/armv7e-m/fpu\libgcc.a(_arm_truncdfsf2.o)
OUTPUT(Dekrispator_v2.elf elf32-littlearm)

.comment        0x00000000       0x70
 .comment       0x00000000       0x70 C:\Users\CNous\AppData\Local\Temp\ccPRtbYf.ltrans0.ltrans.o
                                 0x71 (size before relaxing)
 .comment       0x00000000       0x71 C:\Users\CNous\AppData\Local\Temp\ccPRtbYf.ltrans1.ltrans.o
 .comment       0x00000000       0x71 C:\Users\CNous\AppData\Local\Temp\ccPRtbYf.ltrans2.ltrans.o
 .comment       0x00000000       0x71 C:\Users\CNous\AppData\Local\Temp\ccPRtbYf.ltrans3.ltrans.o
 .comment       0x00000000       0x71 C:\Users\CNous\AppData\Local\Temp\ccPRtbYf.ltrans4.ltrans.o
 .comment       0x00000000       0x71 C:\Users\CNous\AppData\Local\Temp\ccPRtbYf.ltrans5.ltrans.o
 .comment       0x00000000       0x71 C:\Users\CNous\AppData\Local\Temp\ccPRtbYf.ltrans6.ltrans.o
 .comment       0x00000000       0x71 C:\Users\CNous\AppData\Local\Temp\ccPRtbYf.ltrans7.ltrans.o
 .comment       0x00000000       0x71 C:\Users\CNous\AppData\Local\Temp\ccPRtbYf.ltrans8.ltrans.o
 .comment       0x00000000       0x71 C:\Users\CNous\AppData\Local\Temp\ccPRtbYf.ltrans9.ltrans.o
 .comment       0x00000000       0x71 C:\Users\CNous\AppData\Local\Temp\ccPRtbYf.ltrans10.ltrans.o
 .comment       0x00000000       0x71 C:\Users\CNous\AppData\Local\Temp\ccPRtbYf.ltrans11.ltrans.o
 .comment       0x00000000       0x71 C:\Users\CNous\AppData\Local\Temp\ccPRtbYf.ltrans12.ltrans.o
 .comment       0x00000000       0x71 C:\Users\CNous\AppData\Local\Temp\ccPRtbYf.ltrans13.ltrans.o
 .comment       0x00000000       0x71 C:\Users\CNous\AppData\Local\Temp\ccPRtbYf.ltrans14.ltrans.o
 .comment       0x00000000       0x71 C:\Users\CNous\AppData\Local\Temp\ccPRtbYf.ltrans15.ltrans.o
 .comment       0x00000000       0x71 C:\Users\CNous\AppData\Local\Temp\ccPRtbYf.ltrans16.ltrans.o
 .comment       0x00000000       0x71 C:\Users\CNous\AppData\Local\Temp\ccPRtbYf.ltrans17.ltrans.o
 .comment       0x00000000       0x71 C:\Users\CNous\AppData\Local\Temp\ccPRtbYf.ltrans18.ltrans.o
 .comment       0x00000000       0x71 C:\Users\CNous\AppData\Local\Temp\ccPRtbYf.ltrans19.ltrans.o
 .comment       0x00000000       0x71 C:\Users\CNous\AppData\Local\Temp\ccPRtbYf.ltrans20.ltrans.o

.debug_frame    0x00000000      0x76c
 .debug_frame   0x00000000       0x30 c:/program files/gnu tools arm embedded/4.9 2014q4/bin/../lib/gcc/arm-none-eabi/4.9.3/../../../../arm-none-eabi/lib/armv7e-m/fpu\libc.a(lib_a-malloc.o)
 .debug_frame   0x00000030       0x58 c:/program files/gnu tools arm embedded/4.9 2014q4/bin/../lib/gcc/arm-none-eabi/4.9.3/../../../../arm-none-eabi/lib/armv7e-m/fpu\libc.a(lib_a-mallocr.o)
 .debug_frame   0x00000088       0x30 c:/program files/gnu tools arm embedded/4.9 2014q4/bin/../lib/gcc/arm-none-eabi/4.9.3/../../../../arm-none-eabi/lib/armv7e-m/fpu\libc.a(lib_a-mlock.o)
 .debug_frame   0x000000b8       0x2c c:/program files/gnu tools arm embedded/4.9 2014q4/bin/../lib/gcc/arm-none-eabi/4.9.3/../../../../arm-none-eabi/lib/armv7e-m/fpu\libc.a(lib_a-sbrkr.o)
 .debug_frame   0x000000e4       0x74 c:/program files/gnu tools arm embedded/4.9 2014q4/bin/../lib/gcc/arm-none-eabi/4.9.3/../../../../arm-none-eabi/lib/armv7e-m/fpu\libc.a(lib_a-freer.o)
 .debug_frame   0x00000158       0x58 c:/program files/gnu tools arm embedded/4.9 2014q4/bin/../lib/gcc/arm-none-eabi/4.9.3/../../../../arm-none-eabi/lib/armv7e-m/fpu\libc.a(lib_a-reent.o)
 .debug_frame   0x000001b0       0x20 c:/program files/gnu tools arm embedded/4.9 2014q4/bin/../lib/gcc/arm-none-eabi/4.9.3/../../../../arm-none-eabi/lib/armv7e-m/fpu\libnosys.a(sbrk.o)
 .debug_frame   0x000001d0       0x2c c:/program files/gnu tools arm embedded/4.9 2014q4/bin/../lib/gcc/arm-none-eabi/4.9.3/../../../../arm-none-eabi/lib/armv7e-m/fpu\libc.a(lib_a-init.o)
 .debug_frame   0x000001fc       0x34 c:/program files/gnu tools arm embedded/4.9 2014q4/bin/../lib/gcc/arm-none-eabi/4.9.3/../../../../arm-none-eabi/lib/armv7e-m/fpu\libc.a(lib_a-memset.o)
 .debug_frame   0x00000230       0x3c c:/program files/gnu tools arm embedded/4.9 2014q4/bin/../lib/gcc/arm-none-eabi/4.9.3/../../../../arm-none-eabi/lib/armv7e-m/fpu\libc.a(lib_a-rand.o)
 .debug_frame   0x0000026c       0x50 c:/program files/gnu tools arm embedded/4.9 2014q4/bin/../lib/gcc/arm-none-eabi/4.9.3/../../../../arm-none-eabi/lib/armv7e-m/fpu\libc.a(lib_a-__call_atexit.o)
 .debug_frame   0x000002bc       0x20 c:/program files/gnu tools arm embedded/4.9 2014q4/bin/../lib/gcc/arm-none-eabi/4.9.3/../../../../arm-none-eabi/lib/armv7e-m/fpu\libc.a(lib_a-atexit.o)
 .debug_frame   0x000002dc       0x34 c:/program files/gnu tools arm embedded/4.9 2014q4/bin/../lib/gcc/arm-none-eabi/4.9.3/../../../../arm-none-eabi/lib/armv7e-m/fpu\libc.a(lib_a-fini.o)
 .debug_frame   0x00000310       0x34 c:/program files/gnu tools arm embedded/4.9 2014q4/bin/../lib/gcc/arm-none-eabi/4.9.3/../../../../arm-none-eabi/lib/armv7e-m/fpu\libc.a(lib_a-__atexit.o)
 .debug_frame   0x00000344       0x20 c:/program files/gnu tools arm embedded/4.9 2014q4/bin/../lib/gcc/arm-none-eabi/4.9.3/../../../../arm-none-eabi/lib/armv7e-m/fpu\libm.a(lib_a-sf_floor.o)
 .debug_frame   0x00000364       0x38 c:/program files/gnu tools arm embedded/4.9 2014q4/bin/../lib/gcc/arm-none-eabi/4.9.3/../../../../arm-none-eabi/lib/armv7e-m/fpu\libm.a(lib_a-sf_lrint.o)
 .debug_frame   0x0000039c       0x48 c:/program files/gnu tools arm embedded/4.9 2014q4/bin/../lib/gcc/arm-none-eabi/4.9.3/../../../../arm-none-eabi/lib/armv7e-m/fpu\libm.a(lib_a-sf_rint.o)
 .debug_frame   0x000003e4       0x34 c:/program files/gnu tools arm embedded/4.9 2014q4/bin/../lib/gcc/arm-none-eabi/4.9.3/../../../../arm-none-eabi/lib/armv7e-m/fpu\libm.a(lib_a-sf_sin.o)
 .debug_frame   0x00000418       0x64 c:/program files/gnu tools arm embedded/4.9 2014q4/bin/../lib/gcc/arm-none-eabi/4.9.3/../../../../arm-none-eabi/lib/armv7e-m/fpu\libm.a(lib_a-wf_pow.o)
 .debug_frame   0x0000047c       0x7c c:/program files/gnu tools arm embedded/4.9 2014q4/bin/../lib/gcc/arm-none-eabi/4.9.3/../../../../arm-none-eabi/lib/armv7e-m/fpu\libm.a(lib_a-ef_pow.o)
 .debug_frame   0x000004f8       0x3c c:/program files/gnu tools arm embedded/4.9 2014q4/bin/../lib/gcc/arm-none-eabi/4.9.3/../../../../arm-none-eabi/lib/armv7e-m/fpu\libm.a(lib_a-ef_rem_pio2.o)
 .debug_frame   0x00000534       0x3c c:/program files/gnu tools arm embedded/4.9 2014q4/bin/../lib/gcc/arm-none-eabi/4.9.3/../../../../arm-none-eabi/lib/armv7e-m/fpu\libm.a(lib_a-ef_sqrt.o)
 .debug_frame   0x00000570       0x20 c:/program files/gnu tools arm embedded/4.9 2014q4/bin/../lib/gcc/arm-none-eabi/4.9.3/../../../../arm-none-eabi/lib/armv7e-m/fpu\libm.a(lib_a-kf_cos.o)
 .debug_frame   0x00000590       0x5c c:/program files/gnu tools arm embedded/4.9 2014q4/bin/../lib/gcc/arm-none-eabi/4.9.3/../../../../arm-none-eabi/lib/armv7e-m/fpu\libm.a(lib_a-kf_rem_pio2.o)
 .debug_frame   0x000005ec       0x20 c:/program files/gnu tools arm embedded/4.9 2014q4/bin/../lib/gcc/arm-none-eabi/4.9.3/../../../../arm-none-eabi/lib/armv7e-m/fpu\libm.a(lib_a-kf_sin.o)
 .debug_frame   0x0000060c       0x20 c:/program files/gnu tools arm embedded/4.9 2014q4/bin/../lib/gcc/arm-none-eabi/4.9.3/../../../../arm-none-eabi/lib/armv7e-m/fpu\libm.a(lib_a-s_matherr.o)
 .debug_frame   0x0000062c       0x3c c:/program files/gnu tools arm embedded/4.9 2014q4/bin/../lib/gcc/arm-none-eabi/4.9.3/../../../../arm-none-eabi/lib/armv7e-m/fpu\libm.a(lib_a-s_rint.o)
 .debug_frame   0x00000668       0x20 c:/program files/gnu tools arm embedded/4.9 2014q4/bin/../lib/gcc/arm-none-eabi/4.9.3/../../../../arm-none-eabi/lib/armv7e-m/fpu\libm.a(lib_a-sf_fabs.o)
 .debug_frame   0x00000688       0x20 c:/program files/gnu tools arm embedded/4.9 2014q4/bin/../lib/gcc/arm-none-eabi/4.9.3/../../../../arm-none-eabi/lib/armv7e-m/fpu\libm.a(lib_a-sf_finite.o)
 .debug_frame   0x000006a8       0x20 c:/program files/gnu tools arm embedded/4.9 2014q4/bin/../lib/gcc/arm-none-eabi/4.9.3/../../../../arm-none-eabi/lib/armv7e-m/fpu\libm.a(lib_a-sf_fpclassify.o)
 .debug_frame   0x000006c8       0x20 c:/program files/gnu tools arm embedded/4.9 2014q4/bin/../lib/gcc/arm-none-eabi/4.9.3/../../../../arm-none-eabi/lib/armv7e-m/fpu\libm.a(lib_a-sf_nan.o)
 .debug_frame   0x000006e8       0x44 c:/program files/gnu tools arm embedded/4.9 2014q4/bin/../lib/gcc/arm-none-eabi/4.9.3/../../../../arm-none-eabi/lib/armv7e-m/fpu\libm.a(lib_a-sf_scalbn.o)
 .debug_frame   0x0000072c       0x20 c:/program files/gnu tools arm embedded/4.9 2014q4/bin/../lib/gcc/arm-none-eabi/4.9.3/../../../../arm-none-eabi/lib/armv7e-m/fpu\libm.a(lib_a-sf_copysign.o)
 .debug_frame   0x0000074c       0x20 c:/program files/gnu tools arm embedded/4.9 2014q4/bin/../lib/gcc/arm-none-eabi/4.9.3/../../../../arm-none-eabi/lib/armv7e-m/fpu\libc.a(lib_a-errno.o)
