Archive member included to satisfy reference by file (symbol)

/usr/lib/gcc/arm-none-eabi/10.2.0/../../../../arm-none-eabi/lib/thumb/v7e-m+fp/hard/libm.a(lib_a-sf_floor.o)
                              ./Synth/chorusFD.o (symbol from plugin) (floorf)
/usr/lib/gcc/arm-none-eabi/10.2.0/../../../../arm-none-eabi/lib/thumb/v7e-m+fp/hard/libm.a(lib_a-sf_lrint.o)
                              ./Synth/MIDI_application.o (symbol from plugin) (lrintf)
/usr/lib/gcc/arm-none-eabi/10.2.0/../../../../arm-none-eabi/lib/thumb/v7e-m+fp/hard/libm.a(lib_a-sf_rint.o)
                              ./Synth/sequencer.o (symbol from plugin) (rintf)
/usr/lib/gcc/arm-none-eabi/10.2.0/../../../../arm-none-eabi/lib/thumb/v7e-m+fp/hard/libm.a(lib_a-sf_sin.o)
                              ./Synth/oscillators.o (symbol from plugin) (sinf)
/usr/lib/gcc/arm-none-eabi/10.2.0/../../../../arm-none-eabi/lib/thumb/v7e-m+fp/hard/libm.a(lib_a-wf_pow.o)
                              ./Synth/math_tools.o (symbol from plugin) (powf)
/usr/lib/gcc/arm-none-eabi/10.2.0/../../../../arm-none-eabi/lib/thumb/v7e-m+fp/hard/libm.a(lib_a-ef_pow.o)
                              /usr/lib/gcc/arm-none-eabi/10.2.0/../../../../arm-none-eabi/lib/thumb/v7e-m+fp/hard/libm.a(lib_a-wf_pow.o) (__ieee754_powf)
/usr/lib/gcc/arm-none-eabi/10.2.0/../../../../arm-none-eabi/lib/thumb/v7e-m+fp/hard/libm.a(lib_a-ef_rem_pio2.o)
                              /usr/lib/gcc/arm-none-eabi/10.2.0/../../../../arm-none-eabi/lib/thumb/v7e-m+fp/hard/libm.a(lib_a-sf_sin.o) (__ieee754_rem_pio2f)
/usr/lib/gcc/arm-none-eabi/10.2.0/../../../../arm-none-eabi/lib/thumb/v7e-m+fp/hard/libm.a(lib_a-ef_sqrt.o)
                              /usr/lib/gcc/arm-none-eabi/10.2.0/../../../../arm-none-eabi/lib/thumb/v7e-m+fp/hard/libm.a(lib_a-ef_pow.o) (__ieee754_sqrtf)
/usr/lib/gcc/arm-none-eabi/10.2.0/../../../../arm-none-eabi/lib/thumb/v7e-m+fp/hard/libm.a(lib_a-kf_cos.o)
                              /usr/lib/gcc/arm-none-eabi/10.2.0/../../../../arm-none-eabi/lib/thumb/v7e-m+fp/hard/libm.a(lib_a-sf_sin.o) (__kernel_cosf)
/usr/lib/gcc/arm-none-eabi/10.2.0/../../../../arm-none-eabi/lib/thumb/v7e-m+fp/hard/libm.a(lib_a-kf_rem_pio2.o)
                              /usr/lib/gcc/arm-none-eabi/10.2.0/../../../../arm-none-eabi/lib/thumb/v7e-m+fp/hard/libm.a(lib_a-ef_rem_pio2.o) (__kernel_rem_pio2f)
/usr/lib/gcc/arm-none-eabi/10.2.0/../../../../arm-none-eabi/lib/thumb/v7e-m+fp/hard/libm.a(lib_a-kf_sin.o)
                              /usr/lib/gcc/arm-none-eabi/10.2.0/../../../../arm-none-eabi/lib/thumb/v7e-m+fp/hard/libm.a(lib_a-sf_sin.o) (__kernel_sinf)
/usr/lib/gcc/arm-none-eabi/10.2.0/../../../../arm-none-eabi/lib/thumb/v7e-m+fp/hard/libm.a(lib_a-sf_fabs.o)
                              /usr/lib/gcc/arm-none-eabi/10.2.0/../../../../arm-none-eabi/lib/thumb/v7e-m+fp/hard/libm.a(lib_a-ef_pow.o) (fabsf)
/usr/lib/gcc/arm-none-eabi/10.2.0/../../../../arm-none-eabi/lib/thumb/v7e-m+fp/hard/libm.a(lib_a-sf_finite.o)
                              /usr/lib/gcc/arm-none-eabi/10.2.0/../../../../arm-none-eabi/lib/thumb/v7e-m+fp/hard/libm.a(lib_a-wf_pow.o) (finitef)
/usr/lib/gcc/arm-none-eabi/10.2.0/../../../../arm-none-eabi/lib/thumb/v7e-m+fp/hard/libm.a(lib_a-sf_nan.o)
                              /usr/lib/gcc/arm-none-eabi/10.2.0/../../../../arm-none-eabi/lib/thumb/v7e-m+fp/hard/libm.a(lib_a-ef_pow.o) (nanf)
/usr/lib/gcc/arm-none-eabi/10.2.0/../../../../arm-none-eabi/lib/thumb/v7e-m+fp/hard/libm.a(lib_a-sf_scalbn.o)
                              /usr/lib/gcc/arm-none-eabi/10.2.0/../../../../arm-none-eabi/lib/thumb/v7e-m+fp/hard/libm.a(lib_a-ef_pow.o) (scalbnf)
/usr/lib/gcc/arm-none-eabi/10.2.0/../../../../arm-none-eabi/lib/thumb/v7e-m+fp/hard/libm.a(lib_a-s_lib_ver.o)
                              /usr/lib/gcc/arm-none-eabi/10.2.0/../../../../arm-none-eabi/lib/thumb/v7e-m+fp/hard/libm.a(lib_a-wf_pow.o) (__fdlib_version)
/usr/lib/gcc/arm-none-eabi/10.2.0/../../../../arm-none-eabi/lib/thumb/v7e-m+fp/hard/libc.a(lib_a-atexit.o)
                              /usr/lib/gcc/arm-none-eabi/10.2.0/../../../../arm-none-eabi/lib/thumb/v7e-m+fp/hard/crt0.o (atexit)
/usr/lib/gcc/arm-none-eabi/10.2.0/../../../../arm-none-eabi/lib/thumb/v7e-m+fp/hard/libc.a(lib_a-errno.o)
                              /usr/lib/gcc/arm-none-eabi/10.2.0/../../../../arm-none-eabi/lib/thumb/v7e-m+fp/hard/libm.a(lib_a-wf_pow.o) (__errno)
/usr/lib/gcc/arm-none-eabi/10.2.0/../../../../arm-none-eabi/lib/thumb/v7e-m+fp/hard/libc.a(lib_a-exit.o)
                              /usr/lib/gcc/arm-none-eabi/10.2.0/../../../../arm-none-eabi/lib/thumb/v7e-m+fp/hard/crt0.o (exit)
/usr/lib/gcc/arm-none-eabi/10.2.0/../../../../arm-none-eabi/lib/thumb/v7e-m+fp/hard/libc.a(lib_a-fini.o)
                              /usr/lib/gcc/arm-none-eabi/10.2.0/../../../../arm-none-eabi/lib/thumb/v7e-m+fp/hard/crt0.o (__libc_fini_array)
/usr/lib/gcc/arm-none-eabi/10.2.0/../../../../arm-none-eabi/lib/thumb/v7e-m+fp/hard/libc.a(lib_a-impure.o)
[...]
Memory Configuration

Name             Origin             Length             Attributes
FLASH            0x0000000008000000 0x0000000000100000 xr
RAM              0x0000000020000000 0x0000000000020000 xrw
CCMRAM           0x0000000010000000 0x0000000000010000 rw
*default*        0x0000000000000000 0xffffffffffffffff

Linker script and memory map

LOAD /usr/lib/gcc/arm-none-eabi/10.2.0/thumb/v7e-m+fp/hard/crti.o
LOAD /usr/lib/gcc/arm-none-eabi/10.2.0/thumb/v7e-m+fp/hard/crtbegin.o
LOAD /usr/lib/gcc/arm-none-eabi/10.2.0/../../../../arm-none-eabi/lib/thumb/v7e-m+fp/hard/crt0.o
LOAD ./drivers/USBH_midi_class/Src/usbh_MIDI.o
LOAD /tmp/Dekrispator_v2.elf.Eypg37.ltrans0.ltrans.o
LOAD /tmp/Dekrispator_v2.elf.Eypg37.ltrans1.ltrans.o
LOAD ./drivers/STM32_USB_Host_Library/Core/Src/usbh_core.o
LOAD ./drivers/STM32_USB_Host_Library/Core/Src/usbh_ctlreq.o
LOAD ./drivers/STM32_USB_Host_Library/Core/Src/usbh_ioreq.o
LOAD ./drivers/STM32_USB_Host_Library/Core/Src/usbh_pipes.o
LOAD ./drivers/STM32F4xx_HAL_Driver/Src/stm32f4xx_hal.o
LOAD ./drivers/STM32F4xx_HAL_Driver/Src/stm32f4xx_hal_adc.o
LOAD ./drivers/STM32F4xx_HAL_Driver/Src/stm32f4xx_hal_adc_ex.o
LOAD ./drivers/STM32F4xx_HAL_Driver/Src/stm32f4xx_hal_can.o
LOAD ./drivers/STM32F4xx_HAL_Driver/Src/stm32f4xx_hal_cortex.o
LOAD ./drivers/STM32F4xx_HAL_Driver/Src/stm32f4xx_hal_crc.o
LOAD ./drivers/STM32F4xx_HAL_Driver/Src/stm32f4xx_hal_cryp.o
LOAD ./drivers/STM32F4xx_HAL_Driver/Src/stm32f4xx_hal_cryp_ex.o
LOAD ./drivers/STM32F4xx_HAL_Driver/Src/stm32f4xx_hal_dac.o
LOAD ./drivers/STM32F4xx_HAL_Driver/Src/stm32f4xx_hal_dac_ex.o
LOAD ./drivers/STM32F4xx_HAL_Driver/Src/stm32f4xx_hal_dcmi.o
LOAD ./drivers/STM32F4xx_HAL_Driver/Src/stm32f4xx_hal_dma.o
LOAD ./drivers/STM32F4xx_HAL_Driver/Src/stm32f4xx_hal_dma2d.o
LOAD ./drivers/STM32F4xx_HAL_Driver/Src/stm32f4xx_hal_dma_ex.o
LOAD ./drivers/STM32F4xx_HAL_Driver/Src/stm32f4xx_hal_eth.o
LOAD ./drivers/STM32F4xx_HAL_Driver/Src/stm32f4xx_hal_flash.o
LOAD ./drivers/STM32F4xx_HAL_Driver/Src/stm32f4xx_hal_flash_ex.o
LOAD ./drivers/STM32F4xx_HAL_Driver/Src/stm32f4xx_hal_flash_ramfunc.o
LOAD ./drivers/STM32F4xx_HAL_Driver/Src/stm32f4xx_hal_gpio.o
LOAD ./drivers/STM32F4xx_HAL_Driver/Src/stm32f4xx_hal_hash.o
LOAD ./drivers/STM32F4xx_HAL_Driver/Src/stm32f4xx_hal_hash_ex.o
LOAD ./drivers/STM32F4xx_HAL_Driver/Src/stm32f4xx_hal_hcd.o
LOAD ./drivers/STM32F4xx_HAL_Driver/Src/stm32f4xx_hal_i2c.o
LOAD ./drivers/STM32F4xx_HAL_Driver/Src/stm32f4xx_hal_i2c_ex.o
LOAD ./drivers/STM32F4xx_HAL_Driver/Src/stm32f4xx_hal_i2s.o
LOAD ./drivers/STM32F4xx_HAL_Driver/Src/stm32f4xx_hal_i2s_ex.o
LOAD ./drivers/STM32F4xx_HAL_Driver/Src/stm32f4xx_hal_irda.o
LOAD ./drivers/STM32F4xx_HAL_Driver/Src/stm32f4xx_hal_iwdg.o
LOAD ./drivers/STM32F4xx_HAL_Driver/Src/stm32f4xx_hal_ltdc.o
LOAD ./drivers/STM32F4xx_HAL_Driver/Src/stm32f4xx_hal_msp_template.o
LOAD ./drivers/STM32F4xx_HAL_Driver/Src/stm32f4xx_hal_nand.o
LOAD ./drivers/STM32F4xx_HAL_Driver/Src/stm32f4xx_hal_nor.o
LOAD ./drivers/STM32F4xx_HAL_Driver/Src/stm32f4xx_hal_pccard.o
LOAD ./drivers/STM32F4xx_HAL_Driver/Src/stm32f4xx_hal_pcd.o
LOAD ./drivers/STM32F4xx_HAL_Driver/Src/stm32f4xx_hal_pcd_ex.o
LOAD ./drivers/STM32F4xx_HAL_Driver/Src/stm32f4xx_hal_pwr.o
LOAD ./drivers/STM32F4xx_HAL_Driver/Src/stm32f4xx_hal_pwr_ex.o
LOAD ./drivers/STM32F4xx_HAL_Driver/Src/stm32f4xx_hal_rcc.o
LOAD ./drivers/STM32F4xx_HAL_Driver/Src/stm32f4xx_hal_rcc_ex.o
LOAD ./drivers/STM32F4xx_HAL_Driver/Src/stm32f4xx_hal_rng.o
LOAD ./drivers/STM32F4xx_HAL_Driver/Src/stm32f4xx_hal_rtc.o
LOAD ./drivers/STM32F4xx_HAL_Driver/Src/stm32f4xx_hal_rtc_ex.o
LOAD ./drivers/STM32F4xx_HAL_Driver/Src/stm32f4xx_hal_sai.o
LOAD ./drivers/STM32F4xx_HAL_Driver/Src/stm32f4xx_hal_sd.o
LOAD ./drivers/STM32F4xx_HAL_Driver/Src/stm32f4xx_hal_sdram.o
LOAD ./drivers/STM32F4xx_HAL_Driver/Src/stm32f4xx_hal_smartcard.o
LOAD ./drivers/STM32F4xx_HAL_Driver/Src/stm32f4xx_hal_spi.o
LOAD ./drivers/STM32F4xx_HAL_Driver/Src/stm32f4xx_hal_sram.o
LOAD ./drivers/STM32F4xx_HAL_Driver/Src/stm32f4xx_hal_tim.o
LOAD ./drivers/STM32F4xx_HAL_Driver/Src/stm32f4xx_hal_tim_ex.o
LOAD ./drivers/STM32F4xx_HAL_Driver/Src/stm32f4xx_hal_uart.o
LOAD ./drivers/STM32F4xx_HAL_Driver/Src/stm32f4xx_hal_usart.o
LOAD ./drivers/STM32F4xx_HAL_Driver/Src/stm32f4xx_hal_wwdg.o
LOAD ./drivers/STM32F4xx_HAL_Driver/Src/stm32f4xx_ll_fmc.o
LOAD ./drivers/STM32F4xx_HAL_Driver/Src/stm32f4xx_ll_fsmc.o
LOAD ./drivers/STM32F4xx_HAL_Driver/Src/stm32f4xx_ll_sdmmc.o
LOAD ./drivers/STM32F4xx_HAL_Driver/Src/stm32f4xx_ll_usb.o
LOAD ./drivers/BSP/cs43l22.o
LOAD ./drivers/BSP/lis302dl.o
LOAD ./drivers/BSP/lis3dsh.o
LOAD ./drivers/BSP/stm32f4_discovery.o
LOAD ./drivers/BSP/stm32f4_discovery_accelerometer.o
LOAD ./drivers/BSP/stm32f4_discovery_audio.o
LOAD ./Synth/MIDI_application.o
LOAD ./Synth/adsr.o
LOAD ./Synth/audio_conf.o
LOAD ./Synth/blepvco.o
LOAD ./Synth/chorusFD.o
LOAD ./Synth/delay.o
LOAD ./Synth/drifter.o
LOAD ./Synth/main.o
LOAD ./Synth/math_tools.o
LOAD ./Synth/minblep_tables.o
LOAD ./Synth/notesTables.o
LOAD ./Synth/oscillators.o
LOAD ./Synth/phaser.o
LOAD ./Synth/random.o
LOAD ./Synth/resonantFilter.o
LOAD ./Synth/sequencer.o
LOAD ./Synth/sinetable.o
LOAD ./Synth/soundGen.o
LOAD ./Synth/startup_stm32f407xx.o
LOAD ./Synth/stm32f4xx_it.o
LOAD ./Synth/system_stm32f4xx.o
LOAD ./Synth/timers.o
LOAD ./Synth/usbh_conf.o
LOAD /usr/lib/gcc/arm-none-eabi/10.2.0/../../../../arm-none-eabi/lib/thumb/v7e-m+fp/hard/libm.a
LOAD /usr/lib/gcc/arm-none-eabi/10.2.0/../../../../arm-none-eabi/lib/thumb/v7e-m+fp/hard/libc.a
LOAD /usr/lib/gcc/arm-none-eabi/10.2.0/../../../../arm-none-eabi/lib/thumb/v7e-m+fp/hard/libg.a
START GROUP
LOAD /usr/lib/gcc/arm-none-eabi/10.2.0/thumb/v7e-m+fp/hard/libgcc.a
LOAD /usr/lib/gcc/arm-none-eabi/10.2.0/../../../../arm-none-eabi/lib/thumb/v7e-m+fp/hard/libc.a
END GROUP
START GROUP
LOAD /usr/lib/gcc/arm-none-eabi/10.2.0/thumb/v7e-m+fp/hard/libgcc.a
LOAD /usr/lib/gcc/arm-none-eabi/10.2.0/../../../../arm-none-eabi/lib/thumb/v7e-m+fp/hard/libc.a
LOAD /usr/lib/gcc/arm-none-eabi/10.2.0/../../../../arm-none-eabi/lib/thumb/v7e-m+fp/hard/libnosys.a
END GROUP
LOAD /usr/lib/gcc/arm-none-eabi/10.2.0/thumb/v7e-m+fp/hard/crtend.o
LOAD /usr/lib/gcc/arm-none-eabi/10.2.0/thumb/v7e-m+fp/hard/crtn.o
                0x000000002001ffff                _estack = 0x2001ffff
                0x0000000000001000                _Min_Heap_Size = 0x1000
                0x0000000000001000                _Min_Stack_Size = 0x1000

.isr_vector     0x0000000008000000      0x188
                0x0000000008000000                . = ALIGN (0x4)
 *(.isr_vector)
 .isr_vector    0x0000000008000000      0x188 ./Synth/startup_stm32f407xx.o
                0x0000000008000000                g_pfnVectors
                0x0000000008000188                . = ALIGN (0x4)

.text           0x0000000008000188     0xf1f8
                0x0000000008000188                . = ALIGN (0x4)
 *(.text)
 .text          0x0000000008000188      0x134 /usr/lib/gcc/arm-none-eabi/10.2.0/../../../../arm-none-eabi/lib/thumb/v7e-m+fp/hard/libc.a(lib_a-memcpy.o)
                0x0000000008000188                memcpy
 *(.text*)
 .text.__do_global_dtors_aux
                0x00000000080002bc       0x24 /usr/lib/gcc/arm-none-eabi/10.2.0/thumb/v7e-m+fp/hard/crtbegin.o
 .text.frame_dummy
                0x00000000080002e0       0x1c /usr/lib/gcc/arm-none-eabi/10.2.0/thumb/v7e-m+fp/hard/crtbegin.o
 .text.USB_HC_StartXfer
                0x00000000080002fc      0x27c /tmp/Dekrispator_v2.elf.Eypg37.ltrans0.ltrans.o
                0x00000000080002fc                USB_HC_StartXfer
 .text.USB_HC_ReadInterrupt
                0x0000000008000578       0x20 /tmp/Dekrispator_v2.elf.Eypg37.ltrans0.ltrans.o
                0x0000000008000578                USB_HC_ReadInterrupt
 .text.USB_HC_Halt
                0x0000000008000598      0x1f4 /tmp/Dekrispator_v2.elf.Eypg37.ltrans0.ltrans.o
                0x0000000008000598                USB_HC_Halt
 .text.USB_DoPing
                0x000000000800078c       0x80 /tmp/Dekrispator_v2.elf.Eypg37.ltrans0.ltrans.o
 .text.USB_StopHost
                0x000000000800080c      0x104 /tmp/Dekrispator_v2.elf.Eypg37.ltrans0.ltrans.o
                0x000000000800080c                USB_StopHost
 .text.USBH_MIDI_ClassRequest
                0x0000000008000910       0x10 /tmp/Dekrispator_v2.elf.Eypg37.ltrans0.ltrans.o
 .text.USBH_MIDI_SOFProcess
                0x0000000008000920        0x4 /tmp/Dekrispator_v2.elf.Eypg37.ltrans0.ltrans.o
 .text.HAL_Delay
                0x0000000008000924       0x1c /tmp/Dekrispator_v2.elf.Eypg37.ltrans0.ltrans.o
 .text.HAL_GPIO_Init
                0x0000000008000940      0x290 /tmp/Dekrispator_v2.elf.Eypg37.ltrans0.ltrans.o
 .text.I2S_DMAError
                0x0000000008000bd0       0x2c /tmp/Dekrispator_v2.elf.Eypg37.ltrans0.ltrans.o
 .text.USB_EnableGlobalInt
                0x0000000008000bfc       0x10 /tmp/Dekrispator_v2.elf.Eypg37.ltrans0.ltrans.o
                0x0000000008000bfc                USB_EnableGlobalInt
 .text.USB_DisableGlobalInt
                0x0000000008000c0c       0x10 /tmp/Dekrispator_v2.elf.Eypg37.ltrans0.ltrans.o
 .text.USB_FlushTxFifo
                0x0000000008000c1c       0x24 /tmp/Dekrispator_v2.elf.Eypg37.ltrans0.ltrans.o
 .text.USB_FlushRxFifo
                0x0000000008000c40       0x20 /tmp/Dekrispator_v2.elf.Eypg37.ltrans0.ltrans.o
 .text.USB_WritePacket
                0x0000000008000c60       0x30 /tmp/Dekrispator_v2.elf.Eypg37.ltrans0.ltrans.o
 .text.cs43l22_SetFrequency
                0x0000000008000c90        0x4 /tmp/Dekrispator_v2.elf.Eypg37.ltrans0.ltrans.o
 .text.BSP_LED_Init
                0x0000000008000c94      0x310 /tmp/Dekrispator_v2.elf.Eypg37.ltrans0.ltrans.o
 .text.Delay_compute
                0x0000000008000fa4       0xc4 /tmp/Dekrispator_v2.elf.Eypg37.ltrans0.ltrans.o
 .text.USBH_UserProcess_callback
                0x0000000008001068       0x68 /tmp/Dekrispator_v2.elf.Eypg37.ltrans0.ltrans.o
 .text.Error_Handler
                0x00000000080010d0       0x10 /tmp/Dekrispator_v2.elf.Eypg37.ltrans0.ltrans.o
 .text.MorphingSaw_SampleCompute
                0x00000000080010e0      0x108 /tmp/Dekrispator_v2.elf.Eypg37.ltrans0.ltrans.o
 .text.USBH_MIDI_InterfaceInit
                0x00000000080011e8      0x508 /tmp/Dekrispator_v2.elf.Eypg37.ltrans0.ltrans.o
 .text.MagicFX.part.0
                0x00000000080016f0      0x408 /tmp/Dekrispator_v2.elf.Eypg37.ltrans0.ltrans.o
 .text.MagicPatch.part.0
                0x0000000008001af8      0xbfc /tmp/Dekrispator_v2.elf.Eypg37.ltrans0.ltrans.o
 .text.drifter_nextSample
                0x00000000080026f4       0xd0 /tmp/Dekrispator_v2.elf.Eypg37.ltrans0.ltrans.o
 .text.delay_read
                0x00000000080027c4      0x144 /tmp/Dekrispator_v2.elf.Eypg37.ltrans0.ltrans.o
 .text.mono_chorus_compute
                0x0000000008002908      0x14c /tmp/Dekrispator_v2.elf.Eypg37.ltrans0.ltrans.o
 .text.waveCompute
                0x0000000008002a54     0x1b88 /tmp/Dekrispator_v2.elf.Eypg37.ltrans0.ltrans.o
 .text.I2S_DMATxCplt
                0x00000000080045dc      0x614 /tmp/Dekrispator_v2.elf.Eypg37.ltrans0.ltrans.o
 .text.I2S_DMATxHalfCplt
                0x0000000008004bf0      0x5bc /tmp/Dekrispator_v2.elf.Eypg37.ltrans0.ltrans.o
 .text.HAL_DMA_IRQHandler
                0x00000000080051ac     0x1d18 /tmp/Dekrispator_v2.elf.Eypg37.ltrans0.ltrans.o
                0x00000000080051ac                HAL_DMA_IRQHandler
 .text.BSP_AUDIO_OUT_Error_CallBack
                0x0000000008006ec4        0x4 /tmp/Dekrispator_v2.elf.Eypg37.ltrans0.ltrans.o
                0x0000000008006ec4                HardFault_Handler
 .text.HAL_MspInit
                0x0000000008006ec8        0x4 /tmp/Dekrispator_v2.elf.Eypg37.ltrans0.ltrans.o
                0x0000000008006ec8                NMI_Handler
                0x0000000008006ec8                HAL_MspInit
 .text.HAL_RCC_GetHCLKFreq
                0x0000000008006ecc       0xb0 /tmp/Dekrispator_v2.elf.Eypg37.ltrans0.ltrans.o
                0x0000000008006ecc                HAL_RCC_GetHCLKFreq
 .text.I2Cx_Init.part.0
                0x0000000008006f7c      0x1f4 /tmp/Dekrispator_v2.elf.Eypg37.ltrans0.ltrans.o
 .text.cs43l22_Play
                0x0000000008007170      0x220 /tmp/Dekrispator_v2.elf.Eypg37.ltrans0.ltrans.o
 .text.cs43l22_Pause
                0x0000000008007390      0x20c /tmp/Dekrispator_v2.elf.Eypg37.ltrans0.ltrans.o
 .text.cs43l22_Resume
                0x000000000800759c      0x32c /tmp/Dekrispator_v2.elf.Eypg37.ltrans0.ltrans.o
 .text.cs43l22_Stop
                0x00000000080078c8      0x210 /tmp/Dekrispator_v2.elf.Eypg37.ltrans0.ltrans.o
 .text.cs43l22_SetVolume
                0x0000000008007ad8      0x3b4 /tmp/Dekrispator_v2.elf.Eypg37.ltrans0.ltrans.o
 .text.cs43l22_SetMute
                0x0000000008007e8c      0x1a4 /tmp/Dekrispator_v2.elf.Eypg37.ltrans0.ltrans.o
 .text.I2Cx_WriteData
                0x0000000008008030      0x10c /tmp/Dekrispator_v2.elf.Eypg37.ltrans0.ltrans.o
 .text.cs43l22_SetOutputMode
                0x000000000800813c      0x174 /tmp/Dekrispator_v2.elf.Eypg37.ltrans0.ltrans.o
 .text.AUDIO_IO_Init
                0x00000000080082b0       0x78 /tmp/Dekrispator_v2.elf.Eypg37.ltrans0.ltrans.o
 .text.cs43l22_Init
                0x0000000008008328       0xfc /tmp/Dekrispator_v2.elf.Eypg37.ltrans0.ltrans.o
 .text.cs43l22_ReadID
                0x0000000008008424      0x1c0 /tmp/Dekrispator_v2.elf.Eypg37.ltrans0.ltrans.o
 .text.USBH_MIDI_InterfaceDeInit
                0x00000000080085e4       0xa8 /tmp/Dekrispator_v2.elf.Eypg37.ltrans0.ltrans.o
 .text.USBH_CtlReq.part.0
                0x000000000800868c      0x288 /tmp/Dekrispator_v2.elf.Eypg37.ltrans0.ltrans.o
                0x000000000800868c                USBH_CtlReq.part.0
 .text.USBH_MIDI_Process
                0x0000000008008914     0x1430 /tmp/Dekrispator_v2.elf.Eypg37.ltrans0.ltrans.o
 .text.startup.main
                0x0000000008009d44     0x1544 /tmp/Dekrispator_v2.elf.Eypg37.ltrans0.ltrans.o
                0x0000000008009d44                main
 .text.seq_sequence_new
                0x000000000800b288      0x268 /tmp/Dekrispator_v2.elf.Eypg37.ltrans1.ltrans.o
 .text.Phaser_compute
                0x000000000800b4f0      0x170 /tmp/Dekrispator_v2.elf.Eypg37.ltrans1.ltrans.o
                0x000000000800b4f0                Phaser_compute
 .text.SVF_calcSample
                0x000000000800b660      0x264 /tmp/Dekrispator_v2.elf.Eypg37.ltrans1.ltrans.o
                0x000000000800b660                SVF_calcSample
 .text.Synth_Init
                0x000000000800b8c4      0x60c /tmp/Dekrispator_v2.elf.Eypg37.ltrans1.ltrans.o
                0x000000000800b8c4                Synth_Init
 .text.sequencer_newStep_action
                0x000000000800bed0      0x588 /tmp/Dekrispator_v2.elf.Eypg37.ltrans1.ltrans.o
                0x000000000800bed0                sequencer_newStep_action
 .text.MemManage_Handler
                0x000000000800c458        0x4 /tmp/Dekrispator_v2.elf.Eypg37.ltrans1.ltrans.o
                0x000000000800c458                MemManage_Handler
 .text.BusFault_Handler
                0x000000000800c45c        0x4 /tmp/Dekrispator_v2.elf.Eypg37.ltrans1.ltrans.o
                0x000000000800c45c                BusFault_Handler
 .text.UsageFault_Handler
                0x000000000800c460        0x4 /tmp/Dekrispator_v2.elf.Eypg37.ltrans1.ltrans.o
                0x000000000800c460                UsageFault_Handler
 .text.SVC_Handler
                0x000000000800c464        0x4 /tmp/Dekrispator_v2.elf.Eypg37.ltrans1.ltrans.o
                0x000000000800c464                SVC_Handler
 .text.DebugMon_Handler
                0x000000000800c468        0x4 /tmp/Dekrispator_v2.elf.Eypg37.ltrans1.ltrans.o
                0x000000000800c468                DebugMon_Handler
 .text.PendSV_Handler
                0x000000000800c46c        0x4 /tmp/Dekrispator_v2.elf.Eypg37.ltrans1.ltrans.o
                0x000000000800c46c                PendSV_Handler
 .text.SysTick_Handler
                0x000000000800c470       0xbc /tmp/Dekrispator_v2.elf.Eypg37.ltrans1.ltrans.o
                0x000000000800c470                SysTick_Handler
 .text.EXTI0_IRQHandler
                0x000000000800c52c       0x14 /tmp/Dekrispator_v2.elf.Eypg37.ltrans1.ltrans.o
                0x000000000800c52c                EXTI0_IRQHandler
 .text.EXTI1_IRQHandler
                0x000000000800c540       0x14 /tmp/Dekrispator_v2.elf.Eypg37.ltrans1.ltrans.o
                0x000000000800c540                EXTI1_IRQHandler
 .text.DMA1_Stream7_IRQHandler
                0x000000000800c554        0xc /tmp/Dekrispator_v2.elf.Eypg37.ltrans1.ltrans.o
                0x000000000800c554                DMA1_Stream7_IRQHandler
 .text.DMA1_Stream3_IRQHandler
                0x000000000800c560        0x8 /tmp/Dekrispator_v2.elf.Eypg37.ltrans1.ltrans.o
                0x000000000800c560                DMA1_Stream3_IRQHandler
 .text.TIM4_IRQHandler
                0x000000000800c568        0x4 /tmp/Dekrispator_v2.elf.Eypg37.ltrans1.ltrans.o
                0x000000000800c568                TIM4_IRQHandler
 .text.SystemInit
                0x000000000800c56c       0x50 /tmp/Dekrispator_v2.elf.Eypg37.ltrans1.ltrans.o
                0x000000000800c56c                SystemInit
 .text.HAL_I2C_Mem_Write.part.0.constprop.0
                0x000000000800c5bc       0x9c /tmp/Dekrispator_v2.elf.Eypg37.ltrans1.ltrans.o
                0x000000000800c5bc                HAL_I2C_Mem_Write.part.0.constprop.0
 .text.HAL_NVIC_SetPriority.constprop.0
                0x000000000800c658       0x58 /tmp/Dekrispator_v2.elf.Eypg37.ltrans1.ltrans.o
                0x000000000800c658                HAL_NVIC_SetPriority.constprop.0
 .text.USBH_Get_DevDesc.constprop.0
                0x000000000800c6b0       0xa0 /tmp/Dekrispator_v2.elf.Eypg37.ltrans1.ltrans.o
                0x000000000800c6b0                USBH_Get_DevDesc.constprop.0
 .text.USBH_Get_StringDesc.constprop.0
                0x000000000800c750       0x78 /tmp/Dekrispator_v2.elf.Eypg37.ltrans1.ltrans.o
                0x000000000800c750                USBH_Get_StringDesc.constprop.0
 .text.HAL_InitTick.constprop.0.isra.0
                0x000000000800c7c8       0x44 /tmp/Dekrispator_v2.elf.Eypg37.ltrans1.ltrans.o
                0x000000000800c7c8                HAL_InitTick.constprop.0.isra.0
 .text.USBH_LL_OpenPipe.isra.0
                0x000000000800c80c       0xe4 /tmp/Dekrispator_v2.elf.Eypg37.ltrans1.ltrans.o
                0x000000000800c80c                USBH_LL_OpenPipe.isra.0
 .text.USB_CoreReset.isra.0
                0x000000000800c8f0       0x2c /tmp/Dekrispator_v2.elf.Eypg37.ltrans1.ltrans.o
                0x000000000800c8f0                USB_CoreReset.isra.0
 .text.OTG_FS_IRQHandler
                0x000000000800c91c      0x928 /tmp/Dekrispator_v2.elf.Eypg37.ltrans1.ltrans.o
                0x000000000800c91c                OTG_FS_IRQHandler
 .text.USBH_CtlSendData.constprop.0.isra.0
                0x000000000800d244       0x88 /tmp/Dekrispator_v2.elf.Eypg37.ltrans1.ltrans.o
                0x000000000800d244                USBH_CtlSendData.constprop.0.isra.0
 .text.Reset_Handler
                0x000000000800d2cc       0x50 ./Synth/startup_stm32f407xx.o
                0x000000000800d2cc                Reset_Handler
 .text.Default_Handler
                0x000000000800d31c        0x2 ./Synth/startup_stm32f407xx.o
                0x000000000800d31c                RTC_Alarm_IRQHandler
                0x000000000800d31c                HASH_RNG_IRQHandler
                0x000000000800d31c                EXTI2_IRQHandler
                0x000000000800d31c                TIM8_CC_IRQHandler
                0x000000000800d31c                TIM1_CC_IRQHandler
                0x000000000800d31c                DMA2_Stream5_IRQHandler
                0x000000000800d31c                DMA1_Stream5_IRQHandler
                0x000000000800d31c                PVD_IRQHandler
                0x000000000800d31c                SDIO_IRQHandler
                0x000000000800d31c                TAMP_STAMP_IRQHandler
                0x000000000800d31c                CAN2_RX1_IRQHandler
                0x000000000800d31c                EXTI3_IRQHandler
                0x000000000800d31c                TIM8_TRG_COM_TIM14_IRQHandler
                0x000000000800d31c                TIM1_UP_TIM10_IRQHandler
                0x000000000800d31c                TIM8_UP_TIM13_IRQHandler
                0x000000000800d31c                I2C3_ER_IRQHandler
                0x000000000800d31c                I2C2_EV_IRQHandler
                0x000000000800d31c                DMA1_Stream2_IRQHandler
                0x000000000800d31c                CAN1_RX0_IRQHandler
                0x000000000800d31c                FPU_IRQHandler
                0x000000000800d31c                OTG_HS_WKUP_IRQHandler
                0x000000000800d31c                CAN2_SCE_IRQHandler
                0x000000000800d31c                DMA2_Stream2_IRQHandler
                0x000000000800d31c                SPI1_IRQHandler
                0x000000000800d31c                TIM6_DAC_IRQHandler
                0x000000000800d31c                TIM1_BRK_TIM9_IRQHandler
                0x000000000800d31c                DCMI_IRQHandler
                0x000000000800d31c                CAN2_RX0_IRQHandler
                0x000000000800d31c                DMA2_Stream3_IRQHandler
                0x000000000800d31c                USART6_IRQHandler
                0x000000000800d31c                USART3_IRQHandler
                0x000000000800d31c                CAN1_RX1_IRQHandler
                0x000000000800d31c                UART5_IRQHandler
                0x000000000800d31c                DMA2_Stream0_IRQHandler
                0x000000000800d31c                I2C1_EV_IRQHandler
                0x000000000800d31c                DMA1_Stream6_IRQHandler
                0x000000000800d31c                DMA1_Stream1_IRQHandler
                0x000000000800d31c                UART4_IRQHandler
                0x000000000800d31c                TIM3_IRQHandler
                0x000000000800d31c                RCC_IRQHandler
                0x000000000800d31c                TIM8_BRK_TIM12_IRQHandler
                0x000000000800d31c                Default_Handler
                0x000000000800d31c                EXTI15_10_IRQHandler
                0x000000000800d31c                ADC_IRQHandler
                0x000000000800d31c                TIM7_IRQHandler
                0x000000000800d31c                CAN2_TX_IRQHandler
                0x000000000800d31c                TIM5_IRQHandler
                0x000000000800d31c                DMA2_Stream7_IRQHandler
                0x000000000800d31c                I2C3_EV_IRQHandler
                0x000000000800d31c                EXTI9_5_IRQHandler
                0x000000000800d31c                RTC_WKUP_IRQHandler
                0x000000000800d31c                ETH_WKUP_IRQHandler
                0x000000000800d31c                SPI2_IRQHandler
                0x000000000800d31c                OTG_HS_EP1_IN_IRQHandler
                0x000000000800d31c                DMA1_Stream0_IRQHandler
                0x000000000800d31c                CAN1_TX_IRQHandler
                0x000000000800d31c                EXTI4_IRQHandler
                0x000000000800d31c                FSMC_IRQHandler
                0x000000000800d31c                ETH_IRQHandler
                0x000000000800d31c                OTG_HS_EP1_OUT_IRQHandler
                0x000000000800d31c                WWDG_IRQHandler
                0x000000000800d31c                TIM2_IRQHandler
                0x000000000800d31c                OTG_FS_WKUP_IRQHandler
                0x000000000800d31c                TIM1_TRG_COM_TIM11_IRQHandler
                0x000000000800d31c                OTG_HS_IRQHandler
                0x000000000800d31c                USART2_IRQHandler
                0x000000000800d31c                I2C2_ER_IRQHandler
                0x000000000800d31c                DMA2_Stream1_IRQHandler
                0x000000000800d31c                CAN1_SCE_IRQHandler
                0x000000000800d31c                FLASH_IRQHandler
                0x000000000800d31c                DMA2_Stream4_IRQHandler
                0x000000000800d31c                USART1_IRQHandler
                0x000000000800d31c                SPI3_IRQHandler
                0x000000000800d31c                DMA1_Stream4_IRQHandler
                0x000000000800d31c                I2C1_ER_IRQHandler
                0x000000000800d31c                DMA2_Stream6_IRQHandler
 *fill*         0x000000000800d31e        0x2 
 .text.floorf   0x000000000800d320       0x8c /usr/lib/gcc/arm-none-eabi/10.2.0/../../../../arm-none-eabi/lib/thumb/v7e-m+fp/hard/libm.a(lib_a-sf_floor.o)
                0x000000000800d320                floorf
 .text.lrintf   0x000000000800d3ac       0x98 /usr/lib/gcc/arm-none-eabi/10.2.0/../../../../arm-none-eabi/lib/thumb/v7e-m+fp/hard/libm.a(lib_a-sf_lrint.o)
                0x000000000800d3ac                lrintf
 .text.rintf    0x000000000800d444       0xbc /usr/lib/gcc/arm-none-eabi/10.2.0/../../../../arm-none-eabi/lib/thumb/v7e-m+fp/hard/libm.a(lib_a-sf_rint.o)
                0x000000000800d444                rintf
 .text.sinf     0x000000000800d500       0x94 /usr/lib/gcc/arm-none-eabi/10.2.0/../../../../arm-none-eabi/lib/thumb/v7e-m+fp/hard/libm.a(lib_a-sf_sin.o)
                0x000000000800d500                sinf
 .text.powf     0x000000000800d594      0x140 /usr/lib/gcc/arm-none-eabi/10.2.0/../../../../arm-none-eabi/lib/thumb/v7e-m+fp/hard/libm.a(lib_a-wf_pow.o)
                0x000000000800d594                powf
 .text.__ieee754_powf
                0x000000000800d6d4      0x600 /usr/lib/gcc/arm-none-eabi/10.2.0/../../../../arm-none-eabi/lib/thumb/v7e-m+fp/hard/libm.a(lib_a-ef_pow.o)
                0x000000000800d6d4                __ieee754_powf
 .text.__ieee754_rem_pio2f
                0x000000000800dcd4      0x29c /usr/lib/gcc/arm-none-eabi/10.2.0/../../../../arm-none-eabi/lib/thumb/v7e-m+fp/hard/libm.a(lib_a-ef_rem_pio2.o)
                0x000000000800dcd4                __ieee754_rem_pio2f
 .text.__ieee754_sqrtf
                0x000000000800df70        0x8 /usr/lib/gcc/arm-none-eabi/10.2.0/../../../../arm-none-eabi/lib/thumb/v7e-m+fp/hard/libm.a(lib_a-ef_sqrt.o)
                0x000000000800df70                __ieee754_sqrtf
 .text.__kernel_cosf
                0x000000000800df78      0x104 /usr/lib/gcc/arm-none-eabi/10.2.0/../../../../arm-none-eabi/lib/thumb/v7e-m+fp/hard/libm.a(lib_a-kf_cos.o)
                0x000000000800df78                __kernel_cosf
 .text.__kernel_rem_pio2f
                0x000000000800e07c      0x680 /usr/lib/gcc/arm-none-eabi/10.2.0/../../../../arm-none-eabi/lib/thumb/v7e-m+fp/hard/libm.a(lib_a-kf_rem_pio2.o)
                0x000000000800e07c                __kernel_rem_pio2f
 .text.__kernel_sinf
                0x000000000800e6fc       0x90 /usr/lib/gcc/arm-none-eabi/10.2.0/../../../../arm-none-eabi/lib/thumb/v7e-m+fp/hard/libm.a(lib_a-kf_sin.o)
                0x000000000800e6fc                __kernel_sinf
 .text.fabsf    0x000000000800e78c       0x10 /usr/lib/gcc/arm-none-eabi/10.2.0/../../../../arm-none-eabi/lib/thumb/v7e-m+fp/hard/libm.a(lib_a-sf_fabs.o)
                0x000000000800e78c                fabsf
 .text.finitef  0x000000000800e79c       0x1c /usr/lib/gcc/arm-none-eabi/10.2.0/../../../../arm-none-eabi/lib/thumb/v7e-m+fp/hard/libm.a(lib_a-sf_finite.o)
                0x000000000800e79c                finitef
 .text.nanf     0x000000000800e7b8        0xc /usr/lib/gcc/arm-none-eabi/10.2.0/../../../../arm-none-eabi/lib/thumb/v7e-m+fp/hard/libm.a(lib_a-sf_nan.o)
                0x000000000800e7b8                nanf
 .text.scalbnf  0x000000000800e7c4       0xe4 /usr/lib/gcc/arm-none-eabi/10.2.0/../../../../arm-none-eabi/lib/thumb/v7e-m+fp/hard/libm.a(lib_a-sf_scalbn.o)
                0x000000000800e7c4                scalbnf
 .text.atexit   0x000000000800e8a8        0xc /usr/lib/gcc/arm-none-eabi/10.2.0/../../../../arm-none-eabi/lib/thumb/v7e-m+fp/hard/libc.a(lib_a-atexit.o)
                0x000000000800e8a8                atexit
 .text.__errno  0x000000000800e8b4        0xc /usr/lib/gcc/arm-none-eabi/10.2.0/../../../../arm-none-eabi/lib/thumb/v7e-m+fp/hard/libc.a(lib_a-errno.o)
                0x000000000800e8b4                __errno
 .text.__libc_fini_array
                0x000000000800e8c0       0x2c /usr/lib/gcc/arm-none-eabi/10.2.0/../../../../arm-none-eabi/lib/thumb/v7e-m+fp/hard/libc.a(lib_a-fini.o)
                0x000000000800e8c0                __libc_fini_array
 .text.__libc_init_array
                0x000000000800e8ec       0x48 /usr/lib/gcc/arm-none-eabi/10.2.0/../../../../arm-none-eabi/lib/thumb/v7e-m+fp/hard/libc.a(lib_a-init.o)
                0x000000000800e8ec                __libc_init_array
 .text.memset   0x000000000800e934       0xa0 /usr/lib/gcc/arm-none-eabi/10.2.0/../../../../arm-none-eabi/lib/thumb/v7e-m+fp/hard/libc.a(lib_a-memset.o)
                0x000000000800e934                memset
 .text.srand    0x000000000800e9d4       0x10 /usr/lib/gcc/arm-none-eabi/10.2.0/../../../../arm-none-eabi/lib/thumb/v7e-m+fp/hard/libc.a(lib_a-rand.o)
                0x000000000800e9d4                srand
 .text.rand     0x000000000800e9e4       0x3c /usr/lib/gcc/arm-none-eabi/10.2.0/../../../../arm-none-eabi/lib/thumb/v7e-m+fp/hard/libc.a(lib_a-rand.o)
                0x000000000800e9e4                rand
 .text.__register_exitproc
                0x000000000800ea20       0x88 /usr/lib/gcc/arm-none-eabi/10.2.0/../../../../arm-none-eabi/lib/thumb/v7e-m+fp/hard/libc.a(lib_a-__atexit.o)
                0x000000000800ea20                __register_exitproc
 .text.startup.register_fini
                0x000000000800eaa8       0x14 /usr/lib/gcc/arm-none-eabi/10.2.0/../../../../arm-none-eabi/lib/thumb/v7e-m+fp/hard/libc.a(lib_a-__call_atexit.o)
 .text.__retarget_lock_acquire_recursive
                0x000000000800eabc        0x4 /usr/lib/gcc/arm-none-eabi/10.2.0/../../../../arm-none-eabi/lib/thumb/v7e-m+fp/hard/libc.a(lib_a-lock.o)
                0x000000000800eabc                __retarget_lock_acquire_recursive
 .text.__retarget_lock_release_recursive
                0x000000000800eac0        0x4 /usr/lib/gcc/arm-none-eabi/10.2.0/../../../../arm-none-eabi/lib/thumb/v7e-m+fp/hard/libc.a(lib_a-lock.o)
                0x000000000800eac0                __retarget_lock_release_recursive
 .text.malloc   0x000000000800eac4       0x10 /usr/lib/gcc/arm-none-eabi/10.2.0/../../../../arm-none-eabi/lib/thumb/v7e-m+fp/hard/libc.a(lib_a-malloc.o)
                0x000000000800eac4                malloc
 .text.free     0x000000000800ead4       0x10 /usr/lib/gcc/arm-none-eabi/10.2.0/../../../../arm-none-eabi/lib/thumb/v7e-m+fp/hard/libc.a(lib_a-malloc.o)
                0x000000000800ead4                free
 .text._malloc_r
                0x000000000800eae4      0x578 /usr/lib/gcc/arm-none-eabi/10.2.0/../../../../arm-none-eabi/lib/thumb/v7e-m+fp/hard/libc.a(lib_a-mallocr.o)
                0x000000000800eae4                _malloc_r
 .text.__malloc_lock
                0x000000000800f05c        0xc /usr/lib/gcc/arm-none-eabi/10.2.0/../../../../arm-none-eabi/lib/thumb/v7e-m+fp/hard/libc.a(lib_a-mlock.o)
                0x000000000800f05c                __malloc_lock
 .text.__malloc_unlock
                0x000000000800f068        0xc /usr/lib/gcc/arm-none-eabi/10.2.0/../../../../arm-none-eabi/lib/thumb/v7e-m+fp/hard/libc.a(lib_a-mlock.o)
                0x000000000800f068                __malloc_unlock
 .text._sbrk_r  0x000000000800f074       0x24 /usr/lib/gcc/arm-none-eabi/10.2.0/../../../../arm-none-eabi/lib/thumb/v7e-m+fp/hard/libc.a(lib_a-sbrkr.o)
                0x000000000800f074                _sbrk_r
 .text._malloc_trim_r
                0x000000000800f098       0xa0 /usr/lib/gcc/arm-none-eabi/10.2.0/../../../../arm-none-eabi/lib/thumb/v7e-m+fp/hard/libc.a(lib_a-freer.o)
                0x000000000800f098                _malloc_trim_r
 .text._free_r  0x000000000800f138      0x214 /usr/lib/gcc/arm-none-eabi/10.2.0/../../../../arm-none-eabi/lib/thumb/v7e-m+fp/hard/libc.a(lib_a-freer.o)
                0x000000000800f138                _free_r
 .text._sbrk    0x000000000800f34c       0x1c /usr/lib/gcc/arm-none-eabi/10.2.0/../../../../arm-none-eabi/lib/thumb/v7e-m+fp/hard/libnosys.a(sbrk.o)
                0x000000000800f34c                _sbrk
 *(.glue_7)
 .glue_7        0x000000000800f368        0x0 linker stubs
 *(.glue_7t)
 .glue_7t       0x000000000800f368        0x0 linker stubs
 *(.eh_frame)
 .eh_frame      0x000000000800f368        0x0 /usr/lib/gcc/arm-none-eabi/10.2.0/thumb/v7e-m+fp/hard/crtbegin.o
 *(.init)
 .init          0x000000000800f368        0x4 /usr/lib/gcc/arm-none-eabi/10.2.0/thumb/v7e-m+fp/hard/crti.o
                0x000000000800f368                _init
 .init          0x000000000800f36c        0x8 /usr/lib/gcc/arm-none-eabi/10.2.0/thumb/v7e-m+fp/hard/crtn.o
 *(.fini)
 .fini          0x000000000800f374        0x4 /usr/lib/gcc/arm-none-eabi/10.2.0/thumb/v7e-m+fp/hard/crti.o
                0x000000000800f374                _fini
 .fini          0x000000000800f378        0x8 /usr/lib/gcc/arm-none-eabi/10.2.0/thumb/v7e-m+fp/hard/crtn.o
                0x000000000800f380                . = ALIGN (0x4)
                0x000000000800f380                _etext = .

.vfp11_veneer   0x000000000800f380        0x0
 .vfp11_veneer  0x000000000800f380        0x0 linker stubs

.v4_bx          0x000000000800f380        0x0
 .v4_bx         0x000000000800f380        0x0 linker stubs

.iplt           0x000000000800f380        0x0
 .iplt          0x000000000800f380        0x0 /usr/lib/gcc/arm-none-eabi/10.2.0/thumb/v7e-m+fp/hard/crtbegin.o

.rodata         0x000000000800f380     0xed70
                0x000000000800f380                . = ALIGN (0x4)
 *(.rodata)
 *(.rodata*)
 .rodata.str1.4
                0x000000000800f380        0x5 /tmp/Dekrispator_v2.elf.Eypg37.ltrans0.ltrans.o
 *fill*         0x000000000800f385        0x3 
 .rodata.APBAHBPrescTable
                0x000000000800f388       0x10 /tmp/Dekrispator_v2.elf.Eypg37.ltrans0.ltrans.o
 .rodata.CSWTCH.13
                0x000000000800f398       0x3c /tmp/Dekrispator_v2.elf.Eypg37.ltrans0.ltrans.o
 .rodata.GPIO_PIN
                0x000000000800f3d4        0x8 /tmp/Dekrispator_v2.elf.Eypg37.ltrans0.ltrans.o
                0x000000000800f3d4                GPIO_PIN
 .rodata.GPIO_PORT
                0x000000000800f3dc       0x10 /tmp/Dekrispator_v2.elf.Eypg37.ltrans0.ltrans.o
                0x000000000800f3dc                GPIO_PORT
 .rodata.MIDIscale01
                0x000000000800f3ec        0x6 /tmp/Dekrispator_v2.elf.Eypg37.ltrans0.ltrans.o
 *fill*         0x000000000800f3f2        0x2 
 .rodata.MIDIscale02
                0x000000000800f3f4        0x7 /tmp/Dekrispator_v2.elf.Eypg37.ltrans0.ltrans.o
 *fill*         0x000000000800f3fb        0x1 
 .rodata.MIDIscale03
                0x000000000800f3fc        0x7 /tmp/Dekrispator_v2.elf.Eypg37.ltrans0.ltrans.o
 *fill*         0x000000000800f403        0x1 
 .rodata.MIDIscale04
                0x000000000800f404        0x5 /tmp/Dekrispator_v2.elf.Eypg37.ltrans0.ltrans.o
 *fill*         0x000000000800f409        0x3 
 .rodata.MIDIscale05
                0x000000000800f40c        0x7 /tmp/Dekrispator_v2.elf.Eypg37.ltrans0.ltrans.o
 *fill*         0x000000000800f413        0x1 
 .rodata.MIDIscale06
                0x000000000800f414        0x8 /tmp/Dekrispator_v2.elf.Eypg37.ltrans0.ltrans.o
 .rodata.MIDIscale07
                0x000000000800f41c        0x3 /tmp/Dekrispator_v2.elf.Eypg37.ltrans0.ltrans.o
 *fill*         0x000000000800f41f        0x1 
 .rodata.MIDIscale08
                0x000000000800f420        0x3 /tmp/Dekrispator_v2.elf.Eypg37.ltrans0.ltrans.o
 *fill*         0x000000000800f423        0x1 
 .rodata.MIDIscale09
                0x000000000800f424        0x4 /tmp/Dekrispator_v2.elf.Eypg37.ltrans0.ltrans.o
 .rodata.MIDIscale10
                0x000000000800f428        0x5 /tmp/Dekrispator_v2.elf.Eypg37.ltrans0.ltrans.o
 *fill*         0x000000000800f42d        0x3 
 .rodata.MIDIscale11
                0x000000000800f430        0x8 /tmp/Dekrispator_v2.elf.Eypg37.ltrans0.ltrans.o
 .rodata.MIDIscale12
                0x000000000800f438        0xd /tmp/Dekrispator_v2.elf.Eypg37.ltrans0.ltrans.o
 *fill*         0x000000000800f445        0x3 
 .rodata.MIDIscale13
                0x000000000800f448        0x2 /tmp/Dekrispator_v2.elf.Eypg37.ltrans0.ltrans.o
                0x000000000800f448                MIDIscale13
 *fill*         0x000000000800f44a        0x2 
 .rodata.MIDIscale14
                0x000000000800f44c        0x3 /tmp/Dekrispator_v2.elf.Eypg37.ltrans0.ltrans.o
 *fill*         0x000000000800f44f        0x1 
 .rodata.sinetable
                0x000000000800f450     0x1004 /tmp/Dekrispator_v2.elf.Eypg37.ltrans0.ltrans.o
                0x000000000800f450                sinetable
 .rodata.slope_dd_table
                0x0000000008010454     0x4704 /tmp/Dekrispator_v2.elf.Eypg37.ltrans0.ltrans.o
 .rodata.step_dd_table
                0x0000000008014b58     0x9008 /tmp/Dekrispator_v2.elf.Eypg37.ltrans0.ltrans.o
 .rodata.notesFreq
                0x000000000801db60      0x1ac /tmp/Dekrispator_v2.elf.Eypg37.ltrans1.ltrans.o
 .rodata.TWO23  0x000000000801dd0c        0x8 /usr/lib/gcc/arm-none-eabi/10.2.0/../../../../arm-none-eabi/lib/thumb/v7e-m+fp/hard/libm.a(lib_a-sf_lrint.o)
 .rodata.TWO23  0x000000000801dd14        0x8 /usr/lib/gcc/arm-none-eabi/10.2.0/../../../../arm-none-eabi/lib/thumb/v7e-m+fp/hard/libm.a(lib_a-sf_rint.o)
 .rodata.__ieee754_powf.str1.4
                0x000000000801dd1c        0x0 /usr/lib/gcc/arm-none-eabi/10.2.0/../../../../arm-none-eabi/lib/thumb/v7e-m+fp/hard/libm.a(lib_a-ef_pow.o)
                                          0x1 (size before relaxing)
 .rodata.npio2_hw
                0x000000000801dd1c       0x80 /usr/lib/gcc/arm-none-eabi/10.2.0/../../../../arm-none-eabi/lib/thumb/v7e-m+fp/hard/libm.a(lib_a-ef_rem_pio2.o)
 .rodata.two_over_pi
                0x000000000801dd9c      0x318 /usr/lib/gcc/arm-none-eabi/10.2.0/../../../../arm-none-eabi/lib/thumb/v7e-m+fp/hard/libm.a(lib_a-ef_rem_pio2.o)
 .rodata.PIo2   0x000000000801e0b4       0x2c /usr/lib/gcc/arm-none-eabi/10.2.0/../../../../arm-none-eabi/lib/thumb/v7e-m+fp/hard/libm.a(lib_a-kf_rem_pio2.o)
 .rodata.init_jk
                0x000000000801e0e0        0xc /usr/lib/gcc/arm-none-eabi/10.2.0/../../../../arm-none-eabi/lib/thumb/v7e-m+fp/hard/libm.a(lib_a-kf_rem_pio2.o)
 .rodata._global_impure_ptr
                0x000000000801e0ec        0x4 /usr/lib/gcc/arm-none-eabi/10.2.0/../../../../arm-none-eabi/lib/thumb/v7e-m+fp/hard/libc.a(lib_a-impure.o)
                0x000000000801e0ec                _global_impure_ptr
                0x000000000801e0f0                . = ALIGN (0x4)

.rel.dyn        0x000000000801e0f0        0x0
 .rel.iplt      0x000000000801e0f0        0x0 /usr/lib/gcc/arm-none-eabi/10.2.0/thumb/v7e-m+fp/hard/crtbegin.o

.ARM.extab
 *(.ARM.extab* .gnu.linkonce.armextab.*)

.ARM            0x000000000801e0f0        0x0
                0x000000000801e0f0                __exidx_start = .
 *(.ARM.exidx*)
                0x000000000801e0f0                __exidx_end = .

.preinit_array  0x000000000801e0f0        0x0
                0x000000000801e0f0                PROVIDE (__preinit_array_start = .)
 *(.preinit_array*)
                0x000000000801e0f0                PROVIDE (__preinit_array_end = .)

.init_array     0x000000000801e0f0        0x8
                0x000000000801e0f0                PROVIDE (__init_array_start = .)
 *(SORT_BY_NAME(.init_array.*))
 .init_array.00000
                0x000000000801e0f0        0x4 /usr/lib/gcc/arm-none-eabi/10.2.0/../../../../arm-none-eabi/lib/thumb/v7e-m+fp/hard/libc.a(lib_a-__call_atexit.o)
 *(.init_array*)
 .init_array    0x000000000801e0f4        0x4 /usr/lib/gcc/arm-none-eabi/10.2.0/thumb/v7e-m+fp/hard/crtbegin.o
                0x000000000801e0f8                PROVIDE (__init_array_end = .)

.fini_array     0x000000000801e0f8        0x4
                0x000000000801e0f8                PROVIDE (__fini_array_start = .)
 *(SORT_BY_NAME(.fini_array.*))
 *(.fini_array*)
 .fini_array    0x000000000801e0f8        0x4 /usr/lib/gcc/arm-none-eabi/10.2.0/thumb/v7e-m+fp/hard/crtbegin.o
                0x000000000801e0fc                PROVIDE (__fini_array_end = .)
                0x000000000801e0fc                _sidata = LOADADDR (.data)

.data           0x0000000020000000      0x8a4 load address 0x000000000801e0fc
                0x0000000020000000                . = ALIGN (0x4)
                0x0000000020000000                _sdata = .
 *(.data)
 *(.data*)
 .data.Is_cs43l22_Stop
                0x0000000020000000        0x1 /tmp/Dekrispator_v2.elf.Eypg37.ltrans0.ltrans.o
 *fill*         0x0000000020000001        0x3 
 .data.MIDI_Class
                0x0000000020000004       0x20 /tmp/Dekrispator_v2.elf.Eypg37.ltrans0.ltrans.o
 .data.centralFreq
                0x0000000020000024        0x4 /tmp/Dekrispator_v2.elf.Eypg37.ltrans0.ltrans.o
 .data.cs43l22_drv
                0x0000000020000028       0x2c /tmp/Dekrispator_v2.elf.Eypg37.ltrans0.ltrans.o
 .data.demoMode
                0x0000000020000054        0x1 /tmp/Dekrispator_v2.elf.Eypg37.ltrans0.ltrans.o
                0x0000000020000054                demoMode
 *fill*         0x0000000020000055        0x3 
 .data.fdb      0x0000000020000058        0x4 /tmp/Dekrispator_v2.elf.Eypg37.ltrans0.ltrans.o
 .data.wet.lto_priv.0
                0x000000002000005c        0x4 /tmp/Dekrispator_v2.elf.Eypg37.ltrans0.ltrans.o
 .data.Count    0x0000000020000060        0x1 /tmp/Dekrispator_v2.elf.Eypg37.ltrans1.ltrans.o
 .data.__fdlib_version
                0x0000000020000061        0x1 /usr/lib/gcc/arm-none-eabi/10.2.0/../../../../arm-none-eabi/lib/thumb/v7e-m+fp/hard/libm.a(lib_a-s_lib_ver.o)
                0x0000000020000061                __fdlib_version
 *fill*         0x0000000020000062        0x2 
 .data._impure_ptr
                0x0000000020000064        0x4 /usr/lib/gcc/arm-none-eabi/10.2.0/../../../../arm-none-eabi/lib/thumb/v7e-m+fp/hard/libc.a(lib_a-impure.o)
                0x0000000020000064                _impure_ptr
 .data.impure_data
                0x0000000020000068      0x428 /usr/lib/gcc/arm-none-eabi/10.2.0/../../../../arm-none-eabi/lib/thumb/v7e-m+fp/hard/libc.a(lib_a-impure.o)
 .data.__atexit_recursive_mutex
                0x0000000020000490        0x4 /usr/lib/gcc/arm-none-eabi/10.2.0/../../../../arm-none-eabi/lib/thumb/v7e-m+fp/hard/libc.a(lib_a-__call_atexit.o)
                0x0000000020000490                __atexit_recursive_mutex
 .data.__malloc_av_
                0x0000000020000494      0x408 /usr/lib/gcc/arm-none-eabi/10.2.0/../../../../arm-none-eabi/lib/thumb/v7e-m+fp/hard/libc.a(lib_a-mallocr.o)
                0x0000000020000494                __malloc_av_
 .data.__malloc_sbrk_base
                0x000000002000089c        0x4 /usr/lib/gcc/arm-none-eabi/10.2.0/../../../../arm-none-eabi/lib/thumb/v7e-m+fp/hard/libc.a(lib_a-mallocr.o)
                0x000000002000089c                __malloc_sbrk_base
 .data.__malloc_trim_threshold
                0x00000000200008a0        0x4 /usr/lib/gcc/arm-none-eabi/10.2.0/../../../../arm-none-eabi/lib/thumb/v7e-m+fp/hard/libc.a(lib_a-mallocr.o)
                0x00000000200008a0                __malloc_trim_threshold
                0x00000000200008a4                . = ALIGN (0x4)
                0x00000000200008a4                _edata = .
                0x000000000801e9a0                _siccmram = LOADADDR (.ccmram)

.igot.plt       0x00000000200008a4        0x0 load address 0x000000000801e9a0
 .igot.plt      0x00000000200008a4        0x0 /usr/lib/gcc/arm-none-eabi/10.2.0/thumb/v7e-m+fp/hard/crtbegin.o

.ccmram         0x0000000010000000     0x3ed8 load address 0x000000000801e9a0
                0x0000000010000000                . = ALIGN (0x4)
                0x0000000010000000                _sccmram = .
 *(.ccmram)
 .ccmram        0x0000000010000000     0x3ed8 /tmp/Dekrispator_v2.elf.Eypg37.ltrans0.ltrans.o
                0x0000000010000000                delayON.lto_priv.0
                0x0000000010000001                chorusON.lto_priv.0
                0x0000000010000004                lfoL.lto_priv.0
                0x0000000010000014                lfoR.lto_priv.0
                0x0000000010000024                phaserON.lto_priv.0
                0x0000000010000028                seq
                0x000000001000007c                noteG
                0x0000000010000090                autoSound.lto_priv.0
                0x0000000010000091                sound.lto_priv.0
                0x0000000010000094                a.lto_priv.0
                0x00000000100000c0                ph.lto_priv.0
                0x00000000100000ec                op1
                0x000000001000010c                op2
                0x000000001000012c                op3
                0x000000001000014c                op4
                0x000000001000016c                d3
                0x0000000010000198                d2
                0x00000000100001c4                d1
                0x00000000100001f0                SVFilter
                0x0000000010000210                filt_lfo
                0x0000000010000230                SVFilter2
                0x0000000010000250                filt2_lfo
                0x0000000010000270                autoFilterON.lto_priv.0
                0x0000000010000274                adsr
                0x000000001000029c                vibr_lfo
                0x00000000100002bc                amp_lfo
                0x00000000100002dc                mbTriOsc
                0x0000000010000834                mbRectOsc
                0x0000000010000d90                mbSawOsc
                0x00000000100012dc                f0.lto_priv.0
                0x00000000100012e0                vol.lto_priv.0
                0x00000000100012e4                env.lto_priv.0
                0x00000000100012e8                delL.lto_priv.0
                0x00000000100028e0                delR.lto_priv.0
 *(.ccmram*)
                0x0000000010003ed8                . = ALIGN (0x4)
                0x0000000010003ed8                _eccmram = .
                0x0000000010003ed8                . = ALIGN (0x4)

.bss            0x00000000200008a4    0x1ef1c
                0x00000000200008a4                _sbss = .
                0x00000000200008a4                __bss_start__ = _sbss
 *(.bss)
 *(.bss*)
 .bss.completed.1
                0x00000000200008a4        0x1 /usr/lib/gcc/arm-none-eabi/10.2.0/thumb/v7e-m+fp/hard/crtbegin.o
 *fill*         0x00000000200008a5        0x3 
 .bss.object.0  0x00000000200008a8       0x18 /usr/lib/gcc/arm-none-eabi/10.2.0/thumb/v7e-m+fp/hard/crtbegin.o
 .bss.Appli_state
                0x00000000200008c0        0x1 /tmp/Dekrispator_v2.elf.Eypg37.ltrans0.ltrans.o
 *fill*         0x00000000200008c1        0x3 
 .bss.I2cHandle.lto_priv.0
                0x00000000200008c4       0x38 /tmp/Dekrispator_v2.elf.Eypg37.ltrans0.ltrans.o
                0x00000000200008c4                I2cHandle.lto_priv.0
 .bss.LED_counter
                0x00000000200008fc       0x10 /tmp/Dekrispator_v2.elf.Eypg37.ltrans0.ltrans.o
                0x00000000200008fc                LED_counter
 .bss.MIDI_RX_Buffer
                0x000000002000090c       0x40 /tmp/Dekrispator_v2.elf.Eypg37.ltrans0.ltrans.o
 .bss.OutputDev
                0x000000002000094c        0x1 /tmp/Dekrispator_v2.elf.Eypg37.ltrans0.ltrans.o
 *fill*         0x000000002000094d        0x3 
 .bss.RngHandle
                0x0000000020000950        0x8 /tmp/Dekrispator_v2.elf.Eypg37.ltrans0.ltrans.o
 .bss.audiobuff
                0x0000000020000958      0xfa0 /tmp/Dekrispator_v2.elf.Eypg37.ltrans0.ltrans.o
 .bss.delayline.lto_priv.0
                0x00000000200018f8    0x1d4c8 /tmp/Dekrispator_v2.elf.Eypg37.ltrans0.ltrans.o
                0x00000000200018f8                delayline.lto_priv.0
 .bss.fb.lto_priv.0
                0x000000002001edc0        0x4 /tmp/Dekrispator_v2.elf.Eypg37.ltrans0.ltrans.o
                0x000000002001edc0                fb.lto_priv.0
 .bss.filterFreq
                0x000000002001edc4        0x4 /tmp/Dekrispator_v2.elf.Eypg37.ltrans0.ltrans.o
                0x000000002001edc4                filterFreq
 .bss.filterFreq2
                0x000000002001edc8        0x4 /tmp/Dekrispator_v2.elf.Eypg37.ltrans0.ltrans.o
                0x000000002001edc8                filterFreq2
 .bss.freeze    0x000000002001edcc        0x1 /tmp/Dekrispator_v2.elf.Eypg37.ltrans0.ltrans.o
                0x000000002001edcc                freeze
 *fill*         0x000000002001edcd        0x3 
 .bss.hAudioOutI2s
                0x000000002001edd0       0x40 /tmp/Dekrispator_v2.elf.Eypg37.ltrans0.ltrans.o
                0x000000002001edd0                hAudioOutI2s
 .bss.hHCD      0x000000002001ee10      0x290 /tmp/Dekrispator_v2.elf.Eypg37.ltrans0.ltrans.o
                0x000000002001ee10                hHCD
 .bss.hUSBHost  0x000000002001f0a0      0x618 /tmp/Dekrispator_v2.elf.Eypg37.ltrans0.ltrans.o
                0x000000002001f0a0                hUSBHost
 .bss.hdma_i2sTx.1
                0x000000002001f6b8       0x50 /tmp/Dekrispator_v2.elf.Eypg37.ltrans0.ltrans.o
 .bss.lfoInc.lto_priv.0
                0x000000002001f708        0x4 /tmp/Dekrispator_v2.elf.Eypg37.ltrans0.ltrans.o
                0x000000002001f708                lfoInc.lto_priv.0
 .bss.old_dy    0x000000002001f70c        0x4 /tmp/Dekrispator_v2.elf.Eypg37.ltrans0.ltrans.o
 .bss.pAudioDrv
                0x000000002001f710        0x4 /tmp/Dekrispator_v2.elf.Eypg37.ltrans0.ltrans.o
 .bss.rateCoeff
                0x000000002001f714        0x4 /tmp/Dekrispator_v2.elf.Eypg37.ltrans0.ltrans.o
                0x000000002001f714                rateCoeff
 .bss.readpos.lto_priv.0
                0x000000002001f718        0x4 /tmp/Dekrispator_v2.elf.Eypg37.ltrans0.ltrans.o
                0x000000002001f718                readpos.lto_priv.0
 .bss.shift.lto_priv.0
                0x000000002001f71c        0x4 /tmp/Dekrispator_v2.elf.Eypg37.ltrans0.ltrans.o
                0x000000002001f71c                shift.lto_priv.0
 .bss.uwTick.lto_priv.0
                0x000000002001f720        0x4 /tmp/Dekrispator_v2.elf.Eypg37.ltrans0.ltrans.o
                0x000000002001f720                uwTick.lto_priv.0
 .bss.wet.lto_priv.1
                0x000000002001f724        0x4 /tmp/Dekrispator_v2.elf.Eypg37.ltrans0.ltrans.o
                0x000000002001f724                wet.lto_priv.1
 .bss.writepos.lto_priv.0
                0x000000002001f728        0x4 /tmp/Dekrispator_v2.elf.Eypg37.ltrans0.ltrans.o
                0x000000002001f728                writepos.lto_priv.0
 .bss.DebouncedKeyPress
                0x000000002001f72c        0x1 /tmp/Dekrispator_v2.elf.Eypg37.ltrans1.ltrans.o
 *fill*         0x000000002001f72d        0x3 
 .bss.TimingDelay
                0x000000002001f730        0x4 /tmp/Dekrispator_v2.elf.Eypg37.ltrans1.ltrans.o
 .bss.TimingDelay1
                0x000000002001f734        0x4 /tmp/Dekrispator_v2.elf.Eypg37.ltrans1.ltrans.o
 .bss.dmax      0x000000002001f738        0x4 /tmp/Dekrispator_v2.elf.Eypg37.ltrans1.ltrans.o
 .bss.dmin      0x000000002001f73c        0x4 /tmp/Dekrispator_v2.elf.Eypg37.ltrans1.ltrans.o
 .bss.lfoPhase  0x000000002001f740        0x4 /tmp/Dekrispator_v2.elf.Eypg37.ltrans1.ltrans.o
 .bss.old       0x000000002001f744       0x18 /tmp/Dekrispator_v2.elf.Eypg37.ltrans1.ltrans.o
 .bss.zm1       0x000000002001f75c        0x4 /tmp/Dekrispator_v2.elf.Eypg37.ltrans1.ltrans.o
 .bss.__malloc_current_mallinfo
                0x000000002001f760       0x28 /usr/lib/gcc/arm-none-eabi/10.2.0/../../../../arm-none-eabi/lib/thumb/v7e-m+fp/hard/libc.a(lib_a-mallocr.o)
                0x000000002001f760                __malloc_current_mallinfo
 .bss.__malloc_max_sbrked_mem
                0x000000002001f788        0x4 /usr/lib/gcc/arm-none-eabi/10.2.0/../../../../arm-none-eabi/lib/thumb/v7e-m+fp/hard/libc.a(lib_a-mallocr.o)
                0x000000002001f788                __malloc_max_sbrked_mem
 .bss.__malloc_max_total_mem
                0x000000002001f78c        0x4 /usr/lib/gcc/arm-none-eabi/10.2.0/../../../../arm-none-eabi/lib/thumb/v7e-m+fp/hard/libc.a(lib_a-mallocr.o)
                0x000000002001f78c                __malloc_max_total_mem
 .bss.__malloc_top_pad
                0x000000002001f790        0x4 /usr/lib/gcc/arm-none-eabi/10.2.0/../../../../arm-none-eabi/lib/thumb/v7e-m+fp/hard/libc.a(lib_a-mallocr.o)
                0x000000002001f790                __malloc_top_pad
 .bss.heap_end.5507
                0x000000002001f794        0x4 /usr/lib/gcc/arm-none-eabi/10.2.0/../../../../arm-none-eabi/lib/thumb/v7e-m+fp/hard/libnosys.a(sbrk.o)
 *(COMMON)
 COMMON         0x000000002001f798       0x21 /usr/lib/gcc/arm-none-eabi/10.2.0/../../../../arm-none-eabi/lib/thumb/v7e-m+fp/hard/libc.a(lib_a-lock.o)
                0x000000002001f798                __lock___atexit_recursive_mutex
                0x000000002001f79c                __lock___arc4random_mutex
                0x000000002001f7a0                __lock___env_recursive_mutex
                0x000000002001f7a4                __lock___sinit_recursive_mutex
                0x000000002001f7a8                __lock___malloc_recursive_mutex
                0x000000002001f7ac                __lock___at_quick_exit_mutex
                0x000000002001f7b0                __lock___dd_hash_mutex
                0x000000002001f7b4                __lock___tz_mutex
                0x000000002001f7b8                __lock___sfp_recursive_mutex
 *fill*         0x000000002001f7b9        0x3 
 COMMON         0x000000002001f7bc        0x4 /usr/lib/gcc/arm-none-eabi/10.2.0/../../../../arm-none-eabi/lib/thumb/v7e-m+fp/hard/libc.a(lib_a-reent.o)
                0x000000002001f7bc                errno
                0x000000002001f7c0                . = ALIGN (0x4)
                0x000000002001f7c0                _ebss = .
                0x000000002001f7c0                __bss_end__ = _ebss

._user_heap_stack
                0x0000000010003ed8     0x2000
                0x0000000010003ed8                . = ALIGN (0x4)
                0x0000000010003ed8                PROVIDE (end = .)
                [!provide]                        PROVIDE (_end = .)
                0x0000000010004ed8                . = (. + _Min_Heap_Size)
 *fill*         0x0000000010003ed8     0x1000 
                0x0000000010005ed8                . = (. + _Min_Stack_Size)
 *fill*         0x0000000010004ed8     0x1000 
                0x0000000010005ed8                . = ALIGN (0x4)

/DISCARD/
 libc.a(*)
 libm.a(*)
 libgcc.a(*)

.ARM.attributes
                0x0000000000000000       0x30
 *(.ARM.attributes)
 .ARM.attributes
                0x0000000000000000       0x1e /usr/lib/gcc/arm-none-eabi/10.2.0/thumb/v7e-m+fp/hard/crti.o
 .ARM.attributes
                0x000000000000001e       0x34 /usr/lib/gcc/arm-none-eabi/10.2.0/thumb/v7e-m+fp/hard/crtbegin.o
 .ARM.attributes
                0x0000000000000052       0x32 /tmp/Dekrispator_v2.elf.Eypg37.ltrans0.ltrans.o
 .ARM.attributes
                0x0000000000000084       0x32 /tmp/Dekrispator_v2.elf.Eypg37.ltrans1.ltrans.o
 .ARM.attributes
                0x00000000000000b6       0x21 ./Synth/startup_stm32f407xx.o
 .ARM.attributes
                0x00000000000000d7       0x34 /usr/lib/gcc/arm-none-eabi/10.2.0/../../../../arm-none-eabi/lib/thumb/v7e-m+fp/hard/libm.a(lib_a-sf_floor.o)
 .ARM.attributes
                0x000000000000010b       0x34 /usr/lib/gcc/arm-none-eabi/10.2.0/../../../../arm-none-eabi/lib/thumb/v7e-m+fp/hard/libm.a(lib_a-sf_lrint.o)
 .ARM.attributes
                0x000000000000013f       0x34 /usr/lib/gcc/arm-none-eabi/10.2.0/../../../../arm-none-eabi/lib/thumb/v7e-m+fp/hard/libm.a(lib_a-sf_rint.o)
 .ARM.attributes
                0x0000000000000173       0x34 /usr/lib/gcc/arm-none-eabi/10.2.0/../../../../arm-none-eabi/lib/thumb/v7e-m+fp/hard/libm.a(lib_a-sf_sin.o)
 .ARM.attributes
                0x00000000000001a7       0x34 /usr/lib/gcc/arm-none-eabi/10.2.0/../../../../arm-none-eabi/lib/thumb/v7e-m+fp/hard/libm.a(lib_a-wf_pow.o)
 .ARM.attributes
                0x00000000000001db       0x34 /usr/lib/gcc/arm-none-eabi/10.2.0/../../../../arm-none-eabi/lib/thumb/v7e-m+fp/hard/libm.a(lib_a-ef_pow.o)
 .ARM.attributes
                0x000000000000020f       0x34 /usr/lib/gcc/arm-none-eabi/10.2.0/../../../../arm-none-eabi/lib/thumb/v7e-m+fp/hard/libm.a(lib_a-ef_rem_pio2.o)
 .ARM.attributes
                0x0000000000000243       0x34 /usr/lib/gcc/arm-none-eabi/10.2.0/../../../../arm-none-eabi/lib/thumb/v7e-m+fp/hard/libm.a(lib_a-ef_sqrt.o)
 .ARM.attributes
                0x0000000000000277       0x34 /usr/lib/gcc/arm-none-eabi/10.2.0/../../../../arm-none-eabi/lib/thumb/v7e-m+fp/hard/libm.a(lib_a-kf_cos.o)
 .ARM.attributes
                0x00000000000002ab       0x34 /usr/lib/gcc/arm-none-eabi/10.2.0/../../../../arm-none-eabi/lib/thumb/v7e-m+fp/hard/libm.a(lib_a-kf_rem_pio2.o)
 .ARM.attributes
                0x00000000000002df       0x34 /usr/lib/gcc/arm-none-eabi/10.2.0/../../../../arm-none-eabi/lib/thumb/v7e-m+fp/hard/libm.a(lib_a-kf_sin.o)
 .ARM.attributes
                0x0000000000000313       0x34 /usr/lib/gcc/arm-none-eabi/10.2.0/../../../../arm-none-eabi/lib/thumb/v7e-m+fp/hard/libm.a(lib_a-sf_fabs.o)
 .ARM.attributes
                0x0000000000000347       0x34 /usr/lib/gcc/arm-none-eabi/10.2.0/../../../../arm-none-eabi/lib/thumb/v7e-m+fp/hard/libm.a(lib_a-sf_finite.o)
 .ARM.attributes
                0x000000000000037b       0x34 /usr/lib/gcc/arm-none-eabi/10.2.0/../../../../arm-none-eabi/lib/thumb/v7e-m+fp/hard/libm.a(lib_a-sf_nan.o)
 .ARM.attributes
                0x00000000000003af       0x34 /usr/lib/gcc/arm-none-eabi/10.2.0/../../../../arm-none-eabi/lib/thumb/v7e-m+fp/hard/libm.a(lib_a-sf_scalbn.o)
 .ARM.attributes
                0x00000000000003e3       0x32 /usr/lib/gcc/arm-none-eabi/10.2.0/../../../../arm-none-eabi/lib/thumb/v7e-m+fp/hard/libm.a(lib_a-s_lib_ver.o)
 .ARM.attributes
                0x0000000000000415       0x34 /usr/lib/gcc/arm-none-eabi/10.2.0/../../../../arm-none-eabi/lib/thumb/v7e-m+fp/hard/libc.a(lib_a-atexit.o)
 .ARM.attributes
                0x0000000000000449       0x34 /usr/lib/gcc/arm-none-eabi/10.2.0/../../../../arm-none-eabi/lib/thumb/v7e-m+fp/hard/libc.a(lib_a-errno.o)
 .ARM.attributes
                0x000000000000047d       0x34 /usr/lib/gcc/arm-none-eabi/10.2.0/../../../../arm-none-eabi/lib/thumb/v7e-m+fp/hard/libc.a(lib_a-fini.o)
 .ARM.attributes
                0x00000000000004b1       0x32 /usr/lib/gcc/arm-none-eabi/10.2.0/../../../../arm-none-eabi/lib/thumb/v7e-m+fp/hard/libc.a(lib_a-impure.o)
 .ARM.attributes
                0x00000000000004e3       0x34 /usr/lib/gcc/arm-none-eabi/10.2.0/../../../../arm-none-eabi/lib/thumb/v7e-m+fp/hard/libc.a(lib_a-init.o)
 .ARM.attributes
                0x0000000000000517       0x34 /usr/lib/gcc/arm-none-eabi/10.2.0/../../../../arm-none-eabi/lib/thumb/v7e-m+fp/hard/libc.a(lib_a-memset.o)
 .ARM.attributes
                0x000000000000054b       0x34 /usr/lib/gcc/arm-none-eabi/10.2.0/../../../../arm-none-eabi/lib/thumb/v7e-m+fp/hard/libc.a(lib_a-rand.o)
 .ARM.attributes
                0x000000000000057f       0x34 /usr/lib/gcc/arm-none-eabi/10.2.0/../../../../arm-none-eabi/lib/thumb/v7e-m+fp/hard/libc.a(lib_a-__atexit.o)
 .ARM.attributes
                0x00000000000005b3       0x34 /usr/lib/gcc/arm-none-eabi/10.2.0/../../../../arm-none-eabi/lib/thumb/v7e-m+fp/hard/libc.a(lib_a-__call_atexit.o)
 .ARM.attributes
                0x00000000000005e7       0x34 /usr/lib/gcc/arm-none-eabi/10.2.0/../../../../arm-none-eabi/lib/thumb/v7e-m+fp/hard/libc.a(lib_a-lock.o)
 .ARM.attributes
                0x000000000000061b       0x34 /usr/lib/gcc/arm-none-eabi/10.2.0/../../../../arm-none-eabi/lib/thumb/v7e-m+fp/hard/libc.a(lib_a-malloc.o)
 .ARM.attributes
                0x000000000000064f       0x34 /usr/lib/gcc/arm-none-eabi/10.2.0/../../../../arm-none-eabi/lib/thumb/v7e-m+fp/hard/libc.a(lib_a-mallocr.o)
 .ARM.attributes
                0x0000000000000683       0x1c /usr/lib/gcc/arm-none-eabi/10.2.0/../../../../arm-none-eabi/lib/thumb/v7e-m+fp/hard/libc.a(lib_a-memcpy.o)
 .ARM.attributes
                0x000000000000069f       0x34 /usr/lib/gcc/arm-none-eabi/10.2.0/../../../../arm-none-eabi/lib/thumb/v7e-m+fp/hard/libc.a(lib_a-mlock.o)
 .ARM.attributes
                0x00000000000006d3       0x34 /usr/lib/gcc/arm-none-eabi/10.2.0/../../../../arm-none-eabi/lib/thumb/v7e-m+fp/hard/libc.a(lib_a-sbrkr.o)
 .ARM.attributes
                0x0000000000000707       0x34 /usr/lib/gcc/arm-none-eabi/10.2.0/../../../../arm-none-eabi/lib/thumb/v7e-m+fp/hard/libc.a(lib_a-freer.o)
 .ARM.attributes
                0x000000000000073b       0x34 /usr/lib/gcc/arm-none-eabi/10.2.0/../../../../arm-none-eabi/lib/thumb/v7e-m+fp/hard/libc.a(lib_a-reent.o)
 .ARM.attributes
                0x000000000000076f       0x34 /usr/lib/gcc/arm-none-eabi/10.2.0/../../../../arm-none-eabi/lib/thumb/v7e-m+fp/hard/libnosys.a(sbrk.o)
 .ARM.attributes
                0x00000000000007a3       0x1e /usr/lib/gcc/arm-none-eabi/10.2.0/thumb/v7e-m+fp/hard/crtn.o
OUTPUT(Dekrispator_v2.elf elf32-littlearm)
LOAD linker stubs
LOAD /usr/lib/gcc/arm-none-eabi/10.2.0/../../../../arm-none-eabi/lib/thumb/v7e-m+fp/hard/libc.a
LOAD /usr/lib/gcc/arm-none-eabi/10.2.0/../../../../arm-none-eabi/lib/thumb/v7e-m+fp/hard/libm.a
LOAD /usr/lib/gcc/arm-none-eabi/10.2.0/thumb/v7e-m+fp/hard/libgcc.a

.comment        0x0000000000000000       0x1e
 .comment       0x0000000000000000       0x1e /tmp/Dekrispator_v2.elf.Eypg37.ltrans0.ltrans.o
                                         0x1f (size before relaxing)
 .comment       0x000000000000001e       0x1f /tmp/Dekrispator_v2.elf.Eypg37.ltrans1.ltrans.o

.debug_frame    0x0000000000000000      0x780
 .debug_frame   0x0000000000000000       0x20 /usr/lib/gcc/arm-none-eabi/10.2.0/../../../../arm-none-eabi/lib/thumb/v7e-m+fp/hard/libm.a(lib_a-sf_floor.o)
 .debug_frame   0x0000000000000020       0x48 /usr/lib/gcc/arm-none-eabi/10.2.0/../../../../arm-none-eabi/lib/thumb/v7e-m+fp/hard/libm.a(lib_a-sf_lrint.o)
 .debug_frame   0x0000000000000068       0x34 /usr/lib/gcc/arm-none-eabi/10.2.0/../../../../arm-none-eabi/lib/thumb/v7e-m+fp/hard/libm.a(lib_a-sf_rint.o)
 .debug_frame   0x000000000000009c       0x34 /usr/lib/gcc/arm-none-eabi/10.2.0/../../../../arm-none-eabi/lib/thumb/v7e-m+fp/hard/libm.a(lib_a-sf_sin.o)
 .debug_frame   0x00000000000000d0       0x54 /usr/lib/gcc/arm-none-eabi/10.2.0/../../../../arm-none-eabi/lib/thumb/v7e-m+fp/hard/libm.a(lib_a-wf_pow.o)
 .debug_frame   0x0000000000000124       0x74 /usr/lib/gcc/arm-none-eabi/10.2.0/../../../../arm-none-eabi/lib/thumb/v7e-m+fp/hard/libm.a(lib_a-ef_pow.o)
 .debug_frame   0x0000000000000198       0x44 /usr/lib/gcc/arm-none-eabi/10.2.0/../../../../arm-none-eabi/lib/thumb/v7e-m+fp/hard/libm.a(lib_a-ef_rem_pio2.o)
 .debug_frame   0x00000000000001dc       0x20 /usr/lib/gcc/arm-none-eabi/10.2.0/../../../../arm-none-eabi/lib/thumb/v7e-m+fp/hard/libm.a(lib_a-ef_sqrt.o)
 .debug_frame   0x00000000000001fc       0x20 /usr/lib/gcc/arm-none-eabi/10.2.0/../../../../arm-none-eabi/lib/thumb/v7e-m+fp/hard/libm.a(lib_a-kf_cos.o)
 .debug_frame   0x000000000000021c       0x5c /usr/lib/gcc/arm-none-eabi/10.2.0/../../../../arm-none-eabi/lib/thumb/v7e-m+fp/hard/libm.a(lib_a-kf_rem_pio2.o)
 .debug_frame   0x0000000000000278       0x20 /usr/lib/gcc/arm-none-eabi/10.2.0/../../../../arm-none-eabi/lib/thumb/v7e-m+fp/hard/libm.a(lib_a-kf_sin.o)
 .debug_frame   0x0000000000000298       0x20 /usr/lib/gcc/arm-none-eabi/10.2.0/../../../../arm-none-eabi/lib/thumb/v7e-m+fp/hard/libm.a(lib_a-sf_fabs.o)
 .debug_frame   0x00000000000002b8       0x28 /usr/lib/gcc/arm-none-eabi/10.2.0/../../../../arm-none-eabi/lib/thumb/v7e-m+fp/hard/libm.a(lib_a-sf_finite.o)
 .debug_frame   0x00000000000002e0       0x20 /usr/lib/gcc/arm-none-eabi/10.2.0/../../../../arm-none-eabi/lib/thumb/v7e-m+fp/hard/libm.a(lib_a-sf_nan.o)
 .debug_frame   0x0000000000000300       0x3c /usr/lib/gcc/arm-none-eabi/10.2.0/../../../../arm-none-eabi/lib/thumb/v7e-m+fp/hard/libm.a(lib_a-sf_scalbn.o)
 .debug_frame   0x000000000000033c       0x20 /usr/lib/gcc/arm-none-eabi/10.2.0/../../../../arm-none-eabi/lib/thumb/v7e-m+fp/hard/libc.a(lib_a-atexit.o)
 .debug_frame   0x000000000000035c       0x20 /usr/lib/gcc/arm-none-eabi/10.2.0/../../../../arm-none-eabi/lib/thumb/v7e-m+fp/hard/libc.a(lib_a-errno.o)
 .debug_frame   0x000000000000037c       0x34 /usr/lib/gcc/arm-none-eabi/10.2.0/../../../../arm-none-eabi/lib/thumb/v7e-m+fp/hard/libc.a(lib_a-fini.o)
 .debug_frame   0x00000000000003b0       0x2c /usr/lib/gcc/arm-none-eabi/10.2.0/../../../../arm-none-eabi/lib/thumb/v7e-m+fp/hard/libc.a(lib_a-init.o)
 .debug_frame   0x00000000000003dc       0x38 /usr/lib/gcc/arm-none-eabi/10.2.0/../../../../arm-none-eabi/lib/thumb/v7e-m+fp/hard/libc.a(lib_a-memset.o)
 .debug_frame   0x0000000000000414       0x3c /usr/lib/gcc/arm-none-eabi/10.2.0/../../../../arm-none-eabi/lib/thumb/v7e-m+fp/hard/libc.a(lib_a-rand.o)
 .debug_frame   0x0000000000000450       0x34 /usr/lib/gcc/arm-none-eabi/10.2.0/../../../../arm-none-eabi/lib/thumb/v7e-m+fp/hard/libc.a(lib_a-__atexit.o)
 .debug_frame   0x0000000000000484       0x68 /usr/lib/gcc/arm-none-eabi/10.2.0/../../../../arm-none-eabi/lib/thumb/v7e-m+fp/hard/libc.a(lib_a-__call_atexit.o)
 .debug_frame   0x00000000000004ec       0xb0 /usr/lib/gcc/arm-none-eabi/10.2.0/../../../../arm-none-eabi/lib/thumb/v7e-m+fp/hard/libc.a(lib_a-lock.o)
 .debug_frame   0x000000000000059c       0x30 /usr/lib/gcc/arm-none-eabi/10.2.0/../../../../arm-none-eabi/lib/thumb/v7e-m+fp/hard/libc.a(lib_a-malloc.o)
 .debug_frame   0x00000000000005cc       0x4c /usr/lib/gcc/arm-none-eabi/10.2.0/../../../../arm-none-eabi/lib/thumb/v7e-m+fp/hard/libc.a(lib_a-mallocr.o)
 .debug_frame   0x0000000000000618       0x30 /usr/lib/gcc/arm-none-eabi/10.2.0/../../../../arm-none-eabi/lib/thumb/v7e-m+fp/hard/libc.a(lib_a-mlock.o)
 .debug_frame   0x0000000000000648       0x2c /usr/lib/gcc/arm-none-eabi/10.2.0/../../../../arm-none-eabi/lib/thumb/v7e-m+fp/hard/libc.a(lib_a-sbrkr.o)
 .debug_frame   0x0000000000000674       0x8c /usr/lib/gcc/arm-none-eabi/10.2.0/../../../../arm-none-eabi/lib/thumb/v7e-m+fp/hard/libc.a(lib_a-freer.o)
 .debug_frame   0x0000000000000700       0x60 /usr/lib/gcc/arm-none-eabi/10.2.0/../../../../arm-none-eabi/lib/thumb/v7e-m+fp/hard/libc.a(lib_a-reent.o)
 .debug_frame   0x0000000000000760       0x20 /usr/lib/gcc/arm-none-eabi/10.2.0/../../../../arm-none-eabi/lib/thumb/v7e-m+fp/hard/libnosys.a(sbrk.o)
