Archive member included because of file (symbol)

c:/program files/gnu tools arm embedded/4.9 2014q4/bin/../lib/gcc/arm-none-eabi/4.9.3/../../../../arm-none-eabi/lib/armv7e-m/fpu\libc.a(lib_a-exit.o)
                              c:/program files/gnu tools arm embedded/4.9 2014q4/bin/../lib/gcc/arm-none-eabi/4.9.3/../../../../arm-none-eabi/lib/armv7e-m/fpu/crt0.o (exit)
c:/program files/gnu tools arm embedded/4.9 2014q4/bin/../lib/gcc/arm-none-eabi/4.9.3/../../../../arm-none-eabi/lib/armv7e-m/fpu\libc.a(lib_a-impure.o)
                              c:/program files/gnu tools arm embedded/4.9 2014q4/bin/../lib/gcc/arm-none-eabi/4.9.3/../../../../arm-none-eabi/lib/armv7e-m/fpu\libc.a(lib_a-exit.o) (_global_impure_ptr)
c:/program files/gnu tools arm embedded/4.9 2014q4/bin/../lib/gcc/arm-none-eabi/4.9.3/../../../../arm-none-eabi/lib/armv7e-m/fpu\libc.a(lib_a-init.o)
                              c:/program files/gnu tools arm embedded/4.9 2014q4/bin/../lib/gcc/arm-none-eabi/4.9.3/../../../../arm-none-eabi/lib/armv7e-m/fpu/crt0.o (__libc_init_array)
c:/program files/gnu tools arm embedded/4.9 2014q4/bin/../lib/gcc/arm-none-eabi/4.9.3/../../../../arm-none-eabi/lib/armv7e-m/fpu\libc.a(lib_a-malloc.o)
                              ./drivers/USBH_midi_class/Src/usbh_MIDI.o (malloc)
c:/program files/gnu tools arm embedded/4.9 2014q4/bin/../lib/gcc/arm-none-eabi/4.9.3/../../../../arm-none-eabi/lib/armv7e-m/fpu\libc.a(lib_a-mallocr.o)
                              c:/program files/gnu tools arm embedded/4.9 2014q4/bin/../lib/gcc/arm-none-eabi/4.9.3/../../../../arm-none-eabi/lib/armv7e-m/fpu\libc.a(lib_a-malloc.o) (_malloc_r)
c:/program files/gnu tools arm embedded/4.9 2014q4/bin/../lib/gcc/arm-none-eabi/4.9.3/../../../../arm-none-eabi/lib/armv7e-m/fpu\libc.a(lib_a-memcpy.o)
                              ./Synth/blepvco.o (memcpy)
c:/program files/gnu tools arm embedded/4.9 2014q4/bin/../lib/gcc/arm-none-eabi/4.9.3/../../../../arm-none-eabi/lib/armv7e-m/fpu\libc.a(lib_a-memset.o)
                              c:/program files/gnu tools arm embedded/4.9 2014q4/bin/../lib/gcc/arm-none-eabi/4.9.3/../../../../arm-none-eabi/lib/armv7e-m/fpu/crt0.o (memset)
c:/program files/gnu tools arm embedded/4.9 2014q4/bin/../lib/gcc/arm-none-eabi/4.9.3/../../../../arm-none-eabi/lib/armv7e-m/fpu\libc.a(lib_a-mlock.o)
                              c:/program files/gnu tools arm embedded/4.9 2014q4/bin/../lib/gcc/arm-none-eabi/4.9.3/../../../../arm-none-eabi/lib/armv7e-m/fpu\libc.a(lib_a-mallocr.o) (__malloc_lock)
c:/program files/gnu tools arm embedded/4.9 2014q4/bin/../lib/gcc/arm-none-eabi/4.9.3/../../../../arm-none-eabi/lib/armv7e-m/fpu\libc.a(lib_a-rand.o)
                              ./Synth/random.o (srand)
c:/program files/gnu tools arm embedded/4.9 2014q4/bin/../lib/gcc/arm-none-eabi/4.9.3/../../../../arm-none-eabi/lib/armv7e-m/fpu\libc.a(lib_a-sbrkr.o)
                              c:/program files/gnu tools arm embedded/4.9 2014q4/bin/../lib/gcc/arm-none-eabi/4.9.3/../../../../arm-none-eabi/lib/armv7e-m/fpu\libc.a(lib_a-mallocr.o) (_sbrk_r)
c:/program files/gnu tools arm embedded/4.9 2014q4/bin/../lib/gcc/arm-none-eabi/4.9.3/../../../../arm-none-eabi/lib/armv7e-m/fpu\libc.a(lib_a-__call_atexit.o)
                              c:/program files/gnu tools arm embedded/4.9 2014q4/bin/../lib/gcc/arm-none-eabi/4.9.3/../../../../arm-none-eabi/lib/armv7e-m/fpu\libc.a(lib_a-exit.o) (__call_exitprocs)
c:/program files/gnu tools arm embedded/4.9 2014q4/bin/../lib/gcc/arm-none-eabi/4.9.3/../../../../arm-none-eabi/lib/armv7e-m/fpu\libc.a(lib_a-atexit.o)
                              c:/program files/gnu tools arm embedded/4.9 2014q4/bin/../lib/gcc/arm-none-eabi/4.9.3/../../../../arm-none-eabi/lib/armv7e-m/fpu\libc.a(lib_a-__call_atexit.o) (atexit)
c:/program files/gnu tools arm embedded/4.9 2014q4/bin/../lib/gcc/arm-none-eabi/4.9.3/../../../../arm-none-eabi/lib/armv7e-m/fpu\libc.a(lib_a-fini.o)
                              c:/program files/gnu tools arm embedded/4.9 2014q4/bin/../lib/gcc/arm-none-eabi/4.9.3/../../../../arm-none-eabi/lib/armv7e-m/fpu\libc.a(lib_a-__call_atexit.o) (__libc_fini_array)
c:/program files/gnu tools arm embedded/4.9 2014q4/bin/../lib/gcc/arm-none-eabi/4.9.3/../../../../arm-none-eabi/lib/armv7e-m/fpu\libc.a(lib_a-freer.o)
                              c:/program files/gnu tools arm embedded/4.9 2014q4/bin/../lib/gcc/arm-none-eabi/4.9.3/../../../../arm-none-eabi/lib/armv7e-m/fpu\libc.a(lib_a-malloc.o) (_free_r)
c:/program files/gnu tools arm embedded/4.9 2014q4/bin/../lib/gcc/arm-none-eabi/4.9.3/../../../../arm-none-eabi/lib/armv7e-m/fpu\libc.a(lib_a-reent.o)
                              c:/program files/gnu tools arm embedded/4.9 2014q4/bin/../lib/gcc/arm-none-eabi/4.9.3/../../../../arm-none-eabi/lib/armv7e-m/fpu\libc.a(lib_a-sbrkr.o) (errno)
c:/program files/gnu tools arm embedded/4.9 2014q4/bin/../lib/gcc/arm-none-eabi/4.9.3/../../../../arm-none-eabi/lib/armv7e-m/fpu\libc.a(lib_a-__atexit.o)
[...]
Memory Configuration

Name             Origin             Length             Attributes
FLASH            0x08000000         0x00100000         xr
RAM              0x20000000         0x00020000         xrw
CCMRAM           0x10000000         0x00010000         rw
*default*        0x00000000         0xffffffff

Linker script and memory map

LOAD c:/program files/gnu tools arm embedded/4.9 2014q4/bin/../lib/gcc/arm-none-eabi/4.9.3/armv7e-m/fpu/crti.o
LOAD c:/program files/gnu tools arm embedded/4.9 2014q4/bin/../lib/gcc/arm-none-eabi/4.9.3/armv7e-m/fpu/crtbegin.o
LOAD c:/program files/gnu tools arm embedded/4.9 2014q4/bin/../lib/gcc/arm-none-eabi/4.9.3/../../../../arm-none-eabi/lib/armv7e-m/fpu/crt0.o
LOAD ./drivers/USBH_midi_class/Src/usbh_MIDI.o
LOAD ./drivers/STM32_USB_Host_Library/Core/Src/usbh_core.o
LOAD ./drivers/STM32_USB_Host_Library/Core/Src/usbh_ctlreq.o
LOAD ./drivers/STM32_USB_Host_Library/Core/Src/usbh_ioreq.o
LOAD ./drivers/STM32_USB_Host_Library/Core/Src/usbh_pipes.o
LOAD ./drivers/STM32F4xx_HAL_Driver/Src/stm32f4xx_hal.o
LOAD ./drivers/STM32F4xx_HAL_Driver/Src/stm32f4xx_hal_adc.o
LOAD ./drivers/STM32F4xx_HAL_Driver/Src/stm32f4xx_hal_adc_ex.o
LOAD ./drivers/STM32F4xx_HAL_Driver/Src/stm32f4xx_hal_can.o
LOAD ./drivers/STM32F4xx_HAL_Driver/Src/stm32f4xx_hal_cortex.o
LOAD ./drivers/STM32F4xx_HAL_Driver/Src/stm32f4xx_hal_crc.o
LOAD ./drivers/STM32F4xx_HAL_Driver/Src/stm32f4xx_hal_cryp.o
LOAD ./drivers/STM32F4xx_HAL_Driver/Src/stm32f4xx_hal_cryp_ex.o
LOAD ./drivers/STM32F4xx_HAL_Driver/Src/stm32f4xx_hal_dac.o
LOAD ./drivers/STM32F4xx_HAL_Driver/Src/stm32f4xx_hal_dac_ex.o
LOAD ./drivers/STM32F4xx_HAL_Driver/Src/stm32f4xx_hal_dcmi.o
LOAD ./drivers/STM32F4xx_HAL_Driver/Src/stm32f4xx_hal_dma.o
LOAD ./drivers/STM32F4xx_HAL_Driver/Src/stm32f4xx_hal_dma2d.o
LOAD ./drivers/STM32F4xx_HAL_Driver/Src/stm32f4xx_hal_dma_ex.o
LOAD ./drivers/STM32F4xx_HAL_Driver/Src/stm32f4xx_hal_eth.o
LOAD ./drivers/STM32F4xx_HAL_Driver/Src/stm32f4xx_hal_flash.o
LOAD ./drivers/STM32F4xx_HAL_Driver/Src/stm32f4xx_hal_flash_ex.o
LOAD ./drivers/STM32F4xx_HAL_Driver/Src/stm32f4xx_hal_flash_ramfunc.o
LOAD ./drivers/STM32F4xx_HAL_Driver/Src/stm32f4xx_hal_gpio.o
LOAD ./drivers/STM32F4xx_HAL_Driver/Src/stm32f4xx_hal_hash.o
LOAD ./drivers/STM32F4xx_HAL_Driver/Src/stm32f4xx_hal_hash_ex.o
LOAD ./drivers/STM32F4xx_HAL_Driver/Src/stm32f4xx_hal_hcd.o
LOAD ./drivers/STM32F4xx_HAL_Driver/Src/stm32f4xx_hal_i2c.o
LOAD ./drivers/STM32F4xx_HAL_Driver/Src/stm32f4xx_hal_i2c_ex.o
LOAD ./drivers/STM32F4xx_HAL_Driver/Src/stm32f4xx_hal_i2s.o
LOAD ./drivers/STM32F4xx_HAL_Driver/Src/stm32f4xx_hal_i2s_ex.o
LOAD ./drivers/STM32F4xx_HAL_Driver/Src/stm32f4xx_hal_irda.o
LOAD ./drivers/STM32F4xx_HAL_Driver/Src/stm32f4xx_hal_iwdg.o
LOAD ./drivers/STM32F4xx_HAL_Driver/Src/stm32f4xx_hal_ltdc.o
LOAD ./drivers/STM32F4xx_HAL_Driver/Src/stm32f4xx_hal_msp_template.o
LOAD ./drivers/STM32F4xx_HAL_Driver/Src/stm32f4xx_hal_nand.o
LOAD ./drivers/STM32F4xx_HAL_Driver/Src/stm32f4xx_hal_nor.o
LOAD ./drivers/STM32F4xx_HAL_Driver/Src/stm32f4xx_hal_pccard.o
LOAD ./drivers/STM32F4xx_HAL_Driver/Src/stm32f4xx_hal_pcd.o
LOAD ./drivers/STM32F4xx_HAL_Driver/Src/stm32f4xx_hal_pcd_ex.o
LOAD ./drivers/STM32F4xx_HAL_Driver/Src/stm32f4xx_hal_pwr.o
LOAD ./drivers/STM32F4xx_HAL_Driver/Src/stm32f4xx_hal_pwr_ex.o
LOAD ./drivers/STM32F4xx_HAL_Driver/Src/stm32f4xx_hal_rcc.o
LOAD ./drivers/STM32F4xx_HAL_Driver/Src/stm32f4xx_hal_rcc_ex.o
LOAD ./drivers/STM32F4xx_HAL_Driver/Src/stm32f4xx_hal_rng.o
LOAD ./drivers/STM32F4xx_HAL_Driver/Src/stm32f4xx_hal_rtc.o
LOAD ./drivers/STM32F4xx_HAL_Driver/Src/stm32f4xx_hal_rtc_ex.o
LOAD ./drivers/STM32F4xx_HAL_Driver/Src/stm32f4xx_hal_sai.o
LOAD ./drivers/STM32F4xx_HAL_Driver/Src/stm32f4xx_hal_sd.o
LOAD ./drivers/STM32F4xx_HAL_Driver/Src/stm32f4xx_hal_sdram.o
LOAD ./drivers/STM32F4xx_HAL_Driver/Src/stm32f4xx_hal_smartcard.o
LOAD ./drivers/STM32F4xx_HAL_Driver/Src/stm32f4xx_hal_spi.o
LOAD ./drivers/STM32F4xx_HAL_Driver/Src/stm32f4xx_hal_sram.o
LOAD ./drivers/STM32F4xx_HAL_Driver/Src/stm32f4xx_hal_tim.o
LOAD ./drivers/STM32F4xx_HAL_Driver/Src/stm32f4xx_hal_tim_ex.o
LOAD ./drivers/STM32F4xx_HAL_Driver/Src/stm32f4xx_hal_uart.o
LOAD ./drivers/STM32F4xx_HAL_Driver/Src/stm32f4xx_hal_usart.o
LOAD ./drivers/STM32F4xx_HAL_Driver/Src/stm32f4xx_hal_wwdg.o
LOAD ./drivers/STM32F4xx_HAL_Driver/Src/stm32f4xx_ll_fmc.o
LOAD ./drivers/STM32F4xx_HAL_Driver/Src/stm32f4xx_ll_fsmc.o
LOAD ./drivers/STM32F4xx_HAL_Driver/Src/stm32f4xx_ll_sdmmc.o
LOAD ./drivers/STM32F4xx_HAL_Driver/Src/stm32f4xx_ll_usb.o
LOAD ./drivers/BSP/cs43l22.o
LOAD ./drivers/BSP/lis302dl.o
LOAD ./drivers/BSP/lis3dsh.o
LOAD ./drivers/BSP/startup_stm32f407xx.o
LOAD ./drivers/BSP/stm32f4_discovery.o
LOAD ./drivers/BSP/stm32f4_discovery_accelerometer.o
LOAD ./drivers/BSP/stm32f4_discovery_audio.o
LOAD ./drivers/BSP/stm32f4xx_it.o
LOAD ./drivers/BSP/system_stm32f4xx.o
LOAD ./drivers/BSP/usbh_conf.o
LOAD ./Synth/MIDI_application.o
LOAD ./Synth/adsr.o
LOAD ./Synth/audio_conf.o
LOAD ./Synth/blepvco.o
LOAD ./Synth/chorusFD.o
LOAD ./Synth/delay.o
LOAD ./Synth/drifter.o
LOAD ./Synth/main.o
LOAD ./Synth/math_tools.o
LOAD ./Synth/minblep_tables.o
LOAD ./Synth/notesTables.o
LOAD ./Synth/oscillators.o
LOAD ./Synth/phaser.o
LOAD ./Synth/random.o
LOAD ./Synth/resonantFilter.o
LOAD ./Synth/sequencer.o
LOAD ./Synth/sinetable.o
LOAD ./Synth/soundGen.o
LOAD ./Synth/timers.o
START GROUP
LOAD c:/program files/gnu tools arm embedded/4.9 2014q4/bin/../lib/gcc/arm-none-eabi/4.9.3/armv7e-m/fpu\libgcc.a
LOAD c:/program files/gnu tools arm embedded/4.9 2014q4/bin/../lib/gcc/arm-none-eabi/4.9.3/../../../../arm-none-eabi/lib/armv7e-m/fpu\libc.a
END GROUP
START GROUP
LOAD c:/program files/gnu tools arm embedded/4.9 2014q4/bin/../lib/gcc/arm-none-eabi/4.9.3/armv7e-m/fpu\libgcc.a
LOAD c:/program files/gnu tools arm embedded/4.9 2014q4/bin/../lib/gcc/arm-none-eabi/4.9.3/../../../../arm-none-eabi/lib/armv7e-m/fpu\libc.a
LOAD c:/program files/gnu tools arm embedded/4.9 2014q4/bin/../lib/gcc/arm-none-eabi/4.9.3/../../../../arm-none-eabi/lib/armv7e-m/fpu\libnosys.a
END GROUP
LOAD c:/program files/gnu tools arm embedded/4.9 2014q4/bin/../lib/gcc/arm-none-eabi/4.9.3/armv7e-m/fpu/crtend.o
LOAD c:/program files/gnu tools arm embedded/4.9 2014q4/bin/../lib/gcc/arm-none-eabi/4.9.3/armv7e-m/fpu/crtn.o
                0x2001ffff                _estack = 0x2001ffff
                0x00001000                _Min_Heap_Size = 0x1000
                0x00001000                _Min_Stack_Size = 0x1000

.isr_vector     0x08000000      0x188
                0x08000000                . = ALIGN (0x4)
 *(.isr_vector)
 .isr_vector    0x08000000      0x188 ./drivers/BSP/startup_stm32f407xx.o
                0x08000000                g_pfnVectors
                0x08000188                . = ALIGN (0x4)

.text           0x08000188     0xec38
                0x08000188                . = ALIGN (0x4)
 *(.text)
 .text          0x08000188       0x5c c:/program files/gnu tools arm embedded/4.9 2014q4/bin/../lib/gcc/arm-none-eabi/4.9.3/armv7e-m/fpu/crtbegin.o
 .text          0x080001e4      0x134 c:/program files/gnu tools arm embedded/4.9 2014q4/bin/../lib/gcc/arm-none-eabi/4.9.3/../../../../arm-none-eabi/lib/armv7e-m/fpu\libc.a(lib_a-memcpy.o)
                0x080001e4                memcpy
 .text          0x08000318      0x370 c:/program files/gnu tools arm embedded/4.9 2014q4/bin/../lib/gcc/arm-none-eabi/4.9.3/armv7e-m/fpu\libgcc.a(_arm_addsubdf3.o)
                0x08000318                __aeabi_drsub
                0x08000320                __aeabi_dsub
                0x08000320                __subdf3
                0x08000324                __aeabi_dadd
                0x08000324                __adddf3
                0x0800059c                __floatunsidf
                0x0800059c                __aeabi_ui2d
                0x080005bc                __floatsidf
                0x080005bc                __aeabi_i2d
                0x080005e0                __aeabi_f2d
                0x080005e0                __extendsfdf2
                0x0800061c                __floatundidf
                0x0800061c                __aeabi_ul2d
                0x0800062c                __floatdidf
                0x0800062c                __aeabi_l2d
 .text          0x08000688      0x424 c:/program files/gnu tools arm embedded/4.9 2014q4/bin/../lib/gcc/arm-none-eabi/4.9.3/armv7e-m/fpu\libgcc.a(_arm_muldivdf3.o)
                0x08000688                __aeabi_dmul
                0x08000688                __muldf3
                0x080008dc                __divdf3
                0x080008dc                __aeabi_ddiv
 .text          0x08000aac      0x110 c:/program files/gnu tools arm embedded/4.9 2014q4/bin/../lib/gcc/arm-none-eabi/4.9.3/armv7e-m/fpu\libgcc.a(_arm_cmpdf2.o)
                0x08000aac                __gtdf2
                0x08000aac                __gedf2
                0x08000ab4                __ltdf2
                0x08000ab4                __ledf2
                0x08000abc                __nedf2
                0x08000abc                __eqdf2
                0x08000abc                __cmpdf2
                0x08000b38                __aeabi_cdrcmple
                0x08000b48                __aeabi_cdcmpeq
                0x08000b48                __aeabi_cdcmple
                0x08000b58                __aeabi_dcmpeq
                0x08000b6c                __aeabi_dcmplt
                0x08000b80                __aeabi_dcmple
                0x08000b94                __aeabi_dcmpge
                0x08000ba8                __aeabi_dcmpgt
 .text          0x08000bbc       0xa0 c:/program files/gnu tools arm embedded/4.9 2014q4/bin/../lib/gcc/arm-none-eabi/4.9.3/armv7e-m/fpu\libgcc.a(_arm_truncdfsf2.o)
                0x08000bbc                __truncdfsf2
                0x08000bbc                __aeabi_d2f
 *(.text*)
 .text.USBH_MIDI_ClassRequest
                0x08000c5c       0x10 ./drivers/USBH_midi_class/Src/usbh_MIDI.o
 .text.USBH_MIDI_SOFProcess
                0x08000c6c        0x4 ./drivers/USBH_midi_class/Src/usbh_MIDI.o
 .text.USBH_MIDI_InterfaceDeInit
                0x08000c70       0x54 ./drivers/USBH_midi_class/Src/usbh_MIDI.o
 .text.USBH_MIDI_InterfaceInit
                0x08000cc4       0xd8 ./drivers/USBH_midi_class/Src/usbh_MIDI.o
 .text.USBH_MIDI_Stop
                0x08000d9c       0x2c ./drivers/USBH_midi_class/Src/usbh_MIDI.o
                0x08000d9c                USBH_MIDI_Stop
 .text.USBH_MIDI_GetLastReceivedDataSize
                0x08000dc8       0x1c ./drivers/USBH_midi_class/Src/usbh_MIDI.o
                0x08000dc8                USBH_MIDI_GetLastReceivedDataSize
 .text.USBH_MIDI_Receive
                0x08000de4       0x28 ./drivers/USBH_midi_class/Src/usbh_MIDI.o
                0x08000de4                USBH_MIDI_Receive
 .text.USBH_MIDI_TransmitCallback
                0x08000e0c        0x4 ./drivers/USBH_midi_class/Src/usbh_MIDI.o
                0x08000e0c                USBH_MIDI_TransmitCallback
 .text.USBH_MIDI_Process
                0x08000e10      0x114 ./drivers/USBH_midi_class/Src/usbh_MIDI.o
 .text.USBH_Init
                0x08000f24       0x60 ./drivers/STM32_USB_Host_Library/Core/Src/usbh_core.o
                0x08000f24                USBH_Init
 .text.USBH_RegisterClass
                0x08000f84       0x24 ./drivers/STM32_USB_Host_Library/Core/Src/usbh_core.o
                0x08000f84                USBH_RegisterClass
 .text.USBH_SelectInterface
                0x08000fa8       0x14 ./drivers/STM32_USB_Host_Library/Core/Src/usbh_core.o
                0x08000fa8                USBH_SelectInterface
 .text.USBH_FindInterface
                0x08000fbc      0x4e4 ./drivers/STM32_USB_Host_Library/Core/Src/usbh_core.o
                0x08000fbc                USBH_FindInterface
 .text.USBH_Start
                0x080014a0       0x14 ./drivers/STM32_USB_Host_Library/Core/Src/usbh_core.o
                0x080014a0                USBH_Start
 .text.USBH_Process
                0x080014b4      0x2b4 ./drivers/STM32_USB_Host_Library/Core/Src/usbh_core.o
                0x080014b4                USBH_Process
 .text.USBH_LL_SetTimer
                0x08001768        0x8 ./drivers/STM32_USB_Host_Library/Core/Src/usbh_core.o
                0x08001768                USBH_LL_SetTimer
 .text.USBH_LL_IncTimer
                0x08001770       0x20 ./drivers/STM32_USB_Host_Library/Core/Src/usbh_core.o
                0x08001770                USBH_LL_IncTimer
 .text.USBH_LL_Connect
                0x08001790       0x30 ./drivers/STM32_USB_Host_Library/Core/Src/usbh_core.o
                0x08001790                USBH_LL_Connect
 .text.USBH_LL_Disconnect
                0x080017c0       0x38 ./drivers/STM32_USB_Host_Library/Core/Src/usbh_core.o
                0x080017c0                USBH_LL_Disconnect
 .text.USBH_Get_DevDesc
                0x080017f8      0x270 ./drivers/STM32_USB_Host_Library/Core/Src/usbh_ctlreq.o
                0x080017f8                USBH_Get_DevDesc
 .text.USBH_Get_CfgDesc
                0x08001a68      0x2f4 ./drivers/STM32_USB_Host_Library/Core/Src/usbh_ctlreq.o
                0x08001a68                USBH_Get_CfgDesc
 .text.USBH_Get_StringDesc
                0x08001d5c      0x20c ./drivers/STM32_USB_Host_Library/Core/Src/usbh_ctlreq.o
                0x08001d5c                USBH_Get_StringDesc
 .text.USBH_SetAddress
                0x08001f68      0x1c0 ./drivers/STM32_USB_Host_Library/Core/Src/usbh_ctlreq.o
                0x08001f68                USBH_SetAddress
 .text.USBH_SetCfg
                0x08002128      0x1c0 ./drivers/STM32_USB_Host_Library/Core/Src/usbh_ctlreq.o
                0x08002128                USBH_SetCfg
 .text.USBH_ClrFeature
                0x080022e8      0x1bc ./drivers/STM32_USB_Host_Library/Core/Src/usbh_ctlreq.o
                0x080022e8                USBH_ClrFeature
 .text.USBH_CtlSendSetup
                0x080024a4       0x20 ./drivers/STM32_USB_Host_Library/Core/Src/usbh_ioreq.o
                0x080024a4                USBH_CtlSendSetup
 .text.USBH_CtlSendData
                0x080024c4       0x2c ./drivers/STM32_USB_Host_Library/Core/Src/usbh_ioreq.o
                0x080024c4                USBH_CtlSendData
 .text.USBH_CtlReceiveData
                0x080024f0       0x20 ./drivers/STM32_USB_Host_Library/Core/Src/usbh_ioreq.o
                0x080024f0                USBH_CtlReceiveData
 .text.USBH_BulkSendData
                0x08002510       0x2c ./drivers/STM32_USB_Host_Library/Core/Src/usbh_ioreq.o
                0x08002510                USBH_BulkSendData
 .text.USBH_BulkReceiveData
                0x0800253c       0x20 ./drivers/STM32_USB_Host_Library/Core/Src/usbh_ioreq.o
                0x0800253c                USBH_BulkReceiveData
 .text.USBH_OpenPipe
                0x0800255c       0x20 ./drivers/STM32_USB_Host_Library/Core/Src/usbh_pipes.o
                0x0800255c                USBH_OpenPipe
 .text.USBH_ClosePipe
                0x0800257c        0xc ./drivers/STM32_USB_Host_Library/Core/Src/usbh_pipes.o
                0x0800257c                USBH_ClosePipe
 .text.USBH_AllocPipe
                0x08002588       0xac ./drivers/STM32_USB_Host_Library/Core/Src/usbh_pipes.o
                0x08002588                USBH_AllocPipe
 .text.USBH_FreePipe
                0x08002634       0x18 ./drivers/STM32_USB_Host_Library/Core/Src/usbh_pipes.o
                0x08002634                USBH_FreePipe
 .text.HAL_InitTick
                0x0800264c       0x28 ./drivers/STM32F4xx_HAL_Driver/Src/stm32f4xx_hal.o
                0x0800264c                HAL_InitTick
 .text.HAL_Init
                0x08002674       0x34 ./drivers/STM32F4xx_HAL_Driver/Src/stm32f4xx_hal.o
                0x08002674                HAL_Init
 .text.HAL_IncTick
                0x080026a8       0x10 ./drivers/STM32F4xx_HAL_Driver/Src/stm32f4xx_hal.o
                0x080026a8                HAL_IncTick
 .text.HAL_GetTick
                0x080026b8        0xc ./drivers/STM32F4xx_HAL_Driver/Src/stm32f4xx_hal.o
                0x080026b8                HAL_GetTick
 .text.HAL_Delay
                0x080026c4       0x1c ./drivers/STM32F4xx_HAL_Driver/Src/stm32f4xx_hal.o
                0x080026c4                HAL_Delay
 .text.HAL_NVIC_SetPriorityGrouping
                0x080026e0       0x24 ./drivers/STM32F4xx_HAL_Driver/Src/stm32f4xx_hal_cortex.o
                0x080026e0                HAL_NVIC_SetPriorityGrouping
 .text.HAL_NVIC_SetPriority
                0x08002704       0x6c ./drivers/STM32F4xx_HAL_Driver/Src/stm32f4xx_hal_cortex.o
                0x08002704                HAL_NVIC_SetPriority
 .text.HAL_NVIC_EnableIRQ
                0x08002770       0x18 ./drivers/STM32F4xx_HAL_Driver/Src/stm32f4xx_hal_cortex.o
                0x08002770                HAL_NVIC_EnableIRQ
 .text.HAL_SYSTICK_Config
                0x08002788       0x34 ./drivers/STM32F4xx_HAL_Driver/Src/stm32f4xx_hal_cortex.o
                0x08002788                HAL_SYSTICK_Config
 .text.HAL_DMA_Init
                0x080027bc       0xa0 ./drivers/STM32F4xx_HAL_Driver/Src/stm32f4xx_hal_dma.o
                0x080027bc                HAL_DMA_Init
 .text.HAL_DMA_DeInit
                0x0800285c      0x460 ./drivers/STM32F4xx_HAL_Driver/Src/stm32f4xx_hal_dma.o
                0x0800285c                HAL_DMA_DeInit
 .text.HAL_DMA_Start_IT
                0x08002cbc       0x70 ./drivers/STM32F4xx_HAL_Driver/Src/stm32f4xx_hal_dma.o
                0x08002cbc                HAL_DMA_Start_IT
 .text.HAL_DMA_IRQHandler
                0x08002d2c      0xc88 ./drivers/STM32F4xx_HAL_Driver/Src/stm32f4xx_hal_dma.o
                0x08002d2c                HAL_DMA_IRQHandler
 .text.HAL_GPIO_Init
                0x080039b4      0x24c ./drivers/STM32F4xx_HAL_Driver/Src/stm32f4xx_hal_gpio.o
                0x080039b4                HAL_GPIO_Init
 .text.HAL_GPIO_ReadPin
                0x08003c00        0xc ./drivers/STM32F4xx_HAL_Driver/Src/stm32f4xx_hal_gpio.o
                0x08003c00                HAL_GPIO_ReadPin
 .text.HAL_GPIO_WritePin
                0x08003c0c        0xc ./drivers/STM32F4xx_HAL_Driver/Src/stm32f4xx_hal_gpio.o
                0x08003c0c                HAL_GPIO_WritePin
 .text.HAL_GPIO_TogglePin
                0x08003c18        0x8 ./drivers/STM32F4xx_HAL_Driver/Src/stm32f4xx_hal_gpio.o
                0x08003c18                HAL_GPIO_TogglePin
 .text.HAL_GPIO_EXTI_IRQHandler
                0x08003c20       0x18 ./drivers/STM32F4xx_HAL_Driver/Src/stm32f4xx_hal_gpio.o
                0x08003c20                HAL_GPIO_EXTI_IRQHandler
 .text.HAL_HCD_HC_Init
                0x08003c38       0x6c ./drivers/STM32F4xx_HAL_Driver/Src/stm32f4xx_hal_hcd.o
                0x08003c38                HAL_HCD_HC_Init
 .text.HAL_HCD_HC_Halt
                0x08003ca4       0x24 ./drivers/STM32F4xx_HAL_Driver/Src/stm32f4xx_hal_hcd.o
                0x08003ca4                HAL_HCD_HC_Halt
 .text.HAL_HCD_Init
                0x08003cc8       0x74 ./drivers/STM32F4xx_HAL_Driver/Src/stm32f4xx_hal_hcd.o
                0x08003cc8                HAL_HCD_Init
 .text.HAL_HCD_HC_SubmitRequest
                0x08003d3c       0xf4 ./drivers/STM32F4xx_HAL_Driver/Src/stm32f4xx_hal_hcd.o
                0x08003d3c                HAL_HCD_HC_SubmitRequest
 .text.HAL_HCD_IRQHandler
                0x08003e30      0x77c ./drivers/STM32F4xx_HAL_Driver/Src/stm32f4xx_hal_hcd.o
                0x08003e30                HAL_HCD_IRQHandler
 .text.HAL_HCD_Start
                0x080045ac       0x2c ./drivers/STM32F4xx_HAL_Driver/Src/stm32f4xx_hal_hcd.o
                0x080045ac                HAL_HCD_Start
 .text.HAL_HCD_Stop
                0x080045d8       0x24 ./drivers/STM32F4xx_HAL_Driver/Src/stm32f4xx_hal_hcd.o
                0x080045d8                HAL_HCD_Stop
 .text.HAL_HCD_ResetPort
                0x080045fc        0x8 ./drivers/STM32F4xx_HAL_Driver/Src/stm32f4xx_hal_hcd.o
                0x080045fc                HAL_HCD_ResetPort
 .text.HAL_HCD_HC_GetURBState
                0x08004604       0x10 ./drivers/STM32F4xx_HAL_Driver/Src/stm32f4xx_hal_hcd.o
                0x08004604                HAL_HCD_HC_GetURBState
 .text.HAL_HCD_HC_GetXferCount
                0x08004614        0xc ./drivers/STM32F4xx_HAL_Driver/Src/stm32f4xx_hal_hcd.o
                0x08004614                HAL_HCD_HC_GetXferCount
 .text.HAL_HCD_GetCurrentFrame
                0x08004620        0x8 ./drivers/STM32F4xx_HAL_Driver/Src/stm32f4xx_hal_hcd.o
                0x08004620                HAL_HCD_GetCurrentFrame
 .text.HAL_HCD_GetCurrentSpeed
                0x08004628        0x8 ./drivers/STM32F4xx_HAL_Driver/Src/stm32f4xx_hal_hcd.o
                0x08004628                HAL_HCD_GetCurrentSpeed
 .text.I2C_WaitOnFlagUntilTimeout.constprop.9
                0x08004630       0x40 ./drivers/STM32F4xx_HAL_Driver/Src/stm32f4xx_hal_i2c.o
 .text.I2C_RequestMemoryRead
                0x08004670      0x1fc ./drivers/STM32F4xx_HAL_Driver/Src/stm32f4xx_hal_i2c.o
 .text.I2C_RequestMemoryWrite
                0x0800486c      0x130 ./drivers/STM32F4xx_HAL_Driver/Src/stm32f4xx_hal_i2c.o
 .text.HAL_I2C_MspInit
                0x0800499c        0x4 ./drivers/STM32F4xx_HAL_Driver/Src/stm32f4xx_hal_i2c.o
                0x0800499c                HAL_I2C_MspInit
 .text.HAL_I2C_Init
                0x080049a0       0xe4 ./drivers/STM32F4xx_HAL_Driver/Src/stm32f4xx_hal_i2c.o
                0x080049a0                HAL_I2C_Init
 .text.HAL_I2C_MspDeInit
                0x08004a84        0x4 ./drivers/STM32F4xx_HAL_Driver/Src/stm32f4xx_hal_i2c.o
                0x08004a84                HAL_I2C_MspDeInit
 .text.HAL_I2C_DeInit
                0x08004a88       0x30 ./drivers/STM32F4xx_HAL_Driver/Src/stm32f4xx_hal_i2c.o
                0x08004a88                HAL_I2C_DeInit
 .text.HAL_I2C_Mem_Write
                0x08004ab8      0x120 ./drivers/STM32F4xx_HAL_Driver/Src/stm32f4xx_hal_i2c.o
                0x08004ab8                HAL_I2C_Mem_Write
 .text.HAL_I2C_Mem_Read
                0x08004bd8      0x260 ./drivers/STM32F4xx_HAL_Driver/Src/stm32f4xx_hal_i2c.o
                0x08004bd8                HAL_I2C_Mem_Read
 .text.HAL_I2C_GetState
                0x08004e38        0x8 ./drivers/STM32F4xx_HAL_Driver/Src/stm32f4xx_hal_i2c.o
                0x08004e38                HAL_I2C_GetState
 .text.HAL_I2S_MspInit
                0x08004e40        0x4 ./drivers/STM32F4xx_HAL_Driver/Src/stm32f4xx_hal_i2s.o
                0x08004e40                HAL_I2S_MspInit
 .text.HAL_I2S_Init
                0x08004e44      0x1dc ./drivers/STM32F4xx_HAL_Driver/Src/stm32f4xx_hal_i2s.o
                0x08004e44                HAL_I2S_Init
 .text.HAL_I2S_Transmit_DMA
                0x08005020       0xa4 ./drivers/STM32F4xx_HAL_Driver/Src/stm32f4xx_hal_i2s.o
                0x08005020                HAL_I2S_Transmit_DMA
 .text.I2S_DMATxHalfCplt
                0x080050c4        0xc ./drivers/STM32F4xx_HAL_Driver/Src/stm32f4xx_hal_i2s.o
                0x080050c4                I2S_DMATxHalfCplt
 .text.I2S_DMATxCplt
                0x080050d0       0x68 ./drivers/STM32F4xx_HAL_Driver/Src/stm32f4xx_hal_i2s.o
                0x080050d0                I2S_DMATxCplt
 .text.I2S_DMAError
                0x08005138       0x24 ./drivers/STM32F4xx_HAL_Driver/Src/stm32f4xx_hal_i2s.o
                0x08005138                I2S_DMAError
 .text.HAL_I2S_GetState
                0x0800515c        0x8 ./drivers/STM32F4xx_HAL_Driver/Src/stm32f4xx_hal_i2s.o
                0x0800515c                HAL_I2S_GetState
 .text.HAL_MspInit
                0x08005164        0x4 ./drivers/STM32F4xx_HAL_Driver/Src/stm32f4xx_hal_msp_template.o
                0x08005164                HAL_MspInit
 .text.HAL_RCC_OscConfig
                0x08005168      0x374 ./drivers/STM32F4xx_HAL_Driver/Src/stm32f4xx_hal_rcc.o
                0x08005168                HAL_RCC_OscConfig
 .text.HAL_RCC_ClockConfig
                0x080054dc      0x1b0 ./drivers/STM32F4xx_HAL_Driver/Src/stm32f4xx_hal_rcc.o
                0x080054dc                HAL_RCC_ClockConfig
 .text.HAL_RCC_GetHCLKFreq
                0x0800568c       0xc4 ./drivers/STM32F4xx_HAL_Driver/Src/stm32f4xx_hal_rcc.o
                0x0800568c                HAL_RCC_GetHCLKFreq
 .text.HAL_RCC_GetPCLK1Freq
                0x08005750       0xe0 ./drivers/STM32F4xx_HAL_Driver/Src/stm32f4xx_hal_rcc.o
                0x08005750                HAL_RCC_GetPCLK1Freq
 .text.HAL_RCCEx_PeriphCLKConfig
                0x08005830      0x148 ./drivers/STM32F4xx_HAL_Driver/Src/stm32f4xx_hal_rcc_ex.o
                0x08005830                HAL_RCCEx_PeriphCLKConfig
 .text.HAL_RCCEx_GetPeriphCLKConfig
                0x08005978       0x58 ./drivers/STM32F4xx_HAL_Driver/Src/stm32f4xx_hal_rcc_ex.o
                0x08005978                HAL_RCCEx_GetPeriphCLKConfig
 .text.HAL_RNG_Init
                0x080059d0       0x2c ./drivers/STM32F4xx_HAL_Driver/Src/stm32f4xx_hal_rng.o
                0x080059d0                HAL_RNG_Init
 .text.HAL_RNG_GetRandomNumber
                0x080059fc       0x3c ./drivers/STM32F4xx_HAL_Driver/Src/stm32f4xx_hal_rng.o
                0x080059fc                HAL_RNG_GetRandomNumber
 .text.USB_CoreInit
                0x08005a38       0xb8 ./drivers/STM32F4xx_HAL_Driver/Src/stm32f4xx_ll_usb.o
                0x08005a38                USB_CoreInit
 .text.USB_EnableGlobalInt
                0x08005af0       0x10 ./drivers/STM32F4xx_HAL_Driver/Src/stm32f4xx_ll_usb.o
                0x08005af0                USB_EnableGlobalInt
 .text.USB_DisableGlobalInt
                0x08005b00       0x10 ./drivers/STM32F4xx_HAL_Driver/Src/stm32f4xx_ll_usb.o
                0x08005b00                USB_DisableGlobalInt
 .text.USB_SetCurrentMode
                0x08005b10       0x34 ./drivers/STM32F4xx_HAL_Driver/Src/stm32f4xx_ll_usb.o
                0x08005b10                USB_SetCurrentMode
 .text.USB_FlushTxFifo
                0x08005b44       0x24 ./drivers/STM32F4xx_HAL_Driver/Src/stm32f4xx_ll_usb.o
                0x08005b44                USB_FlushTxFifo
 .text.USB_FlushRxFifo
                0x08005b68       0x20 ./drivers/STM32F4xx_HAL_Driver/Src/stm32f4xx_ll_usb.o
                0x08005b68                USB_FlushRxFifo
 .text.USB_WritePacket
                0x08005b88       0x28 ./drivers/STM32F4xx_HAL_Driver/Src/stm32f4xx_ll_usb.o
                0x08005b88                USB_WritePacket
 .text.USB_ReadPacket
                0x08005bb0       0x2c ./drivers/STM32F4xx_HAL_Driver/Src/stm32f4xx_ll_usb.o
                0x08005bb0                USB_ReadPacket
 .text.USB_ReadInterrupts
                0x08005bdc        0x8 ./drivers/STM32F4xx_HAL_Driver/Src/stm32f4xx_ll_usb.o
                0x08005bdc                USB_ReadInterrupts
 .text.USB_GetMode
                0x08005be4        0x8 ./drivers/STM32F4xx_HAL_Driver/Src/stm32f4xx_ll_usb.o
                0x08005be4                USB_GetMode
 .text.USB_HostInit
                0x08005bec      0x120 ./drivers/STM32F4xx_HAL_Driver/Src/stm32f4xx_ll_usb.o
                0x08005bec                USB_HostInit
 .text.USB_InitFSLSPClkSel
                0x08005d0c       0x3c ./drivers/STM32F4xx_HAL_Driver/Src/stm32f4xx_ll_usb.o
                0x08005d0c                USB_InitFSLSPClkSel
 .text.USB_ResetPort
                0x08005d48       0x34 ./drivers/STM32F4xx_HAL_Driver/Src/stm32f4xx_ll_usb.o
                0x08005d48                USB_ResetPort
 .text.USB_DriveVbus
                0x08005d7c       0x44 ./drivers/STM32F4xx_HAL_Driver/Src/stm32f4xx_ll_usb.o
                0x08005d7c                USB_DriveVbus
 .text.USB_GetHostSpeed
                0x08005dc0       0x14 ./drivers/STM32F4xx_HAL_Driver/Src/stm32f4xx_ll_usb.o
                0x08005dc0                USB_GetHostSpeed
 .text.USB_GetCurrentFrame
                0x08005dd4        0xc ./drivers/STM32F4xx_HAL_Driver/Src/stm32f4xx_ll_usb.o
                0x08005dd4                USB_GetCurrentFrame
 .text.USB_HC_Init
                0x08005de0      0x10c ./drivers/STM32F4xx_HAL_Driver/Src/stm32f4xx_ll_usb.o
                0x08005de0                USB_HC_Init
 .text.USB_HC_ReadInterrupt
                0x08005eec       0x20 ./drivers/STM32F4xx_HAL_Driver/Src/stm32f4xx_ll_usb.o
                0x08005eec                USB_HC_ReadInterrupt
 .text.USB_HC_Halt
                0x08005f0c      0x200 ./drivers/STM32F4xx_HAL_Driver/Src/stm32f4xx_ll_usb.o
                0x08005f0c                USB_HC_Halt
 .text.USB_DoPing
                0x0800610c       0x84 ./drivers/STM32F4xx_HAL_Driver/Src/stm32f4xx_ll_usb.o
                0x0800610c                USB_DoPing
 .text.USB_HC_StartXfer
                0x08006190      0x288 ./drivers/STM32F4xx_HAL_Driver/Src/stm32f4xx_ll_usb.o
                0x08006190                USB_HC_StartXfer
 .text.USB_StopHost
                0x08006418      0x100 ./drivers/STM32F4xx_HAL_Driver/Src/stm32f4xx_ll_usb.o
                0x08006418                USB_StopHost
 .text.cs43l22_SetFrequency
                0x08006518        0x4 ./drivers/BSP/cs43l22.o
                0x08006518                cs43l22_SetFrequency
 .text.cs43l22_SetVolume
                0x0800651c       0x5c ./drivers/BSP/cs43l22.o
                0x0800651c                cs43l22_SetVolume
 .text.cs43l22_ReadID
                0x08006578       0x14 ./drivers/BSP/cs43l22.o
                0x08006578                cs43l22_ReadID
 .text.cs43l22_SetOutputMode
                0x0800658c       0x60 ./drivers/BSP/cs43l22.o
                0x0800658c                cs43l22_SetOutputMode
 .text.cs43l22_Resume
                0x080065ec       0x48 ./drivers/BSP/cs43l22.o
                0x080065ec                cs43l22_Resume
 .text.cs43l22_Stop
                0x08006634       0x28 ./drivers/BSP/cs43l22.o
                0x08006634                cs43l22_Stop
 .text.cs43l22_Play
                0x0800665c       0x38 ./drivers/BSP/cs43l22.o
                0x0800665c                cs43l22_Play
 .text.cs43l22_SetMute
                0x08006694       0x28 ./drivers/BSP/cs43l22.o
                0x08006694                cs43l22_SetMute
 .text.cs43l22_Pause
                0x080066bc       0x1c ./drivers/BSP/cs43l22.o
                0x080066bc                cs43l22_Pause
 .text.cs43l22_Init
                0x080066d8      0x114 ./drivers/BSP/cs43l22.o
                0x080066d8                cs43l22_Init
 .text.Reset_Handler
                0x080067ec       0x50 ./drivers/BSP/startup_stm32f407xx.o
                0x080067ec                Reset_Handler
 .text.Default_Handler
                0x0800683c        0x2 ./drivers/BSP/startup_stm32f407xx.o
                0x0800683c                RTC_Alarm_IRQHandler
                0x0800683c                HASH_RNG_IRQHandler
                0x0800683c                EXTI2_IRQHandler
                0x0800683c                TIM8_CC_IRQHandler
                0x0800683c                TIM1_CC_IRQHandler
                0x0800683c                DMA2_Stream5_IRQHandler
                0x0800683c                DMA1_Stream5_IRQHandler
                0x0800683c                PVD_IRQHandler
                0x0800683c                SDIO_IRQHandler
                0x0800683c                TAMP_STAMP_IRQHandler
                0x0800683c                CAN2_RX1_IRQHandler
                0x0800683c                EXTI3_IRQHandler
                0x0800683c                TIM8_TRG_COM_TIM14_IRQHandler
                0x0800683c                TIM1_UP_TIM10_IRQHandler
                0x0800683c                TIM8_UP_TIM13_IRQHandler
                0x0800683c                I2C3_ER_IRQHandler
                0x0800683c                I2C2_EV_IRQHandler
                0x0800683c                DMA1_Stream2_IRQHandler
                0x0800683c                CAN1_RX0_IRQHandler
                0x0800683c                FPU_IRQHandler
                0x0800683c                OTG_HS_WKUP_IRQHandler
                0x0800683c                CAN2_SCE_IRQHandler
                0x0800683c                DMA2_Stream2_IRQHandler
                0x0800683c                SPI1_IRQHandler
                0x0800683c                TIM6_DAC_IRQHandler
                0x0800683c                TIM1_BRK_TIM9_IRQHandler
                0x0800683c                DCMI_IRQHandler
                0x0800683c                CAN2_RX0_IRQHandler
                0x0800683c                DMA2_Stream3_IRQHandler
                0x0800683c                USART6_IRQHandler
                0x0800683c                USART3_IRQHandler
                0x0800683c                CAN1_RX1_IRQHandler
                0x0800683c                UART5_IRQHandler
                0x0800683c                DMA2_Stream0_IRQHandler
                0x0800683c                I2C1_EV_IRQHandler
                0x0800683c                DMA1_Stream6_IRQHandler
                0x0800683c                DMA1_Stream1_IRQHandler
                0x0800683c                UART4_IRQHandler
                0x0800683c                TIM3_IRQHandler
                0x0800683c                RCC_IRQHandler
                0x0800683c                TIM8_BRK_TIM12_IRQHandler
                0x0800683c                Default_Handler
                0x0800683c                EXTI15_10_IRQHandler
                0x0800683c                ADC_IRQHandler
                0x0800683c                TIM7_IRQHandler
                0x0800683c                CAN2_TX_IRQHandler
                0x0800683c                TIM5_IRQHandler
                0x0800683c                DMA2_Stream7_IRQHandler
                0x0800683c                I2C3_EV_IRQHandler
                0x0800683c                EXTI9_5_IRQHandler
                0x0800683c                RTC_WKUP_IRQHandler
                0x0800683c                ETH_WKUP_IRQHandler
                0x0800683c                SPI2_IRQHandler
                0x0800683c                OTG_HS_EP1_IN_IRQHandler
                0x0800683c                DMA1_Stream0_IRQHandler
                0x0800683c                CAN1_TX_IRQHandler
                0x0800683c                EXTI4_IRQHandler
                0x0800683c                FSMC_IRQHandler
                0x0800683c                ETH_IRQHandler
                0x0800683c                OTG_HS_EP1_OUT_IRQHandler
                0x0800683c                WWDG_IRQHandler
                0x0800683c                TIM2_IRQHandler
                0x0800683c                OTG_FS_WKUP_IRQHandler
                0x0800683c                TIM1_TRG_COM_TIM11_IRQHandler
                0x0800683c                OTG_HS_IRQHandler
                0x0800683c                USART2_IRQHandler
                0x0800683c                I2C2_ER_IRQHandler
                0x0800683c                DMA2_Stream1_IRQHandler
                0x0800683c                CAN1_SCE_IRQHandler
                0x0800683c                FLASH_IRQHandler
                0x0800683c                DMA2_Stream4_IRQHandler
                0x0800683c                USART1_IRQHandler
                0x0800683c                SPI3_IRQHandler
                0x0800683c                DMA1_Stream4_IRQHandler
                0x0800683c                I2C1_ER_IRQHandler
                0x0800683c                DMA2_Stream6_IRQHandler
 *fill*         0x0800683e        0x2 
 .text.I2Cx_Init
                0x08006840       0xb4 ./drivers/BSP/stm32f4_discovery.o
 .text.BSP_LED_Init
                0x080068f4       0x5c ./drivers/BSP/stm32f4_discovery.o
                0x080068f4                BSP_LED_Init
 .text.BSP_LED_On
                0x08006950       0x1c ./drivers/BSP/stm32f4_discovery.o
                0x08006950                BSP_LED_On
 .text.BSP_LED_Off
                0x0800696c       0x1c ./drivers/BSP/stm32f4_discovery.o
                0x0800696c                BSP_LED_Off
 .text.BSP_LED_Toggle
                0x08006988       0x1c ./drivers/BSP/stm32f4_discovery.o
                0x08006988                BSP_LED_Toggle
 .text.BSP_PB_Init
                0x080069a4       0x70 ./drivers/BSP/stm32f4_discovery.o
                0x080069a4                BSP_PB_Init
 .text.BSP_PB_GetState
                0x08006a14       0x14 ./drivers/BSP/stm32f4_discovery.o
                0x08006a14                BSP_PB_GetState
 .text.AUDIO_IO_Init
                0x08006a28       0x58 ./drivers/BSP/stm32f4_discovery.o
                0x08006a28                AUDIO_IO_Init
 .text.AUDIO_IO_Write
                0x08006a80       0x38 ./drivers/BSP/stm32f4_discovery.o
                0x08006a80                AUDIO_IO_Write
 .text.AUDIO_IO_Read
                0x08006ab8       0x40 ./drivers/BSP/stm32f4_discovery.o
                0x08006ab8                AUDIO_IO_Read
 .text.BSP_AUDIO_OUT_Init
                0x08006af8      0x190 ./drivers/BSP/stm32f4_discovery_audio.o
                0x08006af8                BSP_AUDIO_OUT_Init
 .text.BSP_AUDIO_OUT_Play
                0x08006c88       0x3c ./drivers/BSP/stm32f4_discovery_audio.o
                0x08006c88                BSP_AUDIO_OUT_Play
 .text.BSP_AUDIO_OUT_SetVolume
                0x08006cc4       0x1c ./drivers/BSP/stm32f4_discovery_audio.o
                0x08006cc4                BSP_AUDIO_OUT_SetVolume
 .text.HAL_I2S_TxCpltCallback
                0x08006ce0       0x18 ./drivers/BSP/stm32f4_discovery_audio.o
                0x08006ce0                HAL_I2S_TxCpltCallback
 .text.HAL_I2S_TxHalfCpltCallback
                0x08006cf8       0x18 ./drivers/BSP/stm32f4_discovery_audio.o
                0x08006cf8                HAL_I2S_TxHalfCpltCallback
 .text.BSP_AUDIO_IN_Error_Callback
                0x08006d10        0x4 ./drivers/BSP/stm32f4_discovery_audio.o
                0x08006d10                BSP_AUDIO_IN_Error_Callback
 .text.HAL_I2S_ErrorCallback
                0x08006d14       0x38 ./drivers/BSP/stm32f4_discovery_audio.o
                0x08006d14                HAL_I2S_ErrorCallback
 .text.NMI_Handler
                0x08006d4c        0x4 ./drivers/BSP/stm32f4xx_it.o
                0x08006d4c                NMI_Handler
 .text.HardFault_Handler
                0x08006d50        0x4 ./drivers/BSP/stm32f4xx_it.o
                0x08006d50                HardFault_Handler
 .text.MemManage_Handler
                0x08006d54        0x4 ./drivers/BSP/stm32f4xx_it.o
                0x08006d54                MemManage_Handler
 .text.BusFault_Handler
                0x08006d58        0x4 ./drivers/BSP/stm32f4xx_it.o
                0x08006d58                BusFault_Handler
 .text.UsageFault_Handler
                0x08006d5c        0x4 ./drivers/BSP/stm32f4xx_it.o
                0x08006d5c                UsageFault_Handler
 .text.SVC_Handler
                0x08006d60        0x4 ./drivers/BSP/stm32f4xx_it.o
                0x08006d60                SVC_Handler
 .text.DebugMon_Handler
                0x08006d64        0x4 ./drivers/BSP/stm32f4xx_it.o
                0x08006d64                DebugMon_Handler
 .text.PendSV_Handler
                0x08006d68        0x4 ./drivers/BSP/stm32f4xx_it.o
                0x08006d68                PendSV_Handler
 .text.SysTick_Handler
                0x08006d6c       0x24 ./drivers/BSP/stm32f4xx_it.o
                0x08006d6c                SysTick_Handler
 .text.EXTI0_IRQHandler
                0x08006d90        0x8 ./drivers/BSP/stm32f4xx_it.o
                0x08006d90                EXTI0_IRQHandler
 .text.EXTI1_IRQHandler
                0x08006d98        0x8 ./drivers/BSP/stm32f4xx_it.o
                0x08006d98                EXTI1_IRQHandler
 .text.DMA1_Stream7_IRQHandler
                0x08006da0        0xc ./drivers/BSP/stm32f4xx_it.o
                0x08006da0                DMA1_Stream7_IRQHandler
 .text.DMA1_Stream3_IRQHandler
                0x08006dac        0xc ./drivers/BSP/stm32f4xx_it.o
                0x08006dac                DMA1_Stream3_IRQHandler
 .text.TIM4_IRQHandler
                0x08006db8        0x4 ./drivers/BSP/stm32f4xx_it.o
                0x08006db8                TIM4_IRQHandler
 .text.OTG_FS_IRQHandler
                0x08006dbc        0xc ./drivers/BSP/stm32f4xx_it.o
                0x08006dbc                OTG_FS_IRQHandler
 .text.SystemInit
                0x08006dc8       0x50 ./drivers/BSP/system_stm32f4xx.o
                0x08006dc8                SystemInit
 .text.HAL_HCD_MspInit
                0x08006e18       0xa8 ./drivers/BSP/usbh_conf.o
                0x08006e18                HAL_HCD_MspInit
 .text.HAL_HCD_SOF_Callback
                0x08006ec0        0x8 ./drivers/BSP/usbh_conf.o
                0x08006ec0                HAL_HCD_SOF_Callback
 .text.HAL_HCD_Connect_Callback
                0x08006ec8        0x8 ./drivers/BSP/usbh_conf.o
                0x08006ec8                HAL_HCD_Connect_Callback
 .text.HAL_HCD_Disconnect_Callback
                0x08006ed0        0x8 ./drivers/BSP/usbh_conf.o
                0x08006ed0                HAL_HCD_Disconnect_Callback
 .text.HAL_HCD_HC_NotifyURBChange_Callback
                0x08006ed8        0x4 ./drivers/BSP/usbh_conf.o
                0x08006ed8                HAL_HCD_HC_NotifyURBChange_Callback
 .text.USBH_LL_Init
                0x08006edc       0x54 ./drivers/BSP/usbh_conf.o
                0x08006edc                USBH_LL_Init
 .text.USBH_LL_Start
                0x08006f30       0x10 ./drivers/BSP/usbh_conf.o
                0x08006f30                USBH_LL_Start
 .text.USBH_LL_Stop
                0x08006f40       0x10 ./drivers/BSP/usbh_conf.o
                0x08006f40                USBH_LL_Stop
 .text.USBH_LL_GetSpeed
                0x08006f50       0x1c ./drivers/BSP/usbh_conf.o
                0x08006f50                USBH_LL_GetSpeed
 .text.USBH_LL_ResetPort
                0x08006f6c       0x10 ./drivers/BSP/usbh_conf.o
                0x08006f6c                USBH_LL_ResetPort
 .text.USBH_LL_GetLastXferSize
                0x08006f7c        0x8 ./drivers/BSP/usbh_conf.o
                0x08006f7c                USBH_LL_GetLastXferSize
 .text.USBH_LL_OpenPipe
                0x08006f84       0x24 ./drivers/BSP/usbh_conf.o
                0x08006f84                USBH_LL_OpenPipe
 .text.USBH_LL_ClosePipe
                0x08006fa8       0x10 ./drivers/BSP/usbh_conf.o
                0x08006fa8                USBH_LL_ClosePipe
 .text.USBH_LL_SubmitURB
                0x08006fb8       0x28 ./drivers/BSP/usbh_conf.o
                0x08006fb8                USBH_LL_SubmitURB
 .text.USBH_LL_GetURBState
                0x08006fe0        0x8 ./drivers/BSP/usbh_conf.o
                0x08006fe0                USBH_LL_GetURBState
 .text.USBH_LL_DriverVBUS
                0x08006fe8       0x30 ./drivers/BSP/usbh_conf.o
                0x08006fe8                USBH_LL_DriverVBUS
 .text.USBH_LL_SetToggle
                0x08007018       0x24 ./drivers/BSP/usbh_conf.o
                0x08007018                USBH_LL_SetToggle
 .text.USBH_Delay
                0x0800703c        0x4 ./drivers/BSP/usbh_conf.o
                0x0800703c                USBH_Delay
 .text.MagicFX.part.0
                0x08007040       0x80 ./Synth/MIDI_application.o
 .text.MagicPatch.part.1
                0x080070c0      0x18c ./Synth/MIDI_application.o
 .text.MIDI_Application
                0x0800724c       0x3c ./Synth/MIDI_application.o
                0x0800724c                MIDI_Application
 .text.MagicFX  0x08007288       0x20 ./Synth/MIDI_application.o
                0x08007288                MagicFX
 .text.MagicPatch
                0x080072a8       0x20 ./Synth/MIDI_application.o
                0x080072a8                MagicPatch
 .text.USBH_MIDI_ReceiveCallback
                0x080072c8      0x450 ./Synth/MIDI_application.o
                0x080072c8                USBH_MIDI_ReceiveCallback
 .text.ADSR_init
                0x08007718       0x2c ./Synth/adsr.o
                0x08007718                ADSR_init
 .text.ADSR_keyOn
                0x08007744       0x14 ./Synth/adsr.o
                0x08007744                ADSR_keyOn
 .text.ADSR_keyOff
                0x08007758       0x14 ./Synth/adsr.o
                0x08007758                ADSR_keyOff
 .text.AttTime_set
                0x0800776c       0x40 ./Synth/adsr.o
                0x0800776c                AttTime_set
 .text.DecTime_set
                0x080077ac       0x4c ./Synth/adsr.o
                0x080077ac                DecTime_set
 .text.SustLevel_set
                0x080077f8       0x20 ./Synth/adsr.o
                0x080077f8                SustLevel_set
 .text.RelTime_set
                0x08007818       0x40 ./Synth/adsr.o
                0x08007818                RelTime_set
 .text.ADSR_computeSample
                0x08007858       0xc0 ./Synth/adsr.o
                0x08007858                ADSR_computeSample
 .text.audio_init
                0x08007918       0x28 ./Synth/audio_conf.o
                0x08007918                audio_init
 .text.BSP_AUDIO_OUT_HalfTransfer_CallBack
                0x08007940       0x2c ./Synth/audio_conf.o
                0x08007940                BSP_AUDIO_OUT_HalfTransfer_CallBack
 .text.BSP_AUDIO_OUT_TransferComplete_CallBack
                0x0800796c       0x2c ./Synth/audio_conf.o
                0x0800796c                BSP_AUDIO_OUT_TransferComplete_CallBack
 .text.BSP_AUDIO_OUT_Error_CallBack
                0x08007998        0x4 ./Synth/audio_conf.o
                0x08007998                BSP_AUDIO_OUT_Error_CallBack
 .text.Volume_set
                0x0800799c       0x34 ./Synth/audio_conf.o
                0x0800799c                Volume_set
 .text.VCO_blepsaw_Init
                0x080079d0       0x30 ./Synth/blepvco.o
                0x080079d0                VCO_blepsaw_Init
 .text.VCO_blepsaw_SampleCompute
                0x08007a00      0x2bc ./Synth/blepvco.o
                0x08007a00                VCO_blepsaw_SampleCompute
 .text.VCO_bleprect_Init
                0x08007cbc       0x34 ./Synth/blepvco.o
                0x08007cbc                VCO_bleprect_Init
 .text.VCO_bleprect_SampleCompute
                0x08007cf0      0x71c ./Synth/blepvco.o
                0x08007cf0                VCO_bleprect_SampleCompute
 .text.VCO_bleptri_Init
                0x0800840c       0x34 ./Synth/blepvco.o
                0x0800840c                VCO_bleptri_Init
 .text.VCO_bleptri_SampleCompute
                0x08008440      0x8e0 ./Synth/blepvco.o
                0x08008440                VCO_bleptri_SampleCompute
 .text.Chorus_init
                0x08008d20       0xd0 ./Synth/chorusFD.o
                0x08008d20                Chorus_init
 .text.Chorus_reset
                0x08008df0       0xd8 ./Synth/chorusFD.o
                0x08008df0                Chorus_reset
 .text.ChorusRate_set
                0x08008ec8       0x44 ./Synth/chorusFD.o
                0x08008ec8                ChorusRate_set
 .text.ChorusSecondRate_set
                0x08008f0c       0x44 ./Synth/chorusFD.o
                0x08008f0c                ChorusSecondRate_set
 .text.ChorusDelay_set
                0x08008f50       0x2c ./Synth/chorusFD.o
                0x08008f50                ChorusDelay_set
 .text.ChorusFeedback_set
                0x08008f7c       0x38 ./Synth/chorusFD.o
                0x08008f7c                ChorusFeedback_set
 .text.ChorusSweep_set
                0x08008fb4       0x2c ./Synth/chorusFD.o
                0x08008fb4                ChorusSweep_set
 .text.ChorusMode_switch
                0x08008fe0       0x40 ./Synth/chorusFD.o
                0x08008fe0                ChorusMode_switch
 .text.ChorusFDBsign_switch
                0x08009020       0x54 ./Synth/chorusFD.o
                0x08009020                ChorusFDBsign_switch
 .text.delay_read
                0x08009074      0x140 ./Synth/chorusFD.o
                0x08009074                delay_read
 .text.mono_chorus_compute
                0x080091b4      0x140 ./Synth/chorusFD.o
                0x080091b4                mono_chorus_compute
 .text.stereoChorus_compute
                0x080092f4      0x174 ./Synth/chorusFD.o
                0x080092f4                stereoChorus_compute
 .text.Delay_init
                0x08009468       0x2c ./Synth/delay.o
                0x08009468                Delay_init
 .text.Delay_time_inc
                0x08009494       0x5c ./Synth/delay.o
                0x08009494                Delay_time_inc
 .text.Delay_time_dec
                0x080094f0       0x58 ./Synth/delay.o
                0x080094f0                Delay_time_dec
 .text.Delay_time_set
                0x08009548       0x54 ./Synth/delay.o
                0x08009548                Delay_time_set
 .text.DelayFeedback_set
                0x0800959c       0x20 ./Synth/delay.o
                0x0800959c                DelayFeedback_set
 .text.DelayWet_set
                0x080095bc       0x20 ./Synth/delay.o
                0x080095bc                DelayWet_set
 .text.Delay_compute
                0x080095dc       0xc0 ./Synth/delay.o
                0x080095dc                Delay_compute
 .text.Drifter_amp_set
                0x0800969c       0x2c ./Synth/drifter.o
                0x0800969c                Drifter_amp_set
 .text.Drifter_minFreq_set
                0x080096c8       0x40 ./Synth/drifter.o
                0x080096c8                Drifter_minFreq_set
 .text.Drifter_maxFreq_set
                0x08009708       0x60 ./Synth/drifter.o
                0x08009708                Drifter_maxFreq_set
 .text.drifter_nextSample
                0x08009768       0x98 ./Synth/drifter.o
                0x08009768                drifter_nextSample
 .text.d1_drifter_nextSample
                0x08009800       0xa4 ./Synth/drifter.o
                0x08009800                d1_drifter_nextSample
 .text.d2_drifter_nextSample
                0x080098a4       0xa4 ./Synth/drifter.o
                0x080098a4                d2_drifter_nextSample
 .text.drifter_init
                0x08009948      0x138 ./Synth/drifter.o
                0x08009948                drifter_init
 .text.USBH_UserProcess_callback
                0x08009a80       0x58 ./Synth/main.o
 .text.ButtonPressed_action
                0x08009ad8       0x20 ./Synth/main.o
                0x08009ad8                ButtonPressed_action
 .text.ButtonReleased_action
                0x08009af8        0x4 ./Synth/main.o
                0x08009af8                ButtonReleased_action
 .text.Error_Handler
                0x08009afc        0xc ./Synth/main.o
                0x08009afc                Error_Handler
 .text.startup.main
                0x08009b08       0xe8 ./Synth/main.o
                0x08009b08                main
 .text.HAL_GPIO_EXTI_Callback
                0x08009bf0        0x4 ./Synth/main.o
                0x08009bf0                HAL_GPIO_EXTI_Callback
 .text.Lin2Exp  0x08009bf4       0x30 ./Synth/math_tools.o
                0x08009bf4                Lin2Exp
 .text.tanhXdX  0x08009c24       0x3c ./Synth/math_tools.o
                0x08009c24                tanhXdX
 .text.fastTanh
                0x08009c60       0x50 ./Synth/math_tools.o
                0x08009c60                fastTanh
 .text.softClipTwo
                0x08009cb0       0x48 ./Synth/math_tools.o
                0x08009cb0                softClipTwo
 .text.fastTan  0x08009cf8       0x30 ./Synth/math_tools.o
                0x08009cf8                fastTan
 .text.osc_init
                0x08009d28       0x1c ./Synth/oscillators.o
                0x08009d28                osc_init
 .text.Drifter_centralFreq_set
                0x08009d44       0x20 ./Synth/oscillators.o
                0x08009d44                Drifter_centralFreq_set
 .text.Drifters_sampleCompute
                0x08009d64      0x36c ./Synth/oscillators.o
                0x08009d64                Drifters_sampleCompute
 .text.FM_op_freq_set
                0x0800a0d0       0x1c ./Synth/oscillators.o
                0x0800a0d0                FM_op_freq_set
 .text.FM_op_modInd_set
                0x0800a0ec       0x2c ./Synth/oscillators.o
                0x0800a0ec                FM_op_modInd_set
 .text.FM2_sampleCompute
                0x0800a118      0x274 ./Synth/oscillators.o
                0x0800a118                FM2_sampleCompute
 .text.Osc_WT_SINE_SampleCompute
                0x0800a38c       0x98 ./Synth/oscillators.o
                0x0800a38c                Osc_WT_SINE_SampleCompute
 .text.OpSampleCompute7bis
                0x0800a424       0xa8 ./Synth/oscillators.o
                0x0800a424                OpSampleCompute7bis
 .text.AdditiveGen_newWaveform
                0x0800a4cc       0x6c ./Synth/oscillators.o
                0x0800a4cc                AdditiveGen_newWaveform
 .text.waveCompute
                0x0800a538      0xfb0 ./Synth/oscillators.o
                0x0800a538                waveCompute
 .text.PhaserInit
                0x0800b4e8       0x8c ./Synth/phaser.o
                0x0800b4e8                PhaserInit
 .text.Phaser_Rate_set
                0x0800b574       0x4c ./Synth/phaser.o
                0x0800b574                Phaser_Rate_set
 .text.Phaser_Feedback_set
                0x0800b5c0       0x2c ./Synth/phaser.o
                0x0800b5c0                Phaser_Feedback_set
 .text.Phaser_Wet_set
                0x0800b5ec       0x20 ./Synth/phaser.o
                0x0800b5ec                Phaser_Wet_set
 .text.Phaser_compute
                0x0800b60c      0x158 ./Synth/phaser.o
                0x0800b60c                Phaser_compute
 .text.HAL_RNG_MspInit
                0x0800b764       0x20 ./Synth/random.o
                0x0800b764                HAL_RNG_MspInit
 .text.randomGen_init
                0x0800b784       0x28 ./Synth/random.o
                0x0800b784                randomGen_init
 .text.frand_a_b
                0x0800b7ac       0x2c ./Synth/random.o
                0x0800b7ac                frand_a_b
 .text.MIDIrandVal
                0x0800b7d8       0x2c ./Synth/random.o
                0x0800b7d8                MIDIrandVal
 .text.SVF_directSetFilterValue
                0x0800b804       0x58 ./Synth/resonantFilter.o
                0x0800b804                SVF_directSetFilterValue
 .text.SVF_init
                0x0800b85c       0x74 ./Synth/resonantFilter.o
                0x0800b85c                SVF_init
 .text.Filter1Freq_set
                0x0800b8d0       0x78 ./Synth/resonantFilter.o
                0x0800b8d0                Filter1Freq_set
 .text.Filter1Res_set
                0x0800b948       0x40 ./Synth/resonantFilter.o
                0x0800b948                Filter1Res_set
 .text.Filter1Drive_set
                0x0800b988       0x2c ./Synth/resonantFilter.o
                0x0800b988                Filter1Drive_set
 .text.Filter1Type_set
                0x0800b9b4       0x28 ./Synth/resonantFilter.o
                0x0800b9b4                Filter1Type_set
 .text.Filter2Freq_set
                0x0800b9dc       0x78 ./Synth/resonantFilter.o
                0x0800b9dc                Filter2Freq_set
 .text.Filter2Res_set
                0x0800ba54       0x40 ./Synth/resonantFilter.o
                0x0800ba54                Filter2Res_set
 .text.Filter2Drive_set
                0x0800ba94       0x2c ./Synth/resonantFilter.o
                0x0800ba94                Filter2Drive_set
 .text.Filter2Type_set
                0x0800bac0       0x2c ./Synth/resonantFilter.o
                0x0800bac0                Filter2Type_set
 .text.SVF_calcSample
                0x0800baec      0x1b4 ./Synth/resonantFilter.o
                0x0800baec                SVF_calcSample
 .text.seq_gateTime_set
                0x0800bca0       0x48 ./Synth/sequencer.o
                0x0800bca0                seq_gateTime_set
 .text.seq_transp
                0x0800bce8       0x28 ./Synth/sequencer.o
                0x0800bce8                seq_transp
 .text.seq_scale_set
                0x0800bd10       0x54 ./Synth/sequencer.o
                0x0800bd10                seq_scale_set
 .text.seq_switchMovingSeq
                0x0800bd64       0x14 ./Synth/sequencer.o
                0x0800bd64                seq_switchMovingSeq
 .text.seq_switchMute
                0x0800bd78       0x1c ./Synth/sequencer.o
                0x0800bd78                seq_switchMute
 .text.seq_freqMax_set
                0x0800bd94       0x30 ./Synth/sequencer.o
                0x0800bd94                seq_freqMax_set
 .text.seq_tempo_set
                0x0800bdc4       0x48 ./Synth/sequencer.o
                0x0800bdc4                seq_tempo_set
 .text.seq_sequence_new
                0x0800be0c       0x88 ./Synth/sequencer.o
                0x0800be0c                seq_sequence_new
 .text.seq_transpose
                0x0800be94       0x50 ./Synth/sequencer.o
                0x0800be94                seq_transpose
 .text.sequencer_init
                0x0800bee4       0xe0 ./Synth/sequencer.o
                0x0800bee4                sequencer_init
 .text.sequencer_process
                0x0800bfc4       0x40 ./Synth/sequencer.o
                0x0800bfc4                sequencer_process
 .text.autoSound_set
                0x0800c004        0xc ./Synth/soundGen.o
                0x0800c004                autoSound_set
 .text.RandSound1
                0x0800c010       0x34 ./Synth/soundGen.o
                0x0800c010                RandSound1
 .text.RandSound2
                0x0800c044       0x34 ./Synth/soundGen.o
                0x0800c044                RandSound2
 .text.soundNumber_get
                0x0800c078        0xc ./Synth/soundGen.o
                0x0800c078                soundNumber_get
 .text.DemoMode_toggle
                0x0800c084       0x2c ./Synth/soundGen.o
                0x0800c084                DemoMode_toggle
 .text.AmpLFO_amp_set
                0x0800c0b0       0x20 ./Synth/soundGen.o
                0x0800c0b0                AmpLFO_amp_set
 .text.AmpLFO_freq_set
                0x0800c0d0       0x20 ./Synth/soundGen.o
                0x0800c0d0                AmpLFO_freq_set
 .text.Filt1LFO_amp_set
                0x0800c0f0       0x20 ./Synth/soundGen.o
                0x0800c0f0                Filt1LFO_amp_set
 .text.Filt1LFO_freq_set
                0x0800c110       0x20 ./Synth/soundGen.o
                0x0800c110                Filt1LFO_freq_set
 .text.Filt2LFO_amp_set
                0x0800c130       0x20 ./Synth/soundGen.o
                0x0800c130                Filt2LFO_amp_set
 .text.Filt2LFO_freq_set
                0x0800c150       0x20 ./Synth/soundGen.o
                0x0800c150                Filt2LFO_freq_set
 .text.VibratoAmp_set
                0x0800c170       0x20 ./Synth/soundGen.o
                0x0800c170                VibratoAmp_set
 .text.VibratoFreq_set
                0x0800c190       0x20 ./Synth/soundGen.o
                0x0800c190                VibratoFreq_set
 .text.SynthOut_switch
                0x0800c1b0       0xa4 ./Synth/soundGen.o
                0x0800c1b0                SynthOut_switch
 .text.SynthOut_amp_set
                0x0800c254       0x64 ./Synth/soundGen.o
                0x0800c254                SynthOut_amp_set
 .text.Delay_switch
                0x0800c2b8       0x14 ./Synth/soundGen.o
                0x0800c2b8                Delay_switch
 .text.Filter_Random_switch
                0x0800c2cc       0x14 ./Synth/soundGen.o
                0x0800c2cc                Filter_Random_switch
 .text.Chorus_switch
                0x0800c2e0       0x14 ./Synth/soundGen.o
                0x0800c2e0                Chorus_switch
 .text.Phaser_switch
                0x0800c2f4       0x14 ./Synth/soundGen.o
                0x0800c2f4                Phaser_switch
 .text.Sound_set
                0x0800c308       0x44 ./Synth/soundGen.o
                0x0800c308                Sound_set
 .text.FM_OP1_freq_set
                0x0800c34c        0xc ./Synth/soundGen.o
                0x0800c34c                FM_OP1_freq_set
 .text.FM_OP1_modInd_set
                0x0800c358        0xc ./Synth/soundGen.o
                0x0800c358                FM_OP1_modInd_set
 .text.FM_OP2_freq_set
                0x0800c364       0x24 ./Synth/soundGen.o
                0x0800c364                FM_OP2_freq_set
 .text.FM_OP2_freqMul_inc
                0x0800c388       0x38 ./Synth/soundGen.o
                0x0800c388                FM_OP2_freqMul_inc
 .text.FM_OP2_freqMul_dec
                0x0800c3c0       0x38 ./Synth/soundGen.o
                0x0800c3c0                FM_OP2_freqMul_dec
 .text.FM_OP2_modInd_set
                0x0800c3f8        0xc ./Synth/soundGen.o
                0x0800c3f8                FM_OP2_modInd_set
 .text.FM_OP3_freq_set
                0x0800c404       0x24 ./Synth/soundGen.o
                0x0800c404                FM_OP3_freq_set
 .text.FM_OP3_modInd_set
                0x0800c428        0xc ./Synth/soundGen.o
                0x0800c428                FM_OP3_modInd_set
 .text.FM_OP3_freqMul_inc
                0x0800c434       0x38 ./Synth/soundGen.o
                0x0800c434                FM_OP3_freqMul_inc
 .text.FM_OP3_freqMul_dec
                0x0800c46c       0x38 ./Synth/soundGen.o
                0x0800c46c                FM_OP3_freqMul_dec
 .text.FM_OP4_freq_set
                0x0800c4a4       0x24 ./Synth/soundGen.o
                0x0800c4a4                FM_OP4_freq_set
 .text.FM_OP4_modInd_set
                0x0800c4c8        0xc ./Synth/soundGen.o
                0x0800c4c8                FM_OP4_modInd_set
 .text.FM_OP4_freqMul_inc
                0x0800c4d4       0x38 ./Synth/soundGen.o
                0x0800c4d4                FM_OP4_freqMul_inc
 .text.FM_OP4_freqMul_dec
                0x0800c50c       0x38 ./Synth/soundGen.o
                0x0800c50c                FM_OP4_freqMul_dec
 .text.Synth_Init
                0x0800c544      0x12c ./Synth/soundGen.o
                0x0800c544                Synth_Init
 .text.sequencer_newStep_action
                0x0800c670      0x178 ./Synth/soundGen.o
                0x0800c670                sequencer_newStep_action
 .text.sequencer_newSequence_action
                0x0800c7e8       0x28 ./Synth/soundGen.o
                0x0800c7e8                sequencer_newSequence_action
 .text.make_sound
                0x0800c810      0x22c ./Synth/soundGen.o
                0x0800c810                make_sound
 .text.TimingDelay_Decrement
                0x0800ca3c       0x20 ./Synth/timers.o
                0x0800ca3c                TimingDelay_Decrement
 .text.update_temporized_LED
                0x0800ca5c       0x18 ./Synth/timers.o
                0x0800ca5c                update_temporized_LED
 .text.DebounceUserButton
                0x0800ca74       0x60 ./Synth/timers.o
                0x0800ca74                DebounceUserButton
 .text.__libc_init_array
                0x0800cad4       0x50 c:/program files/gnu tools arm embedded/4.9 2014q4/bin/../lib/gcc/arm-none-eabi/4.9.3/../../../../arm-none-eabi/lib/armv7e-m/fpu\libc.a(lib_a-init.o)
                0x0800cad4                __libc_init_array
 .text.malloc   0x0800cb24       0x10 c:/program files/gnu tools arm embedded/4.9 2014q4/bin/../lib/gcc/arm-none-eabi/4.9.3/../../../../arm-none-eabi/lib/armv7e-m/fpu\libc.a(lib_a-malloc.o)
                0x0800cb24                malloc
 .text.free     0x0800cb34       0x10 c:/program files/gnu tools arm embedded/4.9 2014q4/bin/../lib/gcc/arm-none-eabi/4.9.3/../../../../arm-none-eabi/lib/armv7e-m/fpu\libc.a(lib_a-malloc.o)
                0x0800cb34                free
 .text._malloc_r
                0x0800cb44      0x51c c:/program files/gnu tools arm embedded/4.9 2014q4/bin/../lib/gcc/arm-none-eabi/4.9.3/../../../../arm-none-eabi/lib/armv7e-m/fpu\libc.a(lib_a-mallocr.o)
                0x0800cb44                _malloc_r
 .text.memset   0x0800d060       0x9c c:/program files/gnu tools arm embedded/4.9 2014q4/bin/../lib/gcc/arm-none-eabi/4.9.3/../../../../arm-none-eabi/lib/armv7e-m/fpu\libc.a(lib_a-memset.o)
                0x0800d060                memset
 .text.__malloc_lock
                0x0800d0fc        0x4 c:/program files/gnu tools arm embedded/4.9 2014q4/bin/../lib/gcc/arm-none-eabi/4.9.3/../../../../arm-none-eabi/lib/armv7e-m/fpu\libc.a(lib_a-mlock.o)
                0x0800d0fc                __malloc_lock
 .text.__malloc_unlock
                0x0800d100        0x4 c:/program files/gnu tools arm embedded/4.9 2014q4/bin/../lib/gcc/arm-none-eabi/4.9.3/../../../../arm-none-eabi/lib/armv7e-m/fpu\libc.a(lib_a-mlock.o)
                0x0800d100                __malloc_unlock
 .text.srand    0x0800d104       0x14 c:/program files/gnu tools arm embedded/4.9 2014q4/bin/../lib/gcc/arm-none-eabi/4.9.3/../../../../arm-none-eabi/lib/armv7e-m/fpu\libc.a(lib_a-rand.o)
                0x0800d104                srand
 .text.rand     0x0800d118       0x40 c:/program files/gnu tools arm embedded/4.9 2014q4/bin/../lib/gcc/arm-none-eabi/4.9.3/../../../../arm-none-eabi/lib/armv7e-m/fpu\libc.a(lib_a-rand.o)
                0x0800d118                rand
 .text._sbrk_r  0x0800d158       0x24 c:/program files/gnu tools arm embedded/4.9 2014q4/bin/../lib/gcc/arm-none-eabi/4.9.3/../../../../arm-none-eabi/lib/armv7e-m/fpu\libc.a(lib_a-sbrkr.o)
                0x0800d158                _sbrk_r
 .text.startup.register_fini
                0x0800d17c       0x14 c:/program files/gnu tools arm embedded/4.9 2014q4/bin/../lib/gcc/arm-none-eabi/4.9.3/../../../../arm-none-eabi/lib/armv7e-m/fpu\libc.a(lib_a-__call_atexit.o)
 .text.atexit   0x0800d190        0xc c:/program files/gnu tools arm embedded/4.9 2014q4/bin/../lib/gcc/arm-none-eabi/4.9.3/../../../../arm-none-eabi/lib/armv7e-m/fpu\libc.a(lib_a-atexit.o)
                0x0800d190                atexit
 .text.__libc_fini_array
                0x0800d19c       0x2c c:/program files/gnu tools arm embedded/4.9 2014q4/bin/../lib/gcc/arm-none-eabi/4.9.3/../../../../arm-none-eabi/lib/armv7e-m/fpu\libc.a(lib_a-fini.o)
                0x0800d19c                __libc_fini_array
 .text._malloc_trim_r
                0x0800d1c8       0x9c c:/program files/gnu tools arm embedded/4.9 2014q4/bin/../lib/gcc/arm-none-eabi/4.9.3/../../../../arm-none-eabi/lib/armv7e-m/fpu\libc.a(lib_a-freer.o)
                0x0800d1c8                _malloc_trim_r
 .text._free_r  0x0800d264      0x1b0 c:/program files/gnu tools arm embedded/4.9 2014q4/bin/../lib/gcc/arm-none-eabi/4.9.3/../../../../arm-none-eabi/lib/armv7e-m/fpu\libc.a(lib_a-freer.o)
                0x0800d264                _free_r
 .text.__register_exitproc
                0x0800d414       0xa4 c:/program files/gnu tools arm embedded/4.9 2014q4/bin/../lib/gcc/arm-none-eabi/4.9.3/../../../../arm-none-eabi/lib/armv7e-m/fpu\libc.a(lib_a-__atexit.o)
                0x0800d414                __register_exitproc
 .text._sbrk    0x0800d4b8       0x1c c:/program files/gnu tools arm embedded/4.9 2014q4/bin/../lib/gcc/arm-none-eabi/4.9.3/../../../../arm-none-eabi/lib/armv7e-m/fpu\libnosys.a(sbrk.o)
                0x0800d4b8                _sbrk
 .text.floorf   0x0800d4d4       0x90 c:/program files/gnu tools arm embedded/4.9 2014q4/bin/../lib/gcc/arm-none-eabi/4.9.3/../../../../arm-none-eabi/lib/armv7e-m/fpu\libm.a(lib_a-sf_floor.o)
                0x0800d4d4                floorf
 .text.lrintf   0x0800d564       0x8c c:/program files/gnu tools arm embedded/4.9 2014q4/bin/../lib/gcc/arm-none-eabi/4.9.3/../../../../arm-none-eabi/lib/armv7e-m/fpu\libm.a(lib_a-sf_lrint.o)
                0x0800d564                lrintf
 .text.rintf    0x0800d5f0       0xd0 c:/program files/gnu tools arm embedded/4.9 2014q4/bin/../lib/gcc/arm-none-eabi/4.9.3/../../../../arm-none-eabi/lib/armv7e-m/fpu\libm.a(lib_a-sf_rint.o)
                0x0800d5f0                rintf
 .text.sinf     0x0800d6c0       0x7c c:/program files/gnu tools arm embedded/4.9 2014q4/bin/../lib/gcc/arm-none-eabi/4.9.3/../../../../arm-none-eabi/lib/armv7e-m/fpu\libm.a(lib_a-sf_sin.o)
                0x0800d6c0                sinf
 .text.powf     0x0800d73c      0x344 c:/program files/gnu tools arm embedded/4.9 2014q4/bin/../lib/gcc/arm-none-eabi/4.9.3/../../../../arm-none-eabi/lib/armv7e-m/fpu\libm.a(lib_a-wf_pow.o)
                0x0800d73c                powf
 .text.__ieee754_powf
                0x0800da80      0x5f0 c:/program files/gnu tools arm embedded/4.9 2014q4/bin/../lib/gcc/arm-none-eabi/4.9.3/../../../../arm-none-eabi/lib/armv7e-m/fpu\libm.a(lib_a-ef_pow.o)
                0x0800da80                __ieee754_powf
 .text.__ieee754_rem_pio2f
                0x0800e070      0x290 c:/program files/gnu tools arm embedded/4.9 2014q4/bin/../lib/gcc/arm-none-eabi/4.9.3/../../../../arm-none-eabi/lib/armv7e-m/fpu\libm.a(lib_a-ef_rem_pio2.o)
                0x0800e070                __ieee754_rem_pio2f
 .text.__ieee754_sqrtf
                0x0800e300       0xa4 c:/program files/gnu tools arm embedded/4.9 2014q4/bin/../lib/gcc/arm-none-eabi/4.9.3/../../../../arm-none-eabi/lib/armv7e-m/fpu\libm.a(lib_a-ef_sqrt.o)
                0x0800e300                __ieee754_sqrtf
 .text.__kernel_cosf
                0x0800e3a4      0x104 c:/program files/gnu tools arm embedded/4.9 2014q4/bin/../lib/gcc/arm-none-eabi/4.9.3/../../../../arm-none-eabi/lib/armv7e-m/fpu\libm.a(lib_a-kf_cos.o)
                0x0800e3a4                __kernel_cosf
 .text.__kernel_rem_pio2f
                0x0800e4a8      0x5e4 c:/program files/gnu tools arm embedded/4.9 2014q4/bin/../lib/gcc/arm-none-eabi/4.9.3/../../../../arm-none-eabi/lib/armv7e-m/fpu\libm.a(lib_a-kf_rem_pio2.o)
                0x0800e4a8                __kernel_rem_pio2f
 .text.__kernel_sinf
                0x0800ea8c       0x90 c:/program files/gnu tools arm embedded/4.9 2014q4/bin/../lib/gcc/arm-none-eabi/4.9.3/../../../../arm-none-eabi/lib/armv7e-m/fpu\libm.a(lib_a-kf_sin.o)
                0x0800ea8c                __kernel_sinf
 .text.matherr  0x0800eb1c        0x4 c:/program files/gnu tools arm embedded/4.9 2014q4/bin/../lib/gcc/arm-none-eabi/4.9.3/../../../../arm-none-eabi/lib/armv7e-m/fpu\libm.a(lib_a-s_matherr.o)
                0x0800eb1c                matherr
 .text.rint     0x0800eb20      0x124 c:/program files/gnu tools arm embedded/4.9 2014q4/bin/../lib/gcc/arm-none-eabi/4.9.3/../../../../arm-none-eabi/lib/armv7e-m/fpu\libm.a(lib_a-s_rint.o)
                0x0800eb20                rint
 .text.fabsf    0x0800ec44       0x10 c:/program files/gnu tools arm embedded/4.9 2014q4/bin/../lib/gcc/arm-none-eabi/4.9.3/../../../../arm-none-eabi/lib/armv7e-m/fpu\libm.a(lib_a-sf_fabs.o)
                0x0800ec44                fabsf
 .text.finitef  0x0800ec54       0x14 c:/program files/gnu tools arm embedded/4.9 2014q4/bin/../lib/gcc/arm-none-eabi/4.9.3/../../../../arm-none-eabi/lib/armv7e-m/fpu\libm.a(lib_a-sf_finite.o)
                0x0800ec54                finitef
 .text.__fpclassifyf
                0x0800ec68       0x38 c:/program files/gnu tools arm embedded/4.9 2014q4/bin/../lib/gcc/arm-none-eabi/4.9.3/../../../../arm-none-eabi/lib/armv7e-m/fpu\libm.a(lib_a-sf_fpclassify.o)
                0x0800ec68                __fpclassifyf
 .text.nanf     0x0800eca0        0xc c:/program files/gnu tools arm embedded/4.9 2014q4/bin/../lib/gcc/arm-none-eabi/4.9.3/../../../../arm-none-eabi/lib/armv7e-m/fpu\libm.a(lib_a-sf_nan.o)
                0x0800eca0                nanf
 .text.scalbnf  0x0800ecac       0xd0 c:/program files/gnu tools arm embedded/4.9 2014q4/bin/../lib/gcc/arm-none-eabi/4.9.3/../../../../arm-none-eabi/lib/armv7e-m/fpu\libm.a(lib_a-sf_scalbn.o)
                0x0800ecac                scalbnf
 .text.copysignf
                0x0800ed7c       0x18 c:/program files/gnu tools arm embedded/4.9 2014q4/bin/../lib/gcc/arm-none-eabi/4.9.3/../../../../arm-none-eabi/lib/armv7e-m/fpu\libm.a(lib_a-sf_copysign.o)
                0x0800ed7c                copysignf
 *(.glue_7)
 .glue_7        0x00000000        0x0 linker stubs
 *(.glue_7t)
 .glue_7t       0x00000000        0x0 linker stubs
 *(.eh_frame)
 .eh_frame      0x0800ed94        0x0 c:/program files/gnu tools arm embedded/4.9 2014q4/bin/../lib/gcc/arm-none-eabi/4.9.3/armv7e-m/fpu/crtbegin.o
 *(.init)
 .init          0x0800ed94        0x4 c:/program files/gnu tools arm embedded/4.9 2014q4/bin/../lib/gcc/arm-none-eabi/4.9.3/armv7e-m/fpu/crti.o
                0x0800ed94                _init
 .init          0x0800ed98        0x8 c:/program files/gnu tools arm embedded/4.9 2014q4/bin/../lib/gcc/arm-none-eabi/4.9.3/armv7e-m/fpu/crtn.o
 *(.fini)
 .fini          0x0800eda0        0x4 c:/program files/gnu tools arm embedded/4.9 2014q4/bin/../lib/gcc/arm-none-eabi/4.9.3/armv7e-m/fpu/crti.o
                0x0800eda0                _fini
 .fini          0x0800eda4        0x8 c:/program files/gnu tools arm embedded/4.9 2014q4/bin/../lib/gcc/arm-none-eabi/4.9.3/armv7e-m/fpu/crtn.o
 *fill*         0x0800edac        0x4 
 .fini.__stub   0x0800edb0       0x10 linker stubs
                0x0800edc0                . = ALIGN (0x4)
                0x0800edc0                _etext = .

.vfp11_veneer   0x0800edc0        0x0
 .vfp11_veneer  0x00000000        0x0 linker stubs

.v4_bx          0x0800edc0        0x0
 .v4_bx         0x00000000        0x0 linker stubs

.iplt           0x0800edc0        0x0
 .iplt          0x00000000        0x0 c:/program files/gnu tools arm embedded/4.9 2014q4/bin/../lib/gcc/arm-none-eabi/4.9.3/armv7e-m/fpu/crtbegin.o

.rodata         0x0800edc0     0xed98
                0x0800edc0                . = ALIGN (0x4)
 *(.rodata)
 *(.rodata*)
 .rodata.str1.4
                0x0800edc0        0x5 ./drivers/USBH_midi_class/Src/usbh_MIDI.o
                                  0x8 (size before relaxing)
 *fill*         0x0800edc5        0x3 
 .rodata.APBAHBPrescTable
                0x0800edc8       0x10 ./drivers/STM32F4xx_HAL_Driver/Src/stm32f4xx_hal_rcc.o
                0x0800edc8                APBAHBPrescTable
 .rodata.GPIO_PIN
                0x0800edd8        0x8 ./drivers/BSP/stm32f4_discovery.o
                0x0800edd8                GPIO_PIN
 .rodata.CSWTCH.11
                0x0800ede0        0x4 ./drivers/BSP/usbh_conf.o
 .rodata.step_dd_table
                0x0800ede4     0x9008 ./Synth/minblep_tables.o
                0x0800ede4                step_dd_table
 .rodata.slope_dd_table
                0x08017dec     0x4704 ./Synth/minblep_tables.o
                0x08017dec                slope_dd_table
 .rodata.MIDIscale04
                0x0801c4f0        0x8 ./Synth/notesTables.o
                0x0801c4f0                MIDIscale04
 .rodata.MIDIscale10
                0x0801c4f8        0x8 ./Synth/notesTables.o
                0x0801c4f8                MIDIscale10
 .rodata.MIDIscale11
                0x0801c500        0x8 ./Synth/notesTables.o
                0x0801c500                MIDIscale11
 .rodata.MIDIscale12
                0x0801c508       0x10 ./Synth/notesTables.o
                0x0801c508                MIDIscale12
 .rodata.MIDIscale13
                0x0801c518        0x4 ./Synth/notesTables.o
                0x0801c518                MIDIscale13
 .rodata.MIDIscale14
                0x0801c51c        0x4 ./Synth/notesTables.o
                0x0801c51c                MIDIscale14
 .rodata.notesFreq
                0x0801c520      0x1ac ./Synth/notesTables.o
                0x0801c520                notesFreq
 .rodata.MIDIscale05
                0x0801c6cc        0x8 ./Synth/notesTables.o
                0x0801c6cc                MIDIscale05
 .rodata.MIDIscale06
                0x0801c6d4        0x8 ./Synth/notesTables.o
                0x0801c6d4                MIDIscale06
 .rodata.MIDIscale07
                0x0801c6dc        0x4 ./Synth/notesTables.o
                0x0801c6dc                MIDIscale07
 .rodata.MIDIscale08
                0x0801c6e0        0x4 ./Synth/notesTables.o
                0x0801c6e0                MIDIscale08
 .rodata.MIDIscale09
                0x0801c6e4        0x4 ./Synth/notesTables.o
                0x0801c6e4                MIDIscale09
 .rodata.MIDIscale01
                0x0801c6e8        0x8 ./Synth/notesTables.o
                0x0801c6e8                MIDIscale01
 .rodata.MIDIscale02
                0x0801c6f0        0x8 ./Synth/notesTables.o
                0x0801c6f0                MIDIscale02
 .rodata.MIDIscale03
                0x0801c6f8        0x8 ./Synth/notesTables.o
                0x0801c6f8                MIDIscale03
 .rodata.CSWTCH.11
                0x0801c700       0x3c ./Synth/sequencer.o
 .rodata.sinetable
                0x0801c73c     0x1004 ./Synth/sinetable.o
                0x0801c73c                sinetable
 .rodata.str1.4
                0x0801d740        0x2 c:/program files/gnu tools arm embedded/4.9 2014q4/bin/../lib/gcc/arm-none-eabi/4.9.3/../../../../arm-none-eabi/lib/armv7e-m/fpu\libc.a(lib_a-impure.o)
                                  0x4 (size before relaxing)
 *fill*         0x0801d742        0x2 
 .rodata._global_impure_ptr
                0x0801d744        0x4 c:/program files/gnu tools arm embedded/4.9 2014q4/bin/../lib/gcc/arm-none-eabi/4.9.3/../../../../arm-none-eabi/lib/armv7e-m/fpu\libc.a(lib_a-impure.o)
                0x0801d744                _global_impure_ptr
 .rodata.TWO23  0x0801d748        0x8 c:/program files/gnu tools arm embedded/4.9 2014q4/bin/../lib/gcc/arm-none-eabi/4.9.3/../../../../arm-none-eabi/lib/armv7e-m/fpu\libm.a(lib_a-sf_lrint.o)
 .rodata.TWO23  0x0801d750        0x8 c:/program files/gnu tools arm embedded/4.9 2014q4/bin/../lib/gcc/arm-none-eabi/4.9.3/../../../../arm-none-eabi/lib/armv7e-m/fpu\libm.a(lib_a-sf_rint.o)
 .rodata.str1.4
                0x0801d758        0x5 c:/program files/gnu tools arm embedded/4.9 2014q4/bin/../lib/gcc/arm-none-eabi/4.9.3/../../../../arm-none-eabi/lib/armv7e-m/fpu\libm.a(lib_a-wf_pow.o)
                                  0x8 (size before relaxing)
 *fill*         0x0801d75d        0x3 
 .rodata.dp_h   0x0801d760        0x8 c:/program files/gnu tools arm embedded/4.9 2014q4/bin/../lib/gcc/arm-none-eabi/4.9.3/../../../../arm-none-eabi/lib/armv7e-m/fpu\libm.a(lib_a-ef_pow.o)
 .rodata.dp_l   0x0801d768        0x8 c:/program files/gnu tools arm embedded/4.9 2014q4/bin/../lib/gcc/arm-none-eabi/4.9.3/../../../../arm-none-eabi/lib/armv7e-m/fpu\libm.a(lib_a-ef_pow.o)
 .rodata.bp     0x0801d770        0x8 c:/program files/gnu tools arm embedded/4.9 2014q4/bin/../lib/gcc/arm-none-eabi/4.9.3/../../../../arm-none-eabi/lib/armv7e-m/fpu\libm.a(lib_a-ef_pow.o)
 .rodata.str1.4
                0x00000000        0x8 c:/program files/gnu tools arm embedded/4.9 2014q4/bin/../lib/gcc/arm-none-eabi/4.9.3/../../../../arm-none-eabi/lib/armv7e-m/fpu\libm.a(lib_a-ef_pow.o)
                                  0x4 (size before relaxing)
 .rodata.npio2_hw
                0x0801d778       0x80 c:/program files/gnu tools arm embedded/4.9 2014q4/bin/../lib/gcc/arm-none-eabi/4.9.3/../../../../arm-none-eabi/lib/armv7e-m/fpu\libm.a(lib_a-ef_rem_pio2.o)
 .rodata.two_over_pi
                0x0801d7f8      0x318 c:/program files/gnu tools arm embedded/4.9 2014q4/bin/../lib/gcc/arm-none-eabi/4.9.3/../../../../arm-none-eabi/lib/armv7e-m/fpu\libm.a(lib_a-ef_rem_pio2.o)
 .rodata.init_jk
                0x0801db10        0xc c:/program files/gnu tools arm embedded/4.9 2014q4/bin/../lib/gcc/arm-none-eabi/4.9.3/../../../../arm-none-eabi/lib/armv7e-m/fpu\libm.a(lib_a-kf_rem_pio2.o)
 .rodata.PIo2   0x0801db1c       0x2c c:/program files/gnu tools arm embedded/4.9 2014q4/bin/../lib/gcc/arm-none-eabi/4.9.3/../../../../arm-none-eabi/lib/armv7e-m/fpu\libm.a(lib_a-kf_rem_pio2.o)
 .rodata.TWO52  0x0801db48       0x10 c:/program files/gnu tools arm embedded/4.9 2014q4/bin/../lib/gcc/arm-none-eabi/4.9.3/../../../../arm-none-eabi/lib/armv7e-m/fpu\libm.a(lib_a-s_rint.o)
                0x0801db58                . = ALIGN (0x4)

.rel.dyn        0x0801db58        0x0
 .rel.iplt      0x00000000        0x0 c:/program files/gnu tools arm embedded/4.9 2014q4/bin/../lib/gcc/arm-none-eabi/4.9.3/armv7e-m/fpu/crtbegin.o

.ARM.extab
 *(.ARM.extab* .gnu.linkonce.armextab.*)

.ARM            0x0801db58        0x0
                0x0801db58                __exidx_start = .
 *(.ARM.exidx*)
                0x0801db58                __exidx_end = .

.preinit_array  0x0801db58        0x0
                0x0801db58                PROVIDE (__preinit_array_start, .)
 *(.preinit_array*)
                0x0801db58                PROVIDE (__preinit_array_end, .)

.init_array     0x0801db58        0x8
                0x0801db58                PROVIDE (__init_array_start, .)
 *(SORT(.init_array.*))
 .init_array.00000
                0x0801db58        0x4 c:/program files/gnu tools arm embedded/4.9 2014q4/bin/../lib/gcc/arm-none-eabi/4.9.3/../../../../arm-none-eabi/lib/armv7e-m/fpu\libc.a(lib_a-__call_atexit.o)
 *(.init_array*)
 .init_array    0x0801db5c        0x4 c:/program files/gnu tools arm embedded/4.9 2014q4/bin/../lib/gcc/arm-none-eabi/4.9.3/armv7e-m/fpu/crtbegin.o
                0x0801db60                PROVIDE (__init_array_end, .)

.fini_array     0x0801db60        0x4
                0x0801db60                PROVIDE (__fini_array_start, .)
 *(SORT(.fini_array.*))
 *(.fini_array*)
 .fini_array    0x0801db60        0x4 c:/program files/gnu tools arm embedded/4.9 2014q4/bin/../lib/gcc/arm-none-eabi/4.9.3/armv7e-m/fpu/crtbegin.o
                0x0801db64                PROVIDE (__fini_array_end, .)
                0x0801db64                _sidata = LOADADDR (.data)

.data           0x20000000      0x8c8 load address 0x0801db64
                0x20000000                . = ALIGN (0x4)
                0x20000000                _sdata = .
 *(.data)
 *(.data*)
 .data.MIDI_Class
                0x20000000       0x20 ./drivers/USBH_midi_class/Src/usbh_MIDI.o
                0x20000000                MIDI_Class
 .data.Is_cs43l22_Stop
                0x20000020        0x1 ./drivers/BSP/cs43l22.o
 *fill*         0x20000021        0x3 
 .data.cs43l22_drv
                0x20000024       0x2c ./drivers/BSP/cs43l22.o
                0x20000024                cs43l22_drv
 .data.GPIO_PORT
                0x20000050       0x10 ./drivers/BSP/stm32f4_discovery.o
                0x20000050                GPIO_PORT
 .data.BUTTON_PORT
                0x20000060        0x4 ./drivers/BSP/stm32f4_discovery.o
                0x20000060                BUTTON_PORT
 .data.I2cxTimeout
                0x20000064        0x4 ./drivers/BSP/stm32f4_discovery.o
                0x20000064                I2cxTimeout
 .data.SystemCoreClock
                0x20000068        0x4 ./drivers/BSP/system_stm32f4xx.o
                0x20000068                SystemCoreClock
 .data.volume   0x2000006c        0x1 ./Synth/audio_conf.o
 *fill*         0x2000006d        0x3 
 .data.wet      0x20000070        0x4 ./Synth/delay.o
 .data.fdb      0x20000074        0x4 ./Synth/delay.o
 .data.demoMode
                0x20000078        0x1 ./Synth/main.o
                0x20000078                demoMode
 *fill*         0x20000079        0x3 
 .data.centralFreq
                0x2000007c        0x4 ./Synth/oscillators.o
                0x2000007c                centralFreq
 .data.Count    0x20000080        0x1 ./Synth/timers.o
 *fill*         0x20000081        0x7 
 .data.impure_data
                0x20000088      0x428 c:/program files/gnu tools arm embedded/4.9 2014q4/bin/../lib/gcc/arm-none-eabi/4.9.3/../../../../arm-none-eabi/lib/armv7e-m/fpu\libc.a(lib_a-impure.o)
 .data._impure_ptr
                0x200004b0        0x4 c:/program files/gnu tools arm embedded/4.9 2014q4/bin/../lib/gcc/arm-none-eabi/4.9.3/../../../../arm-none-eabi/lib/armv7e-m/fpu\libc.a(lib_a-impure.o)
                0x200004b0                _impure_ptr
 .data.__malloc_av_
                0x200004b4      0x408 c:/program files/gnu tools arm embedded/4.9 2014q4/bin/../lib/gcc/arm-none-eabi/4.9.3/../../../../arm-none-eabi/lib/armv7e-m/fpu\libc.a(lib_a-mallocr.o)
                0x200004b4                __malloc_av_
 .data.__malloc_trim_threshold
                0x200008bc        0x4 c:/program files/gnu tools arm embedded/4.9 2014q4/bin/../lib/gcc/arm-none-eabi/4.9.3/../../../../arm-none-eabi/lib/armv7e-m/fpu\libc.a(lib_a-mallocr.o)
                0x200008bc                __malloc_trim_threshold
 .data.__malloc_sbrk_base
                0x200008c0        0x4 c:/program files/gnu tools arm embedded/4.9 2014q4/bin/../lib/gcc/arm-none-eabi/4.9.3/../../../../arm-none-eabi/lib/armv7e-m/fpu\libc.a(lib_a-mallocr.o)
                0x200008c0                __malloc_sbrk_base
 .data.__fdlib_version
                0x200008c4        0x1 c:/program files/gnu tools arm embedded/4.9 2014q4/bin/../lib/gcc/arm-none-eabi/4.9.3/../../../../arm-none-eabi/lib/armv7e-m/fpu\libm.a(lib_a-s_lib_ver.o)
                0x200008c4                __fdlib_version
                0x200008c8                . = ALIGN (0x4)
 *fill*         0x200008c5        0x3 
                0x200008c8                _edata = .
                0x0801e42c                _siccmram = LOADADDR (.ccmram)

.jcr            0x200008c8        0x0 load address 0x0801e42c
 .jcr           0x200008c8        0x0 c:/program files/gnu tools arm embedded/4.9 2014q4/bin/../lib/gcc/arm-none-eabi/4.9.3/armv7e-m/fpu/crtbegin.o

.igot.plt       0x200008c8        0x0 load address 0x0801e42c
 .igot.plt      0x00000000        0x0 c:/program files/gnu tools arm embedded/4.9 2014q4/bin/../lib/gcc/arm-none-eabi/4.9.3/armv7e-m/fpu/crtbegin.o

.ccmram         0x10000000     0x3eac load address 0x0801e42c
                0x10000000                . = ALIGN (0x4)
                0x10000000                _sccmram = .
 *(.ccmram)
 .ccmram        0x10000000       0x28 ./Synth/adsr.o
                0x10000000                adsr
 .ccmram        0x10000028     0x1000 ./Synth/blepvco.o
                0x10000028                mbTriOsc
                0x10000580                mbRectOsc
                0x10000adc                mbSawOsc
 .ccmram        0x10001028     0x2c10 ./Synth/chorusFD.o
 .ccmram        0x10003c38       0x84 ./Synth/drifter.o
                0x10003c38                d3
                0x10003c64                d2
                0x10003c90                d1
 .ccmram        0x10003cbc      0x158 ./Synth/oscillators.o
                0x10003cbc                op1
                0x10003cdc                op2
                0x10003cfc                op3
                0x10003d1c                op4
                0x10003d3c                a
                0x10003d68                ph
                0x10003d94                amp_lfo
                0x10003db4                filt2_lfo
                0x10003dd4                filt_lfo
                0x10003df4                vibr_lfo
 .ccmram        0x10003e14       0x40 ./Synth/resonantFilter.o
                0x10003e14                SVFilter
                0x10003e34                SVFilter2
 .ccmram        0x10003e54       0x44 ./Synth/sequencer.o
                0x10003e54                seq
                0x10003e88                noteG
 .ccmram        0x10003e98       0x14 ./Synth/soundGen.o
 *(.ccmram*)
                0x10003eac                . = ALIGN (0x4)
                0x10003eac                _eccmram = .
                0x10003eac                . = ALIGN (0x4)

.bss            0x200008c8    0x1ef74
                0x200008c8                _sbss = .
                0x200008c8                __bss_start__ = _sbss
 *(.bss)
 .bss           0x200008c8       0x1c c:/program files/gnu tools arm embedded/4.9 2014q4/bin/../lib/gcc/arm-none-eabi/4.9.3/armv7e-m/fpu/crtbegin.o
 *(.bss*)
 .bss.uwTick    0x200008e4        0x4 ./drivers/STM32F4xx_HAL_Driver/Src/stm32f4xx_hal.o
 .bss.OutputDev
                0x200008e8        0x1 ./drivers/BSP/cs43l22.o
                0x200008e8                OutputDev
 *fill*         0x200008e9        0x3 
 .bss.I2cHandle
                0x200008ec       0x38 ./drivers/BSP/stm32f4_discovery.o
 .bss.pAudioDrv
                0x20000924        0x4 ./drivers/BSP/stm32f4_discovery_audio.o
 .bss.hdma_i2sTx.7362
                0x20000928       0x50 ./drivers/BSP/stm32f4_discovery_audio.o
 .bss.buffer_offset
                0x20000978        0x1 ./Synth/audio_conf.o
                0x20000978                buffer_offset
 *fill*         0x20000979        0x3 
 .bss.delayline
                0x2000097c    0x1d4c8 ./Synth/delay.o
 .bss.writepos  0x2001de44        0x4 ./Synth/delay.o
 .bss.old_dy    0x2001de48        0x4 ./Synth/delay.o
 .bss.shift     0x2001de4c        0x4 ./Synth/delay.o
 .bss.readpos   0x2001de50        0x4 ./Synth/delay.o
 .bss.freeze    0x2001de54        0x1 ./Synth/main.o
                0x2001de54                freeze
 .bss.Appli_state
                0x2001de55        0x1 ./Synth/main.o
                0x2001de55                Appli_state
 *fill*         0x2001de56        0x2 
 .bss.dmax      0x2001de58        0x4 ./Synth/phaser.o
 .bss.swrate    0x2001de5c        0x4 ./Synth/phaser.o
 .bss.lfoPhase  0x2001de60        0x4 ./Synth/phaser.o
 .bss.a1        0x2001de64        0x4 ./Synth/phaser.o
 .bss.zm1       0x2001de68        0x4 ./Synth/phaser.o
 .bss.fb        0x2001de6c        0x4 ./Synth/phaser.o
 .bss.lfoInc    0x2001de70        0x4 ./Synth/phaser.o
 .bss.wet       0x2001de74        0x4 ./Synth/phaser.o
 .bss.old       0x2001de78       0x18 ./Synth/phaser.o
 .bss.f_min     0x2001de90        0x4 ./Synth/phaser.o
 .bss.f_max     0x2001de94        0x4 ./Synth/phaser.o
 .bss.dmin      0x2001de98        0x4 ./Synth/phaser.o
 .bss.TimingDelay1
                0x2001de9c        0x4 ./Synth/timers.o
 .bss.DebouncedKeyPress
                0x2001dea0        0x1 ./Synth/timers.o
 .bss.Key_changed
                0x2001dea1        0x1 ./Synth/timers.o
 .bss.Key_pressed
                0x2001dea2        0x1 ./Synth/timers.o
 *fill*         0x2001dea3        0x1 
 .bss.TimingDelay
                0x2001dea4        0x4 ./Synth/timers.o
 .bss.__malloc_max_total_mem
                0x2001dea8        0x4 c:/program files/gnu tools arm embedded/4.9 2014q4/bin/../lib/gcc/arm-none-eabi/4.9.3/../../../../arm-none-eabi/lib/armv7e-m/fpu\libc.a(lib_a-mallocr.o)
                0x2001dea8                __malloc_max_total_mem
 .bss.__malloc_max_sbrked_mem
                0x2001deac        0x4 c:/program files/gnu tools arm embedded/4.9 2014q4/bin/../lib/gcc/arm-none-eabi/4.9.3/../../../../arm-none-eabi/lib/armv7e-m/fpu\libc.a(lib_a-mallocr.o)
                0x2001deac                __malloc_max_sbrked_mem
 .bss.__malloc_top_pad
                0x2001deb0        0x4 c:/program files/gnu tools arm embedded/4.9 2014q4/bin/../lib/gcc/arm-none-eabi/4.9.3/../../../../arm-none-eabi/lib/armv7e-m/fpu\libc.a(lib_a-mallocr.o)
                0x2001deb0                __malloc_top_pad
 .bss.__malloc_current_mallinfo
                0x2001deb4       0x28 c:/program files/gnu tools arm embedded/4.9 2014q4/bin/../lib/gcc/arm-none-eabi/4.9.3/../../../../arm-none-eabi/lib/armv7e-m/fpu\libc.a(lib_a-mallocr.o)
                0x2001deb4                __malloc_current_mallinfo
 .bss.heap_end.4079
                0x2001dedc        0x4 c:/program files/gnu tools arm embedded/4.9 2014q4/bin/../lib/gcc/arm-none-eabi/4.9.3/../../../../arm-none-eabi/lib/armv7e-m/fpu\libnosys.a(sbrk.o)
 *(COMMON)
 COMMON         0x2001dee0       0xb4 ./drivers/BSP/stm32f4_discovery_audio.o
                0x2001dee0                Filter
                0x2001df14                hAudioOutI2s
                0x2001df54                hAudioInI2s
 COMMON         0x2001df94      0x290 ./drivers/BSP/usbh_conf.o
                0x2001df94                hHCD
 COMMON         0x2001e224       0x40 ./Synth/MIDI_application.o
                0x2001e224                MIDI_RX_Buffer
 COMMON         0x2001e264      0xfa0 ./Synth/audio_conf.o
                0x2001e264                audiobuff
 COMMON         0x2001f204        0x4 ./Synth/chorusFD.o
                0x2001f204                rateCoeff
 COMMON         0x2001f208      0x618 ./Synth/main.o
                0x2001f208                hUSBHost
 COMMON         0x2001f820        0x8 ./Synth/random.o
                0x2001f820                RngHandle
 COMMON         0x2001f828        0xc ./Synth/resonantFilter.o
                0x2001f828                __errno
                0x2001f82c                filterFreq
                0x2001f830                filterFreq2
 COMMON         0x2001f834        0x4 ./Synth/timers.o
                0x2001f834                BlueLED_counter
 COMMON         0x2001f838        0x4 c:/program files/gnu tools arm embedded/4.9 2014q4/bin/../lib/gcc/arm-none-eabi/4.9.3/../../../../arm-none-eabi/lib/armv7e-m/fpu\libc.a(lib_a-reent.o)
                0x2001f838                errno
                0x2001f83c                . = ALIGN (0x4)
                0x2001f83c                _ebss = .
                0x2001f83c                __bss_end__ = _ebss

._user_heap_stack
                0x10003eac     0x2000
                0x10003eac                . = ALIGN (0x4)
                0x10003eac                PROVIDE (end, .)
                0x10003eac                PROVIDE (_end, .)
                0x10004eac                . = (. + _Min_Heap_Size)
 *fill*         0x10003eac     0x1000 
                0x10005eac                . = (. + _Min_Stack_Size)
 *fill*         0x10004eac     0x1000 
                0x10005eac                . = ALIGN (0x4)

/DISCARD/
 libc.a(*)
 libm.a(*)
 libgcc.a(*)

.ARM.attributes
                0x00000000       0x30
 *(.ARM.attributes)
 .ARM.attributes
                0x00000000       0x22 c:/program files/gnu tools arm embedded/4.9 2014q4/bin/../lib/gcc/arm-none-eabi/4.9.3/armv7e-m/fpu/crti.o
 .ARM.attributes
                0x00000022       0x34 c:/program files/gnu tools arm embedded/4.9 2014q4/bin/../lib/gcc/arm-none-eabi/4.9.3/armv7e-m/fpu/crtbegin.o
 .ARM.attributes
                0x00000056       0x39 ./drivers/USBH_midi_class/Src/usbh_MIDI.o
 .ARM.attributes
                0x0000008f       0x39 ./drivers/STM32_USB_Host_Library/Core/Src/usbh_core.o
 .ARM.attributes
                0x000000c8       0x39 ./drivers/STM32_USB_Host_Library/Core/Src/usbh_ctlreq.o
 .ARM.attributes
                0x00000101       0x39 ./drivers/STM32_USB_Host_Library/Core/Src/usbh_ioreq.o
 .ARM.attributes
                0x0000013a       0x39 ./drivers/STM32_USB_Host_Library/Core/Src/usbh_pipes.o
 .ARM.attributes
                0x00000173       0x39 ./drivers/STM32F4xx_HAL_Driver/Src/stm32f4xx_hal.o