Archive member included to satisfy reference by file (symbol)

/home/bluexav/progs/gcc-arm-none-eabi-9-2020-q2-update/bin/../lib/gcc/arm-none-eabi/9.3.1/../../../../arm-none-eabi/lib/thumb/v7e-m+fp/hard/libm.a(lib_a-sf_floor.o)
                              ./Synth/chorusFD.o (symbol from plugin) (floorf)
/home/bluexav/progs/gcc-arm-none-eabi-9-2020-q2-update/bin/../lib/gcc/arm-none-eabi/9.3.1/../../../../arm-none-eabi/lib/thumb/v7e-m+fp/hard/libm.a(lib_a-sf_lrint.o)
                              ./Synth/MIDI_application.o (symbol from plugin) (lrintf)
/home/bluexav/progs/gcc-arm-none-eabi-9-2020-q2-update/bin/../lib/gcc/arm-none-eabi/9.3.1/../../../../arm-none-eabi/lib/thumb/v7e-m+fp/hard/libm.a(lib_a-sf_rint.o)
                              ./Synth/sequencer.o (symbol from plugin) (rintf)
/home/bluexav/progs/gcc-arm-none-eabi-9-2020-q2-update/bin/../lib/gcc/arm-none-eabi/9.3.1/../../../../arm-none-eabi/lib/thumb/v7e-m+fp/hard/libm.a(lib_a-sf_sin.o)
                              ./Synth/oscillators.o (symbol from plugin) (sinf)
/home/bluexav/progs/gcc-arm-none-eabi-9-2020-q2-update/bin/../lib/gcc/arm-none-eabi/9.3.1/../../../../arm-none-eabi/lib/thumb/v7e-m+fp/hard/libm.a(lib_a-wf_pow.o)
                              ./Synth/math_tools.o (symbol from plugin) (powf)
/home/bluexav/progs/gcc-arm-none-eabi-9-2020-q2-update/bin/../lib/gcc/arm-none-eabi/9.3.1/../../../../arm-none-eabi/lib/thumb/v7e-m+fp/hard/libm.a(lib_a-ef_pow.o)
                              /home/bluexav/progs/gcc-arm-none-eabi-9-2020-q2-update/bin/../lib/gcc/arm-none-eabi/9.3.1/../../../../arm-none-eabi/lib/thumb/v7e-m+fp/hard/libm.a(lib_a-wf_pow.o) (__ieee754_powf)
/home/bluexav/progs/gcc-arm-none-eabi-9-2020-q2-update/bin/../lib/gcc/arm-none-eabi/9.3.1/../../../../arm-none-eabi/lib/thumb/v7e-m+fp/hard/libm.a(lib_a-ef_rem_pio2.o)
                              /home/bluexav/progs/gcc-arm-none-eabi-9-2020-q2-update/bin/../lib/gcc/arm-none-eabi/9.3.1/../../../../arm-none-eabi/lib/thumb/v7e-m+fp/hard/libm.a(lib_a-sf_sin.o) (__ieee754_rem_pio2f)
/home/bluexav/progs/gcc-arm-none-eabi-9-2020-q2-update/bin/../lib/gcc/arm-none-eabi/9.3.1/../../../../arm-none-eabi/lib/thumb/v7e-m+fp/hard/libm.a(lib_a-ef_sqrt.o)
                              /home/bluexav/progs/gcc-arm-none-eabi-9-2020-q2-update/bin/../lib/gcc/arm-none-eabi/9.3.1/../../../../arm-none-eabi/lib/thumb/v7e-m+fp/hard/libm.a(lib_a-ef_pow.o) (__ieee754_sqrtf)
/home/bluexav/progs/gcc-arm-none-eabi-9-2020-q2-update/bin/../lib/gcc/arm-none-eabi/9.3.1/../../../../arm-none-eabi/lib/thumb/v7e-m+fp/hard/libm.a(lib_a-kf_cos.o)
                              /home/bluexav/progs/gcc-arm-none-eabi-9-2020-q2-update/bin/../lib/gcc/arm-none-eabi/9.3.1/../../../../arm-none-eabi/lib/thumb/v7e-m+fp/hard/libm.a(lib_a-sf_sin.o) (__kernel_cosf)
/home/bluexav/progs/gcc-arm-none-eabi-9-2020-q2-update/bin/../lib/gcc/arm-none-eabi/9.3.1/../../../../arm-none-eabi/lib/thumb/v7e-m+fp/hard/libm.a(lib_a-kf_rem_pio2.o)
                              /home/bluexav/progs/gcc-arm-none-eabi-9-2020-q2-update/bin/../lib/gcc/arm-none-eabi/9.3.1/../../../../arm-none-eabi/lib/thumb/v7e-m+fp/hard/libm.a(lib_a-ef_rem_pio2.o) (__kernel_rem_pio2f)
/home/bluexav/progs/gcc-arm-none-eabi-9-2020-q2-update/bin/../lib/gcc/arm-none-eabi/9.3.1/../../../../arm-none-eabi/lib/thumb/v7e-m+fp/hard/libm.a(lib_a-kf_sin.o)
                              /home/bluexav/progs/gcc-arm-none-eabi-9-2020-q2-update/bin/../lib/gcc/arm-none-eabi/9.3.1/../../../../arm-none-eabi/lib/thumb/v7e-m+fp/hard/libm.a(lib_a-sf_sin.o) (__kernel_sinf)
/home/bluexav/progs/gcc-arm-none-eabi-9-2020-q2-update/bin/../lib/gcc/arm-none-eabi/9.3.1/../../../../arm-none-eabi/lib/thumb/v7e-m+fp/hard/libm.a(lib_a-s_lib_ver.o)
                              /home/bluexav/progs/gcc-arm-none-eabi-9-2020-q2-update/bin/../lib/gcc/arm-none-eabi/9.3.1/../../../../arm-none-eabi/lib/thumb/v7e-m+fp/hard/libm.a(lib_a-wf_pow.o) (__fdlib_version)
/home/bluexav/progs/gcc-arm-none-eabi-9-2020-q2-update/bin/../lib/gcc/arm-none-eabi/9.3.1/../../../../arm-none-eabi/lib/thumb/v7e-m+fp/hard/libm.a(lib_a-sf_fabs.o)
                              /home/bluexav/progs/gcc-arm-none-eabi-9-2020-q2-update/bin/../lib/gcc/arm-none-eabi/9.3.1/../../../../arm-none-eabi/lib/thumb/v7e-m+fp/hard/libm.a(lib_a-ef_pow.o) (fabsf)
/home/bluexav/progs/gcc-arm-none-eabi-9-2020-q2-update/bin/../lib/gcc/arm-none-eabi/9.3.1/../../../../arm-none-eabi/lib/thumb/v7e-m+fp/hard/libm.a(lib_a-sf_finite.o)
                              /home/bluexav/progs/gcc-arm-none-eabi-9-2020-q2-update/bin/../lib/gcc/arm-none-eabi/9.3.1/../../../../arm-none-eabi/lib/thumb/v7e-m+fp/hard/libm.a(lib_a-wf_pow.o) (finitef)
/home/bluexav/progs/gcc-arm-none-eabi-9-2020-q2-update/bin/../lib/gcc/arm-none-eabi/9.3.1/../../../../arm-none-eabi/lib/thumb/v7e-m+fp/hard/libm.a(lib_a-sf_nan.o)
[...]
Memory Configuration

Name             Origin             Length             Attributes
FLASH            0x0000000008000000 0x0000000000100000 xr
RAM              0x0000000020000000 0x0000000000020000 xrw
CCMRAM           0x0000000010000000 0x0000000000010000 rw
*default*        0x0000000000000000 0xffffffffffffffff

Linker script and memory map

LOAD /home/bluexav/progs/gcc-arm-none-eabi-9-2020-q2-update/bin/../lib/gcc/arm-none-eabi/9.3.1/thumb/v7e-m+fp/hard/crti.o
LOAD /home/bluexav/progs/gcc-arm-none-eabi-9-2020-q2-update/bin/../lib/gcc/arm-none-eabi/9.3.1/thumb/v7e-m+fp/hard/crtbegin.o
LOAD /home/bluexav/progs/gcc-arm-none-eabi-9-2020-q2-update/bin/../lib/gcc/arm-none-eabi/9.3.1/../../../../arm-none-eabi/lib/thumb/v7e-m+fp/hard/crt0.o
LOAD ./drivers/USBH_midi_class/Src/usbh_MIDI.o
LOAD /tmp/Dekrispator_v2.elf.QTiNil.ltrans0.ltrans.o
LOAD /tmp/Dekrispator_v2.elf.QTiNil.ltrans1.ltrans.o
LOAD ./drivers/STM32_USB_Host_Library/Core/Src/usbh_core.o
LOAD ./drivers/STM32_USB_Host_Library/Core/Src/usbh_ctlreq.o
LOAD ./drivers/STM32_USB_Host_Library/Core/Src/usbh_ioreq.o
LOAD ./drivers/STM32_USB_Host_Library/Core/Src/usbh_pipes.o
LOAD ./drivers/STM32F4xx_HAL_Driver/Src/stm32f4xx_hal.o
LOAD ./drivers/STM32F4xx_HAL_Driver/Src/stm32f4xx_hal_adc.o
LOAD ./drivers/STM32F4xx_HAL_Driver/Src/stm32f4xx_hal_adc_ex.o
LOAD ./drivers/STM32F4xx_HAL_Driver/Src/stm32f4xx_hal_can.o
LOAD ./drivers/STM32F4xx_HAL_Driver/Src/stm32f4xx_hal_cortex.o
LOAD ./drivers/STM32F4xx_HAL_Driver/Src/stm32f4xx_hal_crc.o
LOAD ./drivers/STM32F4xx_HAL_Driver/Src/stm32f4xx_hal_cryp.o
LOAD ./drivers/STM32F4xx_HAL_Driver/Src/stm32f4xx_hal_cryp_ex.o
LOAD ./drivers/STM32F4xx_HAL_Driver/Src/stm32f4xx_hal_dac.o
LOAD ./drivers/STM32F4xx_HAL_Driver/Src/stm32f4xx_hal_dac_ex.o
LOAD ./drivers/STM32F4xx_HAL_Driver/Src/stm32f4xx_hal_dcmi.o
LOAD ./drivers/STM32F4xx_HAL_Driver/Src/stm32f4xx_hal_dma.o
LOAD ./drivers/STM32F4xx_HAL_Driver/Src/stm32f4xx_hal_dma2d.o
LOAD ./drivers/STM32F4xx_HAL_Driver/Src/stm32f4xx_hal_dma_ex.o
LOAD ./drivers/STM32F4xx_HAL_Driver/Src/stm32f4xx_hal_eth.o
LOAD ./drivers/STM32F4xx_HAL_Driver/Src/stm32f4xx_hal_flash.o
LOAD ./drivers/STM32F4xx_HAL_Driver/Src/stm32f4xx_hal_flash_ex.o
LOAD ./drivers/STM32F4xx_HAL_Driver/Src/stm32f4xx_hal_flash_ramfunc.o
LOAD ./drivers/STM32F4xx_HAL_Driver/Src/stm32f4xx_hal_gpio.o
LOAD ./drivers/STM32F4xx_HAL_Driver/Src/stm32f4xx_hal_hash.o
LOAD ./drivers/STM32F4xx_HAL_Driver/Src/stm32f4xx_hal_hash_ex.o
LOAD ./drivers/STM32F4xx_HAL_Driver/Src/stm32f4xx_hal_hcd.o
LOAD ./drivers/STM32F4xx_HAL_Driver/Src/stm32f4xx_hal_i2c.o
LOAD ./drivers/STM32F4xx_HAL_Driver/Src/stm32f4xx_hal_i2c_ex.o
LOAD ./drivers/STM32F4xx_HAL_Driver/Src/stm32f4xx_hal_i2s.o
LOAD ./drivers/STM32F4xx_HAL_Driver/Src/stm32f4xx_hal_i2s_ex.o
LOAD ./drivers/STM32F4xx_HAL_Driver/Src/stm32f4xx_hal_irda.o
LOAD ./drivers/STM32F4xx_HAL_Driver/Src/stm32f4xx_hal_iwdg.o
LOAD ./drivers/STM32F4xx_HAL_Driver/Src/stm32f4xx_hal_ltdc.o
LOAD ./drivers/STM32F4xx_HAL_Driver/Src/stm32f4xx_hal_msp_template.o
LOAD ./drivers/STM32F4xx_HAL_Driver/Src/stm32f4xx_hal_nand.o
LOAD ./drivers/STM32F4xx_HAL_Driver/Src/stm32f4xx_hal_nor.o
LOAD ./drivers/STM32F4xx_HAL_Driver/Src/stm32f4xx_hal_pccard.o
LOAD ./drivers/STM32F4xx_HAL_Driver/Src/stm32f4xx_hal_pcd.o
LOAD ./drivers/STM32F4xx_HAL_Driver/Src/stm32f4xx_hal_pcd_ex.o
LOAD ./drivers/STM32F4xx_HAL_Driver/Src/stm32f4xx_hal_pwr.o
LOAD ./drivers/STM32F4xx_HAL_Driver/Src/stm32f4xx_hal_pwr_ex.o
LOAD ./drivers/STM32F4xx_HAL_Driver/Src/stm32f4xx_hal_rcc.o
LOAD ./drivers/STM32F4xx_HAL_Driver/Src/stm32f4xx_hal_rcc_ex.o
LOAD ./drivers/STM32F4xx_HAL_Driver/Src/stm32f4xx_hal_rng.o
LOAD ./drivers/STM32F4xx_HAL_Driver/Src/stm32f4xx_hal_rtc.o
LOAD ./drivers/STM32F4xx_HAL_Driver/Src/stm32f4xx_hal_rtc_ex.o
LOAD ./drivers/STM32F4xx_HAL_Driver/Src/stm32f4xx_hal_sai.o
LOAD ./drivers/STM32F4xx_HAL_Driver/Src/stm32f4xx_hal_sd.o
LOAD ./drivers/STM32F4xx_HAL_Driver/Src/stm32f4xx_hal_sdram.o
LOAD ./drivers/STM32F4xx_HAL_Driver/Src/stm32f4xx_hal_smartcard.o
LOAD ./drivers/STM32F4xx_HAL_Driver/Src/stm32f4xx_hal_spi.o
LOAD ./drivers/STM32F4xx_HAL_Driver/Src/stm32f4xx_hal_sram.o
LOAD ./drivers/STM32F4xx_HAL_Driver/Src/stm32f4xx_hal_tim.o
LOAD ./drivers/STM32F4xx_HAL_Driver/Src/stm32f4xx_hal_tim_ex.o
LOAD ./drivers/STM32F4xx_HAL_Driver/Src/stm32f4xx_hal_uart.o
LOAD ./drivers/STM32F4xx_HAL_Driver/Src/stm32f4xx_hal_usart.o
LOAD ./drivers/STM32F4xx_HAL_Driver/Src/stm32f4xx_hal_wwdg.o
LOAD ./drivers/STM32F4xx_HAL_Driver/Src/stm32f4xx_ll_fmc.o
LOAD ./drivers/STM32F4xx_HAL_Driver/Src/stm32f4xx_ll_fsmc.o
LOAD ./drivers/STM32F4xx_HAL_Driver/Src/stm32f4xx_ll_sdmmc.o
LOAD ./drivers/STM32F4xx_HAL_Driver/Src/stm32f4xx_ll_usb.o
LOAD ./drivers/BSP/cs43l22.o
LOAD ./drivers/BSP/lis302dl.o
LOAD ./drivers/BSP/lis3dsh.o
LOAD ./drivers/BSP/stm32f4_discovery.o
LOAD ./drivers/BSP/stm32f4_discovery_accelerometer.o
LOAD ./drivers/BSP/stm32f4_discovery_audio.o
LOAD ./Synth/MIDI_application.o
LOAD ./Synth/adsr.o
LOAD ./Synth/audio_conf.o
LOAD ./Synth/blepvco.o
LOAD ./Synth/chorusFD.o
LOAD ./Synth/delay.o
LOAD ./Synth/drifter.o
LOAD ./Synth/main.o
LOAD ./Synth/math_tools.o
LOAD ./Synth/minblep_tables.o
LOAD ./Synth/notesTables.o
LOAD ./Synth/oscillators.o
LOAD ./Synth/phaser.o
LOAD ./Synth/random.o
LOAD ./Synth/resonantFilter.o
LOAD ./Synth/sequencer.o
LOAD ./Synth/sinetable.o
LOAD ./Synth/soundGen.o
LOAD ./Synth/startup_stm32f407xx.o
LOAD ./Synth/stm32f4xx_it.o
LOAD ./Synth/system_stm32f4xx.o
LOAD ./Synth/timers.o
LOAD ./Synth/usbh_conf.o
LOAD /home/bluexav/progs/gcc-arm-none-eabi-9-2020-q2-update/bin/../lib/gcc/arm-none-eabi/9.3.1/../../../../arm-none-eabi/lib/thumb/v7e-m+fp/hard/libm.a
LOAD /home/bluexav/progs/gcc-arm-none-eabi-9-2020-q2-update/bin/../lib/gcc/arm-none-eabi/9.3.1/../../../../arm-none-eabi/lib/thumb/v7e-m+fp/hard/libc.a
LOAD /home/bluexav/progs/gcc-arm-none-eabi-9-2020-q2-update/bin/../lib/gcc/arm-none-eabi/9.3.1/../../../../arm-none-eabi/lib/thumb/v7e-m+fp/hard/libg.a
START GROUP
LOAD /home/bluexav/progs/gcc-arm-none-eabi-9-2020-q2-update/bin/../lib/gcc/arm-none-eabi/9.3.1/thumb/v7e-m+fp/hard/libgcc.a
LOAD /home/bluexav/progs/gcc-arm-none-eabi-9-2020-q2-update/bin/../lib/gcc/arm-none-eabi/9.3.1/../../../../arm-none-eabi/lib/thumb/v7e-m+fp/hard/libc.a
END GROUP
START GROUP
LOAD /home/bluexav/progs/gcc-arm-none-eabi-9-2020-q2-update/bin/../lib/gcc/arm-none-eabi/9.3.1/thumb/v7e-m+fp/hard/libgcc.a
LOAD /home/bluexav/progs/gcc-arm-none-eabi-9-2020-q2-update/bin/../lib/gcc/arm-none-eabi/9.3.1/../../../../arm-none-eabi/lib/thumb/v7e-m+fp/hard/libc.a
LOAD /home/bluexav/progs/gcc-arm-none-eabi-9-2020-q2-update/bin/../lib/gcc/arm-none-eabi/9.3.1/../../../../arm-none-eabi/lib/thumb/v7e-m+fp/hard/libnosys.a
END GROUP
LOAD /home/bluexav/progs/gcc-arm-none-eabi-9-2020-q2-update/bin/../lib/gcc/arm-none-eabi/9.3.1/thumb/v7e-m+fp/hard/crtend.o
LOAD /home/bluexav/progs/gcc-arm-none-eabi-9-2020-q2-update/bin/../lib/gcc/arm-none-eabi/9.3.1/thumb/v7e-m+fp/hard/crtn.o
                0x000000002001ffff                _estack = 0x2001ffff
                0x0000000000001000                _Min_Heap_Size = 0x1000
                0x0000000000001000                _Min_Stack_Size = 0x1000

.isr_vector     0x0000000008000000      0x188
                0x0000000008000000                . = ALIGN (0x4)
 *(.isr_vector)
 .isr_vector    0x0000000008000000      0x188 ./Synth/startup_stm32f407xx.o
                0x0000000008000000                g_pfnVectors
                0x0000000008000188                . = ALIGN (0x4)

.text           0x0000000008000188     0xf39c
                0x0000000008000188                . = ALIGN (0x4)
 *(.text)
 .text          0x0000000008000188       0x40 /home/bluexav/progs/gcc-arm-none-eabi-9-2020-q2-update/bin/../lib/gcc/arm-none-eabi/9.3.1/thumb/v7e-m+fp/hard/crtbegin.o
 .text          0x00000000080001c8      0x134 /home/bluexav/progs/gcc-arm-none-eabi-9-2020-q2-update/bin/../lib/gcc/arm-none-eabi/9.3.1/../../../../arm-none-eabi/lib/thumb/v7e-m+fp/hard/libc.a(lib_a-memcpy.o)
                0x00000000080001c8                memcpy
 *(.text*)
 .text.USB_HC_StartXfer
                0x00000000080002fc      0x27c /tmp/Dekrispator_v2.elf.QTiNil.ltrans0.ltrans.o
                0x00000000080002fc                USB_HC_StartXfer
 .text.USB_HC_ReadInterrupt
                0x0000000008000578       0x20 /tmp/Dekrispator_v2.elf.QTiNil.ltrans0.ltrans.o
 .text.USB_HC_Halt
                0x0000000008000598      0x1f4 /tmp/Dekrispator_v2.elf.QTiNil.ltrans0.ltrans.o
                0x0000000008000598                USB_HC_Halt
 .text.USB_DoPing
                0x000000000800078c       0x80 /tmp/Dekrispator_v2.elf.QTiNil.ltrans0.ltrans.o
 .text.USB_StopHost
                0x000000000800080c      0x104 /tmp/Dekrispator_v2.elf.QTiNil.ltrans0.ltrans.o
                0x000000000800080c                USB_StopHost
 .text.USBH_Get_StringDesc.constprop.0
                0x0000000008000910       0x7c /tmp/Dekrispator_v2.elf.QTiNil.ltrans0.ltrans.o
 .text.HAL_GPIO_Init
                0x000000000800098c      0x294 /tmp/Dekrispator_v2.elf.QTiNil.ltrans0.ltrans.o
 .text.HAL_GPIO_Init.constprop.1
                0x0000000008000c20       0x74 /tmp/Dekrispator_v2.elf.QTiNil.ltrans0.ltrans.o
 .text.HAL_NVIC_SetPriority.constprop.2
                0x0000000008000c94       0x5c /tmp/Dekrispator_v2.elf.QTiNil.ltrans0.ltrans.o
 .text.USBH_LL_OpenPipe
                0x0000000008000cf0       0xf0 /tmp/Dekrispator_v2.elf.QTiNil.ltrans0.ltrans.o
                0x0000000008000cf0                USBH_LL_OpenPipe
 .text.USB_EnableGlobalInt
                0x0000000008000de0       0x10 /tmp/Dekrispator_v2.elf.QTiNil.ltrans0.ltrans.o
 .text.SVF_calcSample
                0x0000000008000df0      0x270 /tmp/Dekrispator_v2.elf.QTiNil.ltrans0.ltrans.o
 .text.MorphingSaw_SampleCompute
                0x0000000008001060       0xfc /tmp/Dekrispator_v2.elf.QTiNil.ltrans0.ltrans.o
 .text.Error_Handler
                0x000000000800115c       0x10 /tmp/Dekrispator_v2.elf.QTiNil.ltrans0.ltrans.o
 .text.USBH_UserProcess_callback
                0x000000000800116c       0x58 /tmp/Dekrispator_v2.elf.QTiNil.ltrans0.ltrans.o
 .text.USB_DisableGlobalInt
                0x00000000080011c4       0x10 /tmp/Dekrispator_v2.elf.QTiNil.ltrans0.ltrans.o
 .text.BSP_LED_Init
                0x00000000080011d4       0x54 /tmp/Dekrispator_v2.elf.QTiNil.ltrans0.ltrans.o
 .text.cs43l22_SetFrequency
                0x0000000008001228        0x4 /tmp/Dekrispator_v2.elf.QTiNil.ltrans0.ltrans.o
 .text.USB_CoreReset
                0x000000000800122c       0x34 /tmp/Dekrispator_v2.elf.QTiNil.ltrans0.ltrans.o
 .text.USB_WritePacket
                0x0000000008001260       0x2c /tmp/Dekrispator_v2.elf.QTiNil.ltrans0.ltrans.o
 .text.USB_FlushRxFifo
                0x000000000800128c       0x20 /tmp/Dekrispator_v2.elf.QTiNil.ltrans0.ltrans.o
 .text.USB_FlushTxFifo
                0x00000000080012ac       0x24 /tmp/Dekrispator_v2.elf.QTiNil.ltrans0.ltrans.o
 .text.HAL_RCC_GetHCLKFreq
                0x00000000080012d0       0xb4 /tmp/Dekrispator_v2.elf.QTiNil.ltrans0.ltrans.o
 .text.HAL_InitTick.constprop.0
                0x0000000008001384       0x44 /tmp/Dekrispator_v2.elf.QTiNil.ltrans0.ltrans.o
 .text.I2Cx_Init.part.0
                0x00000000080013c8      0x1e0 /tmp/Dekrispator_v2.elf.QTiNil.ltrans0.ltrans.o
 .text.I2S_DMAError
                0x00000000080015a8       0x2c /tmp/Dekrispator_v2.elf.QTiNil.ltrans0.ltrans.o
 .text.HAL_DMA_IRQHandler
                0x00000000080015d4     0x2110 /tmp/Dekrispator_v2.elf.QTiNil.ltrans0.ltrans.o
 .text.HAL_I2C_Mem_Write.part.0.constprop.0
                0x00000000080036e4       0x9c /tmp/Dekrispator_v2.elf.QTiNil.ltrans0.ltrans.o
 .text.I2Cx_WriteData
                0x0000000008003780      0x104 /tmp/Dekrispator_v2.elf.QTiNil.ltrans0.ltrans.o
 .text.cs43l22_SetOutputMode
                0x0000000008003884      0x174 /tmp/Dekrispator_v2.elf.QTiNil.ltrans0.ltrans.o
 .text.cs43l22_SetMute
                0x00000000080039f8      0x1a0 /tmp/Dekrispator_v2.elf.QTiNil.ltrans0.ltrans.o
 .text.cs43l22_SetVolume
                0x0000000008003b98      0x3b8 /tmp/Dekrispator_v2.elf.QTiNil.ltrans0.ltrans.o
 .text.cs43l22_Init
                0x0000000008003f50      0x170 /tmp/Dekrispator_v2.elf.QTiNil.ltrans0.ltrans.o
 .text.cs43l22_Stop
                0x00000000080040c0      0x218 /tmp/Dekrispator_v2.elf.QTiNil.ltrans0.ltrans.o
 .text.cs43l22_Resume
                0x00000000080042d8      0x334 /tmp/Dekrispator_v2.elf.QTiNil.ltrans0.ltrans.o
 .text.cs43l22_Pause
                0x000000000800460c      0x210 /tmp/Dekrispator_v2.elf.QTiNil.ltrans0.ltrans.o
 .text.cs43l22_Play
                0x000000000800481c      0x220 /tmp/Dekrispator_v2.elf.QTiNil.ltrans0.ltrans.o
 .text.cs43l22_ReadID
                0x0000000008004a3c      0x220 /tmp/Dekrispator_v2.elf.QTiNil.ltrans0.ltrans.o
 .text.drifter_nextSample
                0x0000000008004c5c       0xd4 /tmp/Dekrispator_v2.elf.QTiNil.ltrans0.ltrans.o
 .text.seq_sequence_new
                0x0000000008004d30      0x1f8 /tmp/Dekrispator_v2.elf.QTiNil.ltrans0.ltrans.o
 .text.delay_read
                0x0000000008004f28      0x148 /tmp/Dekrispator_v2.elf.QTiNil.ltrans0.ltrans.o
 .text.mono_chorus_compute
                0x0000000008005070      0x148 /tmp/Dekrispator_v2.elf.QTiNil.ltrans0.ltrans.o
 .text.USBH_Get_DevDesc.constprop.0
                0x00000000080051b8      0x408 /tmp/Dekrispator_v2.elf.QTiNil.ltrans0.ltrans.o
 .text.SystemInit
                0x00000000080055c0       0x50 /tmp/Dekrispator_v2.elf.QTiNil.ltrans0.ltrans.o
                0x00000000080055c0                SystemInit
 .text.OTG_FS_IRQHandler
                0x0000000008005610      0x940 /tmp/Dekrispator_v2.elf.QTiNil.ltrans0.ltrans.o
                0x0000000008005610                OTG_FS_IRQHandler
 .text.TIM4_IRQHandler
                0x0000000008005f50        0x4 /tmp/Dekrispator_v2.elf.QTiNil.ltrans0.ltrans.o
                0x0000000008005f50                TIM4_IRQHandler
 .text.HAL_MspInit
                0x0000000008005f54        0x4 /tmp/Dekrispator_v2.elf.QTiNil.ltrans0.ltrans.o
                0x0000000008005f54                NMI_Handler
 .text.DMA1_Stream3_IRQHandler
                0x0000000008005f58        0x8 /tmp/Dekrispator_v2.elf.QTiNil.ltrans0.ltrans.o
                0x0000000008005f58                DMA1_Stream3_IRQHandler
 .text.DMA1_Stream7_IRQHandler
                0x0000000008005f60        0xc /tmp/Dekrispator_v2.elf.QTiNil.ltrans0.ltrans.o
                0x0000000008005f60                DMA1_Stream7_IRQHandler
 .text.EXTI1_IRQHandler
                0x0000000008005f6c       0x14 /tmp/Dekrispator_v2.elf.QTiNil.ltrans0.ltrans.o
                0x0000000008005f6c                EXTI1_IRQHandler
 .text.EXTI0_IRQHandler
                0x0000000008005f80       0x14 /tmp/Dekrispator_v2.elf.QTiNil.ltrans0.ltrans.o
                0x0000000008005f80                EXTI0_IRQHandler
 .text.SysTick_Handler
                0x0000000008005f94       0xcc /tmp/Dekrispator_v2.elf.QTiNil.ltrans0.ltrans.o
                0x0000000008005f94                SysTick_Handler
 .text.PendSV_Handler
                0x0000000008006060        0x4 /tmp/Dekrispator_v2.elf.QTiNil.ltrans0.ltrans.o
                0x0000000008006060                PendSV_Handler
 .text.DebugMon_Handler
                0x0000000008006064        0x4 /tmp/Dekrispator_v2.elf.QTiNil.ltrans0.ltrans.o
                0x0000000008006064                DebugMon_Handler
 .text.SVC_Handler
                0x0000000008006068        0x4 /tmp/Dekrispator_v2.elf.QTiNil.ltrans0.ltrans.o
                0x0000000008006068                SVC_Handler
 .text.UsageFault_Handler
                0x000000000800606c        0x4 /tmp/Dekrispator_v2.elf.QTiNil.ltrans0.ltrans.o
                0x000000000800606c                UsageFault_Handler
 .text.BusFault_Handler
                0x0000000008006070        0x4 /tmp/Dekrispator_v2.elf.QTiNil.ltrans0.ltrans.o
                0x0000000008006070                BusFault_Handler
 .text.MemManage_Handler
                0x0000000008006074        0x4 /tmp/Dekrispator_v2.elf.QTiNil.ltrans0.ltrans.o
                0x0000000008006074                MemManage_Handler
 .text.BSP_AUDIO_OUT_Error_CallBack
                0x0000000008006078        0x4 /tmp/Dekrispator_v2.elf.QTiNil.ltrans0.ltrans.o
                0x0000000008006078                HardFault_Handler
 .text.Synth_Init
                0x000000000800607c      0x5b4 /tmp/Dekrispator_v2.elf.QTiNil.ltrans0.ltrans.o
                0x000000000800607c                Synth_Init
 .text.startup.main
                0x0000000008006630     0x13e0 /tmp/Dekrispator_v2.elf.QTiNil.ltrans0.ltrans.o
                0x0000000008006630                main
 .text.MagicPatch.part.0
                0x0000000008007a10      0xbf8 /tmp/Dekrispator_v2.elf.QTiNil.ltrans0.ltrans.o
                0x0000000008007a10                MagicPatch.part.0
 .text.MagicFX.part.0
                0x0000000008008608      0x410 /tmp/Dekrispator_v2.elf.QTiNil.ltrans0.ltrans.o
                0x0000000008008608                MagicFX.part.0
 .text.make_sound.constprop.0
                0x0000000008008a18     0x29b0 /tmp/Dekrispator_v2.elf.QTiNil.ltrans0.ltrans.o
 .text.I2S_DMATxHalfCplt
                0x000000000800b3c8       0x2c /tmp/Dekrispator_v2.elf.QTiNil.ltrans0.ltrans.o
 .text.I2S_DMATxCplt
                0x000000000800b3f4       0x84 /tmp/Dekrispator_v2.elf.QTiNil.ltrans0.ltrans.o
 .text.USBH_MIDI_SOFProcess.lto_priv.0
                0x000000000800b478        0x4 /tmp/Dekrispator_v2.elf.QTiNil.ltrans1.ltrans.o
                0x000000000800b478                USBH_MIDI_SOFProcess.lto_priv.0
 .text.USBH_MIDI_ClassRequest.lto_priv.0
                0x000000000800b47c       0x10 /tmp/Dekrispator_v2.elf.QTiNil.ltrans1.ltrans.o
                0x000000000800b47c                USBH_MIDI_ClassRequest.lto_priv.0
 .text.USBH_MIDI_InterfaceInit.lto_priv.0
                0x000000000800b48c      0x530 /tmp/Dekrispator_v2.elf.QTiNil.ltrans1.ltrans.o
                0x000000000800b48c                USBH_MIDI_InterfaceInit.lto_priv.0
 .text.HAL_Delay
                0x000000000800b9bc       0x1c /tmp/Dekrispator_v2.elf.QTiNil.ltrans1.ltrans.o
                0x000000000800b9bc                HAL_Delay
 .text.USBH_CtlReq.part.0
                0x000000000800b9d8      0x36c /tmp/Dekrispator_v2.elf.QTiNil.ltrans1.ltrans.o
                0x000000000800b9d8                USBH_CtlReq.part.0
 .text.USBH_MIDI_Process.lto_priv.0
                0x000000000800bd44     0x16ac /tmp/Dekrispator_v2.elf.QTiNil.ltrans1.ltrans.o
                0x000000000800bd44                USBH_MIDI_Process.lto_priv.0
 .text.USBH_MIDI_InterfaceDeInit.lto_priv.0
                0x000000000800d3f0       0xa8 /tmp/Dekrispator_v2.elf.QTiNil.ltrans1.ltrans.o
                0x000000000800d3f0                USBH_MIDI_InterfaceDeInit.lto_priv.0
 .text.Reset_Handler
                0x000000000800d498       0x50 ./Synth/startup_stm32f407xx.o
                0x000000000800d498                Reset_Handler
 .text.Default_Handler
                0x000000000800d4e8        0x2 ./Synth/startup_stm32f407xx.o
                0x000000000800d4e8                RTC_Alarm_IRQHandler
                0x000000000800d4e8                HASH_RNG_IRQHandler
                0x000000000800d4e8                EXTI2_IRQHandler
                0x000000000800d4e8                TIM8_CC_IRQHandler
                0x000000000800d4e8                TIM1_CC_IRQHandler
                0x000000000800d4e8                DMA2_Stream5_IRQHandler
                0x000000000800d4e8                DMA1_Stream5_IRQHandler
                0x000000000800d4e8                PVD_IRQHandler
                0x000000000800d4e8                SDIO_IRQHandler
                0x000000000800d4e8                TAMP_STAMP_IRQHandler
                0x000000000800d4e8                CAN2_RX1_IRQHandler
                0x000000000800d4e8                EXTI3_IRQHandler
                0x000000000800d4e8                TIM8_TRG_COM_TIM14_IRQHandler
                0x000000000800d4e8                TIM1_UP_TIM10_IRQHandler
                0x000000000800d4e8                TIM8_UP_TIM13_IRQHandler
                0x000000000800d4e8                I2C3_ER_IRQHandler
                0x000000000800d4e8                I2C2_EV_IRQHandler
                0x000000000800d4e8                DMA1_Stream2_IRQHandler
                0x000000000800d4e8                CAN1_RX0_IRQHandler
                0x000000000800d4e8                FPU_IRQHandler
                0x000000000800d4e8                OTG_HS_WKUP_IRQHandler
                0x000000000800d4e8                CAN2_SCE_IRQHandler
                0x000000000800d4e8                DMA2_Stream2_IRQHandler
                0x000000000800d4e8                SPI1_IRQHandler
                0x000000000800d4e8                TIM6_DAC_IRQHandler
                0x000000000800d4e8                TIM1_BRK_TIM9_IRQHandler
                0x000000000800d4e8                DCMI_IRQHandler
                0x000000000800d4e8                CAN2_RX0_IRQHandler
                0x000000000800d4e8                DMA2_Stream3_IRQHandler
                0x000000000800d4e8                USART6_IRQHandler
                0x000000000800d4e8                USART3_IRQHandler
                0x000000000800d4e8                CAN1_RX1_IRQHandler
                0x000000000800d4e8                UART5_IRQHandler
                0x000000000800d4e8                DMA2_Stream0_IRQHandler
                0x000000000800d4e8                I2C1_EV_IRQHandler
                0x000000000800d4e8                DMA1_Stream6_IRQHandler
                0x000000000800d4e8                DMA1_Stream1_IRQHandler
                0x000000000800d4e8                UART4_IRQHandler
                0x000000000800d4e8                TIM3_IRQHandler
                0x000000000800d4e8                RCC_IRQHandler
                0x000000000800d4e8                TIM8_BRK_TIM12_IRQHandler
                0x000000000800d4e8                Default_Handler
                0x000000000800d4e8                EXTI15_10_IRQHandler
                0x000000000800d4e8                ADC_IRQHandler
                0x000000000800d4e8                TIM7_IRQHandler
                0x000000000800d4e8                CAN2_TX_IRQHandler
                0x000000000800d4e8                TIM5_IRQHandler
                0x000000000800d4e8                DMA2_Stream7_IRQHandler
                0x000000000800d4e8                I2C3_EV_IRQHandler
                0x000000000800d4e8                EXTI9_5_IRQHandler
                0x000000000800d4e8                RTC_WKUP_IRQHandler
                0x000000000800d4e8                ETH_WKUP_IRQHandler
                0x000000000800d4e8                SPI2_IRQHandler
                0x000000000800d4e8                OTG_HS_EP1_IN_IRQHandler
                0x000000000800d4e8                DMA1_Stream0_IRQHandler
                0x000000000800d4e8                CAN1_TX_IRQHandler
                0x000000000800d4e8                EXTI4_IRQHandler
                0x000000000800d4e8                FSMC_IRQHandler
                0x000000000800d4e8                ETH_IRQHandler
                0x000000000800d4e8                OTG_HS_EP1_OUT_IRQHandler
                0x000000000800d4e8                WWDG_IRQHandler
                0x000000000800d4e8                TIM2_IRQHandler
                0x000000000800d4e8                OTG_FS_WKUP_IRQHandler
                0x000000000800d4e8                TIM1_TRG_COM_TIM11_IRQHandler
                0x000000000800d4e8                OTG_HS_IRQHandler
                0x000000000800d4e8                USART2_IRQHandler
                0x000000000800d4e8                I2C2_ER_IRQHandler
                0x000000000800d4e8                DMA2_Stream1_IRQHandler
                0x000000000800d4e8                CAN1_SCE_IRQHandler
                0x000000000800d4e8                FLASH_IRQHandler
                0x000000000800d4e8                DMA2_Stream4_IRQHandler
                0x000000000800d4e8                USART1_IRQHandler
                0x000000000800d4e8                SPI3_IRQHandler
                0x000000000800d4e8                DMA1_Stream4_IRQHandler
                0x000000000800d4e8                I2C1_ER_IRQHandler
                0x000000000800d4e8                DMA2_Stream6_IRQHandler
 *fill*         0x000000000800d4ea        0x2 
 .text.floorf   0x000000000800d4ec       0x8c /home/bluexav/progs/gcc-arm-none-eabi-9-2020-q2-update/bin/../lib/gcc/arm-none-eabi/9.3.1/../../../../arm-none-eabi/lib/thumb/v7e-m+fp/hard/libm.a(lib_a-sf_floor.o)
                0x000000000800d4ec                floorf
 .text.lrintf   0x000000000800d578       0x98 /home/bluexav/progs/gcc-arm-none-eabi-9-2020-q2-update/bin/../lib/gcc/arm-none-eabi/9.3.1/../../../../arm-none-eabi/lib/thumb/v7e-m+fp/hard/libm.a(lib_a-sf_lrint.o)
                0x000000000800d578                lrintf
 .text.rintf    0x000000000800d610       0xbc /home/bluexav/progs/gcc-arm-none-eabi-9-2020-q2-update/bin/../lib/gcc/arm-none-eabi/9.3.1/../../../../arm-none-eabi/lib/thumb/v7e-m+fp/hard/libm.a(lib_a-sf_rint.o)
                0x000000000800d610                rintf
 .text.sinf     0x000000000800d6cc       0x94 /home/bluexav/progs/gcc-arm-none-eabi-9-2020-q2-update/bin/../lib/gcc/arm-none-eabi/9.3.1/../../../../arm-none-eabi/lib/thumb/v7e-m+fp/hard/libm.a(lib_a-sf_sin.o)
                0x000000000800d6cc                sinf
 .text.powf     0x000000000800d760      0x140 /home/bluexav/progs/gcc-arm-none-eabi-9-2020-q2-update/bin/../lib/gcc/arm-none-eabi/9.3.1/../../../../arm-none-eabi/lib/thumb/v7e-m+fp/hard/libm.a(lib_a-wf_pow.o)
                0x000000000800d760                powf
 .text.__ieee754_powf
                0x000000000800d8a0      0x600 /home/bluexav/progs/gcc-arm-none-eabi-9-2020-q2-update/bin/../lib/gcc/arm-none-eabi/9.3.1/../../../../arm-none-eabi/lib/thumb/v7e-m+fp/hard/libm.a(lib_a-ef_pow.o)
                0x000000000800d8a0                __ieee754_powf
 .text.__ieee754_rem_pio2f
                0x000000000800dea0      0x294 /home/bluexav/progs/gcc-arm-none-eabi-9-2020-q2-update/bin/../lib/gcc/arm-none-eabi/9.3.1/../../../../arm-none-eabi/lib/thumb/v7e-m+fp/hard/libm.a(lib_a-ef_rem_pio2.o)
                0x000000000800dea0                __ieee754_rem_pio2f
 .text.__ieee754_sqrtf
                0x000000000800e134        0x8 /home/bluexav/progs/gcc-arm-none-eabi-9-2020-q2-update/bin/../lib/gcc/arm-none-eabi/9.3.1/../../../../arm-none-eabi/lib/thumb/v7e-m+fp/hard/libm.a(lib_a-ef_sqrt.o)
                0x000000000800e134                __ieee754_sqrtf
 .text.__kernel_cosf
                0x000000000800e13c      0x104 /home/bluexav/progs/gcc-arm-none-eabi-9-2020-q2-update/bin/../lib/gcc/arm-none-eabi/9.3.1/../../../../arm-none-eabi/lib/thumb/v7e-m+fp/hard/libm.a(lib_a-kf_cos.o)
                0x000000000800e13c                __kernel_cosf
 .text.__kernel_rem_pio2f
                0x000000000800e240      0x66c /home/bluexav/progs/gcc-arm-none-eabi-9-2020-q2-update/bin/../lib/gcc/arm-none-eabi/9.3.1/../../../../arm-none-eabi/lib/thumb/v7e-m+fp/hard/libm.a(lib_a-kf_rem_pio2.o)
                0x000000000800e240                __kernel_rem_pio2f
 .text.__kernel_sinf
                0x000000000800e8ac       0x90 /home/bluexav/progs/gcc-arm-none-eabi-9-2020-q2-update/bin/../lib/gcc/arm-none-eabi/9.3.1/../../../../arm-none-eabi/lib/thumb/v7e-m+fp/hard/libm.a(lib_a-kf_sin.o)
                0x000000000800e8ac                __kernel_sinf
 .text.fabsf    0x000000000800e93c       0x10 /home/bluexav/progs/gcc-arm-none-eabi-9-2020-q2-update/bin/../lib/gcc/arm-none-eabi/9.3.1/../../../../arm-none-eabi/lib/thumb/v7e-m+fp/hard/libm.a(lib_a-sf_fabs.o)
                0x000000000800e93c                fabsf
 .text.finitef  0x000000000800e94c       0x1c /home/bluexav/progs/gcc-arm-none-eabi-9-2020-q2-update/bin/../lib/gcc/arm-none-eabi/9.3.1/../../../../arm-none-eabi/lib/thumb/v7e-m+fp/hard/libm.a(lib_a-sf_finite.o)
                0x000000000800e94c                finitef
 .text.nanf     0x000000000800e968        0xc /home/bluexav/progs/gcc-arm-none-eabi-9-2020-q2-update/bin/../lib/gcc/arm-none-eabi/9.3.1/../../../../arm-none-eabi/lib/thumb/v7e-m+fp/hard/libm.a(lib_a-sf_nan.o)
                0x000000000800e968                nanf
 .text.scalbnf  0x000000000800e974       0xe4 /home/bluexav/progs/gcc-arm-none-eabi-9-2020-q2-update/bin/../lib/gcc/arm-none-eabi/9.3.1/../../../../arm-none-eabi/lib/thumb/v7e-m+fp/hard/libm.a(lib_a-sf_scalbn.o)
                0x000000000800e974                scalbnf
 .text.__errno  0x000000000800ea58        0xc /home/bluexav/progs/gcc-arm-none-eabi-9-2020-q2-update/bin/../lib/gcc/arm-none-eabi/9.3.1/../../../../arm-none-eabi/lib/thumb/v7e-m+fp/hard/libc.a(lib_a-errno.o)
                0x000000000800ea58                __errno
 .text.__libc_init_array
                0x000000000800ea64       0x48 /home/bluexav/progs/gcc-arm-none-eabi-9-2020-q2-update/bin/../lib/gcc/arm-none-eabi/9.3.1/../../../../arm-none-eabi/lib/thumb/v7e-m+fp/hard/libc.a(lib_a-init.o)
                0x000000000800ea64                __libc_init_array
 .text.memset   0x000000000800eaac       0xa0 /home/bluexav/progs/gcc-arm-none-eabi-9-2020-q2-update/bin/../lib/gcc/arm-none-eabi/9.3.1/../../../../arm-none-eabi/lib/thumb/v7e-m+fp/hard/libc.a(lib_a-memset.o)
                0x000000000800eaac                memset
 .text.srand    0x000000000800eb4c       0x10 /home/bluexav/progs/gcc-arm-none-eabi-9-2020-q2-update/bin/../lib/gcc/arm-none-eabi/9.3.1/../../../../arm-none-eabi/lib/thumb/v7e-m+fp/hard/libc.a(lib_a-rand.o)
                0x000000000800eb4c                srand
 .text.rand     0x000000000800eb5c       0x3c /home/bluexav/progs/gcc-arm-none-eabi-9-2020-q2-update/bin/../lib/gcc/arm-none-eabi/9.3.1/../../../../arm-none-eabi/lib/thumb/v7e-m+fp/hard/libc.a(lib_a-rand.o)
                0x000000000800eb5c                rand
 .text.startup.register_fini
                0x000000000800eb98       0x14 /home/bluexav/progs/gcc-arm-none-eabi-9-2020-q2-update/bin/../lib/gcc/arm-none-eabi/9.3.1/../../../../arm-none-eabi/lib/thumb/v7e-m+fp/hard/libc.a(lib_a-__call_atexit.o)
 .text.atexit   0x000000000800ebac        0xc /home/bluexav/progs/gcc-arm-none-eabi-9-2020-q2-update/bin/../lib/gcc/arm-none-eabi/9.3.1/../../../../arm-none-eabi/lib/thumb/v7e-m+fp/hard/libc.a(lib_a-atexit.o)
                0x000000000800ebac                atexit
 .text.__libc_fini_array
                0x000000000800ebb8       0x2c /home/bluexav/progs/gcc-arm-none-eabi-9-2020-q2-update/bin/../lib/gcc/arm-none-eabi/9.3.1/../../../../arm-none-eabi/lib/thumb/v7e-m+fp/hard/libc.a(lib_a-fini.o)
                0x000000000800ebb8                __libc_fini_array
 .text.__retarget_lock_acquire_recursive
                0x000000000800ebe4        0x4 /home/bluexav/progs/gcc-arm-none-eabi-9-2020-q2-update/bin/../lib/gcc/arm-none-eabi/9.3.1/../../../../arm-none-eabi/lib/thumb/v7e-m+fp/hard/libc.a(lib_a-lock.o)
                0x000000000800ebe4                __retarget_lock_acquire_recursive
 .text.__retarget_lock_release_recursive
                0x000000000800ebe8        0x4 /home/bluexav/progs/gcc-arm-none-eabi-9-2020-q2-update/bin/../lib/gcc/arm-none-eabi/9.3.1/../../../../arm-none-eabi/lib/thumb/v7e-m+fp/hard/libc.a(lib_a-lock.o)
                0x000000000800ebe8                __retarget_lock_release_recursive
 .text.__register_exitproc
                0x000000000800ebec       0x8c /home/bluexav/progs/gcc-arm-none-eabi-9-2020-q2-update/bin/../lib/gcc/arm-none-eabi/9.3.1/../../../../arm-none-eabi/lib/thumb/v7e-m+fp/hard/libc.a(lib_a-__atexit.o)
                0x000000000800ebec                __register_exitproc
 .text.malloc   0x000000000800ec78       0x10 /home/bluexav/progs/gcc-arm-none-eabi-9-2020-q2-update/bin/../lib/gcc/arm-none-eabi/9.3.1/../../../../arm-none-eabi/lib/thumb/v7e-m+fp/hard/libc.a(lib_a-malloc.o)
                0x000000000800ec78                malloc
 .text.free     0x000000000800ec88       0x10 /home/bluexav/progs/gcc-arm-none-eabi-9-2020-q2-update/bin/../lib/gcc/arm-none-eabi/9.3.1/../../../../arm-none-eabi/lib/thumb/v7e-m+fp/hard/libc.a(lib_a-malloc.o)
                0x000000000800ec88                free
 .text._malloc_r
                0x000000000800ec98      0x574 /home/bluexav/progs/gcc-arm-none-eabi-9-2020-q2-update/bin/../lib/gcc/arm-none-eabi/9.3.1/../../../../arm-none-eabi/lib/thumb/v7e-m+fp/hard/libc.a(lib_a-mallocr.o)
                0x000000000800ec98                _malloc_r
 .text.__malloc_lock
                0x000000000800f20c        0xc /home/bluexav/progs/gcc-arm-none-eabi-9-2020-q2-update/bin/../lib/gcc/arm-none-eabi/9.3.1/../../../../arm-none-eabi/lib/thumb/v7e-m+fp/hard/libc.a(lib_a-mlock.o)
                0x000000000800f20c                __malloc_lock
 .text.__malloc_unlock
                0x000000000800f218        0xc /home/bluexav/progs/gcc-arm-none-eabi-9-2020-q2-update/bin/../lib/gcc/arm-none-eabi/9.3.1/../../../../arm-none-eabi/lib/thumb/v7e-m+fp/hard/libc.a(lib_a-mlock.o)
                0x000000000800f218                __malloc_unlock
 .text._sbrk_r  0x000000000800f224       0x24 /home/bluexav/progs/gcc-arm-none-eabi-9-2020-q2-update/bin/../lib/gcc/arm-none-eabi/9.3.1/../../../../arm-none-eabi/lib/thumb/v7e-m+fp/hard/libc.a(lib_a-sbrkr.o)
                0x000000000800f224                _sbrk_r
 .text._malloc_trim_r
                0x000000000800f248       0xa0 /home/bluexav/progs/gcc-arm-none-eabi-9-2020-q2-update/bin/../lib/gcc/arm-none-eabi/9.3.1/../../../../arm-none-eabi/lib/thumb/v7e-m+fp/hard/libc.a(lib_a-freer.o)
                0x000000000800f248                _malloc_trim_r
 .text._free_r  0x000000000800f2e8      0x208 /home/bluexav/progs/gcc-arm-none-eabi-9-2020-q2-update/bin/../lib/gcc/arm-none-eabi/9.3.1/../../../../arm-none-eabi/lib/thumb/v7e-m+fp/hard/libc.a(lib_a-freer.o)
                0x000000000800f2e8                _free_r
 .text._sbrk    0x000000000800f4f0       0x1c /home/bluexav/progs/gcc-arm-none-eabi-9-2020-q2-update/bin/../lib/gcc/arm-none-eabi/9.3.1/../../../../arm-none-eabi/lib/thumb/v7e-m+fp/hard/libnosys.a(sbrk.o)
                0x000000000800f4f0                _sbrk
 *(.glue_7)
 .glue_7        0x000000000800f50c        0x0 linker stubs
 *(.glue_7t)
 .glue_7t       0x000000000800f50c        0x0 linker stubs
 *(.eh_frame)
 .eh_frame      0x000000000800f50c        0x0 /home/bluexav/progs/gcc-arm-none-eabi-9-2020-q2-update/bin/../lib/gcc/arm-none-eabi/9.3.1/thumb/v7e-m+fp/hard/crtbegin.o
 *(.init)
 .init          0x000000000800f50c        0x4 /home/bluexav/progs/gcc-arm-none-eabi-9-2020-q2-update/bin/../lib/gcc/arm-none-eabi/9.3.1/thumb/v7e-m+fp/hard/crti.o
                0x000000000800f50c                _init
 .init          0x000000000800f510        0x8 /home/bluexav/progs/gcc-arm-none-eabi-9-2020-q2-update/bin/../lib/gcc/arm-none-eabi/9.3.1/thumb/v7e-m+fp/hard/crtn.o
 *(.fini)
 .fini          0x000000000800f518        0x4 /home/bluexav/progs/gcc-arm-none-eabi-9-2020-q2-update/bin/../lib/gcc/arm-none-eabi/9.3.1/thumb/v7e-m+fp/hard/crti.o
                0x000000000800f518                _fini
 .fini          0x000000000800f51c        0x8 /home/bluexav/progs/gcc-arm-none-eabi-9-2020-q2-update/bin/../lib/gcc/arm-none-eabi/9.3.1/thumb/v7e-m+fp/hard/crtn.o
                0x000000000800f524                . = ALIGN (0x4)
                0x000000000800f524                _etext = .

.vfp11_veneer   0x000000000800f524        0x0
 .vfp11_veneer  0x000000000800f524        0x0 linker stubs

.v4_bx          0x000000000800f524        0x0
 .v4_bx         0x000000000800f524        0x0 linker stubs

.iplt           0x000000000800f524        0x0
 .iplt          0x000000000800f524        0x0 /home/bluexav/progs/gcc-arm-none-eabi-9-2020-q2-update/bin/../lib/gcc/arm-none-eabi/9.3.1/thumb/v7e-m+fp/hard/crtbegin.o

.rodata         0x000000000800f524     0xed70
                0x000000000800f524                . = ALIGN (0x4)
 *(.rodata)
 *(.rodata*)
 .rodata.str1.4
                0x000000000800f524        0x5 /tmp/Dekrispator_v2.elf.QTiNil.ltrans0.ltrans.o
 *fill*         0x000000000800f529        0x3 
 .rodata.APBAHBPrescTable
                0x000000000800f52c       0x10 /tmp/Dekrispator_v2.elf.QTiNil.ltrans0.ltrans.o
 .rodata.CSWTCH.14.lto_priv.0
                0x000000000800f53c       0x3c /tmp/Dekrispator_v2.elf.QTiNil.ltrans0.ltrans.o
                0x000000000800f53c                CSWTCH.14.lto_priv.0
 .rodata.GPIO_PIN
                0x000000000800f578        0x8 /tmp/Dekrispator_v2.elf.QTiNil.ltrans0.ltrans.o
                0x000000000800f578                GPIO_PIN
 .rodata.GPIO_PORT
                0x000000000800f580       0x10 /tmp/Dekrispator_v2.elf.QTiNil.ltrans0.ltrans.o
                0x000000000800f580                GPIO_PORT
 .rodata.MIDIscale01
                0x000000000800f590        0x6 /tmp/Dekrispator_v2.elf.QTiNil.ltrans0.ltrans.o
                0x000000000800f590                MIDIscale01
 *fill*         0x000000000800f596        0x2 
 .rodata.MIDIscale02
                0x000000000800f598        0x7 /tmp/Dekrispator_v2.elf.QTiNil.ltrans0.ltrans.o
                0x000000000800f598                MIDIscale02
 *fill*         0x000000000800f59f        0x1 
 .rodata.MIDIscale03
                0x000000000800f5a0        0x7 /tmp/Dekrispator_v2.elf.QTiNil.ltrans0.ltrans.o
                0x000000000800f5a0                MIDIscale03
 *fill*         0x000000000800f5a7        0x1 
 .rodata.MIDIscale04
                0x000000000800f5a8        0x5 /tmp/Dekrispator_v2.elf.QTiNil.ltrans0.ltrans.o
                0x000000000800f5a8                MIDIscale04
 *fill*         0x000000000800f5ad        0x3 
 .rodata.MIDIscale05
                0x000000000800f5b0        0x7 /tmp/Dekrispator_v2.elf.QTiNil.ltrans0.ltrans.o
                0x000000000800f5b0                MIDIscale05
 *fill*         0x000000000800f5b7        0x1 
 .rodata.MIDIscale06
                0x000000000800f5b8        0x8 /tmp/Dekrispator_v2.elf.QTiNil.ltrans0.ltrans.o
                0x000000000800f5b8                MIDIscale06
 .rodata.MIDIscale07
                0x000000000800f5c0        0x3 /tmp/Dekrispator_v2.elf.QTiNil.ltrans0.ltrans.o
                0x000000000800f5c0                MIDIscale07
 *fill*         0x000000000800f5c3        0x1 
 .rodata.MIDIscale08
                0x000000000800f5c4        0x3 /tmp/Dekrispator_v2.elf.QTiNil.ltrans0.ltrans.o
                0x000000000800f5c4                MIDIscale08
 *fill*         0x000000000800f5c7        0x1 
 .rodata.MIDIscale09
                0x000000000800f5c8        0x4 /tmp/Dekrispator_v2.elf.QTiNil.ltrans0.ltrans.o
                0x000000000800f5c8                MIDIscale09
 .rodata.MIDIscale10
                0x000000000800f5cc        0x5 /tmp/Dekrispator_v2.elf.QTiNil.ltrans0.ltrans.o
                0x000000000800f5cc                MIDIscale10
 *fill*         0x000000000800f5d1        0x3 
 .rodata.MIDIscale11
                0x000000000800f5d4        0x8 /tmp/Dekrispator_v2.elf.QTiNil.ltrans0.ltrans.o
                0x000000000800f5d4                MIDIscale11
 .rodata.MIDIscale12
                0x000000000800f5dc        0xd /tmp/Dekrispator_v2.elf.QTiNil.ltrans0.ltrans.o
                0x000000000800f5dc                MIDIscale12
 *fill*         0x000000000800f5e9        0x3 
 .rodata.MIDIscale13
                0x000000000800f5ec        0x2 /tmp/Dekrispator_v2.elf.QTiNil.ltrans0.ltrans.o
                0x000000000800f5ec                MIDIscale13
 *fill*         0x000000000800f5ee        0x2 
 .rodata.MIDIscale14
                0x000000000800f5f0        0x3 /tmp/Dekrispator_v2.elf.QTiNil.ltrans0.ltrans.o
                0x000000000800f5f0                MIDIscale14
 *fill*         0x000000000800f5f3        0x1 
 .rodata.notesFreq
                0x000000000800f5f4      0x1ac /tmp/Dekrispator_v2.elf.QTiNil.ltrans0.ltrans.o
 .rodata.sinetable
                0x000000000800f7a0     0x1004 /tmp/Dekrispator_v2.elf.QTiNil.ltrans0.ltrans.o
 .rodata.slope_dd_table
                0x00000000080107a4     0x4704 /tmp/Dekrispator_v2.elf.QTiNil.ltrans0.ltrans.o
 .rodata.step_dd_table
                0x0000000008014ea8     0x9008 /tmp/Dekrispator_v2.elf.QTiNil.ltrans0.ltrans.o
 .rodata.TWO23  0x000000000801deb0        0x8 /home/bluexav/progs/gcc-arm-none-eabi-9-2020-q2-update/bin/../lib/gcc/arm-none-eabi/9.3.1/../../../../arm-none-eabi/lib/thumb/v7e-m+fp/hard/libm.a(lib_a-sf_lrint.o)
 .rodata.TWO23  0x000000000801deb8        0x8 /home/bluexav/progs/gcc-arm-none-eabi-9-2020-q2-update/bin/../lib/gcc/arm-none-eabi/9.3.1/../../../../arm-none-eabi/lib/thumb/v7e-m+fp/hard/libm.a(lib_a-sf_rint.o)
 .rodata.__ieee754_powf.str1.4
                0x000000000801dec0        0x0 /home/bluexav/progs/gcc-arm-none-eabi-9-2020-q2-update/bin/../lib/gcc/arm-none-eabi/9.3.1/../../../../arm-none-eabi/lib/thumb/v7e-m+fp/hard/libm.a(lib_a-ef_pow.o)
                                          0x1 (size before relaxing)
 .rodata.npio2_hw
                0x000000000801dec0       0x80 /home/bluexav/progs/gcc-arm-none-eabi-9-2020-q2-update/bin/../lib/gcc/arm-none-eabi/9.3.1/../../../../arm-none-eabi/lib/thumb/v7e-m+fp/hard/libm.a(lib_a-ef_rem_pio2.o)
 .rodata.two_over_pi
                0x000000000801df40      0x318 /home/bluexav/progs/gcc-arm-none-eabi-9-2020-q2-update/bin/../lib/gcc/arm-none-eabi/9.3.1/../../../../arm-none-eabi/lib/thumb/v7e-m+fp/hard/libm.a(lib_a-ef_rem_pio2.o)
 .rodata.PIo2   0x000000000801e258       0x2c /home/bluexav/progs/gcc-arm-none-eabi-9-2020-q2-update/bin/../lib/gcc/arm-none-eabi/9.3.1/../../../../arm-none-eabi/lib/thumb/v7e-m+fp/hard/libm.a(lib_a-kf_rem_pio2.o)
 .rodata.init_jk
                0x000000000801e284        0xc /home/bluexav/progs/gcc-arm-none-eabi-9-2020-q2-update/bin/../lib/gcc/arm-none-eabi/9.3.1/../../../../arm-none-eabi/lib/thumb/v7e-m+fp/hard/libm.a(lib_a-kf_rem_pio2.o)
 .rodata._global_impure_ptr
                0x000000000801e290        0x4 /home/bluexav/progs/gcc-arm-none-eabi-9-2020-q2-update/bin/../lib/gcc/arm-none-eabi/9.3.1/../../../../arm-none-eabi/lib/thumb/v7e-m+fp/hard/libc.a(lib_a-impure.o)
                0x000000000801e290                _global_impure_ptr
                0x000000000801e294                . = ALIGN (0x4)

.rel.dyn        0x000000000801e294        0x0
 .rel.iplt      0x000000000801e294        0x0 /home/bluexav/progs/gcc-arm-none-eabi-9-2020-q2-update/bin/../lib/gcc/arm-none-eabi/9.3.1/thumb/v7e-m+fp/hard/crtbegin.o

.ARM.extab
 *(.ARM.extab* .gnu.linkonce.armextab.*)

.ARM            0x000000000801e294        0x0
                0x000000000801e294                __exidx_start = .
 *(.ARM.exidx*)
                0x000000000801e294                __exidx_end = .

.preinit_array  0x000000000801e294        0x0
                0x000000000801e294                PROVIDE (__preinit_array_start = .)
 *(.preinit_array*)
                0x000000000801e294                PROVIDE (__preinit_array_end = .)

.init_array     0x000000000801e294        0x8
                0x000000000801e294                PROVIDE (__init_array_start = .)
 *(SORT_BY_NAME(.init_array.*))
 .init_array.00000
                0x000000000801e294        0x4 /home/bluexav/progs/gcc-arm-none-eabi-9-2020-q2-update/bin/../lib/gcc/arm-none-eabi/9.3.1/../../../../arm-none-eabi/lib/thumb/v7e-m+fp/hard/libc.a(lib_a-__call_atexit.o)
 *(.init_array*)
 .init_array    0x000000000801e298        0x4 /home/bluexav/progs/gcc-arm-none-eabi-9-2020-q2-update/bin/../lib/gcc/arm-none-eabi/9.3.1/thumb/v7e-m+fp/hard/crtbegin.o
                0x000000000801e29c                PROVIDE (__init_array_end = .)

.fini_array     0x000000000801e29c        0x4
                0x000000000801e29c                PROVIDE (__fini_array_start = .)
 *(SORT_BY_NAME(.fini_array.*))
 *(.fini_array*)
 .fini_array    0x000000000801e29c        0x4 /home/bluexav/progs/gcc-arm-none-eabi-9-2020-q2-update/bin/../lib/gcc/arm-none-eabi/9.3.1/thumb/v7e-m+fp/hard/crtbegin.o
                0x000000000801e2a0                PROVIDE (__fini_array_end = .)
                0x000000000801e2a0                _sidata = LOADADDR (.data)

.data           0x0000000020000000      0x8ac load address 0x000000000801e2a0
                0x0000000020000000                . = ALIGN (0x4)
                0x0000000020000000                _sdata = .
 *(.data)
 *(.data*)
 .data.Count    0x0000000020000000        0x1 /tmp/Dekrispator_v2.elf.QTiNil.ltrans0.ltrans.o
 .data.Is_cs43l22_Stop
                0x0000000020000001        0x1 /tmp/Dekrispator_v2.elf.QTiNil.ltrans0.ltrans.o
 *fill*         0x0000000020000002        0x2 
 .data.MIDI_Class
                0x0000000020000004       0x20 /tmp/Dekrispator_v2.elf.QTiNil.ltrans0.ltrans.o
 .data.centralFreq.lto_priv.0
                0x0000000020000024        0x4 /tmp/Dekrispator_v2.elf.QTiNil.ltrans0.ltrans.o
                0x0000000020000024                centralFreq.lto_priv.0
 .data.cs43l22_drv
                0x0000000020000028       0x2c /tmp/Dekrispator_v2.elf.QTiNil.ltrans0.ltrans.o
 .data.demoMode
                0x0000000020000054        0x1 /tmp/Dekrispator_v2.elf.QTiNil.ltrans0.ltrans.o
                0x0000000020000054                demoMode
 *fill*         0x0000000020000055        0x3 
 .data.fdb.lto_priv.0
                0x0000000020000058        0x4 /tmp/Dekrispator_v2.elf.QTiNil.ltrans0.ltrans.o
                0x0000000020000058                fdb.lto_priv.0
 .data.sequencerIsOn
                0x000000002000005c        0x1 /tmp/Dekrispator_v2.elf.QTiNil.ltrans0.ltrans.o
                0x000000002000005c                sequencerIsOn
 *fill*         0x000000002000005d        0x3 
 .data.wet.lto_priv.0
                0x0000000020000060        0x4 /tmp/Dekrispator_v2.elf.QTiNil.ltrans0.ltrans.o
                0x0000000020000060                wet.lto_priv.0
 .data.__fdlib_version
                0x0000000020000064        0x1 /home/bluexav/progs/gcc-arm-none-eabi-9-2020-q2-update/bin/../lib/gcc/arm-none-eabi/9.3.1/../../../../arm-none-eabi/lib/thumb/v7e-m+fp/hard/libm.a(lib_a-s_lib_ver.o)
                0x0000000020000064                __fdlib_version
 *fill*         0x0000000020000065        0x3 
 .data._impure_ptr
                0x0000000020000068        0x4 /home/bluexav/progs/gcc-arm-none-eabi-9-2020-q2-update/bin/../lib/gcc/arm-none-eabi/9.3.1/../../../../arm-none-eabi/lib/thumb/v7e-m+fp/hard/libc.a(lib_a-impure.o)
                0x0000000020000068                _impure_ptr
 *fill*         0x000000002000006c        0x4 
 .data.impure_data
                0x0000000020000070      0x428 /home/bluexav/progs/gcc-arm-none-eabi-9-2020-q2-update/bin/../lib/gcc/arm-none-eabi/9.3.1/../../../../arm-none-eabi/lib/thumb/v7e-m+fp/hard/libc.a(lib_a-impure.o)
 .data.__atexit_recursive_mutex
                0x0000000020000498        0x4 /home/bluexav/progs/gcc-arm-none-eabi-9-2020-q2-update/bin/../lib/gcc/arm-none-eabi/9.3.1/../../../../arm-none-eabi/lib/thumb/v7e-m+fp/hard/libc.a(lib_a-__call_atexit.o)
                0x0000000020000498                __atexit_recursive_mutex
 .data.__malloc_av_
                0x000000002000049c      0x408 /home/bluexav/progs/gcc-arm-none-eabi-9-2020-q2-update/bin/../lib/gcc/arm-none-eabi/9.3.1/../../../../arm-none-eabi/lib/thumb/v7e-m+fp/hard/libc.a(lib_a-mallocr.o)
                0x000000002000049c                __malloc_av_
 .data.__malloc_sbrk_base
                0x00000000200008a4        0x4 /home/bluexav/progs/gcc-arm-none-eabi-9-2020-q2-update/bin/../lib/gcc/arm-none-eabi/9.3.1/../../../../arm-none-eabi/lib/thumb/v7e-m+fp/hard/libc.a(lib_a-mallocr.o)
                0x00000000200008a4                __malloc_sbrk_base
 .data.__malloc_trim_threshold
                0x00000000200008a8        0x4 /home/bluexav/progs/gcc-arm-none-eabi-9-2020-q2-update/bin/../lib/gcc/arm-none-eabi/9.3.1/../../../../arm-none-eabi/lib/thumb/v7e-m+fp/hard/libc.a(lib_a-mallocr.o)
                0x00000000200008a8                __malloc_trim_threshold
                0x00000000200008ac                . = ALIGN (0x4)
                0x00000000200008ac                _edata = .
                0x000000000801eb4c                _siccmram = LOADADDR (.ccmram)

.igot.plt       0x00000000200008ac        0x0 load address 0x000000000801eb4c
 .igot.plt      0x00000000200008ac        0x0 /home/bluexav/progs/gcc-arm-none-eabi-9-2020-q2-update/bin/../lib/gcc/arm-none-eabi/9.3.1/thumb/v7e-m+fp/hard/crtbegin.o

.ccmram         0x0000000010000000     0x3ecc load address 0x000000000801eb4c
                0x0000000010000000                . = ALIGN (0x4)
                0x0000000010000000                _sccmram = .
 *(.ccmram)
 .ccmram        0x0000000010000000     0x3ecc /tmp/Dekrispator_v2.elf.QTiNil.ltrans0.ltrans.o
                0x0000000010000000                seq
                0x0000000010000054                noteGen
                0x0000000010000068                adsr
                0x0000000010000094                sound.lto_priv.0
                0x0000000010000095                autoFilterON.lto_priv.0
                0x0000000010000096                autoSound.lto_priv.0
                0x0000000010000097                chorusON.lto_priv.0
                0x0000000010000098                delayON.lto_priv.0
                0x0000000010000099                phaserON.lto_priv.0
                0x000000001000009c                d1
                0x00000000100000c8                d2
                0x00000000100000f4                d3
                0x0000000010000120                lfoL.lto_priv.0
                0x0000000010000130                lfoR.lto_priv.0
                0x0000000010000140                SVFilter
                0x0000000010000160                SVFilter2
                0x0000000010000180                op1
                0x00000000100001a0                op2
                0x00000000100001c0                op3
                0x00000000100001e0                op4
                0x0000000010000200                vibr_lfo
                0x0000000010000220                filt_lfo
                0x0000000010000240                filt2_lfo
                0x0000000010000260                amp_lfo
                0x0000000010000280                a.lto_priv.0
                0x00000000100002ac                ph.lto_priv.0
                0x00000000100002d8                mbSawOsc
                0x0000000010000824                mbRectOsc
                0x0000000010000d80                mbTriOsc
                0x00000000100012dc                delR.lto_priv.0
                0x00000000100028d4                delL.lto_priv.0
 *(.ccmram*)
                0x0000000010003ecc                . = ALIGN (0x4)
                0x0000000010003ecc                _eccmram = .
                0x0000000010003ecc                . = ALIGN (0x4)

.bss            0x00000000200008ac    0x1efa4
                0x00000000200008ac                _sbss = .
                0x00000000200008ac                __bss_start__ = _sbss
 *(.bss)
 .bss           0x00000000200008ac       0x1c /home/bluexav/progs/gcc-arm-none-eabi-9-2020-q2-update/bin/../lib/gcc/arm-none-eabi/9.3.1/thumb/v7e-m+fp/hard/crtbegin.o
 *(.bss*)
 .bss.Appli_state
                0x00000000200008c8        0x1 /tmp/Dekrispator_v2.elf.QTiNil.ltrans0.ltrans.o
 .bss.DebouncedKeyPress
                0x00000000200008c9        0x1 /tmp/Dekrispator_v2.elf.QTiNil.ltrans0.ltrans.o
 *fill*         0x00000000200008ca        0x2 
 .bss.I2cHandle
                0x00000000200008cc       0x38 /tmp/Dekrispator_v2.elf.QTiNil.ltrans0.ltrans.o
 .bss.LED_counter
                0x0000000020000904       0x10 /tmp/Dekrispator_v2.elf.QTiNil.ltrans0.ltrans.o
                0x0000000020000904                LED_counter
 .bss.MIDI_RX_Buffer
                0x0000000020000914       0x40 /tmp/Dekrispator_v2.elf.QTiNil.ltrans0.ltrans.o
                0x0000000020000914                MIDI_RX_Buffer
 .bss.OutputDev
                0x0000000020000954        0x1 /tmp/Dekrispator_v2.elf.QTiNil.ltrans0.ltrans.o
 *fill*         0x0000000020000955        0x3 
 .bss.RngHandle
                0x0000000020000958        0x8 /tmp/Dekrispator_v2.elf.QTiNil.ltrans0.ltrans.o
 .bss.TimingDelay
                0x0000000020000960        0x4 /tmp/Dekrispator_v2.elf.QTiNil.ltrans0.ltrans.o
 .bss.TimingDelay1
                0x0000000020000964        0x4 /tmp/Dekrispator_v2.elf.QTiNil.ltrans0.ltrans.o
 .bss.audiobuff
                0x0000000020000968      0xfa0 /tmp/Dekrispator_v2.elf.QTiNil.ltrans0.ltrans.o
 .bss.currentNote
                0x0000000020001908        0x1 /tmp/Dekrispator_v2.elf.QTiNil.ltrans0.ltrans.o
                0x0000000020001908                currentNote
 *fill*         0x0000000020001909        0x3 
 .bss.delayline.lto_priv.0
                0x000000002000190c    0x1d4c8 /tmp/Dekrispator_v2.elf.QTiNil.ltrans0.ltrans.o
                0x000000002000190c                delayline.lto_priv.0
 .bss.dmax      0x000000002001edd4        0x4 /tmp/Dekrispator_v2.elf.QTiNil.ltrans0.ltrans.o
 .bss.dmin      0x000000002001edd8        0x4 /tmp/Dekrispator_v2.elf.QTiNil.ltrans0.ltrans.o
 .bss.fb.lto_priv.0
                0x000000002001eddc        0x4 /tmp/Dekrispator_v2.elf.QTiNil.ltrans0.ltrans.o
                0x000000002001eddc                fb.lto_priv.0
 .bss.filterFreq
                0x000000002001ede0        0x4 /tmp/Dekrispator_v2.elf.QTiNil.ltrans0.ltrans.o
                0x000000002001ede0                filterFreq
 .bss.filterFreq2
                0x000000002001ede4        0x4 /tmp/Dekrispator_v2.elf.QTiNil.ltrans0.ltrans.o
                0x000000002001ede4                filterFreq2
 .bss.freeze    0x000000002001ede8        0x1 /tmp/Dekrispator_v2.elf.QTiNil.ltrans0.ltrans.o
                0x000000002001ede8                freeze
 *fill*         0x000000002001ede9        0x3 
 .bss.hAudioOutI2s
                0x000000002001edec       0x40 /tmp/Dekrispator_v2.elf.QTiNil.ltrans0.ltrans.o
 .bss.hHCD      0x000000002001ee2c      0x290 /tmp/Dekrispator_v2.elf.QTiNil.ltrans0.ltrans.o
                0x000000002001ee2c                hHCD
 .bss.hUSBHost  0x000000002001f0bc      0x618 /tmp/Dekrispator_v2.elf.QTiNil.ltrans0.ltrans.o
                0x000000002001f0bc                hUSBHost
 .bss.hdma_i2sTx.8621
                0x000000002001f6d4       0x50 /tmp/Dekrispator_v2.elf.QTiNil.ltrans0.ltrans.o
 .bss.lfoInc.lto_priv.0
                0x000000002001f724        0x4 /tmp/Dekrispator_v2.elf.QTiNil.ltrans0.ltrans.o
                0x000000002001f724                lfoInc.lto_priv.0
 .bss.lfoPhase  0x000000002001f728        0x4 /tmp/Dekrispator_v2.elf.QTiNil.ltrans0.ltrans.o
 .bss.notesCount
                0x000000002001f72c        0x1 /tmp/Dekrispator_v2.elf.QTiNil.ltrans0.ltrans.o
                0x000000002001f72c                notesCount
 *fill*         0x000000002001f72d        0x3 
 .bss.notes_On  0x000000002001f730       0x80 /tmp/Dekrispator_v2.elf.QTiNil.ltrans0.ltrans.o
                0x000000002001f730                notes_On
 .bss.old       0x000000002001f7b0       0x18 /tmp/Dekrispator_v2.elf.QTiNil.ltrans0.ltrans.o
 .bss.old_dy    0x000000002001f7c8        0x4 /tmp/Dekrispator_v2.elf.QTiNil.ltrans0.ltrans.o
 .bss.pAudioDrv.lto_priv.0
                0x000000002001f7cc        0x4 /tmp/Dekrispator_v2.elf.QTiNil.ltrans0.ltrans.o
                0x000000002001f7cc                pAudioDrv.lto_priv.0
 .bss.rateCoeff
                0x000000002001f7d0        0x4 /tmp/Dekrispator_v2.elf.QTiNil.ltrans0.ltrans.o
                0x000000002001f7d0                rateCoeff
 .bss.readpos.lto_priv.0
                0x000000002001f7d4        0x4 /tmp/Dekrispator_v2.elf.QTiNil.ltrans0.ltrans.o
                0x000000002001f7d4                readpos.lto_priv.0
 .bss.shift.lto_priv.0
                0x000000002001f7d8        0x4 /tmp/Dekrispator_v2.elf.QTiNil.ltrans0.ltrans.o
                0x000000002001f7d8                shift.lto_priv.0
 .bss.uwTick.lto_priv.0
                0x000000002001f7dc        0x4 /tmp/Dekrispator_v2.elf.QTiNil.ltrans0.ltrans.o
                0x000000002001f7dc                uwTick.lto_priv.0
 .bss.velocity  0x000000002001f7e0        0x1 /tmp/Dekrispator_v2.elf.QTiNil.ltrans0.ltrans.o
                0x000000002001f7e0                velocity
 *fill*         0x000000002001f7e1        0x3 
 .bss.wet.lto_priv.1
                0x000000002001f7e4        0x4 /tmp/Dekrispator_v2.elf.QTiNil.ltrans0.ltrans.o
                0x000000002001f7e4                wet.lto_priv.1
 .bss.writepos.lto_priv.0
                0x000000002001f7e8        0x4 /tmp/Dekrispator_v2.elf.QTiNil.ltrans0.ltrans.o
                0x000000002001f7e8                writepos.lto_priv.0
 .bss.zm1       0x000000002001f7ec        0x4 /tmp/Dekrispator_v2.elf.QTiNil.ltrans0.ltrans.o
 .bss.__malloc_current_mallinfo
                0x000000002001f7f0       0x28 /home/bluexav/progs/gcc-arm-none-eabi-9-2020-q2-update/bin/../lib/gcc/arm-none-eabi/9.3.1/../../../../arm-none-eabi/lib/thumb/v7e-m+fp/hard/libc.a(lib_a-mallocr.o)
                0x000000002001f7f0                __malloc_current_mallinfo
 .bss.__malloc_max_sbrked_mem
                0x000000002001f818        0x4 /home/bluexav/progs/gcc-arm-none-eabi-9-2020-q2-update/bin/../lib/gcc/arm-none-eabi/9.3.1/../../../../arm-none-eabi/lib/thumb/v7e-m+fp/hard/libc.a(lib_a-mallocr.o)
                0x000000002001f818                __malloc_max_sbrked_mem
 .bss.__malloc_max_total_mem
                0x000000002001f81c        0x4 /home/bluexav/progs/gcc-arm-none-eabi-9-2020-q2-update/bin/../lib/gcc/arm-none-eabi/9.3.1/../../../../arm-none-eabi/lib/thumb/v7e-m+fp/hard/libc.a(lib_a-mallocr.o)
                0x000000002001f81c                __malloc_max_total_mem
 .bss.__malloc_top_pad
                0x000000002001f820        0x4 /home/bluexav/progs/gcc-arm-none-eabi-9-2020-q2-update/bin/../lib/gcc/arm-none-eabi/9.3.1/../../../../arm-none-eabi/lib/thumb/v7e-m+fp/hard/libc.a(lib_a-mallocr.o)
                0x000000002001f820                __malloc_top_pad
 .bss.heap_end.5507
                0x000000002001f824        0x4 /home/bluexav/progs/gcc-arm-none-eabi-9-2020-q2-update/bin/../lib/gcc/arm-none-eabi/9.3.1/../../../../arm-none-eabi/lib/thumb/v7e-m+fp/hard/libnosys.a(sbrk.o)
 *(COMMON)
 COMMON         0x000000002001f828       0x21 /home/bluexav/progs/gcc-arm-none-eabi-9-2020-q2-update/bin/../lib/gcc/arm-none-eabi/9.3.1/../../../../arm-none-eabi/lib/thumb/v7e-m+fp/hard/libc.a(lib_a-lock.o)
                0x000000002001f828                __lock___atexit_recursive_mutex
                0x000000002001f82c                __lock___arc4random_mutex
                0x000000002001f830                __lock___env_recursive_mutex
                0x000000002001f834                __lock___sinit_recursive_mutex
                0x000000002001f838                __lock___malloc_recursive_mutex
                0x000000002001f83c                __lock___at_quick_exit_mutex
                0x000000002001f840                __lock___dd_hash_mutex
                0x000000002001f844                __lock___tz_mutex
                0x000000002001f848                __lock___sfp_recursive_mutex
 *fill*         0x000000002001f849        0x3 
 COMMON         0x000000002001f84c        0x4 /home/bluexav/progs/gcc-arm-none-eabi-9-2020-q2-update/bin/../lib/gcc/arm-none-eabi/9.3.1/../../../../arm-none-eabi/lib/thumb/v7e-m+fp/hard/libc.a(lib_a-reent.o)
                0x000000002001f84c                errno
                0x000000002001f850                . = ALIGN (0x4)
                0x000000002001f850                _ebss = .
                0x000000002001f850                __bss_end__ = _ebss

._user_heap_stack
                0x0000000010003ecc     0x2000
                0x0000000010003ecc                . = ALIGN (0x4)
                0x0000000010003ecc                PROVIDE (end = .)
                [!provide]                        PROVIDE (_end = .)
                0x0000000010004ecc                . = (. + _Min_Heap_Size)
 *fill*         0x0000000010003ecc     0x1000 
                0x0000000010005ecc                . = (. + _Min_Stack_Size)
 *fill*         0x0000000010004ecc     0x1000 
                0x0000000010005ecc                . = ALIGN (0x4)

/DISCARD/
 libc.a(*)
 libm.a(*)
 libgcc.a(*)

.ARM.attributes
                0x0000000000000000       0x30
 *(.ARM.attributes)
 .ARM.attributes
                0x0000000000000000       0x1e /home/bluexav/progs/gcc-arm-none-eabi-9-2020-q2-update/bin/../lib/gcc/arm-none-eabi/9.3.1/thumb/v7e-m+fp/hard/crti.o
 .ARM.attributes
                0x000000000000001e       0x34 /home/bluexav/progs/gcc-arm-none-eabi-9-2020-q2-update/bin/../lib/gcc/arm-none-eabi/9.3.1/thumb/v7e-m+fp/hard/crtbegin.o
 .ARM.attributes
                0x0000000000000052       0x32 /tmp/Dekrispator_v2.elf.QTiNil.ltrans0.ltrans.o
 .ARM.attributes
                0x0000000000000084       0x32 /tmp/Dekrispator_v2.elf.QTiNil.ltrans1.ltrans.o
 .ARM.attributes
                0x00000000000000b6       0x21 ./Synth/startup_stm32f407xx.o
 .ARM.attributes
                0x00000000000000d7       0x34 /home/bluexav/progs/gcc-arm-none-eabi-9-2020-q2-update/bin/../lib/gcc/arm-none-eabi/9.3.1/../../../../arm-none-eabi/lib/thumb/v7e-m+fp/hard/libm.a(lib_a-sf_floor.o)
 .ARM.attributes
                0x000000000000010b       0x34 /home/bluexav/progs/gcc-arm-none-eabi-9-2020-q2-update/bin/../lib/gcc/arm-none-eabi/9.3.1/../../../../arm-none-eabi/lib/thumb/v7e-m+fp/hard/libm.a(lib_a-sf_lrint.o)
 .ARM.attributes
                0x000000000000013f       0x34 /home/bluexav/progs/gcc-arm-none-eabi-9-2020-q2-update/bin/../lib/gcc/arm-none-eabi/9.3.1/../../../../arm-none-eabi/lib/thumb/v7e-m+fp/hard/libm.a(lib_a-sf_rint.o)
 .ARM.attributes
                0x0000000000000173       0x34 /home/bluexav/progs/gcc-arm-none-eabi-9-2020-q2-update/bin/../lib/gcc/arm-none-eabi/9.3.1/../../../../arm-none-eabi/lib/thumb/v7e-m+fp/hard/libm.a(lib_a-sf_sin.o)
 .ARM.attributes
                0x00000000000001a7       0x34 /home/bluexav/progs/gcc-arm-none-eabi-9-2020-q2-update/bin/../lib/gcc/arm-none-eabi/9.3.1/../../../../arm-none-eabi/lib/thumb/v7e-m+fp/hard/libm.a(lib_a-wf_pow.o)
 .ARM.attributes
                0x00000000000001db       0x34 /home/bluexav/progs/gcc-arm-none-eabi-9-2020-q2-update/bin/../lib/gcc/arm-none-eabi/9.3.1/../../../../arm-none-eabi/lib/thumb/v7e-m+fp/hard/libm.a(lib_a-ef_pow.o)
 .ARM.attributes
                0x000000000000020f       0x34 /home/bluexav/progs/gcc-arm-none-eabi-9-2020-q2-update/bin/../lib/gcc/arm-none-eabi/9.3.1/../../../../arm-none-eabi/lib/thumb/v7e-m+fp/hard/libm.a(lib_a-ef_rem_pio2.o)
 .ARM.attributes
                0x0000000000000243       0x34 /home/bluexav/progs/gcc-arm-none-eabi-9-2020-q2-update/bin/../lib/gcc/arm-none-eabi/9.3.1/../../../../arm-none-eabi/lib/thumb/v7e-m+fp/hard/libm.a(lib_a-ef_sqrt.o)
 .ARM.attributes
                0x0000000000000277       0x34 /home/bluexav/progs/gcc-arm-none-eabi-9-2020-q2-update/bin/../lib/gcc/arm-none-eabi/9.3.1/../../../../arm-none-eabi/lib/thumb/v7e-m+fp/hard/libm.a(lib_a-kf_cos.o)
 .ARM.attributes
                0x00000000000002ab       0x34 /home/bluexav/progs/gcc-arm-none-eabi-9-2020-q2-update/bin/../lib/gcc/arm-none-eabi/9.3.1/../../../../arm-none-eabi/lib/thumb/v7e-m+fp/hard/libm.a(lib_a-kf_rem_pio2.o)
 .ARM.attributes
                0x00000000000002df       0x34 /home/bluexav/progs/gcc-arm-none-eabi-9-2020-q2-update/bin/../lib/gcc/arm-none-eabi/9.3.1/../../../../arm-none-eabi/lib/thumb/v7e-m+fp/hard/libm.a(lib_a-kf_sin.o)
 .ARM.attributes
                0x0000000000000313       0x32 /home/bluexav/progs/gcc-arm-none-eabi-9-2020-q2-update/bin/../lib/gcc/arm-none-eabi/9.3.1/../../../../arm-none-eabi/lib/thumb/v7e-m+fp/hard/libm.a(lib_a-s_lib_ver.o)
 .ARM.attributes
                0x0000000000000345       0x34 /home/bluexav/progs/gcc-arm-none-eabi-9-2020-q2-update/bin/../lib/gcc/arm-none-eabi/9.3.1/../../../../arm-none-eabi/lib/thumb/v7e-m+fp/hard/libm.a(lib_a-sf_fabs.o)
 .ARM.attributes
                0x0000000000000379       0x34 /home/bluexav/progs/gcc-arm-none-eabi-9-2020-q2-update/bin/../lib/gcc/arm-none-eabi/9.3.1/../../../../arm-none-eabi/lib/thumb/v7e-m+fp/hard/libm.a(lib_a-sf_finite.o)
 .ARM.attributes
                0x00000000000003ad       0x34 /home/bluexav/progs/gcc-arm-none-eabi-9-2020-q2-update/bin/../lib/gcc/arm-none-eabi/9.3.1/../../../../arm-none-eabi/lib/thumb/v7e-m+fp/hard/libm.a(lib_a-sf_nan.o)
 .ARM.attributes
                0x00000000000003e1       0x34 /home/bluexav/progs/gcc-arm-none-eabi-9-2020-q2-update/bin/../lib/gcc/arm-none-eabi/9.3.1/../../../../arm-none-eabi/lib/thumb/v7e-m+fp/hard/libm.a(lib_a-sf_scalbn.o)
 .ARM.attributes
                0x0000000000000415       0x34 /home/bluexav/progs/gcc-arm-none-eabi-9-2020-q2-update/bin/../lib/gcc/arm-none-eabi/9.3.1/../../../../arm-none-eabi/lib/thumb/v7e-m+fp/hard/libc.a(lib_a-errno.o)
 .ARM.attributes
                0x0000000000000449       0x32 /home/bluexav/progs/gcc-arm-none-eabi-9-2020-q2-update/bin/../lib/gcc/arm-none-eabi/9.3.1/../../../../arm-none-eabi/lib/thumb/v7e-m+fp/hard/libc.a(lib_a-impure.o)
 .ARM.attributes
                0x000000000000047b       0x34 /home/bluexav/progs/gcc-arm-none-eabi-9-2020-q2-update/bin/../lib/gcc/arm-none-eabi/9.3.1/../../../../arm-none-eabi/lib/thumb/v7e-m+fp/hard/libc.a(lib_a-init.o)
 .ARM.attributes
                0x00000000000004af       0x34 /home/bluexav/progs/gcc-arm-none-eabi-9-2020-q2-update/bin/../lib/gcc/arm-none-eabi/9.3.1/../../../../arm-none-eabi/lib/thumb/v7e-m+fp/hard/libc.a(lib_a-memset.o)
 .ARM.attributes
                0x00000000000004e3       0x34 /home/bluexav/progs/gcc-arm-none-eabi-9-2020-q2-update/bin/../lib/gcc/arm-none-eabi/9.3.1/../../../../arm-none-eabi/lib/thumb/v7e-m+fp/hard/libc.a(lib_a-rand.o)
 .ARM.attributes
                0x0000000000000517       0x34 /home/bluexav/progs/gcc-arm-none-eabi-9-2020-q2-update/bin/../lib/gcc/arm-none-eabi/9.3.1/../../../../arm-none-eabi/lib/thumb/v7e-m+fp/hard/libc.a(lib_a-__call_atexit.o)
 .ARM.attributes
                0x000000000000054b       0x34 /home/bluexav/progs/gcc-arm-none-eabi-9-2020-q2-update/bin/../lib/gcc/arm-none-eabi/9.3.1/../../../../arm-none-eabi/lib/thumb/v7e-m+fp/hard/libc.a(lib_a-atexit.o)
 .ARM.attributes
                0x000000000000057f       0x34 /home/bluexav/progs/gcc-arm-none-eabi-9-2020-q2-update/bin/../lib/gcc/arm-none-eabi/9.3.1/../../../../arm-none-eabi/lib/thumb/v7e-m+fp/hard/libc.a(lib_a-fini.o)
 .ARM.attributes
                0x00000000000005b3       0x34 /home/bluexav/progs/gcc-arm-none-eabi-9-2020-q2-update/bin/../lib/gcc/arm-none-eabi/9.3.1/../../../../arm-none-eabi/lib/thumb/v7e-m+fp/hard/libc.a(lib_a-lock.o)
 .ARM.attributes
                0x00000000000005e7       0x34 /home/bluexav/progs/gcc-arm-none-eabi-9-2020-q2-update/bin/../lib/gcc/arm-none-eabi/9.3.1/../../../../arm-none-eabi/lib/thumb/v7e-m+fp/hard/libc.a(lib_a-__atexit.o)
 .ARM.attributes
                0x000000000000061b       0x34 /home/bluexav/progs/gcc-arm-none-eabi-9-2020-q2-update/bin/../lib/gcc/arm-none-eabi/9.3.1/../../../../arm-none-eabi/lib/thumb/v7e-m+fp/hard/libc.a(lib_a-malloc.o)
 .ARM.attributes
                0x000000000000064f       0x34 /home/bluexav/progs/gcc-arm-none-eabi-9-2020-q2-update/bin/../lib/gcc/arm-none-eabi/9.3.1/../../../../arm-none-eabi/lib/thumb/v7e-m+fp/hard/libc.a(lib_a-mallocr.o)
 .ARM.attributes
                0x0000000000000683       0x1c /home/bluexav/progs/gcc-arm-none-eabi-9-2020-q2-update/bin/../lib/gcc/arm-none-eabi/9.3.1/../../../../arm-none-eabi/lib/thumb/v7e-m+fp/hard/libc.a(lib_a-memcpy.o)
 .ARM.attributes
                0x000000000000069f       0x34 /home/bluexav/progs/gcc-arm-none-eabi-9-2020-q2-update/bin/../lib/gcc/arm-none-eabi/9.3.1/../../../../arm-none-eabi/lib/thumb/v7e-m+fp/hard/libc.a(lib_a-mlock.o)
 .ARM.attributes
                0x00000000000006d3       0x34 /home/bluexav/progs/gcc-arm-none-eabi-9-2020-q2-update/bin/../lib/gcc/arm-none-eabi/9.3.1/../../../../arm-none-eabi/lib/thumb/v7e-m+fp/hard/libc.a(lib_a-sbrkr.o)
 .ARM.attributes
                0x0000000000000707       0x34 /home/bluexav/progs/gcc-arm-none-eabi-9-2020-q2-update/bin/../lib/gcc/arm-none-eabi/9.3.1/../../../../arm-none-eabi/lib/thumb/v7e-m+fp/hard/libc.a(lib_a-freer.o)
 .ARM.attributes
                0x000000000000073b       0x34 /home/bluexav/progs/gcc-arm-none-eabi-9-2020-q2-update/bin/../lib/gcc/arm-none-eabi/9.3.1/../../../../arm-none-eabi/lib/thumb/v7e-m+fp/hard/libc.a(lib_a-reent.o)
 .ARM.attributes
                0x000000000000076f       0x34 /home/bluexav/progs/gcc-arm-none-eabi-9-2020-q2-update/bin/../lib/gcc/arm-none-eabi/9.3.1/../../../../arm-none-eabi/lib/thumb/v7e-m+fp/hard/libnosys.a(sbrk.o)
 .ARM.attributes
                0x00000000000007a3       0x1e /home/bluexav/progs/gcc-arm-none-eabi-9-2020-q2-update/bin/../lib/gcc/arm-none-eabi/9.3.1/thumb/v7e-m+fp/hard/crtn.o
OUTPUT(Dekrispator_v2.elf elf32-littlearm)
LOAD linker stubs
LOAD /home/bluexav/progs/gcc-arm-none-eabi-9-2020-q2-update/bin/../lib/gcc/arm-none-eabi/9.3.1/../../../../arm-none-eabi/lib/thumb/v7e-m+fp/hard/libc.a
LOAD /home/bluexav/progs/gcc-arm-none-eabi-9-2020-q2-update/bin/../lib/gcc/arm-none-eabi/9.3.1/../../../../arm-none-eabi/lib/thumb/v7e-m+fp/hard/libm.a
LOAD /home/bluexav/progs/gcc-arm-none-eabi-9-2020-q2-update/bin/../lib/gcc/arm-none-eabi/9.3.1/thumb/v7e-m+fp/hard/libgcc.a

.comment        0x0000000000000000       0x4c
 .comment       0x0000000000000000       0x4c /tmp/Dekrispator_v2.elf.QTiNil.ltrans0.ltrans.o
                                         0x4d (size before relaxing)
 .comment       0x000000000000004c       0x4d /tmp/Dekrispator_v2.elf.QTiNil.ltrans1.ltrans.o

.debug_frame    0x0000000000000000      0x780
 .debug_frame   0x0000000000000000       0x20 /home/bluexav/progs/gcc-arm-none-eabi-9-2020-q2-update/bin/../lib/gcc/arm-none-eabi/9.3.1/../../../../arm-none-eabi/lib/thumb/v7e-m+fp/hard/libm.a(lib_a-sf_floor.o)
 .debug_frame   0x0000000000000020       0x48 /home/bluexav/progs/gcc-arm-none-eabi-9-2020-q2-update/bin/../lib/gcc/arm-none-eabi/9.3.1/../../../../arm-none-eabi/lib/thumb/v7e-m+fp/hard/libm.a(lib_a-sf_lrint.o)
 .debug_frame   0x0000000000000068       0x34 /home/bluexav/progs/gcc-arm-none-eabi-9-2020-q2-update/bin/../lib/gcc/arm-none-eabi/9.3.1/../../../../arm-none-eabi/lib/thumb/v7e-m+fp/hard/libm.a(lib_a-sf_rint.o)
 .debug_frame   0x000000000000009c       0x34 /home/bluexav/progs/gcc-arm-none-eabi-9-2020-q2-update/bin/../lib/gcc/arm-none-eabi/9.3.1/../../../../arm-none-eabi/lib/thumb/v7e-m+fp/hard/libm.a(lib_a-sf_sin.o)
 .debug_frame   0x00000000000000d0       0x54 /home/bluexav/progs/gcc-arm-none-eabi-9-2020-q2-update/bin/../lib/gcc/arm-none-eabi/9.3.1/../../../../arm-none-eabi/lib/thumb/v7e-m+fp/hard/libm.a(lib_a-wf_pow.o)
 .debug_frame   0x0000000000000124       0x74 /home/bluexav/progs/gcc-arm-none-eabi-9-2020-q2-update/bin/../lib/gcc/arm-none-eabi/9.3.1/../../../../arm-none-eabi/lib/thumb/v7e-m+fp/hard/libm.a(lib_a-ef_pow.o)
 .debug_frame   0x0000000000000198       0x44 /home/bluexav/progs/gcc-arm-none-eabi-9-2020-q2-update/bin/../lib/gcc/arm-none-eabi/9.3.1/../../../../arm-none-eabi/lib/thumb/v7e-m+fp/hard/libm.a(lib_a-ef_rem_pio2.o)
 .debug_frame   0x00000000000001dc       0x20 /home/bluexav/progs/gcc-arm-none-eabi-9-2020-q2-update/bin/../lib/gcc/arm-none-eabi/9.3.1/../../../../arm-none-eabi/lib/thumb/v7e-m+fp/hard/libm.a(lib_a-ef_sqrt.o)
 .debug_frame   0x00000000000001fc       0x20 /home/bluexav/progs/gcc-arm-none-eabi-9-2020-q2-update/bin/../lib/gcc/arm-none-eabi/9.3.1/../../../../arm-none-eabi/lib/thumb/v7e-m+fp/hard/libm.a(lib_a-kf_cos.o)
 .debug_frame   0x000000000000021c       0x5c /home/bluexav/progs/gcc-arm-none-eabi-9-2020-q2-update/bin/../lib/gcc/arm-none-eabi/9.3.1/../../../../arm-none-eabi/lib/thumb/v7e-m+fp/hard/libm.a(lib_a-kf_rem_pio2.o)
 .debug_frame   0x0000000000000278       0x20 /home/bluexav/progs/gcc-arm-none-eabi-9-2020-q2-update/bin/../lib/gcc/arm-none-eabi/9.3.1/../../../../arm-none-eabi/lib/thumb/v7e-m+fp/hard/libm.a(lib_a-kf_sin.o)
 .debug_frame   0x0000000000000298       0x20 /home/bluexav/progs/gcc-arm-none-eabi-9-2020-q2-update/bin/../lib/gcc/arm-none-eabi/9.3.1/../../../../arm-none-eabi/lib/thumb/v7e-m+fp/hard/libm.a(lib_a-sf_fabs.o)
 .debug_frame   0x00000000000002b8       0x28 /home/bluexav/progs/gcc-arm-none-eabi-9-2020-q2-update/bin/../lib/gcc/arm-none-eabi/9.3.1/../../../../arm-none-eabi/lib/thumb/v7e-m+fp/hard/libm.a(lib_a-sf_finite.o)
 .debug_frame   0x00000000000002e0       0x20 /home/bluexav/progs/gcc-arm-none-eabi-9-2020-q2-update/bin/../lib/gcc/arm-none-eabi/9.3.1/../../../../arm-none-eabi/lib/thumb/v7e-m+fp/hard/libm.a(lib_a-sf_nan.o)
 .debug_frame   0x0000000000000300       0x3c /home/bluexav/progs/gcc-arm-none-eabi-9-2020-q2-update/bin/../lib/gcc/arm-none-eabi/9.3.1/../../../../arm-none-eabi/lib/thumb/v7e-m+fp/hard/libm.a(lib_a-sf_scalbn.o)
 .debug_frame   0x000000000000033c       0x20 /home/bluexav/progs/gcc-arm-none-eabi-9-2020-q2-update/bin/../lib/gcc/arm-none-eabi/9.3.1/../../../../arm-none-eabi/lib/thumb/v7e-m+fp/hard/libc.a(lib_a-errno.o)
 .debug_frame   0x000000000000035c       0x2c /home/bluexav/progs/gcc-arm-none-eabi-9-2020-q2-update/bin/../lib/gcc/arm-none-eabi/9.3.1/../../../../arm-none-eabi/lib/thumb/v7e-m+fp/hard/libc.a(lib_a-init.o)
 .debug_frame   0x0000000000000388       0x38 /home/bluexav/progs/gcc-arm-none-eabi-9-2020-q2-update/bin/../lib/gcc/arm-none-eabi/9.3.1/../../../../arm-none-eabi/lib/thumb/v7e-m+fp/hard/libc.a(lib_a-memset.o)
 .debug_frame   0x00000000000003c0       0x3c /home/bluexav/progs/gcc-arm-none-eabi-9-2020-q2-update/bin/../lib/gcc/arm-none-eabi/9.3.1/../../../../arm-none-eabi/lib/thumb/v7e-m+fp/hard/libc.a(lib_a-rand.o)
 .debug_frame   0x00000000000003fc       0x68 /home/bluexav/progs/gcc-arm-none-eabi-9-2020-q2-update/bin/../lib/gcc/arm-none-eabi/9.3.1/../../../../arm-none-eabi/lib/thumb/v7e-m+fp/hard/libc.a(lib_a-__call_atexit.o)
 .debug_frame   0x0000000000000464       0x20 /home/bluexav/progs/gcc-arm-none-eabi-9-2020-q2-update/bin/../lib/gcc/arm-none-eabi/9.3.1/../../../../arm-none-eabi/lib/thumb/v7e-m+fp/hard/libc.a(lib_a-atexit.o)
 .debug_frame   0x0000000000000484       0x34 /home/bluexav/progs/gcc-arm-none-eabi-9-2020-q2-update/bin/../lib/gcc/arm-none-eabi/9.3.1/../../../../arm-none-eabi/lib/thumb/v7e-m+fp/hard/libc.a(lib_a-fini.o)
 .debug_frame   0x00000000000004b8       0xb0 /home/bluexav/progs/gcc-arm-none-eabi-9-2020-q2-update/bin/../lib/gcc/arm-none-eabi/9.3.1/../../../../arm-none-eabi/lib/thumb/v7e-m+fp/hard/libc.a(lib_a-lock.o)
 .debug_frame   0x0000000000000568       0x34 /home/bluexav/progs/gcc-arm-none-eabi-9-2020-q2-update/bin/../lib/gcc/arm-none-eabi/9.3.1/../../../../arm-none-eabi/lib/thumb/v7e-m+fp/hard/libc.a(lib_a-__atexit.o)
 .debug_frame   0x000000000000059c       0x30 /home/bluexav/progs/gcc-arm-none-eabi-9-2020-q2-update/bin/../lib/gcc/arm-none-eabi/9.3.1/../../../../arm-none-eabi/lib/thumb/v7e-m+fp/hard/libc.a(lib_a-malloc.o)
 .debug_frame   0x00000000000005cc       0x4c /home/bluexav/progs/gcc-arm-none-eabi-9-2020-q2-update/bin/../lib/gcc/arm-none-eabi/9.3.1/../../../../arm-none-eabi/lib/thumb/v7e-m+fp/hard/libc.a(lib_a-mallocr.o)
 .debug_frame   0x0000000000000618       0x30 /home/bluexav/progs/gcc-arm-none-eabi-9-2020-q2-update/bin/../lib/gcc/arm-none-eabi/9.3.1/../../../../arm-none-eabi/lib/thumb/v7e-m+fp/hard/libc.a(lib_a-mlock.o)
 .debug_frame   0x0000000000000648       0x2c /home/bluexav/progs/gcc-arm-none-eabi-9-2020-q2-update/bin/../lib/gcc/arm-none-eabi/9.3.1/../../../../arm-none-eabi/lib/thumb/v7e-m+fp/hard/libc.a(lib_a-sbrkr.o)
 .debug_frame   0x0000000000000674       0x8c /home/bluexav/progs/gcc-arm-none-eabi-9-2020-q2-update/bin/../lib/gcc/arm-none-eabi/9.3.1/../../../../arm-none-eabi/lib/thumb/v7e-m+fp/hard/libc.a(lib_a-freer.o)
 .debug_frame   0x0000000000000700       0x60 /home/bluexav/progs/gcc-arm-none-eabi-9-2020-q2-update/bin/../lib/gcc/arm-none-eabi/9.3.1/../../../../arm-none-eabi/lib/thumb/v7e-m+fp/hard/libc.a(lib_a-reent.o)
 .debug_frame   0x0000000000000760       0x20 /home/bluexav/progs/gcc-arm-none-eabi-9-2020-q2-update/bin/../lib/gcc/arm-none-eabi/9.3.1/../../../../arm-none-eabi/lib/thumb/v7e-m+fp/hard/libnosys.a(sbrk.o)
