Archive member included because of file (symbol)

c:/program files/gnu tools arm embedded/4.9 2014q4/bin/../lib/gcc/arm-none-eabi/4.9.3/../../../../arm-none-eabi/lib/armv7e-m/fpu\libm.a(lib_a-sf_fabs.o)
                              ./Synth/chorusFD.o (symbol from plugin) (fabsf)
c:/program files/gnu tools arm embedded/4.9 2014q4/bin/../lib/gcc/arm-none-eabi/4.9.3/../../../../arm-none-eabi/lib/armv7e-m/fpu\libm.a(lib_a-sf_floor.o)
                              ./Synth/chorusFD.o (symbol from plugin) (floorf)
c:/program files/gnu tools arm embedded/4.9 2014q4/bin/../lib/gcc/arm-none-eabi/4.9.3/../../../../arm-none-eabi/lib/armv7e-m/fpu\libm.a(lib_a-sf_lrint.o)
                              ./Synth/MIDI_application.o (symbol from plugin) (lrintf)
c:/program files/gnu tools arm embedded/4.9 2014q4/bin/../lib/gcc/arm-none-eabi/4.9.3/../../../../arm-none-eabi/lib/armv7e-m/fpu\libm.a(lib_a-sf_rint.o)
                              ./Synth/sequencer.o (symbol from plugin) (rintf)
c:/program files/gnu tools arm embedded/4.9 2014q4/bin/../lib/gcc/arm-none-eabi/4.9.3/../../../../arm-none-eabi/lib/armv7e-m/fpu\libm.a(lib_a-sf_sin.o)
                              ./Synth/oscillators.o (symbol from plugin) (sinf)
c:/program files/gnu tools arm embedded/4.9 2014q4/bin/../lib/gcc/arm-none-eabi/4.9.3/../../../../arm-none-eabi/lib/armv7e-m/fpu\libm.a(lib_a-wf_pow.o)
                              ./Synth/math_tools.o (symbol from plugin) (powf)
c:/program files/gnu tools arm embedded/4.9 2014q4/bin/../lib/gcc/arm-none-eabi/4.9.3/../../../../arm-none-eabi/lib/armv7e-m/fpu\libm.a(lib_a-ef_pow.o)
                              c:/program files/gnu tools arm embedded/4.9 2014q4/bin/../lib/gcc/arm-none-eabi/4.9.3/../../../../arm-none-eabi/lib/armv7e-m/fpu\libm.a(lib_a-wf_pow.o) (__ieee754_powf)
c:/program files/gnu tools arm embedded/4.9 2014q4/bin/../lib/gcc/arm-none-eabi/4.9.3/../../../../arm-none-eabi/lib/armv7e-m/fpu\libm.a(lib_a-ef_rem_pio2.o)
                              c:/program files/gnu tools arm embedded/4.9 2014q4/bin/../lib/gcc/arm-none-eabi/4.9.3/../../../../arm-none-eabi/lib/armv7e-m/fpu\libm.a(lib_a-sf_sin.o) (__ieee754_rem_pio2f)
c:/program files/gnu tools arm embedded/4.9 2014q4/bin/../lib/gcc/arm-none-eabi/4.9.3/../../../../arm-none-eabi/lib/armv7e-m/fpu\libm.a(lib_a-ef_sqrt.o)
                              c:/program files/gnu tools arm embedded/4.9 2014q4/bin/../lib/gcc/arm-none-eabi/4.9.3/../../../../arm-none-eabi/lib/armv7e-m/fpu\libm.a(lib_a-ef_pow.o) (__ieee754_sqrtf)
c:/program files/gnu tools arm embedded/4.9 2014q4/bin/../lib/gcc/arm-none-eabi/4.9.3/../../../../arm-none-eabi/lib/armv7e-m/fpu\libm.a(lib_a-kf_cos.o)
                              c:/program files/gnu tools arm embedded/4.9 2014q4/bin/../lib/gcc/arm-none-eabi/4.9.3/../../../../arm-none-eabi/lib/armv7e-m/fpu\libm.a(lib_a-sf_sin.o) (__kernel_cosf)
c:/program files/gnu tools arm embedded/4.9 2014q4/bin/../lib/gcc/arm-none-eabi/4.9.3/../../../../arm-none-eabi/lib/armv7e-m/fpu\libm.a(lib_a-kf_rem_pio2.o)
                              c:/program files/gnu tools arm embedded/4.9 2014q4/bin/../lib/gcc/arm-none-eabi/4.9.3/../../../../arm-none-eabi/lib/armv7e-m/fpu\libm.a(lib_a-ef_rem_pio2.o) (__kernel_rem_pio2f)
c:/program files/gnu tools arm embedded/4.9 2014q4/bin/../lib/gcc/arm-none-eabi/4.9.3/../../../../arm-none-eabi/lib/armv7e-m/fpu\libm.a(lib_a-kf_sin.o)
                              c:/program files/gnu tools arm embedded/4.9 2014q4/bin/../lib/gcc/arm-none-eabi/4.9.3/../../../../arm-none-eabi/lib/armv7e-m/fpu\libm.a(lib_a-sf_sin.o) (__kernel_sinf)
c:/program files/gnu tools arm embedded/4.9 2014q4/bin/../lib/gcc/arm-none-eabi/4.9.3/../../../../arm-none-eabi/lib/armv7e-m/fpu\libm.a(lib_a-s_lib_ver.o)
                              c:/program files/gnu tools arm embedded/4.9 2014q4/bin/../lib/gcc/arm-none-eabi/4.9.3/../../../../arm-none-eabi/lib/armv7e-m/fpu\libm.a(lib_a-wf_pow.o) (__fdlib_version)
c:/program files/gnu tools arm embedded/4.9 2014q4/bin/../lib/gcc/arm-none-eabi/4.9.3/../../../../arm-none-eabi/lib/armv7e-m/fpu\libm.a(lib_a-s_matherr.o)
                              c:/program files/gnu tools arm embedded/4.9 2014q4/bin/../lib/gcc/arm-none-eabi/4.9.3/../../../../arm-none-eabi/lib/armv7e-m/fpu\libm.a(lib_a-wf_pow.o) (matherr)
c:/program files/gnu tools arm embedded/4.9 2014q4/bin/../lib/gcc/arm-none-eabi/4.9.3/../../../../arm-none-eabi/lib/armv7e-m/fpu\libm.a(lib_a-s_rint.o)
                              c:/program files/gnu tools arm embedded/4.9 2014q4/bin/../lib/gcc/arm-none-eabi/4.9.3/../../../../arm-none-eabi/lib/armv7e-m/fpu\libm.a(lib_a-wf_pow.o) (rint)
c:/program files/gnu tools arm embedded/4.9 2014q4/bin/../lib/gcc/arm-none-eabi/4.9.3/../../../../arm-none-eabi/lib/armv7e-m/fpu\libm.a(lib_a-sf_finite.o)
                              c:/program files/gnu tools arm embedded/4.9 2014q4/bin/../lib/gcc/arm-none-eabi/4.9.3/../../../../arm-none-eabi/lib/armv7e-m/fpu\libm.a(lib_a-wf_pow.o) (finitef)
[...]
Memory Configuration

Name             Origin             Length             Attributes
FLASH            0x08000000         0x00100000         xr
RAM              0x20000000         0x00020000         xrw
CCMRAM           0x10000000         0x00010000         rw
*default*        0x00000000         0xffffffff

Linker script and memory map

LOAD c:/program files/gnu tools arm embedded/4.9 2014q4/bin/../lib/gcc/arm-none-eabi/4.9.3/armv7e-m/fpu/crti.o
LOAD c:/program files/gnu tools arm embedded/4.9 2014q4/bin/../lib/gcc/arm-none-eabi/4.9.3/armv7e-m/fpu/crtbegin.o
LOAD c:/program files/gnu tools arm embedded/4.9 2014q4/bin/../lib/gcc/arm-none-eabi/4.9.3/../../../../arm-none-eabi/lib/armv7e-m/fpu/crt0.o
LOAD ./drivers/USBH_midi_class/Src/usbh_MIDI.o
LOAD C:\Users\CNous\AppData\Local\Temp\ccDcKAsI.ltrans0.ltrans.o
LOAD C:\Users\CNous\AppData\Local\Temp\ccDcKAsI.ltrans1.ltrans.o
LOAD C:\Users\CNous\AppData\Local\Temp\ccDcKAsI.ltrans2.ltrans.o
LOAD C:\Users\CNous\AppData\Local\Temp\ccDcKAsI.ltrans3.ltrans.o
LOAD C:\Users\CNous\AppData\Local\Temp\ccDcKAsI.ltrans4.ltrans.o
LOAD C:\Users\CNous\AppData\Local\Temp\ccDcKAsI.ltrans5.ltrans.o
LOAD C:\Users\CNous\AppData\Local\Temp\ccDcKAsI.ltrans6.ltrans.o
LOAD C:\Users\CNous\AppData\Local\Temp\ccDcKAsI.ltrans7.ltrans.o
LOAD C:\Users\CNous\AppData\Local\Temp\ccDcKAsI.ltrans8.ltrans.o
LOAD C:\Users\CNous\AppData\Local\Temp\ccDcKAsI.ltrans9.ltrans.o
LOAD C:\Users\CNous\AppData\Local\Temp\ccDcKAsI.ltrans10.ltrans.o
LOAD C:\Users\CNous\AppData\Local\Temp\ccDcKAsI.ltrans11.ltrans.o
LOAD C:\Users\CNous\AppData\Local\Temp\ccDcKAsI.ltrans12.ltrans.o
LOAD C:\Users\CNous\AppData\Local\Temp\ccDcKAsI.ltrans13.ltrans.o
LOAD C:\Users\CNous\AppData\Local\Temp\ccDcKAsI.ltrans14.ltrans.o
LOAD C:\Users\CNous\AppData\Local\Temp\ccDcKAsI.ltrans15.ltrans.o
LOAD C:\Users\CNous\AppData\Local\Temp\ccDcKAsI.ltrans16.ltrans.o
LOAD C:\Users\CNous\AppData\Local\Temp\ccDcKAsI.ltrans17.ltrans.o
LOAD C:\Users\CNous\AppData\Local\Temp\ccDcKAsI.ltrans18.ltrans.o
LOAD C:\Users\CNous\AppData\Local\Temp\ccDcKAsI.ltrans19.ltrans.o
LOAD c:/program files/gnu tools arm embedded/4.9 2014q4/bin/../lib/gcc/arm-none-eabi/4.9.3/armv7e-m/fpu\libgcc.a
LOAD c:/program files/gnu tools arm embedded/4.9 2014q4/bin/../lib/gcc/arm-none-eabi/4.9.3/../../../../arm-none-eabi/lib/armv7e-m/fpu\libc.a
LOAD c:/program files/gnu tools arm embedded/4.9 2014q4/bin/../lib/gcc/arm-none-eabi/4.9.3/armv7e-m/fpu\libgcc.a
LOAD c:/program files/gnu tools arm embedded/4.9 2014q4/bin/../lib/gcc/arm-none-eabi/4.9.3/../../../../arm-none-eabi/lib/armv7e-m/fpu\libc.a
LOAD c:/program files/gnu tools arm embedded/4.9 2014q4/bin/../lib/gcc/arm-none-eabi/4.9.3/../../../../arm-none-eabi/lib/armv7e-m/fpu\libnosys.a
LOAD ./drivers/STM32_USB_Host_Library/Core/Src/usbh_core.o
LOAD ./drivers/STM32_USB_Host_Library/Core/Src/usbh_ctlreq.o
LOAD ./drivers/STM32_USB_Host_Library/Core/Src/usbh_ioreq.o
LOAD ./drivers/STM32_USB_Host_Library/Core/Src/usbh_pipes.o
LOAD ./drivers/STM32F4xx_HAL_Driver/Src/stm32f4xx_hal.o
LOAD ./drivers/STM32F4xx_HAL_Driver/Src/stm32f4xx_hal_adc.o
LOAD ./drivers/STM32F4xx_HAL_Driver/Src/stm32f4xx_hal_adc_ex.o
LOAD ./drivers/STM32F4xx_HAL_Driver/Src/stm32f4xx_hal_can.o
LOAD ./drivers/STM32F4xx_HAL_Driver/Src/stm32f4xx_hal_cortex.o
LOAD ./drivers/STM32F4xx_HAL_Driver/Src/stm32f4xx_hal_crc.o
LOAD ./drivers/STM32F4xx_HAL_Driver/Src/stm32f4xx_hal_cryp.o
LOAD ./drivers/STM32F4xx_HAL_Driver/Src/stm32f4xx_hal_cryp_ex.o
LOAD ./drivers/STM32F4xx_HAL_Driver/Src/stm32f4xx_hal_dac.o
LOAD ./drivers/STM32F4xx_HAL_Driver/Src/stm32f4xx_hal_dac_ex.o
LOAD ./drivers/STM32F4xx_HAL_Driver/Src/stm32f4xx_hal_dcmi.o
LOAD ./drivers/STM32F4xx_HAL_Driver/Src/stm32f4xx_hal_dma.o
LOAD ./drivers/STM32F4xx_HAL_Driver/Src/stm32f4xx_hal_dma2d.o
LOAD ./drivers/STM32F4xx_HAL_Driver/Src/stm32f4xx_hal_dma_ex.o
LOAD ./drivers/STM32F4xx_HAL_Driver/Src/stm32f4xx_hal_eth.o
LOAD ./drivers/STM32F4xx_HAL_Driver/Src/stm32f4xx_hal_flash.o
LOAD ./drivers/STM32F4xx_HAL_Driver/Src/stm32f4xx_hal_flash_ex.o
LOAD ./drivers/STM32F4xx_HAL_Driver/Src/stm32f4xx_hal_flash_ramfunc.o
LOAD ./drivers/STM32F4xx_HAL_Driver/Src/stm32f4xx_hal_gpio.o
LOAD ./drivers/STM32F4xx_HAL_Driver/Src/stm32f4xx_hal_hash.o
LOAD ./drivers/STM32F4xx_HAL_Driver/Src/stm32f4xx_hal_hash_ex.o
LOAD ./drivers/STM32F4xx_HAL_Driver/Src/stm32f4xx_hal_hcd.o
LOAD ./drivers/STM32F4xx_HAL_Driver/Src/stm32f4xx_hal_i2c.o
LOAD ./drivers/STM32F4xx_HAL_Driver/Src/stm32f4xx_hal_i2c_ex.o
LOAD ./drivers/STM32F4xx_HAL_Driver/Src/stm32f4xx_hal_i2s.o
LOAD ./drivers/STM32F4xx_HAL_Driver/Src/stm32f4xx_hal_i2s_ex.o
LOAD ./drivers/STM32F4xx_HAL_Driver/Src/stm32f4xx_hal_irda.o
LOAD ./drivers/STM32F4xx_HAL_Driver/Src/stm32f4xx_hal_iwdg.o
LOAD ./drivers/STM32F4xx_HAL_Driver/Src/stm32f4xx_hal_ltdc.o
LOAD ./drivers/STM32F4xx_HAL_Driver/Src/stm32f4xx_hal_msp_template.o
LOAD ./drivers/STM32F4xx_HAL_Driver/Src/stm32f4xx_hal_nand.o
LOAD ./drivers/STM32F4xx_HAL_Driver/Src/stm32f4xx_hal_nor.o
LOAD ./drivers/STM32F4xx_HAL_Driver/Src/stm32f4xx_hal_pccard.o
LOAD ./drivers/STM32F4xx_HAL_Driver/Src/stm32f4xx_hal_pcd.o
LOAD ./drivers/STM32F4xx_HAL_Driver/Src/stm32f4xx_hal_pcd_ex.o
LOAD ./drivers/STM32F4xx_HAL_Driver/Src/stm32f4xx_hal_pwr.o
LOAD ./drivers/STM32F4xx_HAL_Driver/Src/stm32f4xx_hal_pwr_ex.o
LOAD ./drivers/STM32F4xx_HAL_Driver/Src/stm32f4xx_hal_rcc.o
LOAD ./drivers/STM32F4xx_HAL_Driver/Src/stm32f4xx_hal_rcc_ex.o
LOAD ./drivers/STM32F4xx_HAL_Driver/Src/stm32f4xx_hal_rng.o
LOAD ./drivers/STM32F4xx_HAL_Driver/Src/stm32f4xx_hal_rtc.o
LOAD ./drivers/STM32F4xx_HAL_Driver/Src/stm32f4xx_hal_rtc_ex.o
LOAD ./drivers/STM32F4xx_HAL_Driver/Src/stm32f4xx_hal_sai.o
LOAD ./drivers/STM32F4xx_HAL_Driver/Src/stm32f4xx_hal_sd.o
LOAD ./drivers/STM32F4xx_HAL_Driver/Src/stm32f4xx_hal_sdram.o
LOAD ./drivers/STM32F4xx_HAL_Driver/Src/stm32f4xx_hal_smartcard.o
LOAD ./drivers/STM32F4xx_HAL_Driver/Src/stm32f4xx_hal_spi.o
LOAD ./drivers/STM32F4xx_HAL_Driver/Src/stm32f4xx_hal_sram.o
LOAD ./drivers/STM32F4xx_HAL_Driver/Src/stm32f4xx_hal_tim.o
LOAD ./drivers/STM32F4xx_HAL_Driver/Src/stm32f4xx_hal_tim_ex.o
LOAD ./drivers/STM32F4xx_HAL_Driver/Src/stm32f4xx_hal_uart.o
LOAD ./drivers/STM32F4xx_HAL_Driver/Src/stm32f4xx_hal_usart.o
LOAD ./drivers/STM32F4xx_HAL_Driver/Src/stm32f4xx_hal_wwdg.o
LOAD ./drivers/STM32F4xx_HAL_Driver/Src/stm32f4xx_ll_fmc.o
LOAD ./drivers/STM32F4xx_HAL_Driver/Src/stm32f4xx_ll_fsmc.o
LOAD ./drivers/STM32F4xx_HAL_Driver/Src/stm32f4xx_ll_sdmmc.o
LOAD ./drivers/STM32F4xx_HAL_Driver/Src/stm32f4xx_ll_usb.o
LOAD ./drivers/BSP/cs43l22.o
LOAD ./drivers/BSP/lis302dl.o
LOAD ./drivers/BSP/lis3dsh.o
LOAD ./drivers/BSP/startup_stm32f407xx.o
LOAD ./drivers/BSP/stm32f4_discovery.o
LOAD ./drivers/BSP/stm32f4_discovery_accelerometer.o
LOAD ./drivers/BSP/stm32f4_discovery_audio.o
LOAD ./drivers/BSP/stm32f4xx_it.o
LOAD ./drivers/BSP/system_stm32f4xx.o
LOAD ./drivers/BSP/usbh_conf.o
LOAD ./Synth/MIDI_application.o
LOAD ./Synth/adsr.o
LOAD ./Synth/audio_conf.o
LOAD ./Synth/blepvco.o
LOAD ./Synth/chorusFD.o
LOAD ./Synth/delay.o
LOAD ./Synth/drifter.o
LOAD ./Synth/main.o
LOAD ./Synth/math_tools.o
LOAD ./Synth/minblep_tables.o
LOAD ./Synth/notesTables.o
LOAD ./Synth/oscillators.o
LOAD ./Synth/phaser.o
LOAD ./Synth/random.o
LOAD ./Synth/resonantFilter.o
LOAD ./Synth/sequencer.o
LOAD ./Synth/sinetable.o
LOAD ./Synth/soundGen.o
LOAD ./Synth/timers.o
LOAD c:/program files/gnu tools arm embedded/4.9 2014q4/bin/../lib/gcc/arm-none-eabi/4.9.3/../../../../arm-none-eabi/lib/armv7e-m/fpu\libm.a
START GROUP
LOAD c:/program files/gnu tools arm embedded/4.9 2014q4/bin/../lib/gcc/arm-none-eabi/4.9.3/armv7e-m/fpu\libgcc.a
LOAD c:/program files/gnu tools arm embedded/4.9 2014q4/bin/../lib/gcc/arm-none-eabi/4.9.3/../../../../arm-none-eabi/lib/armv7e-m/fpu\libc.a
END GROUP
START GROUP
LOAD c:/program files/gnu tools arm embedded/4.9 2014q4/bin/../lib/gcc/arm-none-eabi/4.9.3/armv7e-m/fpu\libgcc.a
LOAD c:/program files/gnu tools arm embedded/4.9 2014q4/bin/../lib/gcc/arm-none-eabi/4.9.3/../../../../arm-none-eabi/lib/armv7e-m/fpu\libc.a
LOAD c:/program files/gnu tools arm embedded/4.9 2014q4/bin/../lib/gcc/arm-none-eabi/4.9.3/../../../../arm-none-eabi/lib/armv7e-m/fpu\libnosys.a
END GROUP
LOAD c:/program files/gnu tools arm embedded/4.9 2014q4/bin/../lib/gcc/arm-none-eabi/4.9.3/armv7e-m/fpu/crtend.o
LOAD c:/program files/gnu tools arm embedded/4.9 2014q4/bin/../lib/gcc/arm-none-eabi/4.9.3/armv7e-m/fpu/crtn.o
                0x2001ffff                _estack = 0x2001ffff
                0x00001000                _Min_Heap_Size = 0x1000
                0x00001000                _Min_Stack_Size = 0x1000

.isr_vector     0x08000000      0x188
                0x08000000                . = ALIGN (0x4)
 *(.isr_vector)
 .isr_vector    0x08000000      0x188 ./drivers/BSP/startup_stm32f407xx.o
                0x08000000                g_pfnVectors
                0x08000188                . = ALIGN (0x4)

.text           0x08000188    0x10370
                0x08000188                . = ALIGN (0x4)
 *(.text)
 .text          0x08000188       0x5c c:/program files/gnu tools arm embedded/4.9 2014q4/bin/../lib/gcc/arm-none-eabi/4.9.3/armv7e-m/fpu/crtbegin.o
 .text          0x080001e4      0x370 c:/program files/gnu tools arm embedded/4.9 2014q4/bin/../lib/gcc/arm-none-eabi/4.9.3/armv7e-m/fpu\libgcc.a(_arm_addsubdf3.o)
                0x080001e4                __aeabi_drsub
                0x080001ec                __aeabi_dsub
                0x080001ec                __subdf3
                0x080001f0                __aeabi_dadd
                0x080001f0                __adddf3
                0x08000468                __floatunsidf
                0x08000468                __aeabi_ui2d
                0x08000488                __floatsidf
                0x08000488                __aeabi_i2d
                0x080004ac                __aeabi_f2d
                0x080004ac                __extendsfdf2
                0x080004e8                __floatundidf
                0x080004e8                __aeabi_ul2d
                0x080004f8                __floatdidf
                0x080004f8                __aeabi_l2d
 .text          0x08000554      0x424 c:/program files/gnu tools arm embedded/4.9 2014q4/bin/../lib/gcc/arm-none-eabi/4.9.3/armv7e-m/fpu\libgcc.a(_arm_muldivdf3.o)
                0x08000554                __aeabi_dmul
                0x08000554                __muldf3
                0x080007a8                __divdf3
                0x080007a8                __aeabi_ddiv
 .text          0x08000978      0x110 c:/program files/gnu tools arm embedded/4.9 2014q4/bin/../lib/gcc/arm-none-eabi/4.9.3/armv7e-m/fpu\libgcc.a(_arm_cmpdf2.o)
                0x08000978                __gtdf2
                0x08000978                __gedf2
                0x08000980                __ltdf2
                0x08000980                __ledf2
                0x08000988                __nedf2
                0x08000988                __eqdf2
                0x08000988                __cmpdf2
                0x08000a04                __aeabi_cdrcmple
                0x08000a14                __aeabi_cdcmpeq
                0x08000a14                __aeabi_cdcmple
                0x08000a24                __aeabi_dcmpeq
                0x08000a38                __aeabi_dcmplt
                0x08000a4c                __aeabi_dcmple
                0x08000a60                __aeabi_dcmpge
                0x08000a74                __aeabi_dcmpgt
 .text          0x08000a88       0xa0 c:/program files/gnu tools arm embedded/4.9 2014q4/bin/../lib/gcc/arm-none-eabi/4.9.3/armv7e-m/fpu\libgcc.a(_arm_truncdfsf2.o)
                0x08000a88                __truncdfsf2
                0x08000a88                __aeabi_d2f
 .text          0x08000b28      0x134 c:/program files/gnu tools arm embedded/4.9 2014q4/bin/../lib/gcc/arm-none-eabi/4.9.3/../../../../arm-none-eabi/lib/armv7e-m/fpu\libc.a(lib_a-memcpy.o)
                0x08000b28                memcpy
 *(.text*)
 .text.startup.main
                0x08000c5c     0x1ff0 C:\Users\CNous\AppData\Local\Temp\ccDcKAsI.ltrans0.ltrans.o
                0x08000c5c                main
 .text.make_sound.constprop.32
                0x08002c4c     0x3850 C:\Users\CNous\AppData\Local\Temp\ccDcKAsI.ltrans1.ltrans.o
                0x08002c4c                make_sound.constprop.32
 .text.USBH_MIDI_Process.lto_priv.167
                0x0800649c     0x17a4 C:\Users\CNous\AppData\Local\Temp\ccDcKAsI.ltrans2.ltrans.o
                0x0800649c                USBH_MIDI_Process.lto_priv.167
 .text.HAL_DMA_IRQHandler
                0x08007c40      0xc88 C:\Users\CNous\AppData\Local\Temp\ccDcKAsI.ltrans3.ltrans.o
                0x08007c40                HAL_DMA_IRQHandler
 .text.cs43l22_Init
                0x080088c8      0x820 C:\Users\CNous\AppData\Local\Temp\ccDcKAsI.ltrans4.ltrans.o
                0x080088c8                cs43l22_Init
 .text.cs43l22_ReadID
                0x080090e8      0x248 C:\Users\CNous\AppData\Local\Temp\ccDcKAsI.ltrans5.ltrans.o
                0x080090e8                cs43l22_ReadID
 .text.cs43l22_SetFrequency
                0x08009330        0x4 C:\Users\CNous\AppData\Local\Temp\ccDcKAsI.ltrans6.ltrans.o
                0x08009330                cs43l22_SetFrequency
 .text.cs43l22_SetOutputMode
                0x08009334      0x2b4 C:\Users\CNous\AppData\Local\Temp\ccDcKAsI.ltrans6.ltrans.o
                0x08009334                cs43l22_SetOutputMode
 .text.cs43l22_SetMute
                0x080095e8       0xe8 C:\Users\CNous\AppData\Local\Temp\ccDcKAsI.ltrans6.ltrans.o
                0x080095e8                cs43l22_SetMute
 .text.cs43l22_SetVolume
                0x080096d0      0x20c C:\Users\CNous\AppData\Local\Temp\ccDcKAsI.ltrans6.ltrans.o
                0x080096d0                cs43l22_SetVolume
 .text.cs43l22_Stop
                0x080098dc      0x114 C:\Users\CNous\AppData\Local\Temp\ccDcKAsI.ltrans6.ltrans.o
                0x080098dc                cs43l22_Stop
 .text.MagicPatch.part.2.lto_priv.141
                0x080099f0      0xc58 C:\Users\CNous\AppData\Local\Temp\ccDcKAsI.ltrans7.ltrans.o
                0x080099f0                MagicPatch.part.2.lto_priv.141
 .text.TIM4_IRQHandler
                0x0800a648        0x4 C:\Users\CNous\AppData\Local\Temp\ccDcKAsI.ltrans8.ltrans.o
                0x0800a648                TIM4_IRQHandler
 .text.DMA1_Stream3_IRQHandler
                0x0800a64c        0x8 C:\Users\CNous\AppData\Local\Temp\ccDcKAsI.ltrans8.ltrans.o
                0x0800a64c                DMA1_Stream3_IRQHandler
 .text.DMA1_Stream7_IRQHandler
                0x0800a654        0xc C:\Users\CNous\AppData\Local\Temp\ccDcKAsI.ltrans8.ltrans.o
                0x0800a654                DMA1_Stream7_IRQHandler
 .text.EXTI1_IRQHandler
                0x0800a660       0x14 C:\Users\CNous\AppData\Local\Temp\ccDcKAsI.ltrans8.ltrans.o
                0x0800a660                EXTI1_IRQHandler
 .text.EXTI0_IRQHandler
                0x0800a674       0x14 C:\Users\CNous\AppData\Local\Temp\ccDcKAsI.ltrans8.ltrans.o
                0x0800a674                EXTI0_IRQHandler
 .text.SysTick_Handler
                0x0800a688       0xcc C:\Users\CNous\AppData\Local\Temp\ccDcKAsI.ltrans8.ltrans.o
                0x0800a688                SysTick_Handler
 .text.OTG_FS_IRQHandler
                0x0800a754      0x978 C:\Users\CNous\AppData\Local\Temp\ccDcKAsI.ltrans8.ltrans.o
                0x0800a754                OTG_FS_IRQHandler
 .text.HAL_GPIO_Init.constprop.108
                0x0800b0cc       0x78 C:\Users\CNous\AppData\Local\Temp\ccDcKAsI.ltrans9.ltrans.o
                0x0800b0cc                HAL_GPIO_Init.constprop.108
 .text.HAL_NVIC_SetPriority.constprop.106
                0x0800b144       0x64 C:\Users\CNous\AppData\Local\Temp\ccDcKAsI.ltrans9.ltrans.o
                0x0800b144                HAL_NVIC_SetPriority.constprop.106
 .text.USBH_Get_DevDesc.constprop.114
                0x0800b1a8      0x48c C:\Users\CNous\AppData\Local\Temp\ccDcKAsI.ltrans9.ltrans.o
                0x0800b1a8                USBH_Get_DevDesc.constprop.114
 .text.USBH_Get_StringDesc.constprop.120
                0x0800b634      0x418 C:\Users\CNous\AppData\Local\Temp\ccDcKAsI.ltrans10.ltrans.o
                0x0800b634                USBH_Get_StringDesc.constprop.120
 .text.USBH_MIDI_SOFProcess.lto_priv.168
                0x0800ba4c        0x4 C:\Users\CNous\AppData\Local\Temp\ccDcKAsI.ltrans11.ltrans.o
                0x0800ba4c                USBH_MIDI_SOFProcess.lto_priv.168
 .text.HAL_Delay
                0x0800ba50       0x1c C:\Users\CNous\AppData\Local\Temp\ccDcKAsI.ltrans11.ltrans.o
                0x0800ba50                HAL_Delay
 .text.USBH_CtlReq
                0x0800ba6c      0x3b4 C:\Users\CNous\AppData\Local\Temp\ccDcKAsI.ltrans11.ltrans.o
                0x0800ba6c                USBH_CtlReq
 .text.USB_WritePacket
                0x0800be20       0x28 C:\Users\CNous\AppData\Local\Temp\ccDcKAsI.ltrans12.ltrans.o
 .text.USB_FlushRxFifo
                0x0800be48       0x20 C:\Users\CNous\AppData\Local\Temp\ccDcKAsI.ltrans12.ltrans.o
 .text.USB_FlushTxFifo
                0x0800be68       0x24 C:\Users\CNous\AppData\Local\Temp\ccDcKAsI.ltrans12.ltrans.o
 .text.USB_DisableGlobalInt
                0x0800be8c       0x10 C:\Users\CNous\AppData\Local\Temp\ccDcKAsI.ltrans12.ltrans.o
                0x0800be8c                USB_DisableGlobalInt
 .text.USB_EnableGlobalInt
                0x0800be9c       0x10 C:\Users\CNous\AppData\Local\Temp\ccDcKAsI.ltrans12.ltrans.o
                0x0800be9c                USB_EnableGlobalInt
 .text.I2S_DMAError
                0x0800beac       0x30 C:\Users\CNous\AppData\Local\Temp\ccDcKAsI.ltrans12.ltrans.o
                0x0800beac                I2S_DMAError
 .text.I2S_DMATxHalfCplt
                0x0800bedc       0x3c C:\Users\CNous\AppData\Local\Temp\ccDcKAsI.ltrans12.ltrans.o
                0x0800bedc                I2S_DMATxHalfCplt
 .text.I2S_DMATxCplt
                0x0800bf18       0x94 C:\Users\CNous\AppData\Local\Temp\ccDcKAsI.ltrans12.ltrans.o
                0x0800bf18                I2S_DMATxCplt
 .text.USB_StopHost
                0x0800bfac      0x100 C:\Users\CNous\AppData\Local\Temp\ccDcKAsI.ltrans12.ltrans.o
                0x0800bfac                USB_StopHost
 .text.USB_DoPing
                0x0800c0ac       0x84 C:\Users\CNous\AppData\Local\Temp\ccDcKAsI.ltrans12.ltrans.o
 .text.USB_HC_Halt
                0x0800c130      0x1f8 C:\Users\CNous\AppData\Local\Temp\ccDcKAsI.ltrans12.ltrans.o
                0x0800c130                USB_HC_Halt
 .text.USB_HC_ReadInterrupt
                0x0800c328       0x20 C:\Users\CNous\AppData\Local\Temp\ccDcKAsI.ltrans12.ltrans.o
                0x0800c328                USB_HC_ReadInterrupt
 .text.USB_HC_StartXfer
                0x0800c348      0x284 C:\Users\CNous\AppData\Local\Temp\ccDcKAsI.ltrans12.ltrans.o
                0x0800c348                USB_HC_StartXfer
 .text.unlikely.USB_CoreReset.lto_priv.169
                0x0800c5cc       0x30 C:\Users\CNous\AppData\Local\Temp\ccDcKAsI.ltrans12.ltrans.o
                0x0800c5cc                USB_CoreReset.lto_priv.169
 .text.HAL_RCC_GetHCLKFreq
                0x0800c5fc       0xc4 C:\Users\CNous\AppData\Local\Temp\ccDcKAsI.ltrans12.ltrans.o
                0x0800c5fc                HAL_RCC_GetHCLKFreq
 .text.HAL_GPIO_Init
                0x0800c6c0      0x22c C:\Users\CNous\AppData\Local\Temp\ccDcKAsI.ltrans12.ltrans.o
                0x0800c6c0                HAL_GPIO_Init
 .text.cs43l22_Resume
                0x0800c8ec      0x1ac C:\Users\CNous\AppData\Local\Temp\ccDcKAsI.ltrans13.ltrans.o
                0x0800c8ec                cs43l22_Resume
 .text.cs43l22_Pause
                0x0800ca98      0x108 C:\Users\CNous\AppData\Local\Temp\ccDcKAsI.ltrans13.ltrans.o
                0x0800ca98                cs43l22_Pause
 .text.cs43l22_Play
                0x0800cba0      0x128 C:\Users\CNous\AppData\Local\Temp\ccDcKAsI.ltrans13.ltrans.o
                0x0800cba0                cs43l22_Play
 .text.USBH_MIDI_ClassRequest.lto_priv.166
                0x0800ccc8       0x10 C:\Users\CNous\AppData\Local\Temp\ccDcKAsI.ltrans14.ltrans.o
                0x0800ccc8                USBH_MIDI_ClassRequest.lto_priv.166
 .text.USBH_MIDI_InterfaceInit.lto_priv.164
                0x0800ccd8      0x544 C:\Users\CNous\AppData\Local\Temp\ccDcKAsI.ltrans14.ltrans.o
                0x0800ccd8                USBH_MIDI_InterfaceInit.lto_priv.164
 .text.USBH_MIDI_InterfaceDeInit.lto_priv.165
                0x0800d21c       0xa8 C:\Users\CNous\AppData\Local\Temp\ccDcKAsI.ltrans14.ltrans.o
                0x0800d21c                USBH_MIDI_InterfaceDeInit.lto_priv.165
 .text.HAL_InitTick.constprop.87
                0x0800d2c4       0x44 C:\Users\CNous\AppData\Local\Temp\ccDcKAsI.ltrans15.ltrans.o
                0x0800d2c4                HAL_InitTick.constprop.87
 .text.I2C_RequestMemoryWrite.constprop.63
                0x0800d308       0xdc C:\Users\CNous\AppData\Local\Temp\ccDcKAsI.ltrans15.ltrans.o
                0x0800d308                I2C_RequestMemoryWrite.constprop.63
 .text.HAL_I2C_Mem_Write.part.16.constprop.60
                0x0800d3e4       0x9c C:\Users\CNous\AppData\Local\Temp\ccDcKAsI.ltrans15.ltrans.o
                0x0800d3e4                HAL_I2C_Mem_Write.part.16.constprop.60
 .text.PendSV_Handler
                0x0800d480        0x4 C:\Users\CNous\AppData\Local\Temp\ccDcKAsI.ltrans16.ltrans.o
                0x0800d480                PendSV_Handler
 .text.DebugMon_Handler
                0x0800d484        0x4 C:\Users\CNous\AppData\Local\Temp\ccDcKAsI.ltrans16.ltrans.o
                0x0800d484                DebugMon_Handler
 .text.SVC_Handler
                0x0800d488        0x4 C:\Users\CNous\AppData\Local\Temp\ccDcKAsI.ltrans16.ltrans.o
                0x0800d488                SVC_Handler
 .text.UsageFault_Handler
                0x0800d48c        0x4 C:\Users\CNous\AppData\Local\Temp\ccDcKAsI.ltrans16.ltrans.o
                0x0800d48c                UsageFault_Handler
 .text.BusFault_Handler
                0x0800d490        0x4 C:\Users\CNous\AppData\Local\Temp\ccDcKAsI.ltrans16.ltrans.o
                0x0800d490                BusFault_Handler
 .text.MemManage_Handler
                0x0800d494        0x4 C:\Users\CNous\AppData\Local\Temp\ccDcKAsI.ltrans16.ltrans.o
                0x0800d494                MemManage_Handler
 .text.HardFault_Handler
                0x0800d498        0x4 C:\Users\CNous\AppData\Local\Temp\ccDcKAsI.ltrans16.ltrans.o
                0x0800d498                HardFault_Handler
 .text.NMI_Handler
                0x0800d49c        0x4 C:\Users\CNous\AppData\Local\Temp\ccDcKAsI.ltrans16.ltrans.o
                0x0800d49c                NMI_Handler
 .text.I2Cx_Init.lto_priv.174
                0x0800d4a0      0x204 C:\Users\CNous\AppData\Local\Temp\ccDcKAsI.ltrans16.ltrans.o
                0x0800d4a0                I2Cx_Init.lto_priv.174
 .text.BSP_LED_Init
                0x0800d6a4       0x58 C:\Users\CNous\AppData\Local\Temp\ccDcKAsI.ltrans16.ltrans.o
                0x0800d6a4                BSP_LED_Init
 .text.MagicFX.part.1.lto_priv.142
                0x0800d6fc      0x414 C:\Users\CNous\AppData\Local\Temp\ccDcKAsI.ltrans17.ltrans.o
                0x0800d6fc                MagicFX.part.1.lto_priv.142
 .text.SystemInit
                0x0800db10       0x50 C:\Users\CNous\AppData\Local\Temp\ccDcKAsI.ltrans17.ltrans.o
                0x0800db10                SystemInit
 .text.USBH_UserProcess_callback.lto_priv.143
                0x0800db60       0x6c C:\Users\CNous\AppData\Local\Temp\ccDcKAsI.ltrans18.ltrans.o
                0x0800db60                USBH_UserProcess_callback.lto_priv.143
 .text.seq_sequence_new
                0x0800dbcc       0xc4 C:\Users\CNous\AppData\Local\Temp\ccDcKAsI.ltrans18.ltrans.o
                0x0800dbcc                seq_sequence_new
 .text.SVF_calcSample
                0x0800dc90      0x24c C:\Users\CNous\AppData\Local\Temp\ccDcKAsI.ltrans18.ltrans.o
                0x0800dc90                SVF_calcSample
 .text.Error_Handler
                0x0800dedc       0x10 C:\Users\CNous\AppData\Local\Temp\ccDcKAsI.ltrans18.ltrans.o
                0x0800dedc                Error_Handler
 .text.delay_read
                0x0800deec       0xf8 C:\Users\CNous\AppData\Local\Temp\ccDcKAsI.ltrans19.ltrans.o
 .text.drifter_newSegment
                0x0800dfe4       0x98 C:\Users\CNous\AppData\Local\Temp\ccDcKAsI.ltrans19.ltrans.o
                0x0800dfe4                drifter_newSegment
 .text.mono_chorus_compute
                0x0800e07c      0x140 C:\Users\CNous\AppData\Local\Temp\ccDcKAsI.ltrans19.ltrans.o
                0x0800e07c                mono_chorus_compute
 .text.Reset_Handler
                0x0800e1bc       0x50 ./drivers/BSP/startup_stm32f407xx.o
                0x0800e1bc                Reset_Handler
 .text.Default_Handler
                0x0800e20c        0x2 ./drivers/BSP/startup_stm32f407xx.o
                0x0800e20c                RTC_Alarm_IRQHandler
                0x0800e20c                HASH_RNG_IRQHandler
                0x0800e20c                EXTI2_IRQHandler
                0x0800e20c                TIM8_CC_IRQHandler
                0x0800e20c                TIM1_CC_IRQHandler
                0x0800e20c                DMA2_Stream5_IRQHandler
                0x0800e20c                DMA1_Stream5_IRQHandler
                0x0800e20c                PVD_IRQHandler
                0x0800e20c                SDIO_IRQHandler
                0x0800e20c                TAMP_STAMP_IRQHandler
                0x0800e20c                CAN2_RX1_IRQHandler
                0x0800e20c                EXTI3_IRQHandler
                0x0800e20c                TIM8_TRG_COM_TIM14_IRQHandler
                0x0800e20c                TIM1_UP_TIM10_IRQHandler
                0x0800e20c                TIM8_UP_TIM13_IRQHandler
                0x0800e20c                I2C3_ER_IRQHandler
                0x0800e20c                I2C2_EV_IRQHandler
                0x0800e20c                DMA1_Stream2_IRQHandler
                0x0800e20c                CAN1_RX0_IRQHandler
                0x0800e20c                FPU_IRQHandler
                0x0800e20c                OTG_HS_WKUP_IRQHandler
                0x0800e20c                CAN2_SCE_IRQHandler
                0x0800e20c                DMA2_Stream2_IRQHandler
                0x0800e20c                SPI1_IRQHandler
                0x0800e20c                TIM6_DAC_IRQHandler
                0x0800e20c                TIM1_BRK_TIM9_IRQHandler
                0x0800e20c                DCMI_IRQHandler
                0x0800e20c                CAN2_RX0_IRQHandler
                0x0800e20c                DMA2_Stream3_IRQHandler
                0x0800e20c                USART6_IRQHandler
                0x0800e20c                USART3_IRQHandler
                0x0800e20c                CAN1_RX1_IRQHandler
                0x0800e20c                UART5_IRQHandler
                0x0800e20c                DMA2_Stream0_IRQHandler
                0x0800e20c                I2C1_EV_IRQHandler
                0x0800e20c                DMA1_Stream6_IRQHandler
                0x0800e20c                DMA1_Stream1_IRQHandler
                0x0800e20c                UART4_IRQHandler
                0x0800e20c                TIM3_IRQHandler
                0x0800e20c                RCC_IRQHandler
                0x0800e20c                TIM8_BRK_TIM12_IRQHandler
                0x0800e20c                Default_Handler
                0x0800e20c                EXTI15_10_IRQHandler
                0x0800e20c                ADC_IRQHandler
                0x0800e20c                TIM7_IRQHandler
                0x0800e20c                CAN2_TX_IRQHandler
                0x0800e20c                TIM5_IRQHandler
                0x0800e20c                DMA2_Stream7_IRQHandler
                0x0800e20c                I2C3_EV_IRQHandler
                0x0800e20c                EXTI9_5_IRQHandler
                0x0800e20c                RTC_WKUP_IRQHandler
                0x0800e20c                ETH_WKUP_IRQHandler
                0x0800e20c                SPI2_IRQHandler
                0x0800e20c                OTG_HS_EP1_IN_IRQHandler
                0x0800e20c                DMA1_Stream0_IRQHandler
                0x0800e20c                CAN1_TX_IRQHandler
                0x0800e20c                EXTI4_IRQHandler
                0x0800e20c                FSMC_IRQHandler
                0x0800e20c                ETH_IRQHandler
                0x0800e20c                OTG_HS_EP1_OUT_IRQHandler
                0x0800e20c                WWDG_IRQHandler
                0x0800e20c                TIM2_IRQHandler
                0x0800e20c                OTG_FS_WKUP_IRQHandler
                0x0800e20c                TIM1_TRG_COM_TIM11_IRQHandler
                0x0800e20c                OTG_HS_IRQHandler
                0x0800e20c                USART2_IRQHandler
                0x0800e20c                I2C2_ER_IRQHandler
                0x0800e20c                DMA2_Stream1_IRQHandler
                0x0800e20c                CAN1_SCE_IRQHandler
                0x0800e20c                FLASH_IRQHandler
                0x0800e20c                DMA2_Stream4_IRQHandler
                0x0800e20c                USART1_IRQHandler
                0x0800e20c                SPI3_IRQHandler
                0x0800e20c                DMA1_Stream4_IRQHandler
                0x0800e20c                I2C1_ER_IRQHandler
                0x0800e20c                DMA2_Stream6_IRQHandler
 *fill*         0x0800e20e        0x2 
 .text.fabsf    0x0800e210       0x10 c:/program files/gnu tools arm embedded/4.9 2014q4/bin/../lib/gcc/arm-none-eabi/4.9.3/../../../../arm-none-eabi/lib/armv7e-m/fpu\libm.a(lib_a-sf_fabs.o)
                0x0800e210                fabsf
 .text.floorf   0x0800e220       0x90 c:/program files/gnu tools arm embedded/4.9 2014q4/bin/../lib/gcc/arm-none-eabi/4.9.3/../../../../arm-none-eabi/lib/armv7e-m/fpu\libm.a(lib_a-sf_floor.o)
                0x0800e220                floorf
 .text.lrintf   0x0800e2b0       0x8c c:/program files/gnu tools arm embedded/4.9 2014q4/bin/../lib/gcc/arm-none-eabi/4.9.3/../../../../arm-none-eabi/lib/armv7e-m/fpu\libm.a(lib_a-sf_lrint.o)
                0x0800e2b0                lrintf
 .text.rintf    0x0800e33c       0xd0 c:/program files/gnu tools arm embedded/4.9 2014q4/bin/../lib/gcc/arm-none-eabi/4.9.3/../../../../arm-none-eabi/lib/armv7e-m/fpu\libm.a(lib_a-sf_rint.o)
                0x0800e33c                rintf
 .text.sinf     0x0800e40c       0x7c c:/program files/gnu tools arm embedded/4.9 2014q4/bin/../lib/gcc/arm-none-eabi/4.9.3/../../../../arm-none-eabi/lib/armv7e-m/fpu\libm.a(lib_a-sf_sin.o)
                0x0800e40c                sinf
 .text.powf     0x0800e488      0x344 c:/program files/gnu tools arm embedded/4.9 2014q4/bin/../lib/gcc/arm-none-eabi/4.9.3/../../../../arm-none-eabi/lib/armv7e-m/fpu\libm.a(lib_a-wf_pow.o)
                0x0800e488                powf
 .text.__ieee754_powf
                0x0800e7cc      0x5f0 c:/program files/gnu tools arm embedded/4.9 2014q4/bin/../lib/gcc/arm-none-eabi/4.9.3/../../../../arm-none-eabi/lib/armv7e-m/fpu\libm.a(lib_a-ef_pow.o)
                0x0800e7cc                __ieee754_powf
 .text.__ieee754_rem_pio2f
                0x0800edbc      0x290 c:/program files/gnu tools arm embedded/4.9 2014q4/bin/../lib/gcc/arm-none-eabi/4.9.3/../../../../arm-none-eabi/lib/armv7e-m/fpu\libm.a(lib_a-ef_rem_pio2.o)
                0x0800edbc                __ieee754_rem_pio2f
 .text.__ieee754_sqrtf
                0x0800f04c       0xa4 c:/program files/gnu tools arm embedded/4.9 2014q4/bin/../lib/gcc/arm-none-eabi/4.9.3/../../../../arm-none-eabi/lib/armv7e-m/fpu\libm.a(lib_a-ef_sqrt.o)
                0x0800f04c                __ieee754_sqrtf
 .text.__kernel_cosf
                0x0800f0f0      0x104 c:/program files/gnu tools arm embedded/4.9 2014q4/bin/../lib/gcc/arm-none-eabi/4.9.3/../../../../arm-none-eabi/lib/armv7e-m/fpu\libm.a(lib_a-kf_cos.o)
                0x0800f0f0                __kernel_cosf
 .text.__kernel_rem_pio2f
                0x0800f1f4      0x5e4 c:/program files/gnu tools arm embedded/4.9 2014q4/bin/../lib/gcc/arm-none-eabi/4.9.3/../../../../arm-none-eabi/lib/armv7e-m/fpu\libm.a(lib_a-kf_rem_pio2.o)
                0x0800f1f4                __kernel_rem_pio2f
 .text.__kernel_sinf
                0x0800f7d8       0x90 c:/program files/gnu tools arm embedded/4.9 2014q4/bin/../lib/gcc/arm-none-eabi/4.9.3/../../../../arm-none-eabi/lib/armv7e-m/fpu\libm.a(lib_a-kf_sin.o)
                0x0800f7d8                __kernel_sinf
 .text.matherr  0x0800f868        0x4 c:/program files/gnu tools arm embedded/4.9 2014q4/bin/../lib/gcc/arm-none-eabi/4.9.3/../../../../arm-none-eabi/lib/armv7e-m/fpu\libm.a(lib_a-s_matherr.o)
                0x0800f868                matherr
 .text.rint     0x0800f86c      0x124 c:/program files/gnu tools arm embedded/4.9 2014q4/bin/../lib/gcc/arm-none-eabi/4.9.3/../../../../arm-none-eabi/lib/armv7e-m/fpu\libm.a(lib_a-s_rint.o)
                0x0800f86c                rint
 .text.finitef  0x0800f990       0x14 c:/program files/gnu tools arm embedded/4.9 2014q4/bin/../lib/gcc/arm-none-eabi/4.9.3/../../../../arm-none-eabi/lib/armv7e-m/fpu\libm.a(lib_a-sf_finite.o)
                0x0800f990                finitef
 .text.__fpclassifyf
                0x0800f9a4       0x38 c:/program files/gnu tools arm embedded/4.9 2014q4/bin/../lib/gcc/arm-none-eabi/4.9.3/../../../../arm-none-eabi/lib/armv7e-m/fpu\libm.a(lib_a-sf_fpclassify.o)
                0x0800f9a4                __fpclassifyf
 .text.nanf     0x0800f9dc        0xc c:/program files/gnu tools arm embedded/4.9 2014q4/bin/../lib/gcc/arm-none-eabi/4.9.3/../../../../arm-none-eabi/lib/armv7e-m/fpu\libm.a(lib_a-sf_nan.o)
                0x0800f9dc                nanf
 .text.scalbnf  0x0800f9e8       0xd0 c:/program files/gnu tools arm embedded/4.9 2014q4/bin/../lib/gcc/arm-none-eabi/4.9.3/../../../../arm-none-eabi/lib/armv7e-m/fpu\libm.a(lib_a-sf_scalbn.o)
                0x0800f9e8                scalbnf
 .text.copysignf
                0x0800fab8       0x18 c:/program files/gnu tools arm embedded/4.9 2014q4/bin/../lib/gcc/arm-none-eabi/4.9.3/../../../../arm-none-eabi/lib/armv7e-m/fpu\libm.a(lib_a-sf_copysign.o)
                0x0800fab8                copysignf
 .text.__libc_init_array
                0x0800fad0       0x50 c:/program files/gnu tools arm embedded/4.9 2014q4/bin/../lib/gcc/arm-none-eabi/4.9.3/../../../../arm-none-eabi/lib/armv7e-m/fpu\libc.a(lib_a-init.o)
                0x0800fad0                __libc_init_array
 .text.malloc   0x0800fb20       0x10 c:/program files/gnu tools arm embedded/4.9 2014q4/bin/../lib/gcc/arm-none-eabi/4.9.3/../../../../arm-none-eabi/lib/armv7e-m/fpu\libc.a(lib_a-malloc.o)
                0x0800fb20                malloc
 .text.free     0x0800fb30       0x10 c:/program files/gnu tools arm embedded/4.9 2014q4/bin/../lib/gcc/arm-none-eabi/4.9.3/../../../../arm-none-eabi/lib/armv7e-m/fpu\libc.a(lib_a-malloc.o)
                0x0800fb30                free
 .text._malloc_r
                0x0800fb40      0x51c c:/program files/gnu tools arm embedded/4.9 2014q4/bin/../lib/gcc/arm-none-eabi/4.9.3/../../../../arm-none-eabi/lib/armv7e-m/fpu\libc.a(lib_a-mallocr.o)
                0x0800fb40                _malloc_r
 .text.memset   0x0801005c       0x9c c:/program files/gnu tools arm embedded/4.9 2014q4/bin/../lib/gcc/arm-none-eabi/4.9.3/../../../../arm-none-eabi/lib/armv7e-m/fpu\libc.a(lib_a-memset.o)
                0x0801005c                memset
 .text.__malloc_lock
                0x080100f8        0x4 c:/program files/gnu tools arm embedded/4.9 2014q4/bin/../lib/gcc/arm-none-eabi/4.9.3/../../../../arm-none-eabi/lib/armv7e-m/fpu\libc.a(lib_a-mlock.o)
                0x080100f8                __malloc_lock
 .text.__malloc_unlock
                0x080100fc        0x4 c:/program files/gnu tools arm embedded/4.9 2014q4/bin/../lib/gcc/arm-none-eabi/4.9.3/../../../../arm-none-eabi/lib/armv7e-m/fpu\libc.a(lib_a-mlock.o)
                0x080100fc                __malloc_unlock
 .text.srand    0x08010100       0x14 c:/program files/gnu tools arm embedded/4.9 2014q4/bin/../lib/gcc/arm-none-eabi/4.9.3/../../../../arm-none-eabi/lib/armv7e-m/fpu\libc.a(lib_a-rand.o)
                0x08010100                srand
 .text.rand     0x08010114       0x40 c:/program files/gnu tools arm embedded/4.9 2014q4/bin/../lib/gcc/arm-none-eabi/4.9.3/../../../../arm-none-eabi/lib/armv7e-m/fpu\libc.a(lib_a-rand.o)
                0x08010114                rand
 .text._sbrk_r  0x08010154       0x24 c:/program files/gnu tools arm embedded/4.9 2014q4/bin/../lib/gcc/arm-none-eabi/4.9.3/../../../../arm-none-eabi/lib/armv7e-m/fpu\libc.a(lib_a-sbrkr.o)
                0x08010154                _sbrk_r
 .text.startup.register_fini
                0x08010178       0x14 c:/program files/gnu tools arm embedded/4.9 2014q4/bin/../lib/gcc/arm-none-eabi/4.9.3/../../../../arm-none-eabi/lib/armv7e-m/fpu\libc.a(lib_a-__call_atexit.o)
 .text.atexit   0x0801018c        0xc c:/program files/gnu tools arm embedded/4.9 2014q4/bin/../lib/gcc/arm-none-eabi/4.9.3/../../../../arm-none-eabi/lib/armv7e-m/fpu\libc.a(lib_a-atexit.o)
                0x0801018c                atexit
 .text.__libc_fini_array
                0x08010198       0x2c c:/program files/gnu tools arm embedded/4.9 2014q4/bin/../lib/gcc/arm-none-eabi/4.9.3/../../../../arm-none-eabi/lib/armv7e-m/fpu\libc.a(lib_a-fini.o)
                0x08010198                __libc_fini_array
 .text._malloc_trim_r
                0x080101c4       0x9c c:/program files/gnu tools arm embedded/4.9 2014q4/bin/../lib/gcc/arm-none-eabi/4.9.3/../../../../arm-none-eabi/lib/armv7e-m/fpu\libc.a(lib_a-freer.o)
                0x080101c4                _malloc_trim_r
 .text._free_r  0x08010260      0x1b0 c:/program files/gnu tools arm embedded/4.9 2014q4/bin/../lib/gcc/arm-none-eabi/4.9.3/../../../../arm-none-eabi/lib/armv7e-m/fpu\libc.a(lib_a-freer.o)
                0x08010260                _free_r
 .text.__register_exitproc
                0x08010410       0xa4 c:/program files/gnu tools arm embedded/4.9 2014q4/bin/../lib/gcc/arm-none-eabi/4.9.3/../../../../arm-none-eabi/lib/armv7e-m/fpu\libc.a(lib_a-__atexit.o)
                0x08010410                __register_exitproc
 .text._sbrk    0x080104b4       0x1c c:/program files/gnu tools arm embedded/4.9 2014q4/bin/../lib/gcc/arm-none-eabi/4.9.3/../../../../arm-none-eabi/lib/armv7e-m/fpu\libnosys.a(sbrk.o)
                0x080104b4                _sbrk
 *(.glue_7)
 .glue_7        0x00000000        0x0 linker stubs
 *(.glue_7t)
 .glue_7t       0x00000000        0x0 linker stubs
 *(.eh_frame)
 .eh_frame      0x080104d0        0x0 c:/program files/gnu tools arm embedded/4.9 2014q4/bin/../lib/gcc/arm-none-eabi/4.9.3/armv7e-m/fpu/crtbegin.o
 *(.init)
 .init          0x080104d0        0x4 c:/program files/gnu tools arm embedded/4.9 2014q4/bin/../lib/gcc/arm-none-eabi/4.9.3/armv7e-m/fpu/crti.o
                0x080104d0                _init
 .init          0x080104d4        0x8 c:/program files/gnu tools arm embedded/4.9 2014q4/bin/../lib/gcc/arm-none-eabi/4.9.3/armv7e-m/fpu/crtn.o
 *(.fini)
 .fini          0x080104dc        0x4 c:/program files/gnu tools arm embedded/4.9 2014q4/bin/../lib/gcc/arm-none-eabi/4.9.3/armv7e-m/fpu/crti.o
                0x080104dc                _fini
 .fini          0x080104e0        0x8 c:/program files/gnu tools arm embedded/4.9 2014q4/bin/../lib/gcc/arm-none-eabi/4.9.3/armv7e-m/fpu/crtn.o
 .fini.__stub   0x080104e8       0x10 linker stubs
                0x080104f8                . = ALIGN (0x4)
                0x080104f8                _etext = .

.vfp11_veneer   0x080104f8        0x0
 .vfp11_veneer  0x00000000        0x0 linker stubs

.v4_bx          0x080104f8        0x0
 .v4_bx         0x00000000        0x0 linker stubs

.iplt           0x080104f8        0x0
 .iplt          0x00000000        0x0 c:/program files/gnu tools arm embedded/4.9 2014q4/bin/../lib/gcc/arm-none-eabi/4.9.3/armv7e-m/fpu/crtbegin.o

.rodata         0x080104f8     0xed98
                0x080104f8                . = ALIGN (0x4)
 *(.rodata)
 *(.rodata*)
 .rodata.MIDIscale13
                0x080104f8        0x4 C:\Users\CNous\AppData\Local\Temp\ccDcKAsI.ltrans0.ltrans.o
                0x080104f8                MIDIscale13
 .rodata.CSWTCH.11
                0x080104fc        0x4 C:\Users\CNous\AppData\Local\Temp\ccDcKAsI.ltrans0.ltrans.o
 .rodata.str1.4
                0x08010500        0x8 C:\Users\CNous\AppData\Local\Temp\ccDcKAsI.ltrans0.ltrans.o
 .rodata.step_dd_table
                0x08010508     0x9008 C:\Users\CNous\AppData\Local\Temp\ccDcKAsI.ltrans1.ltrans.o
 .rodata.slope_dd_table
                0x08019510     0x4704 C:\Users\CNous\AppData\Local\Temp\ccDcKAsI.ltrans1.ltrans.o
 .rodata.notesFreq
                0x0801dc14      0x1ac C:\Users\CNous\AppData\Local\Temp\ccDcKAsI.ltrans1.ltrans.o
 .rodata.sinetable
                0x0801ddc0     0x1004 C:\Users\CNous\AppData\Local\Temp\ccDcKAsI.ltrans1.ltrans.o
                0x0801ddc0                sinetable
 .rodata.MIDIscale04
                0x0801edc4        0x8 C:\Users\CNous\AppData\Local\Temp\ccDcKAsI.ltrans7.ltrans.o
                0x0801edc4                MIDIscale04
 .rodata.MIDIscale05
                0x0801edcc        0x8 C:\Users\CNous\AppData\Local\Temp\ccDcKAsI.ltrans7.ltrans.o
                0x0801edcc                MIDIscale05
 .rodata.MIDIscale11
                0x0801edd4        0x8 C:\Users\CNous\AppData\Local\Temp\ccDcKAsI.ltrans7.ltrans.o
                0x0801edd4                MIDIscale11
 .rodata.MIDIscale12
                0x0801eddc       0x10 C:\Users\CNous\AppData\Local\Temp\ccDcKAsI.ltrans7.ltrans.o
                0x0801eddc                MIDIscale12
 .rodata.MIDIscale08
                0x0801edec        0x4 C:\Users\CNous\AppData\Local\Temp\ccDcKAsI.ltrans7.ltrans.o
                0x0801edec                MIDIscale08
 .rodata.MIDIscale09
                0x0801edf0        0x4 C:\Users\CNous\AppData\Local\Temp\ccDcKAsI.ltrans7.ltrans.o
                0x0801edf0                MIDIscale09
 .rodata.MIDIscale07
                0x0801edf4        0x4 C:\Users\CNous\AppData\Local\Temp\ccDcKAsI.ltrans7.ltrans.o
                0x0801edf4                MIDIscale07
 .rodata.MIDIscale06
                0x0801edf8        0x8 C:\Users\CNous\AppData\Local\Temp\ccDcKAsI.ltrans7.ltrans.o
                0x0801edf8                MIDIscale06
 .rodata.MIDIscale10
                0x0801ee00        0x8 C:\Users\CNous\AppData\Local\Temp\ccDcKAsI.ltrans7.ltrans.o
                0x0801ee00                MIDIscale10
 .rodata.CSWTCH.11.lto_priv.176
                0x0801ee08       0x3c C:\Users\CNous\AppData\Local\Temp\ccDcKAsI.ltrans7.ltrans.o
                0x0801ee08                CSWTCH.11.lto_priv.176
 .rodata.MIDIscale14
                0x0801ee44        0x4 C:\Users\CNous\AppData\Local\Temp\ccDcKAsI.ltrans7.ltrans.o
                0x0801ee44                MIDIscale14
 .rodata.MIDIscale01
                0x0801ee48        0x8 C:\Users\CNous\AppData\Local\Temp\ccDcKAsI.ltrans7.ltrans.o
                0x0801ee48                MIDIscale01
 .rodata.MIDIscale02
                0x0801ee50        0x8 C:\Users\CNous\AppData\Local\Temp\ccDcKAsI.ltrans7.ltrans.o
                0x0801ee50                MIDIscale02
 .rodata.MIDIscale03
                0x0801ee58        0x8 C:\Users\CNous\AppData\Local\Temp\ccDcKAsI.ltrans7.ltrans.o
                0x0801ee58                MIDIscale03
 .rodata.APBAHBPrescTable
                0x0801ee60       0x10 C:\Users\CNous\AppData\Local\Temp\ccDcKAsI.ltrans16.ltrans.o
                0x0801ee60                APBAHBPrescTable
 .rodata.GPIO_PIN
                0x0801ee70        0x8 C:\Users\CNous\AppData\Local\Temp\ccDcKAsI.ltrans18.ltrans.o
                0x0801ee70                GPIO_PIN
 .rodata.TWO23  0x0801ee78        0x8 c:/program files/gnu tools arm embedded/4.9 2014q4/bin/../lib/gcc/arm-none-eabi/4.9.3/../../../../arm-none-eabi/lib/armv7e-m/fpu\libm.a(lib_a-sf_lrint.o)
 .rodata.TWO23  0x0801ee80        0x8 c:/program files/gnu tools arm embedded/4.9 2014q4/bin/../lib/gcc/arm-none-eabi/4.9.3/../../../../arm-none-eabi/lib/armv7e-m/fpu\libm.a(lib_a-sf_rint.o)
 .rodata.str1.4
                0x0801ee88        0x5 c:/program files/gnu tools arm embedded/4.9 2014q4/bin/../lib/gcc/arm-none-eabi/4.9.3/../../../../arm-none-eabi/lib/armv7e-m/fpu\libm.a(lib_a-wf_pow.o)
                                  0x8 (size before relaxing)
 *fill*         0x0801ee8d        0x3 
 .rodata.dp_h   0x0801ee90        0x8 c:/program files/gnu tools arm embedded/4.9 2014q4/bin/../lib/gcc/arm-none-eabi/4.9.3/../../../../arm-none-eabi/lib/armv7e-m/fpu\libm.a(lib_a-ef_pow.o)
 .rodata.dp_l   0x0801ee98        0x8 c:/program files/gnu tools arm embedded/4.9 2014q4/bin/../lib/gcc/arm-none-eabi/4.9.3/../../../../arm-none-eabi/lib/armv7e-m/fpu\libm.a(lib_a-ef_pow.o)
 .rodata.bp     0x0801eea0        0x8 c:/program files/gnu tools arm embedded/4.9 2014q4/bin/../lib/gcc/arm-none-eabi/4.9.3/../../../../arm-none-eabi/lib/armv7e-m/fpu\libm.a(lib_a-ef_pow.o)
 .rodata.str1.4
                0x00000000        0x5 c:/program files/gnu tools arm embedded/4.9 2014q4/bin/../lib/gcc/arm-none-eabi/4.9.3/../../../../arm-none-eabi/lib/armv7e-m/fpu\libm.a(lib_a-ef_pow.o)
                                  0x4 (size before relaxing)
 .rodata.npio2_hw
                0x0801eea8       0x80 c:/program files/gnu tools arm embedded/4.9 2014q4/bin/../lib/gcc/arm-none-eabi/4.9.3/../../../../arm-none-eabi/lib/armv7e-m/fpu\libm.a(lib_a-ef_rem_pio2.o)
 .rodata.two_over_pi
                0x0801ef28      0x318 c:/program files/gnu tools arm embedded/4.9 2014q4/bin/../lib/gcc/arm-none-eabi/4.9.3/../../../../arm-none-eabi/lib/armv7e-m/fpu\libm.a(lib_a-ef_rem_pio2.o)
 .rodata.init_jk
                0x0801f240        0xc c:/program files/gnu tools arm embedded/4.9 2014q4/bin/../lib/gcc/arm-none-eabi/4.9.3/../../../../arm-none-eabi/lib/armv7e-m/fpu\libm.a(lib_a-kf_rem_pio2.o)
 .rodata.PIo2   0x0801f24c       0x2c c:/program files/gnu tools arm embedded/4.9 2014q4/bin/../lib/gcc/arm-none-eabi/4.9.3/../../../../arm-none-eabi/lib/armv7e-m/fpu\libm.a(lib_a-kf_rem_pio2.o)
 .rodata.TWO52  0x0801f278       0x10 c:/program files/gnu tools arm embedded/4.9 2014q4/bin/../lib/gcc/arm-none-eabi/4.9.3/../../../../arm-none-eabi/lib/armv7e-m/fpu\libm.a(lib_a-s_rint.o)
 .rodata.str1.4
                0x0801f288        0x2 c:/program files/gnu tools arm embedded/4.9 2014q4/bin/../lib/gcc/arm-none-eabi/4.9.3/../../../../arm-none-eabi/lib/armv7e-m/fpu\libc.a(lib_a-impure.o)
                                  0x4 (size before relaxing)
 *fill*         0x0801f28a        0x2 
 .rodata._global_impure_ptr
                0x0801f28c        0x4 c:/program files/gnu tools arm embedded/4.9 2014q4/bin/../lib/gcc/arm-none-eabi/4.9.3/../../../../arm-none-eabi/lib/armv7e-m/fpu\libc.a(lib_a-impure.o)
                0x0801f28c                _global_impure_ptr
                0x0801f290                . = ALIGN (0x4)

.rel.dyn        0x0801f290        0x0
 .rel.iplt      0x00000000        0x0 c:/program files/gnu tools arm embedded/4.9 2014q4/bin/../lib/gcc/arm-none-eabi/4.9.3/armv7e-m/fpu/crtbegin.o

.ARM.extab
 *(.ARM.extab* .gnu.linkonce.armextab.*)

.ARM            0x0801f290        0x0
                0x0801f290                __exidx_start = .
 *(.ARM.exidx*)
                0x0801f290                __exidx_end = .

.preinit_array  0x0801f290        0x0
                0x0801f290                PROVIDE (__preinit_array_start, .)
 *(.preinit_array*)
                0x0801f290                PROVIDE (__preinit_array_end, .)

.init_array     0x0801f290        0x8
                0x0801f290                PROVIDE (__init_array_start, .)
 *(SORT(.init_array.*))
 .init_array.00000
                0x0801f290        0x4 c:/program files/gnu tools arm embedded/4.9 2014q4/bin/../lib/gcc/arm-none-eabi/4.9.3/../../../../arm-none-eabi/lib/armv7e-m/fpu\libc.a(lib_a-__call_atexit.o)
 *(.init_array*)
 .init_array    0x0801f294        0x4 c:/program files/gnu tools arm embedded/4.9 2014q4/bin/../lib/gcc/arm-none-eabi/4.9.3/armv7e-m/fpu/crtbegin.o
                0x0801f298                PROVIDE (__init_array_end, .)

.fini_array     0x0801f298        0x4
                0x0801f298                PROVIDE (__fini_array_start, .)
 *(SORT(.fini_array.*))
 *(.fini_array*)
 .fini_array    0x0801f298        0x4 c:/program files/gnu tools arm embedded/4.9 2014q4/bin/../lib/gcc/arm-none-eabi/4.9.3/armv7e-m/fpu/crtbegin.o
                0x0801f29c                PROVIDE (__fini_array_end, .)
                0x0801f29c                _sidata = LOADADDR (.data)

.data           0x20000000      0x8b4 load address 0x0801f29c
                0x20000000                . = ALIGN (0x4)
                0x20000000                _sdata = .
 *(.data)
 *(.data*)
 .data.cs43l22_drv
                0x20000000       0x2c C:\Users\CNous\AppData\Local\Temp\ccDcKAsI.ltrans0.ltrans.o
 .data.MIDI_Class
                0x2000002c       0x20 C:\Users\CNous\AppData\Local\Temp\ccDcKAsI.ltrans0.ltrans.o
 .data.demoMode
                0x2000004c        0x1 C:\Users\CNous\AppData\Local\Temp\ccDcKAsI.ltrans1.ltrans.o
                0x2000004c                demoMode
 *fill*         0x2000004d        0x3 
 .data.fdb.lto_priv.171
                0x20000050        0x4 C:\Users\CNous\AppData\Local\Temp\ccDcKAsI.ltrans1.ltrans.o
                0x20000050                fdb.lto_priv.171
 .data.centralFreq
                0x20000054        0x4 C:\Users\CNous\AppData\Local\Temp\ccDcKAsI.ltrans1.ltrans.o
                0x20000054                centralFreq
 .data.wet.lto_priv.139
                0x20000058        0x4 C:\Users\CNous\AppData\Local\Temp\ccDcKAsI.ltrans1.ltrans.o
                0x20000058                wet.lto_priv.139
 .data.volume   0x2000005c        0x1 C:\Users\CNous\AppData\Local\Temp\ccDcKAsI.ltrans2.ltrans.o
 .data.Is_cs43l22_Stop.lto_priv.175
                0x2000005d        0x1 C:\Users\CNous\AppData\Local\Temp\ccDcKAsI.ltrans6.ltrans.o
                0x2000005d                Is_cs43l22_Stop.lto_priv.175
 .data.Count    0x2000005e        0x1 C:\Users\CNous\AppData\Local\Temp\ccDcKAsI.ltrans8.ltrans.o
 *fill*         0x2000005f        0x1 
 .data.SystemCoreClock
                0x20000060        0x4 C:\Users\CNous\AppData\Local\Temp\ccDcKAsI.ltrans12.ltrans.o
 .data.GPIO_PORT
                0x20000064       0x10 C:\Users\CNous\AppData\Local\Temp\ccDcKAsI.ltrans18.ltrans.o
                0x20000064                GPIO_PORT
 .data.__fdlib_version
                0x20000074        0x1 c:/program files/gnu tools arm embedded/4.9 2014q4/bin/../lib/gcc/arm-none-eabi/4.9.3/../../../../arm-none-eabi/lib/armv7e-m/fpu\libm.a(lib_a-s_lib_ver.o)
                0x20000074                __fdlib_version
 *fill*         0x20000075        0x3 
 .data.impure_data
                0x20000078      0x428 c:/program files/gnu tools arm embedded/4.9 2014q4/bin/../lib/gcc/arm-none-eabi/4.9.3/../../../../arm-none-eabi/lib/armv7e-m/fpu\libc.a(lib_a-impure.o)
 .data._impure_ptr
                0x200004a0        0x4 c:/program files/gnu tools arm embedded/4.9 2014q4/bin/../lib/gcc/arm-none-eabi/4.9.3/../../../../arm-none-eabi/lib/armv7e-m/fpu\libc.a(lib_a-impure.o)
                0x200004a0                _impure_ptr
 .data.__malloc_av_
                0x200004a4      0x408 c:/program files/gnu tools arm embedded/4.9 2014q4/bin/../lib/gcc/arm-none-eabi/4.9.3/../../../../arm-none-eabi/lib/armv7e-m/fpu\libc.a(lib_a-mallocr.o)
                0x200004a4                __malloc_av_
 .data.__malloc_trim_threshold
                0x200008ac        0x4 c:/program files/gnu tools arm embedded/4.9 2014q4/bin/../lib/gcc/arm-none-eabi/4.9.3/../../../../arm-none-eabi/lib/armv7e-m/fpu\libc.a(lib_a-mallocr.o)
                0x200008ac                __malloc_trim_threshold
 .data.__malloc_sbrk_base
                0x200008b0        0x4 c:/program files/gnu tools arm embedded/4.9 2014q4/bin/../lib/gcc/arm-none-eabi/4.9.3/../../../../arm-none-eabi/lib/armv7e-m/fpu\libc.a(lib_a-mallocr.o)
                0x200008b0                __malloc_sbrk_base
                0x200008b4                . = ALIGN (0x4)
                0x200008b4                _edata = .
                0x0801fb50                _siccmram = LOADADDR (.ccmram)

.jcr            0x200008b4        0x0 load address 0x0801fb50
 .jcr           0x200008b4        0x0 c:/program files/gnu tools arm embedded/4.9 2014q4/bin/../lib/gcc/arm-none-eabi/4.9.3/armv7e-m/fpu/crtbegin.o

.igot.plt       0x200008b4        0x0 load address 0x0801fb50
 .igot.plt      0x00000000        0x0 c:/program files/gnu tools arm embedded/4.9 2014q4/bin/../lib/gcc/arm-none-eabi/4.9.3/armv7e-m/fpu/crtbegin.o

.ccmram         0x10000000     0x3eb0 load address 0x0801fb50
                0x10000000                . = ALIGN (0x4)
                0x10000000                _sccmram = .
 *(.ccmram)
 .ccmram        0x10000000     0x3eb0 C:\Users\CNous\AppData\Local\Temp\ccDcKAsI.ltrans1.ltrans.o
                0x10000000                seq
                0x10000034                noteG
                0x10000044                a
                0x10000070                ph
                0x1000009c                adsr
                0x100000c4                autoFilterON.lto_priv.148
                0x100000c8                SVFilter
                0x100000e8                autoSound.lto_priv.149
                0x100000e9                sound.lto_priv.147
                0x100000f0                vol.lto_priv.146
                0x100000f4                vibr_lfo
                0x10000114                op1
                0x10000134                mbTriOsc
                0x1000068c                mbRectOsc
                0x10000be8                op2
                0x10000c08                op3
                0x10000c28                d1
                0x10000c54                d2
                0x10000c80                d3
                0x10000cac                op4
                0x10000ccc                mbSawOsc
                0x10001218                amp_lfo
                0x10001238                env.lto_priv.145
                0x1000123c                filt_lfo
                0x1000125c                filt2_lfo
                0x1000127c                SVFilter2
                0x1000129c                delayON.lto_priv.151
                0x1000129d                phaserON.lto_priv.152
                0x1000129e                chorusON.lto_priv.150
                0x100012a0                delL.lto_priv.157
                0x10002898                lfoL.lto_priv.159
                0x100028a8                delR.lto_priv.158
                0x10003ea0                lfoR.lto_priv.160
 *(.ccmram*)
                0x10003eb0                . = ALIGN (0x4)
                0x10003eb0                _eccmram = .
                0x10003eb0                . = ALIGN (0x4)

.bss            0x200008b4    0x1ef00
                0x200008b4                _sbss = .
                0x200008b4                __bss_start__ = _sbss
 *(.bss)
 .bss           0x200008b4       0x1c c:/program files/gnu tools arm embedded/4.9 2014q4/bin/../lib/gcc/arm-none-eabi/4.9.3/armv7e-m/fpu/crtbegin.o
 *(.bss*)
 .bss.MIDI_RX_Buffer
                0x200008d0       0x40 C:\Users\CNous\AppData\Local\Temp\ccDcKAsI.ltrans0.ltrans.o
                0x200008d0                MIDI_RX_Buffer
 .bss.audiobuff
                0x20000910      0xfa0 C:\Users\CNous\AppData\Local\Temp\ccDcKAsI.ltrans0.ltrans.o
                0x20000910                audiobuff
 .bss.hdma_i2sTx.6914
                0x200018b0       0x50 C:\Users\CNous\AppData\Local\Temp\ccDcKAsI.ltrans0.ltrans.o
 .bss.hAudioOutI2s
                0x20001900       0x40 C:\Users\CNous\AppData\Local\Temp\ccDcKAsI.ltrans0.ltrans.o
                0x20001900                hAudioOutI2s
 .bss.rateCoeff
                0x20001940        0x4 C:\Users\CNous\AppData\Local\Temp\ccDcKAsI.ltrans0.ltrans.o
                0x20001940                rateCoeff
 .bss.shift.lto_priv.170
                0x20001944        0x4 C:\Users\CNous\AppData\Local\Temp\ccDcKAsI.ltrans0.ltrans.o
                0x20001944                shift.lto_priv.170
 .bss.RngHandle
                0x20001948        0x8 C:\Users\CNous\AppData\Local\Temp\ccDcKAsI.ltrans0.ltrans.o
 .bss.hHCD      0x20001950      0x290 C:\Users\CNous\AppData\Local\Temp\ccDcKAsI.ltrans0.ltrans.o
                0x20001950                hHCD
 .bss.f_min     0x20001be0        0x4 C:\Users\CNous\AppData\Local\Temp\ccDcKAsI.ltrans0.ltrans.o
 .bss.f_max     0x20001be4        0x4 C:\Users\CNous\AppData\Local\Temp\ccDcKAsI.ltrans0.ltrans.o
 .bss.pAudioDrv.lto_priv.177
                0x20001be8        0x4 C:\Users\CNous\AppData\Local\Temp\ccDcKAsI.ltrans0.ltrans.o
                0x20001be8                pAudioDrv.lto_priv.177
 .bss.swrate.lto_priv.172
                0x20001bec        0x4 C:\Users\CNous\AppData\Local\Temp\ccDcKAsI.ltrans0.ltrans.o
                0x20001bec                swrate.lto_priv.172
 .bss.old_dy    0x20001bf0        0x4 C:\Users\CNous\AppData\Local\Temp\ccDcKAsI.ltrans1.ltrans.o
 .bss.wet.lto_priv.140
                0x20001bf4        0x4 C:\Users\CNous\AppData\Local\Temp\ccDcKAsI.ltrans1.ltrans.o
                0x20001bf4                wet.lto_priv.140
 .bss.delayline.lto_priv.162
                0x20001bf8    0x1d4c8 C:\Users\CNous\AppData\Local\Temp\ccDcKAsI.ltrans1.ltrans.o
                0x20001bf8                delayline.lto_priv.162
 .bss.filterFreq2
                0x2001f0c0        0x4 C:\Users\CNous\AppData\Local\Temp\ccDcKAsI.ltrans1.ltrans.o
                0x2001f0c0                filterFreq2
 .bss.writepos.lto_priv.163
                0x2001f0c4        0x4 C:\Users\CNous\AppData\Local\Temp\ccDcKAsI.ltrans1.ltrans.o
                0x2001f0c4                writepos.lto_priv.163
 .bss.a1        0x2001f0c8        0x4 C:\Users\CNous\AppData\Local\Temp\ccDcKAsI.ltrans1.ltrans.o
 .bss.dmax.lto_priv.155
                0x2001f0cc        0x4 C:\Users\CNous\AppData\Local\Temp\ccDcKAsI.ltrans1.ltrans.o
                0x2001f0cc                dmax.lto_priv.155
 .bss.filterFreq
                0x2001f0d0        0x4 C:\Users\CNous\AppData\Local\Temp\ccDcKAsI.ltrans1.ltrans.o
                0x2001f0d0                filterFreq
 .bss.lfoPhase  0x2001f0d4        0x4 C:\Users\CNous\AppData\Local\Temp\ccDcKAsI.ltrans1.ltrans.o
 .bss.old       0x2001f0d8       0x18 C:\Users\CNous\AppData\Local\Temp\ccDcKAsI.ltrans1.ltrans.o
 .bss.lfoInc.lto_priv.156
                0x2001f0f0        0x4 C:\Users\CNous\AppData\Local\Temp\ccDcKAsI.ltrans1.ltrans.o
                0x2001f0f0                lfoInc.lto_priv.156
 .bss.zm1       0x2001f0f4        0x4 C:\Users\CNous\AppData\Local\Temp\ccDcKAsI.ltrans1.ltrans.o
 .bss.dmin.lto_priv.154
                0x2001f0f8        0x4 C:\Users\CNous\AppData\Local\Temp\ccDcKAsI.ltrans1.ltrans.o
                0x2001f0f8                dmin.lto_priv.154
 .bss.readpos.lto_priv.161
                0x2001f0fc        0x4 C:\Users\CNous\AppData\Local\Temp\ccDcKAsI.ltrans1.ltrans.o
                0x2001f0fc                readpos.lto_priv.161
 .bss.fb.lto_priv.153
                0x2001f100        0x4 C:\Users\CNous\AppData\Local\Temp\ccDcKAsI.ltrans1.ltrans.o
                0x2001f100                fb.lto_priv.153
 .bss.freeze    0x2001f104        0x1 C:\Users\CNous\AppData\Local\Temp\ccDcKAsI.ltrans1.ltrans.o
                0x2001f104                freeze
 .bss.OutputDev
                0x2001f105        0x1 C:\Users\CNous\AppData\Local\Temp\ccDcKAsI.ltrans6.ltrans.o
                0x2001f105                OutputDev
 *fill*         0x2001f106        0x2 
 .bss.TimingDelay1
                0x2001f108        0x4 C:\Users\CNous\AppData\Local\Temp\ccDcKAsI.ltrans8.ltrans.o
 .bss.BlueLED_counter
                0x2001f10c        0x4 C:\Users\CNous\AppData\Local\Temp\ccDcKAsI.ltrans8.ltrans.o
 .bss.DebouncedKeyPress
                0x2001f110        0x1 C:\Users\CNous\AppData\Local\Temp\ccDcKAsI.ltrans8.ltrans.o
 .bss.Key_changed
                0x2001f111        0x1 C:\Users\CNous\AppData\Local\Temp\ccDcKAsI.ltrans8.ltrans.o
 .bss.Key_pressed
                0x2001f112        0x1 C:\Users\CNous\AppData\Local\Temp\ccDcKAsI.ltrans8.ltrans.o
 *fill*         0x2001f113        0x1 
 .bss.TimingDelay
                0x2001f114        0x4 C:\Users\CNous\AppData\Local\Temp\ccDcKAsI.ltrans8.ltrans.o
 .bss.hUSBHost  0x2001f118      0x618 C:\Users\CNous\AppData\Local\Temp\ccDcKAsI.ltrans10.ltrans.o
                0x2001f118                hUSBHost
 .bss.buffer_offset
                0x2001f730        0x1 C:\Users\CNous\AppData\Local\Temp\ccDcKAsI.ltrans12.ltrans.o
 *fill*         0x2001f731        0x3 
 .bss.uwTick.lto_priv.144
                0x2001f734        0x4 C:\Users\CNous\AppData\Local\Temp\ccDcKAsI.ltrans15.ltrans.o
                0x2001f734                uwTick.lto_priv.144
 .bss.I2cHandle.lto_priv.173
                0x2001f738       0x38 C:\Users\CNous\AppData\Local\Temp\ccDcKAsI.ltrans15.ltrans.o
                0x2001f738                I2cHandle.lto_priv.173
 .bss.Appli_state
                0x2001f770        0x1 C:\Users\CNous\AppData\Local\Temp\ccDcKAsI.ltrans18.ltrans.o
                0x2001f770                Appli_state
 *fill*         0x2001f771        0x3 
 .bss.__malloc_max_total_mem
                0x2001f774        0x4 c:/program files/gnu tools arm embedded/4.9 2014q4/bin/../lib/gcc/arm-none-eabi/4.9.3/../../../../arm-none-eabi/lib/armv7e-m/fpu\libc.a(lib_a-mallocr.o)
                0x2001f774                __malloc_max_total_mem
 .bss.__malloc_max_sbrked_mem
                0x2001f778        0x4 c:/program files/gnu tools arm embedded/4.9 2014q4/bin/../lib/gcc/arm-none-eabi/4.9.3/../../../../arm-none-eabi/lib/armv7e-m/fpu\libc.a(lib_a-mallocr.o)
                0x2001f778                __malloc_max_sbrked_mem
 .bss.__malloc_top_pad
                0x2001f77c        0x4 c:/program files/gnu tools arm embedded/4.9 2014q4/bin/../lib/gcc/arm-none-eabi/4.9.3/../../../../arm-none-eabi/lib/armv7e-m/fpu\libc.a(lib_a-mallocr.o)
                0x2001f77c                __malloc_top_pad
 .bss.__malloc_current_mallinfo
                0x2001f780       0x28 c:/program files/gnu tools arm embedded/4.9 2014q4/bin/../lib/gcc/arm-none-eabi/4.9.3/../../../../arm-none-eabi/lib/armv7e-m/fpu\libc.a(lib_a-mallocr.o)
                0x2001f780                __malloc_current_mallinfo
 .bss.heap_end.4079
                0x2001f7a8        0x4 c:/program files/gnu tools arm embedded/4.9 2014q4/bin/../lib/gcc/arm-none-eabi/4.9.3/../../../../arm-none-eabi/lib/armv7e-m/fpu\libnosys.a(sbrk.o)
 *(COMMON)
 COMMON         0x2001f7ac        0x4 C:\Users\CNous\AppData\Local\Temp\ccDcKAsI.ltrans14.ltrans.o
                0x2001f7ac                __errno
 COMMON         0x2001f7b0        0x4 c:/program files/gnu tools arm embedded/4.9 2014q4/bin/../lib/gcc/arm-none-eabi/4.9.3/../../../../arm-none-eabi/lib/armv7e-m/fpu\libc.a(lib_a-reent.o)
                0x2001f7b0                errno
                0x2001f7b4                . = ALIGN (0x4)
                0x2001f7b4                _ebss = .
                0x2001f7b4                __bss_end__ = _ebss

._user_heap_stack
                0x10003eb0     0x2000
                0x10003eb0                . = ALIGN (0x4)
                0x10003eb0                PROVIDE (end, .)
                0x10003eb0                PROVIDE (_end, .)
                0x10004eb0                . = (. + _Min_Heap_Size)
 *fill*         0x10003eb0     0x1000 
                0x10005eb0                . = (. + _Min_Stack_Size)
 *fill*         0x10004eb0     0x1000 
                0x10005eb0                . = ALIGN (0x4)

/DISCARD/
 libc.a(*)
 libm.a(*)
 libgcc.a(*)

.ARM.attributes
                0x00000000       0x30
 *(.ARM.attributes)
 .ARM.attributes
                0x00000000       0x22 c:/program files/gnu tools arm embedded/4.9 2014q4/bin/../lib/gcc/arm-none-eabi/4.9.3/armv7e-m/fpu/crti.o
 .ARM.attributes
                0x00000022       0x34 c:/program files/gnu tools arm embedded/4.9 2014q4/bin/../lib/gcc/arm-none-eabi/4.9.3/armv7e-m/fpu/crtbegin.o
 .ARM.attributes
                0x00000056       0x37 C:\Users\CNous\AppData\Local\Temp\ccDcKAsI.ltrans0.ltrans.o
 .ARM.attributes
                0x0000008d       0x37 C:\Users\CNous\AppData\Local\Temp\ccDcKAsI.ltrans1.ltrans.o
 .ARM.attributes
                0x000000c4       0x37 C:\Users\CNous\AppData\Local\Temp\ccDcKAsI.ltrans2.ltrans.o
 .ARM.attributes
                0x000000fb       0x37 C:\Users\CNous\AppData\Local\Temp\ccDcKAsI.ltrans3.ltrans.o
 .ARM.attributes
                0x00000132       0x37 C:\Users\CNous\AppData\Local\Temp\ccDcKAsI.ltrans4.ltrans.o
 .ARM.attributes
                0x00000169       0x37 C:\Users\CNous\AppData\Local\Temp\ccDcKAsI.ltrans5.ltrans.o
 .ARM.attributes
                0x000001a0       0x37 C:\Users\CNous\AppData\Local\Temp\ccDcKAsI.ltrans6.ltrans.o
 .ARM.attributes
                0x000001d7       0x37 C:\Users\CNous\AppData\Local\Temp\ccDcKAsI.ltrans7.ltrans.o
 .ARM.attributes
                0x0000020e       0x37 C:\Users\CNous\AppData\Local\Temp\ccDcKAsI.ltrans8.ltrans.o
 .ARM.attributes
                0x00000245       0x37 C:\Users\CNous\AppData\Local\Temp\ccDcKAsI.ltrans9.ltrans.o
 .ARM.attributes
                0x0000027c       0x37 C:\Users\CNous\AppData\Local\Temp\ccDcKAsI.ltrans10.ltrans.o
 .ARM.attributes
                0x000002b3       0x37 C:\Users\CNous\AppData\Local\Temp\ccDcKAsI.ltrans11.ltrans.o
 .ARM.attributes
                0x000002ea       0x37 C:\Users\CNous\AppData\Local\Temp\ccDcKAsI.ltrans12.ltrans.o
 .ARM.attributes
                0x00000321       0x37 C:\Users\CNous\AppData\Local\Temp\ccDcKAsI.ltrans13.ltrans.o
 .ARM.attributes
                0x00000358       0x37 C:\Users\CNous\AppData\Local\Temp\ccDcKAsI.ltrans14.ltrans.o
 .ARM.attributes
                0x0000038f       0x37 C:\Users\CNous\AppData\Local\Temp\ccDcKAsI.ltrans15.ltrans.o
 .ARM.attributes
                0x000003c6       0x37 C:\Users\CNous\AppData\Local\Temp\ccDcKAsI.ltrans16.ltrans.o
 .ARM.attributes
                0x000003fd       0x37 C:\Users\CNous\AppData\Local\Temp\ccDcKAsI.ltrans17.ltrans.o
 .ARM.attributes
                0x00000434       0x37 C:\Users\CNous\AppData\Local\Temp\ccDcKAsI.ltrans18.ltrans.o
 .ARM.attributes
                0x0000046b       0x37 C:\Users\CNous\AppData\Local\Temp\ccDcKAsI.ltrans19.ltrans.o
 .ARM.attributes
                0x000004a2       0x21 ./drivers/BSP/startup_stm32f407xx.o
 .ARM.attributes
                0x000004c3       0x34 c:/program files/gnu tools arm embedded/4.9 2014q4/bin/../lib/gcc/arm-none-eabi/4.9.3/../../../../arm-none-eabi/lib/armv7e-m/fpu\libm.a(lib_a-sf_fabs.o)
 .ARM.attributes
                0x000004f7       0x34 c:/program files/gnu tools arm embedded/4.9 2014q4/bin/../lib/gcc/arm-none-eabi/4.9.3/../../../../arm-none-eabi/lib/armv7e-m/fpu\libm.a(lib_a-sf_floor.o)
 .ARM.attributes
                0x0000052b       0x34 c:/program files/gnu tools arm embedded/4.9 2014q4/bin/../lib/gcc/arm-none-eabi/4.9.3/../../../../arm-none-eabi/lib/armv7e-m/fpu\libm.a(lib_a-sf_lrint.o)
 .ARM.attributes
                0x0000055f       0x34 c:/program files/gnu tools arm embedded/4.9 2014q4/bin/../lib/gcc/arm-none-eabi/4.9.3/../../../../arm-none-eabi/lib/armv7e-m/fpu\libm.a(lib_a-sf_rint.o)
 .ARM.attributes
                0x00000593       0x34 c:/program files/gnu tools arm embedded/4.9 2014q4/bin/../lib/gcc/arm-none-eabi/4.9.3/../../../../arm-none-eabi/lib/armv7e-m/fpu\libm.a(lib_a-sf_sin.o)
 .ARM.attributes
                0x000005c7       0x34 c:/program files/gnu tools arm embedded/4.9 2014q4/bin/../lib/gcc/arm-none-eabi/4.9.3/../../../../arm-none-eabi/lib/armv7e-m/fpu\libm.a(lib_a-wf_pow.o)
 .ARM.attributes
                0x000005fb       0x34 c:/program files/gnu tools arm embedded/4.9 2014q4/bin/../lib/gcc/arm-none-eabi/4.9.3/../../../../arm-none-eabi/lib/armv7e-m/fpu\libm.a(lib_a-ef_pow.o)
 .ARM.attributes
                0x0000062f       0x34 c:/program files/gnu tools arm embedded/4.9 2014q4/bin/../lib/gcc/arm-none-eabi/4.9.3/../../../../arm-none-eabi/lib/armv7e-m/fpu\libm.a(lib_a-ef_rem_pio2.o)
 .ARM.attributes
                0x00000663       0x34 c:/program files/gnu tools arm embedded/4.9 2014q4/bin/../lib/gcc/arm-none-eabi/4.9.3/../../../../arm-none-eabi/lib/armv7e-m/fpu\libm.a(lib_a-ef_sqrt.o)
 .ARM.attributes
                0x00000697       0x34 c:/program files/gnu tools arm embedded/4.9 2014q4/bin/../lib/gcc/arm-none-eabi/4.9.3/../../../../arm-none-eabi/lib/armv7e-m/fpu\libm.a(lib_a-kf_cos.o)
 .ARM.attributes
                0x000006cb       0x34 c:/program files/gnu tools arm embedded/4.9 2014q4/bin/../lib/gcc/arm-none-eabi/4.9.3/../../../../arm-none-eabi/lib/armv7e-m/fpu\libm.a(lib_a-kf_rem_pio2.o)
 .ARM.attributes
                0x000006ff       0x34 c:/program files/gnu tools arm embedded/4.9 2014q4/bin/../lib/gcc/arm-none-eabi/4.9.3/../../../../arm-none-eabi/lib/armv7e-m/fpu\libm.a(lib_a-kf_sin.o)
 .ARM.attributes
                0x00000733       0x34 c:/program files/gnu tools arm embedded/4.9 2014q4/bin/../lib/gcc/arm-none-eabi/4.9.3/../../../../arm-none-eabi/lib/armv7e-m/fpu\libm.a(lib_a-s_lib_ver.o)
 .ARM.attributes
                0x00000767       0x34 c:/program files/gnu tools arm embedded/4.9 2014q4/bin/../lib/gcc/arm-none-eabi/4.9.3/../../../../arm-none-eabi/lib/armv7e-m/fpu\libm.a(lib_a-s_matherr.o)
 .ARM.attributes
                0x0000079b       0x34 c:/program files/gnu tools arm embedded/4.9 2014q4/bin/../lib/gcc/arm-none-eabi/4.9.3/../../../../arm-none-eabi/lib/armv7e-m/fpu\libm.a(lib_a-s_rint.o)
 .ARM.attributes
                0x000007cf       0x34 c:/program files/gnu tools arm embedded/4.9 2014q4/bin/../lib/gcc/arm-none-eabi/4.9.3/../../../../arm-none-eabi/lib/armv7e-m/fpu\libm.a(lib_a-sf_finite.o)
 .ARM.attributes
                0x00000803       0x34 c:/program files/gnu tools arm embedded/4.9 2014q4/bin/../lib/gcc/arm-none-eabi/4.9.3/../../../../arm-none-eabi/lib/armv7e-m/fpu\libm.a(lib_a-sf_fpclassify.o)
 .ARM.attributes
                0x00000837       0x34 c:/program files/gnu tools arm embedded/4.9 2014q4/bin/../lib/gcc/arm-none-eabi/4.9.3/../../../../arm-none-eabi/lib/armv7e-m/fpu\libm.a(lib_a-sf_nan.o)
 .ARM.attributes
                0x0000086b       0x34 c:/program files/gnu tools arm embedded/4.9 2014q4/bin/../lib/gcc/arm-none-eabi/4.9.3/../../../../arm-none-eabi/lib/armv7e-m/fpu\libm.a(lib_a-sf_scalbn.o)
 .ARM.attributes
                0x0000089f       0x34 c:/program files/gnu tools arm embedded/4.9 2014q4/bin/../lib/gcc/arm-none-eabi/4.9.3/../../../../arm-none-eabi/lib/armv7e-m/fpu\libm.a(lib_a-sf_copysign.o)
 .ARM.attributes
                0x000008d3       0x22 c:/program files/gnu tools arm embedded/4.9 2014q4/bin/../lib/gcc/arm-none-eabi/4.9.3/armv7e-m/fpu\libgcc.a(_arm_addsubdf3.o)
 .ARM.attributes
                0x000008f5       0x22 c:/program files/gnu tools arm embedded/4.9 2014q4/bin/../lib/gcc/arm-none-eabi/4.9.3/armv7e-m/fpu\libgcc.a(_arm_muldivdf3.o)
 .ARM.attributes
                0x00000917       0x22 c:/program files/gnu tools arm embedded/4.9 2014q4/bin/../lib/gcc/arm-none-eabi/4.9.3/armv7e-m/fpu\libgcc.a(_arm_cmpdf2.o)
 .ARM.attributes
                0x00000939       0x22 c:/program files/gnu tools arm embedded/4.9 2014q4/bin/../lib/gcc/arm-none-eabi/4.9.3/armv7e-m/fpu\libgcc.a(_arm_truncdfsf2.o)
 .ARM.attributes
                0x0000095b       0x34 c:/program files/gnu tools arm embedded/4.9 2014q4/bin/../lib/gcc/arm-none-eabi/4.9.3/../../../../arm-none-eabi/lib/armv7e-m/fpu\libc.a(lib_a-impure.o)
 .ARM.attributes
                0x0000098f       0x34 c:/program files/gnu tools arm embedded/4.9 2014q4/bin/../lib/gcc/arm-none-eabi/4.9.3/../../../../arm-none-eabi/lib/armv7e-m/fpu\libc.a(lib_a-init.o)
 .ARM.attributes
                0x000009c3       0x34 c:/program files/gnu tools arm embedded/4.9 2014q4/bin/../lib/gcc/arm-none-eabi/4.9.3/../../../../arm-none-eabi/lib/armv7e-m/fpu\libc.a(lib_a-malloc.o)
 .ARM.attributes
                0x000009f7       0x34 c:/program files/gnu tools arm embedded/4.9 2014q4/bin/../lib/gcc/arm-none-eabi/4.9.3/../../../../arm-none-eabi/lib/armv7e-m/fpu\libc.a(lib_a-mallocr.o)
 .ARM.attributes
                0x00000a2b       0x20 c:/program files/gnu tools arm embedded/4.9 2014q4/bin/../lib/gcc/arm-none-eabi/4.9.3/../../../../arm-none-eabi/lib/armv7e-m/fpu\libc.a(lib_a-memcpy.o)
 .ARM.attributes
                0x00000a4b       0x34 c:/program files/gnu tools arm embedded/4.9 2014q4/bin/../lib/gcc/arm-none-eabi/4.9.3/../../../../arm-none-eabi/lib/armv7e-m/fpu\libc.a(lib_a-memset.o)
 .ARM.attributes
                0x00000a7f       0x34 c:/program files/gnu tools arm embedded/4.9 2014q4/bin/../lib/gcc/arm-none-eabi/4.9.3/../../../../arm-none-eabi/lib/armv7e-m/fpu\libc.a(lib_a-mlock.o)
 .ARM.attributes
                0x00000ab3       0x34 c:/program files/gnu tools arm embedded/4.9 2014q4/bin/../lib/gcc/arm-none-eabi/4.9.3/../../../../arm-none-eabi/lib/armv7e-m/fpu\libc.a(lib_a-rand.o)
 .ARM.attributes
                0x00000ae7       0x34 c:/program files/gnu tools arm embedded/4.9 2014q4/bin/../lib/gcc/arm-none-eabi/4.9.3/../../../../arm-none-eabi/lib/armv7e-m/fpu\libc.a(lib_a-sbrkr.o)
 .ARM.attributes
                0x00000b1b       0x34 c:/program files/gnu tools arm embedded/4.9 2014q4/bin/../lib/gcc/arm-none-eabi/4.9.3/../../../../arm-none-eabi/lib/armv7e-m/fpu\libc.a(lib_a-__call_atexit.o)
 .ARM.attributes
                0x00000b4f       0x34 c:/program files/gnu tools arm embedded/4.9 2014q4/bin/../lib/gcc/arm-none-eabi/4.9.3/../../../../arm-none-eabi/lib/armv7e-m/fpu\libc.a(lib_a-atexit.o)
 .ARM.attributes
                0x00000b83       0x34 c:/program files/gnu tools arm embedded/4.9 2014q4/bin/../lib/gcc/arm-none-eabi/4.9.3/../../../../arm-none-eabi/lib/armv7e-m/fpu\libc.a(lib_a-fini.o)
 .ARM.attributes
                0x00000bb7       0x34 c:/program files/gnu tools arm embedded/4.9 2014q4/bin/../lib/gcc/arm-none-eabi/4.9.3/../../../../arm-none-eabi/lib/armv7e-m/fpu\libc.a(lib_a-freer.o)
 .ARM.attributes
                0x00000beb       0x34 c:/program files/gnu tools arm embedded/4.9 2014q4/bin/../lib/gcc/arm-none-eabi/4.9.3/../../../../arm-none-eabi/lib/armv7e-m/fpu\libc.a(lib_a-reent.o)
 .ARM.attributes
                0x00000c1f       0x34 c:/program files/gnu tools arm embedded/4.9 2014q4/bin/../lib/gcc/arm-none-eabi/4.9.3/../../../../arm-none-eabi/lib/armv7e-m/fpu\libc.a(lib_a-__atexit.o)
 .ARM.attributes
                0x00000c53       0x34 c:/program files/gnu tools arm embedded/4.9 2014q4/bin/../lib/gcc/arm-none-eabi/4.9.3/../../../../arm-none-eabi/lib/armv7e-m/fpu\libnosys.a(sbrk.o)
 .ARM.attributes
                0x00000c87       0x22 c:/program files/gnu tools arm embedded/4.9 2014q4/bin/../lib/gcc/arm-none-eabi/4.9.3/armv7e-m/fpu/crtn.o
OUTPUT(Dekrispator_v2.elf elf32-littlearm)

.comment        0x00000000       0x70
 .comment       0x00000000       0x70 C:\Users\CNous\AppData\Local\Temp\ccDcKAsI.ltrans0.ltrans.o
                                 0x71 (size before relaxing)
 .comment       0x00000000       0x71 C:\Users\CNous\AppData\Local\Temp\ccDcKAsI.ltrans1.ltrans.o
 .comment       0x00000000       0x71 C:\Users\CNous\AppData\Local\Temp\ccDcKAsI.ltrans2.ltrans.o
 .comment       0x00000000       0x71 C:\Users\CNous\AppData\Local\Temp\ccDcKAsI.ltrans3.ltrans.o
 .comment       0x00000000       0x71 C:\Users\CNous\AppData\Local\Temp\ccDcKAsI.ltrans4.ltrans.o
 .comment       0x00000000       0x71 C:\Users\CNous\AppData\Local\Temp\ccDcKAsI.ltrans5.ltrans.o
 .comment       0x00000000       0x71 C:\Users\CNous\AppData\Local\Temp\ccDcKAsI.ltrans6.ltrans.o
 .comment       0x00000000       0x71 C:\Users\CNous\AppData\Local\Temp\ccDcKAsI.ltrans7.ltrans.o
 .comment       0x00000000       0x71 C:\Users\CNous\AppData\Local\Temp\ccDcKAsI.ltrans8.ltrans.o
 .comment       0x00000000       0x71 C:\Users\CNous\AppData\Local\Temp\ccDcKAsI.ltrans9.ltrans.o
 .comment       0x00000000       0x71 C:\Users\CNous\AppData\Local\Temp\ccDcKAsI.ltrans10.ltrans.o
 .comment       0x00000000       0x71 C:\Users\CNous\AppData\Local\Temp\ccDcKAsI.ltrans11.ltrans.o
 .comment       0x00000000       0x71 C:\Users\CNous\AppData\Local\Temp\ccDcKAsI.ltrans12.ltrans.o
 .comment       0x00000000       0x71 C:\Users\CNous\AppData\Local\Temp\ccDcKAsI.ltrans13.ltrans.o
 .comment       0x00000000       0x71 C:\Users\CNous\AppData\Local\Temp\ccDcKAsI.ltrans14.ltrans.o
 .comment       0x00000000       0x71 C:\Users\CNous\AppData\Local\Temp\ccDcKAsI.ltrans15.ltrans.o
 .comment       0x00000000       0x71 C:\Users\CNous\AppData\Local\Temp\ccDcKAsI.ltrans16.ltrans.o
 .comment       0x00000000       0x71 C:\Users\CNous\AppData\Local\Temp\ccDcKAsI.ltrans17.ltrans.o
 .comment       0x00000000       0x71 C:\Users\CNous\AppData\Local\Temp\ccDcKAsI.ltrans18.ltrans.o
 .comment       0x00000000       0x71 C:\Users\CNous\AppData\Local\Temp\ccDcKAsI.ltrans19.ltrans.o

.debug_frame    0x00000000      0x74c
 .debug_frame   0x00000000       0x20 c:/program files/gnu tools arm embedded/4.9 2014q4/bin/../lib/gcc/arm-none-eabi/4.9.3/../../../../arm-none-eabi/lib/armv7e-m/fpu\libm.a(lib_a-sf_fabs.o)
 .debug_frame   0x00000020       0x20 c:/program files/gnu tools arm embedded/4.9 2014q4/bin/../lib/gcc/arm-none-eabi/4.9.3/../../../../arm-none-eabi/lib/armv7e-m/fpu\libm.a(lib_a-sf_floor.o)
 .debug_frame   0x00000040       0x38 c:/program files/gnu tools arm embedded/4.9 2014q4/bin/../lib/gcc/arm-none-eabi/4.9.3/../../../../arm-none-eabi/lib/armv7e-m/fpu\libm.a(lib_a-sf_lrint.o)
 .debug_frame   0x00000078       0x48 c:/program files/gnu tools arm embedded/4.9 2014q4/bin/../lib/gcc/arm-none-eabi/4.9.3/../../../../arm-none-eabi/lib/armv7e-m/fpu\libm.a(lib_a-sf_rint.o)
 .debug_frame   0x000000c0       0x34 c:/program files/gnu tools arm embedded/4.9 2014q4/bin/../lib/gcc/arm-none-eabi/4.9.3/../../../../arm-none-eabi/lib/armv7e-m/fpu\libm.a(lib_a-sf_sin.o)
 .debug_frame   0x000000f4       0x64 c:/program files/gnu tools arm embedded/4.9 2014q4/bin/../lib/gcc/arm-none-eabi/4.9.3/../../../../arm-none-eabi/lib/armv7e-m/fpu\libm.a(lib_a-wf_pow.o)
 .debug_frame   0x00000158       0x7c c:/program files/gnu tools arm embedded/4.9 2014q4/bin/../lib/gcc/arm-none-eabi/4.9.3/../../../../arm-none-eabi/lib/armv7e-m/fpu\libm.a(lib_a-ef_pow.o)
 .debug_frame   0x000001d4       0x3c c:/program files/gnu tools arm embedded/4.9 2014q4/bin/../lib/gcc/arm-none-eabi/4.9.3/../../../../arm-none-eabi/lib/armv7e-m/fpu\libm.a(lib_a-ef_rem_pio2.o)
 .debug_frame   0x00000210       0x3c c:/program files/gnu tools arm embedded/4.9 2014q4/bin/../lib/gcc/arm-none-eabi/4.9.3/../../../../arm-none-eabi/lib/armv7e-m/fpu\libm.a(lib_a-ef_sqrt.o)
 .debug_frame   0x0000024c       0x20 c:/program files/gnu tools arm embedded/4.9 2014q4/bin/../lib/gcc/arm-none-eabi/4.9.3/../../../../arm-none-eabi/lib/armv7e-m/fpu\libm.a(lib_a-kf_cos.o)
 .debug_frame   0x0000026c       0x5c c:/program files/gnu tools arm embedded/4.9 2014q4/bin/../lib/gcc/arm-none-eabi/4.9.3/../../../../arm-none-eabi/lib/armv7e-m/fpu\libm.a(lib_a-kf_rem_pio2.o)
 .debug_frame   0x000002c8       0x20 c:/program files/gnu tools arm embedded/4.9 2014q4/bin/../lib/gcc/arm-none-eabi/4.9.3/../../../../arm-none-eabi/lib/armv7e-m/fpu\libm.a(lib_a-kf_sin.o)
 .debug_frame   0x000002e8       0x20 c:/program files/gnu tools arm embedded/4.9 2014q4/bin/../lib/gcc/arm-none-eabi/4.9.3/../../../../arm-none-eabi/lib/armv7e-m/fpu\libm.a(lib_a-s_matherr.o)
 .debug_frame   0x00000308       0x3c c:/program files/gnu tools arm embedded/4.9 2014q4/bin/../lib/gcc/arm-none-eabi/4.9.3/../../../../arm-none-eabi/lib/armv7e-m/fpu\libm.a(lib_a-s_rint.o)
 .debug_frame   0x00000344       0x20 c:/program files/gnu tools arm embedded/4.9 2014q4/bin/../lib/gcc/arm-none-eabi/4.9.3/../../../../arm-none-eabi/lib/armv7e-m/fpu\libm.a(lib_a-sf_finite.o)
 .debug_frame   0x00000364       0x20 c:/program files/gnu tools arm embedded/4.9 2014q4/bin/../lib/gcc/arm-none-eabi/4.9.3/../../../../arm-none-eabi/lib/armv7e-m/fpu\libm.a(lib_a-sf_fpclassify.o)
 .debug_frame   0x00000384       0x20 c:/program files/gnu tools arm embedded/4.9 2014q4/bin/../lib/gcc/arm-none-eabi/4.9.3/../../../../arm-none-eabi/lib/armv7e-m/fpu\libm.a(lib_a-sf_nan.o)
 .debug_frame   0x000003a4       0x44 c:/program files/gnu tools arm embedded/4.9 2014q4/bin/../lib/gcc/arm-none-eabi/4.9.3/../../../../arm-none-eabi/lib/armv7e-m/fpu\libm.a(lib_a-sf_scalbn.o)
 .debug_frame   0x000003e8       0x20 c:/program files/gnu tools arm embedded/4.9 2014q4/bin/../lib/gcc/arm-none-eabi/4.9.3/../../../../arm-none-eabi/lib/armv7e-m/fpu\libm.a(lib_a-sf_copysign.o)
 .debug_frame   0x00000408       0x2c c:/program files/gnu tools arm embedded/4.9 2014q4/bin/../lib/gcc/arm-none-eabi/4.9.3/../../../../arm-none-eabi/lib/armv7e-m/fpu\libc.a(lib_a-init.o)
 .debug_frame   0x00000434       0x30 c:/program files/gnu tools arm embedded/4.9 2014q4/bin/../lib/gcc/arm-none-eabi/4.9.3/../../../../arm-none-eabi/lib/armv7e-m/fpu\libc.a(lib_a-malloc.o)
 .debug_frame   0x00000464       0x58 c:/program files/gnu tools arm embedded/4.9 2014q4/bin/../lib/gcc/arm-none-eabi/4.9.3/../../../../arm-none-eabi/lib/armv7e-m/fpu\libc.a(lib_a-mallocr.o)
 .debug_frame   0x000004bc       0x34 c:/program files/gnu tools arm embedded/4.9 2014q4/bin/../lib/gcc/arm-none-eabi/4.9.3/../../../../arm-none-eabi/lib/armv7e-m/fpu\libc.a(lib_a-memset.o)
 .debug_frame   0x000004f0       0x30 c:/program files/gnu tools arm embedded/4.9 2014q4/bin/../lib/gcc/arm-none-eabi/4.9.3/../../../../arm-none-eabi/lib/armv7e-m/fpu\libc.a(lib_a-mlock.o)
 .debug_frame   0x00000520       0x3c c:/program files/gnu tools arm embedded/4.9 2014q4/bin/../lib/gcc/arm-none-eabi/4.9.3/../../../../arm-none-eabi/lib/armv7e-m/fpu\libc.a(lib_a-rand.o)
 .debug_frame   0x0000055c       0x2c c:/program files/gnu tools arm embedded/4.9 2014q4/bin/../lib/gcc/arm-none-eabi/4.9.3/../../../../arm-none-eabi/lib/armv7e-m/fpu\libc.a(lib_a-sbrkr.o)
 .debug_frame   0x00000588       0x50 c:/program files/gnu tools arm embedded/4.9 2014q4/bin/../lib/gcc/arm-none-eabi/4.9.3/../../../../arm-none-eabi/lib/armv7e-m/fpu\libc.a(lib_a-__call_atexit.o)
 .debug_frame   0x000005d8       0x20 c:/program files/gnu tools arm embedded/4.9 2014q4/bin/../lib/gcc/arm-none-eabi/4.9.3/../../../../arm-none-eabi/lib/armv7e-m/fpu\libc.a(lib_a-atexit.o)
 .debug_frame   0x000005f8       0x34 c:/program files/gnu tools arm embedded/4.9 2014q4/bin/../lib/gcc/arm-none-eabi/4.9.3/../../../../arm-none-eabi/lib/armv7e-m/fpu\libc.a(lib_a-fini.o)
 .debug_frame   0x0000062c       0x74 c:/program files/gnu tools arm embedded/4.9 2014q4/bin/../lib/gcc/arm-none-eabi/4.9.3/../../../../arm-none-eabi/lib/armv7e-m/fpu\libc.a(lib_a-freer.o)
 .debug_frame   0x000006a0       0x58 c:/program files/gnu tools arm embedded/4.9 2014q4/bin/../lib/gcc/arm-none-eabi/4.9.3/../../../../arm-none-eabi/lib/armv7e-m/fpu\libc.a(lib_a-reent.o)
 .debug_frame   0x000006f8       0x34 c:/program files/gnu tools arm embedded/4.9 2014q4/bin/../lib/gcc/arm-none-eabi/4.9.3/../../../../arm-none-eabi/lib/armv7e-m/fpu\libc.a(lib_a-__atexit.o)
 .debug_frame   0x0000072c       0x20 c:/program files/gnu tools arm embedded/4.9 2014q4/bin/../lib/gcc/arm-none-eabi/4.9.3/../../../../arm-none-eabi/lib/armv7e-m/fpu\libnosys.a(sbrk.o)
