Archive member included because of file (symbol)

c:/program files/gnu tools arm embedded/4.9 2014q4/bin/../lib/gcc/arm-none-eabi/4.9.3/../../../../arm-none-eabi/lib/armv7e-m/fpu\libm.a(lib_a-sf_fabs.o)
                              ./Synth/chorusFD.o (symbol from plugin) (fabsf)
c:/program files/gnu tools arm embedded/4.9 2014q4/bin/../lib/gcc/arm-none-eabi/4.9.3/../../../../arm-none-eabi/lib/armv7e-m/fpu\libm.a(lib_a-sf_floor.o)
                              ./Synth/chorusFD.o (symbol from plugin) (floorf)
c:/program files/gnu tools arm embedded/4.9 2014q4/bin/../lib/gcc/arm-none-eabi/4.9.3/../../../../arm-none-eabi/lib/armv7e-m/fpu\libm.a(lib_a-sf_lrint.o)
                              ./Synth/MIDI_application.o (symbol from plugin) (lrintf)
c:/program files/gnu tools arm embedded/4.9 2014q4/bin/../lib/gcc/arm-none-eabi/4.9.3/../../../../arm-none-eabi/lib/armv7e-m/fpu\libm.a(lib_a-sf_rint.o)
                              ./Synth/sequencer.o (symbol from plugin) (rintf)
c:/program files/gnu tools arm embedded/4.9 2014q4/bin/../lib/gcc/arm-none-eabi/4.9.3/../../../../arm-none-eabi/lib/armv7e-m/fpu\libm.a(lib_a-sf_sin.o)
                              ./Synth/oscillators.o (symbol from plugin) (sinf)
c:/program files/gnu tools arm embedded/4.9 2014q4/bin/../lib/gcc/arm-none-eabi/4.9.3/../../../../arm-none-eabi/lib/armv7e-m/fpu\libm.a(lib_a-wf_pow.o)
                              ./Synth/math_tools.o (symbol from plugin) (powf)
c:/program files/gnu tools arm embedded/4.9 2014q4/bin/../lib/gcc/arm-none-eabi/4.9.3/../../../../arm-none-eabi/lib/armv7e-m/fpu\libm.a(lib_a-ef_pow.o)
                              c:/program files/gnu tools arm embedded/4.9 2014q4/bin/../lib/gcc/arm-none-eabi/4.9.3/../../../../arm-none-eabi/lib/armv7e-m/fpu\libm.a(lib_a-wf_pow.o) (__ieee754_powf)
c:/program files/gnu tools arm embedded/4.9 2014q4/bin/../lib/gcc/arm-none-eabi/4.9.3/../../../../arm-none-eabi/lib/armv7e-m/fpu\libm.a(lib_a-ef_rem_pio2.o)
                              c:/program files/gnu tools arm embedded/4.9 2014q4/bin/../lib/gcc/arm-none-eabi/4.9.3/../../../../arm-none-eabi/lib/armv7e-m/fpu\libm.a(lib_a-sf_sin.o) (__ieee754_rem_pio2f)
c:/program files/gnu tools arm embedded/4.9 2014q4/bin/../lib/gcc/arm-none-eabi/4.9.3/../../../../arm-none-eabi/lib/armv7e-m/fpu\libm.a(lib_a-ef_sqrt.o)
                              c:/program files/gnu tools arm embedded/4.9 2014q4/bin/../lib/gcc/arm-none-eabi/4.9.3/../../../../arm-none-eabi/lib/armv7e-m/fpu\libm.a(lib_a-ef_pow.o) (__ieee754_sqrtf)
c:/program files/gnu tools arm embedded/4.9 2014q4/bin/../lib/gcc/arm-none-eabi/4.9.3/../../../../arm-none-eabi/lib/armv7e-m/fpu\libm.a(lib_a-kf_cos.o)
                              c:/program files/gnu tools arm embedded/4.9 2014q4/bin/../lib/gcc/arm-none-eabi/4.9.3/../../../../arm-none-eabi/lib/armv7e-m/fpu\libm.a(lib_a-sf_sin.o) (__kernel_cosf)
c:/program files/gnu tools arm embedded/4.9 2014q4/bin/../lib/gcc/arm-none-eabi/4.9.3/../../../../arm-none-eabi/lib/armv7e-m/fpu\libm.a(lib_a-kf_rem_pio2.o)
                              c:/program files/gnu tools arm embedded/4.9 2014q4/bin/../lib/gcc/arm-none-eabi/4.9.3/../../../../arm-none-eabi/lib/armv7e-m/fpu\libm.a(lib_a-ef_rem_pio2.o) (__kernel_rem_pio2f)
c:/program files/gnu tools arm embedded/4.9 2014q4/bin/../lib/gcc/arm-none-eabi/4.9.3/../../../../arm-none-eabi/lib/armv7e-m/fpu\libm.a(lib_a-kf_sin.o)
                              c:/program files/gnu tools arm embedded/4.9 2014q4/bin/../lib/gcc/arm-none-eabi/4.9.3/../../../../arm-none-eabi/lib/armv7e-m/fpu\libm.a(lib_a-sf_sin.o) (__kernel_sinf)
c:/program files/gnu tools arm embedded/4.9 2014q4/bin/../lib/gcc/arm-none-eabi/4.9.3/../../../../arm-none-eabi/lib/armv7e-m/fpu\libm.a(lib_a-s_lib_ver.o)
                              c:/program files/gnu tools arm embedded/4.9 2014q4/bin/../lib/gcc/arm-none-eabi/4.9.3/../../../../arm-none-eabi/lib/armv7e-m/fpu\libm.a(lib_a-wf_pow.o) (__fdlib_version)
c:/program files/gnu tools arm embedded/4.9 2014q4/bin/../lib/gcc/arm-none-eabi/4.9.3/../../../../arm-none-eabi/lib/armv7e-m/fpu\libm.a(lib_a-s_matherr.o)
                              c:/program files/gnu tools arm embedded/4.9 2014q4/bin/../lib/gcc/arm-none-eabi/4.9.3/../../../../arm-none-eabi/lib/armv7e-m/fpu\libm.a(lib_a-wf_pow.o) (matherr)
c:/program files/gnu tools arm embedded/4.9 2014q4/bin/../lib/gcc/arm-none-eabi/4.9.3/../../../../arm-none-eabi/lib/armv7e-m/fpu\libm.a(lib_a-s_rint.o)
                              c:/program files/gnu tools arm embedded/4.9 2014q4/bin/../lib/gcc/arm-none-eabi/4.9.3/../../../../arm-none-eabi/lib/armv7e-m/fpu\libm.a(lib_a-wf_pow.o) (rint)
c:/program files/gnu tools arm embedded/4.9 2014q4/bin/../lib/gcc/arm-none-eabi/4.9.3/../../../../arm-none-eabi/lib/armv7e-m/fpu\libm.a(lib_a-sf_finite.o)
                              c:/program files/gnu tools arm embedded/4.9 2014q4/bin/../lib/gcc/arm-none-eabi/4.9.3/../../../../arm-none-eabi/lib/armv7e-m/fpu\libm.a(lib_a-wf_pow.o) (finitef)
[...]
Memory Configuration

Name             Origin             Length             Attributes
FLASH            0x08000000         0x00100000         xr
RAM              0x20000000         0x00020000         xrw
CCMRAM           0x10000000         0x00010000         rw
*default*        0x00000000         0xffffffff

Linker script and memory map

LOAD c:/program files/gnu tools arm embedded/4.9 2014q4/bin/../lib/gcc/arm-none-eabi/4.9.3/armv7e-m/fpu/crti.o
LOAD c:/program files/gnu tools arm embedded/4.9 2014q4/bin/../lib/gcc/arm-none-eabi/4.9.3/armv7e-m/fpu/crtbegin.o
LOAD c:/program files/gnu tools arm embedded/4.9 2014q4/bin/../lib/gcc/arm-none-eabi/4.9.3/../../../../arm-none-eabi/lib/armv7e-m/fpu/crt0.o
LOAD ./drivers/USBH_midi_class/Src/usbh_MIDI.o
LOAD C:\Users\CNous\AppData\Local\Temp\cc1ONpuh.ltrans0.ltrans.o
LOAD C:\Users\CNous\AppData\Local\Temp\cc1ONpuh.ltrans1.ltrans.o
LOAD C:\Users\CNous\AppData\Local\Temp\cc1ONpuh.ltrans2.ltrans.o
LOAD C:\Users\CNous\AppData\Local\Temp\cc1ONpuh.ltrans3.ltrans.o
LOAD C:\Users\CNous\AppData\Local\Temp\cc1ONpuh.ltrans4.ltrans.o
LOAD C:\Users\CNous\AppData\Local\Temp\cc1ONpuh.ltrans5.ltrans.o
LOAD C:\Users\CNous\AppData\Local\Temp\cc1ONpuh.ltrans6.ltrans.o
LOAD C:\Users\CNous\AppData\Local\Temp\cc1ONpuh.ltrans7.ltrans.o
LOAD C:\Users\CNous\AppData\Local\Temp\cc1ONpuh.ltrans8.ltrans.o
LOAD C:\Users\CNous\AppData\Local\Temp\cc1ONpuh.ltrans9.ltrans.o
LOAD C:\Users\CNous\AppData\Local\Temp\cc1ONpuh.ltrans10.ltrans.o
LOAD C:\Users\CNous\AppData\Local\Temp\cc1ONpuh.ltrans11.ltrans.o
LOAD C:\Users\CNous\AppData\Local\Temp\cc1ONpuh.ltrans12.ltrans.o
LOAD C:\Users\CNous\AppData\Local\Temp\cc1ONpuh.ltrans13.ltrans.o
LOAD C:\Users\CNous\AppData\Local\Temp\cc1ONpuh.ltrans14.ltrans.o
LOAD C:\Users\CNous\AppData\Local\Temp\cc1ONpuh.ltrans15.ltrans.o
LOAD C:\Users\CNous\AppData\Local\Temp\cc1ONpuh.ltrans16.ltrans.o
LOAD C:\Users\CNous\AppData\Local\Temp\cc1ONpuh.ltrans17.ltrans.o
LOAD C:\Users\CNous\AppData\Local\Temp\cc1ONpuh.ltrans18.ltrans.o
LOAD C:\Users\CNous\AppData\Local\Temp\cc1ONpuh.ltrans19.ltrans.o
LOAD C:\Users\CNous\AppData\Local\Temp\cc1ONpuh.ltrans20.ltrans.o
LOAD c:/program files/gnu tools arm embedded/4.9 2014q4/bin/../lib/gcc/arm-none-eabi/4.9.3/armv7e-m/fpu\libgcc.a
LOAD c:/program files/gnu tools arm embedded/4.9 2014q4/bin/../lib/gcc/arm-none-eabi/4.9.3/../../../../arm-none-eabi/lib/armv7e-m/fpu\libc.a
LOAD c:/program files/gnu tools arm embedded/4.9 2014q4/bin/../lib/gcc/arm-none-eabi/4.9.3/armv7e-m/fpu\libgcc.a
LOAD c:/program files/gnu tools arm embedded/4.9 2014q4/bin/../lib/gcc/arm-none-eabi/4.9.3/../../../../arm-none-eabi/lib/armv7e-m/fpu\libc.a
LOAD c:/program files/gnu tools arm embedded/4.9 2014q4/bin/../lib/gcc/arm-none-eabi/4.9.3/../../../../arm-none-eabi/lib/armv7e-m/fpu\libnosys.a
LOAD ./drivers/STM32_USB_Host_Library/Core/Src/usbh_core.o
LOAD ./drivers/STM32_USB_Host_Library/Core/Src/usbh_ctlreq.o
LOAD ./drivers/STM32_USB_Host_Library/Core/Src/usbh_ioreq.o
LOAD ./drivers/STM32_USB_Host_Library/Core/Src/usbh_pipes.o
LOAD ./drivers/STM32F4xx_HAL_Driver/Src/stm32f4xx_hal.o
LOAD ./drivers/STM32F4xx_HAL_Driver/Src/stm32f4xx_hal_adc.o
LOAD ./drivers/STM32F4xx_HAL_Driver/Src/stm32f4xx_hal_adc_ex.o
LOAD ./drivers/STM32F4xx_HAL_Driver/Src/stm32f4xx_hal_can.o
LOAD ./drivers/STM32F4xx_HAL_Driver/Src/stm32f4xx_hal_cortex.o
LOAD ./drivers/STM32F4xx_HAL_Driver/Src/stm32f4xx_hal_crc.o
LOAD ./drivers/STM32F4xx_HAL_Driver/Src/stm32f4xx_hal_cryp.o
LOAD ./drivers/STM32F4xx_HAL_Driver/Src/stm32f4xx_hal_cryp_ex.o
LOAD ./drivers/STM32F4xx_HAL_Driver/Src/stm32f4xx_hal_dac.o
LOAD ./drivers/STM32F4xx_HAL_Driver/Src/stm32f4xx_hal_dac_ex.o
LOAD ./drivers/STM32F4xx_HAL_Driver/Src/stm32f4xx_hal_dcmi.o
LOAD ./drivers/STM32F4xx_HAL_Driver/Src/stm32f4xx_hal_dma.o
LOAD ./drivers/STM32F4xx_HAL_Driver/Src/stm32f4xx_hal_dma2d.o
LOAD ./drivers/STM32F4xx_HAL_Driver/Src/stm32f4xx_hal_dma_ex.o
LOAD ./drivers/STM32F4xx_HAL_Driver/Src/stm32f4xx_hal_eth.o
LOAD ./drivers/STM32F4xx_HAL_Driver/Src/stm32f4xx_hal_flash.o
LOAD ./drivers/STM32F4xx_HAL_Driver/Src/stm32f4xx_hal_flash_ex.o
LOAD ./drivers/STM32F4xx_HAL_Driver/Src/stm32f4xx_hal_flash_ramfunc.o
LOAD ./drivers/STM32F4xx_HAL_Driver/Src/stm32f4xx_hal_gpio.o
LOAD ./drivers/STM32F4xx_HAL_Driver/Src/stm32f4xx_hal_hash.o
LOAD ./drivers/STM32F4xx_HAL_Driver/Src/stm32f4xx_hal_hash_ex.o
LOAD ./drivers/STM32F4xx_HAL_Driver/Src/stm32f4xx_hal_hcd.o
LOAD ./drivers/STM32F4xx_HAL_Driver/Src/stm32f4xx_hal_i2c.o
LOAD ./drivers/STM32F4xx_HAL_Driver/Src/stm32f4xx_hal_i2c_ex.o
LOAD ./drivers/STM32F4xx_HAL_Driver/Src/stm32f4xx_hal_i2s.o
LOAD ./drivers/STM32F4xx_HAL_Driver/Src/stm32f4xx_hal_i2s_ex.o
LOAD ./drivers/STM32F4xx_HAL_Driver/Src/stm32f4xx_hal_irda.o
LOAD ./drivers/STM32F4xx_HAL_Driver/Src/stm32f4xx_hal_iwdg.o
LOAD ./drivers/STM32F4xx_HAL_Driver/Src/stm32f4xx_hal_ltdc.o
LOAD ./drivers/STM32F4xx_HAL_Driver/Src/stm32f4xx_hal_msp_template.o
LOAD ./drivers/STM32F4xx_HAL_Driver/Src/stm32f4xx_hal_nand.o
LOAD ./drivers/STM32F4xx_HAL_Driver/Src/stm32f4xx_hal_nor.o
LOAD ./drivers/STM32F4xx_HAL_Driver/Src/stm32f4xx_hal_pccard.o
LOAD ./drivers/STM32F4xx_HAL_Driver/Src/stm32f4xx_hal_pcd.o
LOAD ./drivers/STM32F4xx_HAL_Driver/Src/stm32f4xx_hal_pcd_ex.o
LOAD ./drivers/STM32F4xx_HAL_Driver/Src/stm32f4xx_hal_pwr.o
LOAD ./drivers/STM32F4xx_HAL_Driver/Src/stm32f4xx_hal_pwr_ex.o
LOAD ./drivers/STM32F4xx_HAL_Driver/Src/stm32f4xx_hal_rcc.o
LOAD ./drivers/STM32F4xx_HAL_Driver/Src/stm32f4xx_hal_rcc_ex.o
LOAD ./drivers/STM32F4xx_HAL_Driver/Src/stm32f4xx_hal_rng.o
LOAD ./drivers/STM32F4xx_HAL_Driver/Src/stm32f4xx_hal_rtc.o
LOAD ./drivers/STM32F4xx_HAL_Driver/Src/stm32f4xx_hal_rtc_ex.o
LOAD ./drivers/STM32F4xx_HAL_Driver/Src/stm32f4xx_hal_sai.o
LOAD ./drivers/STM32F4xx_HAL_Driver/Src/stm32f4xx_hal_sd.o
LOAD ./drivers/STM32F4xx_HAL_Driver/Src/stm32f4xx_hal_sdram.o
LOAD ./drivers/STM32F4xx_HAL_Driver/Src/stm32f4xx_hal_smartcard.o
LOAD ./drivers/STM32F4xx_HAL_Driver/Src/stm32f4xx_hal_spi.o
LOAD ./drivers/STM32F4xx_HAL_Driver/Src/stm32f4xx_hal_sram.o
LOAD ./drivers/STM32F4xx_HAL_Driver/Src/stm32f4xx_hal_tim.o
LOAD ./drivers/STM32F4xx_HAL_Driver/Src/stm32f4xx_hal_tim_ex.o
LOAD ./drivers/STM32F4xx_HAL_Driver/Src/stm32f4xx_hal_uart.o
LOAD ./drivers/STM32F4xx_HAL_Driver/Src/stm32f4xx_hal_usart.o
LOAD ./drivers/STM32F4xx_HAL_Driver/Src/stm32f4xx_hal_wwdg.o
LOAD ./drivers/STM32F4xx_HAL_Driver/Src/stm32f4xx_ll_fmc.o
LOAD ./drivers/STM32F4xx_HAL_Driver/Src/stm32f4xx_ll_fsmc.o
LOAD ./drivers/STM32F4xx_HAL_Driver/Src/stm32f4xx_ll_sdmmc.o
LOAD ./drivers/STM32F4xx_HAL_Driver/Src/stm32f4xx_ll_usb.o
LOAD ./drivers/BSP/cs43l22.o
LOAD ./drivers/BSP/lis302dl.o
LOAD ./drivers/BSP/lis3dsh.o
LOAD ./drivers/BSP/startup_stm32f407xx.o
LOAD ./drivers/BSP/stm32f4_discovery.o
LOAD ./drivers/BSP/stm32f4_discovery_accelerometer.o
LOAD ./drivers/BSP/stm32f4_discovery_audio.o
LOAD ./drivers/BSP/stm32f4xx_it.o
LOAD ./drivers/BSP/system_stm32f4xx.o
LOAD ./drivers/BSP/usbh_conf.o
LOAD ./Synth/MIDI_application.o
LOAD ./Synth/adsr.o
LOAD ./Synth/audio_conf.o
LOAD ./Synth/blepvco.o
LOAD ./Synth/chorusFD.o
LOAD ./Synth/delay.o
LOAD ./Synth/drifter.o
LOAD ./Synth/main.o
LOAD ./Synth/math_tools.o
LOAD ./Synth/minblep_tables.o
LOAD ./Synth/notesTables.o
LOAD ./Synth/oscillators.o
LOAD ./Synth/phaser.o
LOAD ./Synth/random.o
LOAD ./Synth/resonantFilter.o
LOAD ./Synth/sequencer.o
LOAD ./Synth/sinetable.o
LOAD ./Synth/soundGen.o
LOAD ./Synth/timers.o
LOAD c:/program files/gnu tools arm embedded/4.9 2014q4/bin/../lib/gcc/arm-none-eabi/4.9.3/../../../../arm-none-eabi/lib/armv7e-m/fpu\libm.a
START GROUP
LOAD c:/program files/gnu tools arm embedded/4.9 2014q4/bin/../lib/gcc/arm-none-eabi/4.9.3/armv7e-m/fpu\libgcc.a
LOAD c:/program files/gnu tools arm embedded/4.9 2014q4/bin/../lib/gcc/arm-none-eabi/4.9.3/../../../../arm-none-eabi/lib/armv7e-m/fpu\libc.a
END GROUP
START GROUP
LOAD c:/program files/gnu tools arm embedded/4.9 2014q4/bin/../lib/gcc/arm-none-eabi/4.9.3/armv7e-m/fpu\libgcc.a
LOAD c:/program files/gnu tools arm embedded/4.9 2014q4/bin/../lib/gcc/arm-none-eabi/4.9.3/../../../../arm-none-eabi/lib/armv7e-m/fpu\libc.a
LOAD c:/program files/gnu tools arm embedded/4.9 2014q4/bin/../lib/gcc/arm-none-eabi/4.9.3/../../../../arm-none-eabi/lib/armv7e-m/fpu\libnosys.a
END GROUP
LOAD c:/program files/gnu tools arm embedded/4.9 2014q4/bin/../lib/gcc/arm-none-eabi/4.9.3/armv7e-m/fpu/crtend.o
LOAD c:/program files/gnu tools arm embedded/4.9 2014q4/bin/../lib/gcc/arm-none-eabi/4.9.3/armv7e-m/fpu/crtn.o
                0x2001ffff                _estack = 0x2001ffff
                0x00001000                _Min_Heap_Size = 0x1000
                0x00001000                _Min_Stack_Size = 0x1000

.isr_vector     0x08000000      0x188
                0x08000000                . = ALIGN (0x4)
 *(.isr_vector)
 .isr_vector    0x08000000      0x188 ./drivers/BSP/startup_stm32f407xx.o
                0x08000000                g_pfnVectors
                0x08000188                . = ALIGN (0x4)

.text           0x08000188    0x10450
                0x08000188                . = ALIGN (0x4)
 *(.text)
 .text          0x08000188       0x5c c:/program files/gnu tools arm embedded/4.9 2014q4/bin/../lib/gcc/arm-none-eabi/4.9.3/armv7e-m/fpu/crtbegin.o
 .text          0x080001e4      0x370 c:/program files/gnu tools arm embedded/4.9 2014q4/bin/../lib/gcc/arm-none-eabi/4.9.3/armv7e-m/fpu\libgcc.a(_arm_addsubdf3.o)
                0x080001e4                __aeabi_drsub
                0x080001ec                __aeabi_dsub
                0x080001ec                __subdf3
                0x080001f0                __aeabi_dadd
                0x080001f0                __adddf3
                0x08000468                __floatunsidf
                0x08000468                __aeabi_ui2d
                0x08000488                __floatsidf
                0x08000488                __aeabi_i2d
                0x080004ac                __aeabi_f2d
                0x080004ac                __extendsfdf2
                0x080004e8                __floatundidf
                0x080004e8                __aeabi_ul2d
                0x080004f8                __floatdidf
                0x080004f8                __aeabi_l2d
 .text          0x08000554      0x424 c:/program files/gnu tools arm embedded/4.9 2014q4/bin/../lib/gcc/arm-none-eabi/4.9.3/armv7e-m/fpu\libgcc.a(_arm_muldivdf3.o)
                0x08000554                __aeabi_dmul
                0x08000554                __muldf3
                0x080007a8                __divdf3
                0x080007a8                __aeabi_ddiv
 .text          0x08000978      0x110 c:/program files/gnu tools arm embedded/4.9 2014q4/bin/../lib/gcc/arm-none-eabi/4.9.3/armv7e-m/fpu\libgcc.a(_arm_cmpdf2.o)
                0x08000978                __gtdf2
                0x08000978                __gedf2
                0x08000980                __ltdf2
                0x08000980                __ledf2
                0x08000988                __nedf2
                0x08000988                __eqdf2
                0x08000988                __cmpdf2
                0x08000a04                __aeabi_cdrcmple
                0x08000a14                __aeabi_cdcmpeq
                0x08000a14                __aeabi_cdcmple
                0x08000a24                __aeabi_dcmpeq
                0x08000a38                __aeabi_dcmplt
                0x08000a4c                __aeabi_dcmple
                0x08000a60                __aeabi_dcmpge
                0x08000a74                __aeabi_dcmpgt
 .text          0x08000a88       0xa0 c:/program files/gnu tools arm embedded/4.9 2014q4/bin/../lib/gcc/arm-none-eabi/4.9.3/armv7e-m/fpu\libgcc.a(_arm_truncdfsf2.o)
                0x08000a88                __truncdfsf2
                0x08000a88                __aeabi_d2f
 .text          0x08000b28      0x134 c:/program files/gnu tools arm embedded/4.9 2014q4/bin/../lib/gcc/arm-none-eabi/4.9.3/../../../../arm-none-eabi/lib/armv7e-m/fpu\libc.a(lib_a-memcpy.o)
                0x08000b28                memcpy
 *(.text*)
 .text.startup.main
                0x08000c5c     0x1ae8 C:\Users\CNous\AppData\Local\Temp\cc1ONpuh.ltrans0.ltrans.o
                0x08000c5c                main
 .text.make_sound.constprop.28
                0x08002744     0x3850 C:\Users\CNous\AppData\Local\Temp\cc1ONpuh.ltrans1.ltrans.o
                0x08002744                make_sound.constprop.28
 .text.USBH_MIDI_Process.lto_priv.169
                0x08005f94     0x17a4 C:\Users\CNous\AppData\Local\Temp\cc1ONpuh.ltrans2.ltrans.o
                0x08005f94                USBH_MIDI_Process.lto_priv.169
 .text.HAL_DMA_IRQHandler
                0x08007738      0xc88 C:\Users\CNous\AppData\Local\Temp\cc1ONpuh.ltrans3.ltrans.o
                0x08007738                HAL_DMA_IRQHandler
 .text.cs43l22_Init
                0x080083c0      0x820 C:\Users\CNous\AppData\Local\Temp\cc1ONpuh.ltrans4.ltrans.o
                0x080083c0                cs43l22_Init
 .text.cs43l22_ReadID
                0x08008be0      0x248 C:\Users\CNous\AppData\Local\Temp\cc1ONpuh.ltrans5.ltrans.o
                0x08008be0                cs43l22_ReadID
 .text.cs43l22_SetFrequency
                0x08008e28        0x4 C:\Users\CNous\AppData\Local\Temp\cc1ONpuh.ltrans6.ltrans.o
                0x08008e28                cs43l22_SetFrequency
 .text.cs43l22_SetOutputMode
                0x08008e2c      0x2b4 C:\Users\CNous\AppData\Local\Temp\cc1ONpuh.ltrans6.ltrans.o
                0x08008e2c                cs43l22_SetOutputMode
 .text.cs43l22_SetMute
                0x080090e0       0xe8 C:\Users\CNous\AppData\Local\Temp\cc1ONpuh.ltrans6.ltrans.o
                0x080090e0                cs43l22_SetMute
 .text.cs43l22_SetVolume
                0x080091c8      0x20c C:\Users\CNous\AppData\Local\Temp\cc1ONpuh.ltrans6.ltrans.o
                0x080091c8                cs43l22_SetVolume
 .text.cs43l22_Stop
                0x080093d4      0x114 C:\Users\CNous\AppData\Local\Temp\cc1ONpuh.ltrans6.ltrans.o
                0x080093d4                cs43l22_Stop
 .text.MagicPatch.part.2.lto_priv.143
                0x080094e8      0xc58 C:\Users\CNous\AppData\Local\Temp\cc1ONpuh.ltrans7.ltrans.o
                0x080094e8                MagicPatch.part.2.lto_priv.143
 .text.TIM4_IRQHandler
                0x0800a140        0x4 C:\Users\CNous\AppData\Local\Temp\cc1ONpuh.ltrans8.ltrans.o
                0x0800a140                TIM4_IRQHandler
 .text.DMA1_Stream3_IRQHandler
                0x0800a144        0x8 C:\Users\CNous\AppData\Local\Temp\cc1ONpuh.ltrans8.ltrans.o
                0x0800a144                DMA1_Stream3_IRQHandler
 .text.DMA1_Stream7_IRQHandler
                0x0800a14c        0xc C:\Users\CNous\AppData\Local\Temp\cc1ONpuh.ltrans8.ltrans.o
                0x0800a14c                DMA1_Stream7_IRQHandler
 .text.EXTI1_IRQHandler
                0x0800a158       0x14 C:\Users\CNous\AppData\Local\Temp\cc1ONpuh.ltrans8.ltrans.o
                0x0800a158                EXTI1_IRQHandler
 .text.EXTI0_IRQHandler
                0x0800a16c       0x14 C:\Users\CNous\AppData\Local\Temp\cc1ONpuh.ltrans8.ltrans.o
                0x0800a16c                EXTI0_IRQHandler
 .text.SysTick_Handler
                0x0800a180       0xcc C:\Users\CNous\AppData\Local\Temp\cc1ONpuh.ltrans8.ltrans.o
                0x0800a180                SysTick_Handler
 .text.OTG_FS_IRQHandler
                0x0800a24c      0x978 C:\Users\CNous\AppData\Local\Temp\cc1ONpuh.ltrans8.ltrans.o
                0x0800a24c                OTG_FS_IRQHandler
 .text.HAL_GPIO_Init.constprop.104
                0x0800abc4       0x78 C:\Users\CNous\AppData\Local\Temp\cc1ONpuh.ltrans9.ltrans.o
                0x0800abc4                HAL_GPIO_Init.constprop.104
 .text.HAL_NVIC_SetPriority.constprop.102
                0x0800ac3c       0x64 C:\Users\CNous\AppData\Local\Temp\cc1ONpuh.ltrans9.ltrans.o
                0x0800ac3c                HAL_NVIC_SetPriority.constprop.102
 .text.USBH_Get_DevDesc.constprop.110
                0x0800aca0      0x48c C:\Users\CNous\AppData\Local\Temp\cc1ONpuh.ltrans9.ltrans.o
                0x0800aca0                USBH_Get_DevDesc.constprop.110
 .text.USBH_Get_StringDesc.constprop.116
                0x0800b12c      0x418 C:\Users\CNous\AppData\Local\Temp\cc1ONpuh.ltrans10.ltrans.o
                0x0800b12c                USBH_Get_StringDesc.constprop.116
 .text.USBH_MIDI_SOFProcess.lto_priv.170
                0x0800b544        0x4 C:\Users\CNous\AppData\Local\Temp\cc1ONpuh.ltrans11.ltrans.o
                0x0800b544                USBH_MIDI_SOFProcess.lto_priv.170
 .text.HAL_Delay
                0x0800b548       0x1c C:\Users\CNous\AppData\Local\Temp\cc1ONpuh.ltrans11.ltrans.o
                0x0800b548                HAL_Delay
 .text.USBH_CtlReq
                0x0800b564      0x3b4 C:\Users\CNous\AppData\Local\Temp\cc1ONpuh.ltrans11.ltrans.o
                0x0800b564                USBH_CtlReq
 .text.USB_WritePacket
                0x0800b918       0x28 C:\Users\CNous\AppData\Local\Temp\cc1ONpuh.ltrans12.ltrans.o
 .text.USB_FlushRxFifo
                0x0800b940       0x20 C:\Users\CNous\AppData\Local\Temp\cc1ONpuh.ltrans12.ltrans.o
 .text.USB_FlushTxFifo
                0x0800b960       0x24 C:\Users\CNous\AppData\Local\Temp\cc1ONpuh.ltrans12.ltrans.o
 .text.USB_DisableGlobalInt
                0x0800b984       0x10 C:\Users\CNous\AppData\Local\Temp\cc1ONpuh.ltrans12.ltrans.o
                0x0800b984                USB_DisableGlobalInt
 .text.USB_EnableGlobalInt
                0x0800b994       0x10 C:\Users\CNous\AppData\Local\Temp\cc1ONpuh.ltrans12.ltrans.o
                0x0800b994                USB_EnableGlobalInt
 .text.I2S_DMAError
                0x0800b9a4       0x30 C:\Users\CNous\AppData\Local\Temp\cc1ONpuh.ltrans12.ltrans.o
                0x0800b9a4                I2S_DMAError
 .text.I2S_DMATxHalfCplt
                0x0800b9d4       0x3c C:\Users\CNous\AppData\Local\Temp\cc1ONpuh.ltrans12.ltrans.o
                0x0800b9d4                I2S_DMATxHalfCplt
 .text.I2S_DMATxCplt
                0x0800ba10       0x94 C:\Users\CNous\AppData\Local\Temp\cc1ONpuh.ltrans12.ltrans.o
                0x0800ba10                I2S_DMATxCplt
 .text.USB_StopHost
                0x0800baa4      0x100 C:\Users\CNous\AppData\Local\Temp\cc1ONpuh.ltrans12.ltrans.o
                0x0800baa4                USB_StopHost
 .text.USB_DoPing
                0x0800bba4       0x84 C:\Users\CNous\AppData\Local\Temp\cc1ONpuh.ltrans12.ltrans.o
 .text.USB_HC_Halt
                0x0800bc28      0x1f8 C:\Users\CNous\AppData\Local\Temp\cc1ONpuh.ltrans12.ltrans.o
                0x0800bc28                USB_HC_Halt
 .text.USB_HC_ReadInterrupt
                0x0800be20       0x20 C:\Users\CNous\AppData\Local\Temp\cc1ONpuh.ltrans12.ltrans.o
                0x0800be20                USB_HC_ReadInterrupt
 .text.USB_HC_StartXfer
                0x0800be40      0x284 C:\Users\CNous\AppData\Local\Temp\cc1ONpuh.ltrans12.ltrans.o
                0x0800be40                USB_HC_StartXfer
 .text.unlikely.USB_CoreReset.lto_priv.171
                0x0800c0c4       0x30 C:\Users\CNous\AppData\Local\Temp\cc1ONpuh.ltrans12.ltrans.o
                0x0800c0c4                USB_CoreReset.lto_priv.171
 .text.HAL_RCC_GetHCLKFreq
                0x0800c0f4       0xc4 C:\Users\CNous\AppData\Local\Temp\cc1ONpuh.ltrans12.ltrans.o
                0x0800c0f4                HAL_RCC_GetHCLKFreq
 .text.HAL_GPIO_Init
                0x0800c1b8      0x22c C:\Users\CNous\AppData\Local\Temp\cc1ONpuh.ltrans12.ltrans.o
                0x0800c1b8                HAL_GPIO_Init
 .text.seq_sequence_new
                0x0800c3e4       0xc4 C:\Users\CNous\AppData\Local\Temp\cc1ONpuh.ltrans13.ltrans.o
                0x0800c3e4                seq_sequence_new
 .text.Synth_Init
                0x0800c4a8      0x680 C:\Users\CNous\AppData\Local\Temp\cc1ONpuh.ltrans13.ltrans.o
                0x0800c4a8                Synth_Init
 .text.SVF_calcSample
                0x0800cb28      0x24c C:\Users\CNous\AppData\Local\Temp\cc1ONpuh.ltrans13.ltrans.o
                0x0800cb28                SVF_calcSample
 .text.Error_Handler
                0x0800cd74       0x10 C:\Users\CNous\AppData\Local\Temp\cc1ONpuh.ltrans13.ltrans.o
                0x0800cd74                Error_Handler
 .text.cs43l22_Resume
                0x0800cd84      0x1ac C:\Users\CNous\AppData\Local\Temp\cc1ONpuh.ltrans14.ltrans.o
                0x0800cd84                cs43l22_Resume
 .text.cs43l22_Pause
                0x0800cf30      0x108 C:\Users\CNous\AppData\Local\Temp\cc1ONpuh.ltrans14.ltrans.o
                0x0800cf30                cs43l22_Pause
 .text.cs43l22_Play
                0x0800d038      0x128 C:\Users\CNous\AppData\Local\Temp\cc1ONpuh.ltrans14.ltrans.o
                0x0800d038                cs43l22_Play
 .text.USBH_MIDI_ClassRequest.lto_priv.168
                0x0800d160       0x10 C:\Users\CNous\AppData\Local\Temp\cc1ONpuh.ltrans15.ltrans.o
                0x0800d160                USBH_MIDI_ClassRequest.lto_priv.168
 .text.USBH_MIDI_InterfaceInit.lto_priv.166
                0x0800d170      0x544 C:\Users\CNous\AppData\Local\Temp\cc1ONpuh.ltrans15.ltrans.o
                0x0800d170                USBH_MIDI_InterfaceInit.lto_priv.166
 .text.USBH_MIDI_InterfaceDeInit.lto_priv.167
                0x0800d6b4       0xa8 C:\Users\CNous\AppData\Local\Temp\cc1ONpuh.ltrans15.ltrans.o
                0x0800d6b4                USBH_MIDI_InterfaceDeInit.lto_priv.167
 .text.HAL_InitTick.constprop.83
                0x0800d75c       0x44 C:\Users\CNous\AppData\Local\Temp\cc1ONpuh.ltrans16.ltrans.o
                0x0800d75c                HAL_InitTick.constprop.83
 .text.I2C_RequestMemoryWrite.constprop.59
                0x0800d7a0       0xdc C:\Users\CNous\AppData\Local\Temp\cc1ONpuh.ltrans16.ltrans.o
                0x0800d7a0                I2C_RequestMemoryWrite.constprop.59
 .text.HAL_I2C_Mem_Write.part.16.constprop.56
                0x0800d87c       0x9c C:\Users\CNous\AppData\Local\Temp\cc1ONpuh.ltrans16.ltrans.o
                0x0800d87c                HAL_I2C_Mem_Write.part.16.constprop.56
 .text.PendSV_Handler
                0x0800d918        0x4 C:\Users\CNous\AppData\Local\Temp\cc1ONpuh.ltrans17.ltrans.o
                0x0800d918                PendSV_Handler
 .text.DebugMon_Handler
                0x0800d91c        0x4 C:\Users\CNous\AppData\Local\Temp\cc1ONpuh.ltrans17.ltrans.o
                0x0800d91c                DebugMon_Handler
 .text.SVC_Handler
                0x0800d920        0x4 C:\Users\CNous\AppData\Local\Temp\cc1ONpuh.ltrans17.ltrans.o
                0x0800d920                SVC_Handler
 .text.UsageFault_Handler
                0x0800d924        0x4 C:\Users\CNous\AppData\Local\Temp\cc1ONpuh.ltrans17.ltrans.o
                0x0800d924                UsageFault_Handler
 .text.BusFault_Handler
                0x0800d928        0x4 C:\Users\CNous\AppData\Local\Temp\cc1ONpuh.ltrans17.ltrans.o
                0x0800d928                BusFault_Handler
 .text.MemManage_Handler
                0x0800d92c        0x4 C:\Users\CNous\AppData\Local\Temp\cc1ONpuh.ltrans17.ltrans.o
                0x0800d92c                MemManage_Handler
 .text.HardFault_Handler
                0x0800d930        0x4 C:\Users\CNous\AppData\Local\Temp\cc1ONpuh.ltrans17.ltrans.o
                0x0800d930                HardFault_Handler
 .text.NMI_Handler
                0x0800d934        0x4 C:\Users\CNous\AppData\Local\Temp\cc1ONpuh.ltrans17.ltrans.o
                0x0800d934                NMI_Handler
 .text.I2Cx_Init.lto_priv.176
                0x0800d938      0x204 C:\Users\CNous\AppData\Local\Temp\cc1ONpuh.ltrans17.ltrans.o
                0x0800d938                I2Cx_Init.lto_priv.176
 .text.BSP_LED_Init
                0x0800db3c       0x58 C:\Users\CNous\AppData\Local\Temp\cc1ONpuh.ltrans17.ltrans.o
                0x0800db3c                BSP_LED_Init
 .text.MagicFX.part.1.lto_priv.144
                0x0800db94      0x414 C:\Users\CNous\AppData\Local\Temp\cc1ONpuh.ltrans18.ltrans.o
                0x0800db94                MagicFX.part.1.lto_priv.144
 .text.SystemInit
                0x0800dfa8       0x50 C:\Users\CNous\AppData\Local\Temp\cc1ONpuh.ltrans18.ltrans.o
                0x0800dfa8                SystemInit
 .text.USBH_UserProcess_callback.lto_priv.164
                0x0800dff8       0x6c C:\Users\CNous\AppData\Local\Temp\cc1ONpuh.ltrans19.ltrans.o
                0x0800dff8                USBH_UserProcess_callback.lto_priv.164
 .text.delay_read
                0x0800e064       0xf8 C:\Users\CNous\AppData\Local\Temp\cc1ONpuh.ltrans20.ltrans.o
 .text.mono_chorus_compute
                0x0800e15c      0x140 C:\Users\CNous\AppData\Local\Temp\cc1ONpuh.ltrans20.ltrans.o
                0x0800e15c                mono_chorus_compute
 .text.Reset_Handler
                0x0800e29c       0x50 ./drivers/BSP/startup_stm32f407xx.o
                0x0800e29c                Reset_Handler
 .text.Default_Handler
                0x0800e2ec        0x2 ./drivers/BSP/startup_stm32f407xx.o
                0x0800e2ec                RTC_Alarm_IRQHandler
                0x0800e2ec                HASH_RNG_IRQHandler
                0x0800e2ec                EXTI2_IRQHandler
                0x0800e2ec                TIM8_CC_IRQHandler
                0x0800e2ec                TIM1_CC_IRQHandler
                0x0800e2ec                DMA2_Stream5_IRQHandler
                0x0800e2ec                DMA1_Stream5_IRQHandler
                0x0800e2ec                PVD_IRQHandler
                0x0800e2ec                SDIO_IRQHandler
                0x0800e2ec                TAMP_STAMP_IRQHandler
                0x0800e2ec                CAN2_RX1_IRQHandler
                0x0800e2ec                EXTI3_IRQHandler
                0x0800e2ec                TIM8_TRG_COM_TIM14_IRQHandler
                0x0800e2ec                TIM1_UP_TIM10_IRQHandler
                0x0800e2ec                TIM8_UP_TIM13_IRQHandler
                0x0800e2ec                I2C3_ER_IRQHandler
                0x0800e2ec                I2C2_EV_IRQHandler
                0x0800e2ec                DMA1_Stream2_IRQHandler
                0x0800e2ec                CAN1_RX0_IRQHandler
                0x0800e2ec                FPU_IRQHandler
                0x0800e2ec                OTG_HS_WKUP_IRQHandler
                0x0800e2ec                CAN2_SCE_IRQHandler
                0x0800e2ec                DMA2_Stream2_IRQHandler
                0x0800e2ec                SPI1_IRQHandler
                0x0800e2ec                TIM6_DAC_IRQHandler
                0x0800e2ec                TIM1_BRK_TIM9_IRQHandler
                0x0800e2ec                DCMI_IRQHandler
                0x0800e2ec                CAN2_RX0_IRQHandler
                0x0800e2ec                DMA2_Stream3_IRQHandler
                0x0800e2ec                USART6_IRQHandler
                0x0800e2ec                USART3_IRQHandler
                0x0800e2ec                CAN1_RX1_IRQHandler
                0x0800e2ec                UART5_IRQHandler
                0x0800e2ec                DMA2_Stream0_IRQHandler
                0x0800e2ec                I2C1_EV_IRQHandler
                0x0800e2ec                DMA1_Stream6_IRQHandler
                0x0800e2ec                DMA1_Stream1_IRQHandler
                0x0800e2ec                UART4_IRQHandler
                0x0800e2ec                TIM3_IRQHandler
                0x0800e2ec                RCC_IRQHandler
                0x0800e2ec                TIM8_BRK_TIM12_IRQHandler
                0x0800e2ec                Default_Handler
                0x0800e2ec                EXTI15_10_IRQHandler
                0x0800e2ec                ADC_IRQHandler
                0x0800e2ec                TIM7_IRQHandler
                0x0800e2ec                CAN2_TX_IRQHandler
                0x0800e2ec                TIM5_IRQHandler
                0x0800e2ec                DMA2_Stream7_IRQHandler
                0x0800e2ec                I2C3_EV_IRQHandler
                0x0800e2ec                EXTI9_5_IRQHandler
                0x0800e2ec                RTC_WKUP_IRQHandler
                0x0800e2ec                ETH_WKUP_IRQHandler
                0x0800e2ec                SPI2_IRQHandler
                0x0800e2ec                OTG_HS_EP1_IN_IRQHandler
                0x0800e2ec                DMA1_Stream0_IRQHandler
                0x0800e2ec                CAN1_TX_IRQHandler
                0x0800e2ec                EXTI4_IRQHandler
                0x0800e2ec                FSMC_IRQHandler
                0x0800e2ec                ETH_IRQHandler
                0x0800e2ec                OTG_HS_EP1_OUT_IRQHandler
                0x0800e2ec                WWDG_IRQHandler
                0x0800e2ec                TIM2_IRQHandler
                0x0800e2ec                OTG_FS_WKUP_IRQHandler
                0x0800e2ec                TIM1_TRG_COM_TIM11_IRQHandler
                0x0800e2ec                OTG_HS_IRQHandler
                0x0800e2ec                USART2_IRQHandler
                0x0800e2ec                I2C2_ER_IRQHandler
                0x0800e2ec                DMA2_Stream1_IRQHandler
                0x0800e2ec                CAN1_SCE_IRQHandler
                0x0800e2ec                FLASH_IRQHandler
                0x0800e2ec                DMA2_Stream4_IRQHandler
                0x0800e2ec                USART1_IRQHandler
                0x0800e2ec                SPI3_IRQHandler
                0x0800e2ec                DMA1_Stream4_IRQHandler
                0x0800e2ec                I2C1_ER_IRQHandler
                0x0800e2ec                DMA2_Stream6_IRQHandler
 *fill*         0x0800e2ee        0x2 
 .text.fabsf    0x0800e2f0       0x10 c:/program files/gnu tools arm embedded/4.9 2014q4/bin/../lib/gcc/arm-none-eabi/4.9.3/../../../../arm-none-eabi/lib/armv7e-m/fpu\libm.a(lib_a-sf_fabs.o)
                0x0800e2f0                fabsf
 .text.floorf   0x0800e300       0x90 c:/program files/gnu tools arm embedded/4.9 2014q4/bin/../lib/gcc/arm-none-eabi/4.9.3/../../../../arm-none-eabi/lib/armv7e-m/fpu\libm.a(lib_a-sf_floor.o)
                0x0800e300                floorf
 .text.lrintf   0x0800e390       0x8c c:/program files/gnu tools arm embedded/4.9 2014q4/bin/../lib/gcc/arm-none-eabi/4.9.3/../../../../arm-none-eabi/lib/armv7e-m/fpu\libm.a(lib_a-sf_lrint.o)
                0x0800e390                lrintf
 .text.rintf    0x0800e41c       0xd0 c:/program files/gnu tools arm embedded/4.9 2014q4/bin/../lib/gcc/arm-none-eabi/4.9.3/../../../../arm-none-eabi/lib/armv7e-m/fpu\libm.a(lib_a-sf_rint.o)
                0x0800e41c                rintf
 .text.sinf     0x0800e4ec       0x7c c:/program files/gnu tools arm embedded/4.9 2014q4/bin/../lib/gcc/arm-none-eabi/4.9.3/../../../../arm-none-eabi/lib/armv7e-m/fpu\libm.a(lib_a-sf_sin.o)
                0x0800e4ec                sinf
 .text.powf     0x0800e568      0x344 c:/program files/gnu tools arm embedded/4.9 2014q4/bin/../lib/gcc/arm-none-eabi/4.9.3/../../../../arm-none-eabi/lib/armv7e-m/fpu\libm.a(lib_a-wf_pow.o)
                0x0800e568                powf
 .text.__ieee754_powf
                0x0800e8ac      0x5f0 c:/program files/gnu tools arm embedded/4.9 2014q4/bin/../lib/gcc/arm-none-eabi/4.9.3/../../../../arm-none-eabi/lib/armv7e-m/fpu\libm.a(lib_a-ef_pow.o)
                0x0800e8ac                __ieee754_powf
 .text.__ieee754_rem_pio2f
                0x0800ee9c      0x290 c:/program files/gnu tools arm embedded/4.9 2014q4/bin/../lib/gcc/arm-none-eabi/4.9.3/../../../../arm-none-eabi/lib/armv7e-m/fpu\libm.a(lib_a-ef_rem_pio2.o)
                0x0800ee9c                __ieee754_rem_pio2f
 .text.__ieee754_sqrtf
                0x0800f12c       0xa4 c:/program files/gnu tools arm embedded/4.9 2014q4/bin/../lib/gcc/arm-none-eabi/4.9.3/../../../../arm-none-eabi/lib/armv7e-m/fpu\libm.a(lib_a-ef_sqrt.o)
                0x0800f12c                __ieee754_sqrtf
 .text.__kernel_cosf
                0x0800f1d0      0x104 c:/program files/gnu tools arm embedded/4.9 2014q4/bin/../lib/gcc/arm-none-eabi/4.9.3/../../../../arm-none-eabi/lib/armv7e-m/fpu\libm.a(lib_a-kf_cos.o)
                0x0800f1d0                __kernel_cosf
 .text.__kernel_rem_pio2f
                0x0800f2d4      0x5e4 c:/program files/gnu tools arm embedded/4.9 2014q4/bin/../lib/gcc/arm-none-eabi/4.9.3/../../../../arm-none-eabi/lib/armv7e-m/fpu\libm.a(lib_a-kf_rem_pio2.o)
                0x0800f2d4                __kernel_rem_pio2f
 .text.__kernel_sinf
                0x0800f8b8       0x90 c:/program files/gnu tools arm embedded/4.9 2014q4/bin/../lib/gcc/arm-none-eabi/4.9.3/../../../../arm-none-eabi/lib/armv7e-m/fpu\libm.a(lib_a-kf_sin.o)
                0x0800f8b8                __kernel_sinf
 .text.matherr  0x0800f948        0x4 c:/program files/gnu tools arm embedded/4.9 2014q4/bin/../lib/gcc/arm-none-eabi/4.9.3/../../../../arm-none-eabi/lib/armv7e-m/fpu\libm.a(lib_a-s_matherr.o)
                0x0800f948                matherr
 .text.rint     0x0800f94c      0x124 c:/program files/gnu tools arm embedded/4.9 2014q4/bin/../lib/gcc/arm-none-eabi/4.9.3/../../../../arm-none-eabi/lib/armv7e-m/fpu\libm.a(lib_a-s_rint.o)
                0x0800f94c                rint
 .text.finitef  0x0800fa70       0x14 c:/program files/gnu tools arm embedded/4.9 2014q4/bin/../lib/gcc/arm-none-eabi/4.9.3/../../../../arm-none-eabi/lib/armv7e-m/fpu\libm.a(lib_a-sf_finite.o)
                0x0800fa70                finitef
 .text.__fpclassifyf
                0x0800fa84       0x38 c:/program files/gnu tools arm embedded/4.9 2014q4/bin/../lib/gcc/arm-none-eabi/4.9.3/../../../../arm-none-eabi/lib/armv7e-m/fpu\libm.a(lib_a-sf_fpclassify.o)
                0x0800fa84                __fpclassifyf
 .text.nanf     0x0800fabc        0xc c:/program files/gnu tools arm embedded/4.9 2014q4/bin/../lib/gcc/arm-none-eabi/4.9.3/../../../../arm-none-eabi/lib/armv7e-m/fpu\libm.a(lib_a-sf_nan.o)
                0x0800fabc                nanf
 .text.scalbnf  0x0800fac8       0xd0 c:/program files/gnu tools arm embedded/4.9 2014q4/bin/../lib/gcc/arm-none-eabi/4.9.3/../../../../arm-none-eabi/lib/armv7e-m/fpu\libm.a(lib_a-sf_scalbn.o)
                0x0800fac8                scalbnf
 .text.copysignf
                0x0800fb98       0x18 c:/program files/gnu tools arm embedded/4.9 2014q4/bin/../lib/gcc/arm-none-eabi/4.9.3/../../../../arm-none-eabi/lib/armv7e-m/fpu\libm.a(lib_a-sf_copysign.o)
                0x0800fb98                copysignf
 .text.__libc_init_array
                0x0800fbb0       0x50 c:/program files/gnu tools arm embedded/4.9 2014q4/bin/../lib/gcc/arm-none-eabi/4.9.3/../../../../arm-none-eabi/lib/armv7e-m/fpu\libc.a(lib_a-init.o)
                0x0800fbb0                __libc_init_array
 .text.malloc   0x0800fc00       0x10 c:/program files/gnu tools arm embedded/4.9 2014q4/bin/../lib/gcc/arm-none-eabi/4.9.3/../../../../arm-none-eabi/lib/armv7e-m/fpu\libc.a(lib_a-malloc.o)
                0x0800fc00                malloc
 .text.free     0x0800fc10       0x10 c:/program files/gnu tools arm embedded/4.9 2014q4/bin/../lib/gcc/arm-none-eabi/4.9.3/../../../../arm-none-eabi/lib/armv7e-m/fpu\libc.a(lib_a-malloc.o)
                0x0800fc10                free
 .text._malloc_r
                0x0800fc20      0x51c c:/program files/gnu tools arm embedded/4.9 2014q4/bin/../lib/gcc/arm-none-eabi/4.9.3/../../../../arm-none-eabi/lib/armv7e-m/fpu\libc.a(lib_a-mallocr.o)
                0x0800fc20                _malloc_r
 .text.memset   0x0801013c       0x9c c:/program files/gnu tools arm embedded/4.9 2014q4/bin/../lib/gcc/arm-none-eabi/4.9.3/../../../../arm-none-eabi/lib/armv7e-m/fpu\libc.a(lib_a-memset.o)
                0x0801013c                memset
 .text.__malloc_lock
                0x080101d8        0x4 c:/program files/gnu tools arm embedded/4.9 2014q4/bin/../lib/gcc/arm-none-eabi/4.9.3/../../../../arm-none-eabi/lib/armv7e-m/fpu\libc.a(lib_a-mlock.o)
                0x080101d8                __malloc_lock
 .text.__malloc_unlock
                0x080101dc        0x4 c:/program files/gnu tools arm embedded/4.9 2014q4/bin/../lib/gcc/arm-none-eabi/4.9.3/../../../../arm-none-eabi/lib/armv7e-m/fpu\libc.a(lib_a-mlock.o)
                0x080101dc                __malloc_unlock
 .text.srand    0x080101e0       0x14 c:/program files/gnu tools arm embedded/4.9 2014q4/bin/../lib/gcc/arm-none-eabi/4.9.3/../../../../arm-none-eabi/lib/armv7e-m/fpu\libc.a(lib_a-rand.o)
                0x080101e0                srand
 .text.rand     0x080101f4       0x40 c:/program files/gnu tools arm embedded/4.9 2014q4/bin/../lib/gcc/arm-none-eabi/4.9.3/../../../../arm-none-eabi/lib/armv7e-m/fpu\libc.a(lib_a-rand.o)
                0x080101f4                rand
 .text._sbrk_r  0x08010234       0x24 c:/program files/gnu tools arm embedded/4.9 2014q4/bin/../lib/gcc/arm-none-eabi/4.9.3/../../../../arm-none-eabi/lib/armv7e-m/fpu\libc.a(lib_a-sbrkr.o)
                0x08010234                _sbrk_r
 .text.startup.register_fini
                0x08010258       0x14 c:/program files/gnu tools arm embedded/4.9 2014q4/bin/../lib/gcc/arm-none-eabi/4.9.3/../../../../arm-none-eabi/lib/armv7e-m/fpu\libc.a(lib_a-__call_atexit.o)
 .text.atexit   0x0801026c        0xc c:/program files/gnu tools arm embedded/4.9 2014q4/bin/../lib/gcc/arm-none-eabi/4.9.3/../../../../arm-none-eabi/lib/armv7e-m/fpu\libc.a(lib_a-atexit.o)
                0x0801026c                atexit
 .text.__libc_fini_array
                0x08010278       0x2c c:/program files/gnu tools arm embedded/4.9 2014q4/bin/../lib/gcc/arm-none-eabi/4.9.3/../../../../arm-none-eabi/lib/armv7e-m/fpu\libc.a(lib_a-fini.o)
                0x08010278                __libc_fini_array
 .text._malloc_trim_r
                0x080102a4       0x9c c:/program files/gnu tools arm embedded/4.9 2014q4/bin/../lib/gcc/arm-none-eabi/4.9.3/../../../../arm-none-eabi/lib/armv7e-m/fpu\libc.a(lib_a-freer.o)
                0x080102a4                _malloc_trim_r
 .text._free_r  0x08010340      0x1b0 c:/program files/gnu tools arm embedded/4.9 2014q4/bin/../lib/gcc/arm-none-eabi/4.9.3/../../../../arm-none-eabi/lib/armv7e-m/fpu\libc.a(lib_a-freer.o)
                0x08010340                _free_r
 .text.__register_exitproc
                0x080104f0       0xa4 c:/program files/gnu tools arm embedded/4.9 2014q4/bin/../lib/gcc/arm-none-eabi/4.9.3/../../../../arm-none-eabi/lib/armv7e-m/fpu\libc.a(lib_a-__atexit.o)
                0x080104f0                __register_exitproc
 .text._sbrk    0x08010594       0x1c c:/program files/gnu tools arm embedded/4.9 2014q4/bin/../lib/gcc/arm-none-eabi/4.9.3/../../../../arm-none-eabi/lib/armv7e-m/fpu\libnosys.a(sbrk.o)
                0x08010594                _sbrk
 *(.glue_7)
 .glue_7        0x00000000        0x0 linker stubs
 *(.glue_7t)
 .glue_7t       0x00000000        0x0 linker stubs
 *(.eh_frame)
 .eh_frame      0x080105b0        0x0 c:/program files/gnu tools arm embedded/4.9 2014q4/bin/../lib/gcc/arm-none-eabi/4.9.3/armv7e-m/fpu/crtbegin.o
 *(.init)
 .init          0x080105b0        0x4 c:/program files/gnu tools arm embedded/4.9 2014q4/bin/../lib/gcc/arm-none-eabi/4.9.3/armv7e-m/fpu/crti.o
                0x080105b0                _init
 .init          0x080105b4        0x8 c:/program files/gnu tools arm embedded/4.9 2014q4/bin/../lib/gcc/arm-none-eabi/4.9.3/armv7e-m/fpu/crtn.o
 *(.fini)
 .fini          0x080105bc        0x4 c:/program files/gnu tools arm embedded/4.9 2014q4/bin/../lib/gcc/arm-none-eabi/4.9.3/armv7e-m/fpu/crti.o
                0x080105bc                _fini
 .fini          0x080105c0        0x8 c:/program files/gnu tools arm embedded/4.9 2014q4/bin/../lib/gcc/arm-none-eabi/4.9.3/armv7e-m/fpu/crtn.o
 .fini.__stub   0x080105c8       0x10 linker stubs
                0x080105d8                . = ALIGN (0x4)
                0x080105d8                _etext = .

.vfp11_veneer   0x080105d8        0x0
 .vfp11_veneer  0x00000000        0x0 linker stubs

.v4_bx          0x080105d8        0x0
 .v4_bx         0x00000000        0x0 linker stubs

.iplt           0x080105d8        0x0
 .iplt          0x00000000        0x0 c:/program files/gnu tools arm embedded/4.9 2014q4/bin/../lib/gcc/arm-none-eabi/4.9.3/armv7e-m/fpu/crtbegin.o

.rodata         0x080105d8     0xed98
                0x080105d8                . = ALIGN (0x4)
 *(.rodata)
 *(.rodata*)
 .rodata.str1.4
                0x080105d8        0x8 C:\Users\CNous\AppData\Local\Temp\cc1ONpuh.ltrans0.ltrans.o
 .rodata.CSWTCH.11
                0x080105e0        0x4 C:\Users\CNous\AppData\Local\Temp\cc1ONpuh.ltrans0.ltrans.o
 .rodata.step_dd_table
                0x080105e4     0x9008 C:\Users\CNous\AppData\Local\Temp\cc1ONpuh.ltrans1.ltrans.o
 .rodata.slope_dd_table
                0x080195ec     0x4704 C:\Users\CNous\AppData\Local\Temp\cc1ONpuh.ltrans1.ltrans.o
 .rodata.notesFreq
                0x0801dcf0      0x1ac C:\Users\CNous\AppData\Local\Temp\cc1ONpuh.ltrans1.ltrans.o
 .rodata.sinetable
                0x0801de9c     0x1004 C:\Users\CNous\AppData\Local\Temp\cc1ONpuh.ltrans1.ltrans.o
                0x0801de9c                sinetable
 .rodata.MIDIscale04
                0x0801eea0        0x8 C:\Users\CNous\AppData\Local\Temp\cc1ONpuh.ltrans7.ltrans.o
                0x0801eea0                MIDIscale04
 .rodata.MIDIscale05
                0x0801eea8        0x8 C:\Users\CNous\AppData\Local\Temp\cc1ONpuh.ltrans7.ltrans.o
                0x0801eea8                MIDIscale05
 .rodata.MIDIscale11
                0x0801eeb0        0x8 C:\Users\CNous\AppData\Local\Temp\cc1ONpuh.ltrans7.ltrans.o
                0x0801eeb0                MIDIscale11
 .rodata.MIDIscale12
                0x0801eeb8       0x10 C:\Users\CNous\AppData\Local\Temp\cc1ONpuh.ltrans7.ltrans.o
                0x0801eeb8                MIDIscale12
 .rodata.MIDIscale08
                0x0801eec8        0x4 C:\Users\CNous\AppData\Local\Temp\cc1ONpuh.ltrans7.ltrans.o
                0x0801eec8                MIDIscale08
 .rodata.MIDIscale09
                0x0801eecc        0x4 C:\Users\CNous\AppData\Local\Temp\cc1ONpuh.ltrans7.ltrans.o
                0x0801eecc                MIDIscale09
 .rodata.MIDIscale07
                0x0801eed0        0x4 C:\Users\CNous\AppData\Local\Temp\cc1ONpuh.ltrans7.ltrans.o
                0x0801eed0                MIDIscale07
 .rodata.MIDIscale06
                0x0801eed4        0x8 C:\Users\CNous\AppData\Local\Temp\cc1ONpuh.ltrans7.ltrans.o
                0x0801eed4                MIDIscale06
 .rodata.MIDIscale10
                0x0801eedc        0x8 C:\Users\CNous\AppData\Local\Temp\cc1ONpuh.ltrans7.ltrans.o
                0x0801eedc                MIDIscale10
 .rodata.CSWTCH.11.lto_priv.178
                0x0801eee4       0x3c C:\Users\CNous\AppData\Local\Temp\cc1ONpuh.ltrans7.ltrans.o
                0x0801eee4                CSWTCH.11.lto_priv.178
 .rodata.MIDIscale14
                0x0801ef20        0x4 C:\Users\CNous\AppData\Local\Temp\cc1ONpuh.ltrans7.ltrans.o
                0x0801ef20                MIDIscale14
 .rodata.MIDIscale01
                0x0801ef24        0x8 C:\Users\CNous\AppData\Local\Temp\cc1ONpuh.ltrans7.ltrans.o
                0x0801ef24                MIDIscale01
 .rodata.MIDIscale02
                0x0801ef2c        0x8 C:\Users\CNous\AppData\Local\Temp\cc1ONpuh.ltrans7.ltrans.o
                0x0801ef2c                MIDIscale02
 .rodata.MIDIscale03
                0x0801ef34        0x8 C:\Users\CNous\AppData\Local\Temp\cc1ONpuh.ltrans7.ltrans.o
                0x0801ef34                MIDIscale03
 .rodata.MIDIscale13
                0x0801ef3c        0x4 C:\Users\CNous\AppData\Local\Temp\cc1ONpuh.ltrans13.ltrans.o
                0x0801ef3c                MIDIscale13
 .rodata.GPIO_PIN
                0x0801ef40        0x8 C:\Users\CNous\AppData\Local\Temp\cc1ONpuh.ltrans13.ltrans.o
                0x0801ef40                GPIO_PIN
 .rodata.APBAHBPrescTable
                0x0801ef48       0x10 C:\Users\CNous\AppData\Local\Temp\cc1ONpuh.ltrans17.ltrans.o
                0x0801ef48                APBAHBPrescTable
 .rodata.TWO23  0x0801ef58        0x8 c:/program files/gnu tools arm embedded/4.9 2014q4/bin/../lib/gcc/arm-none-eabi/4.9.3/../../../../arm-none-eabi/lib/armv7e-m/fpu\libm.a(lib_a-sf_lrint.o)
 .rodata.TWO23  0x0801ef60        0x8 c:/program files/gnu tools arm embedded/4.9 2014q4/bin/../lib/gcc/arm-none-eabi/4.9.3/../../../../arm-none-eabi/lib/armv7e-m/fpu\libm.a(lib_a-sf_rint.o)
 .rodata.str1.4
                0x0801ef68        0x5 c:/program files/gnu tools arm embedded/4.9 2014q4/bin/../lib/gcc/arm-none-eabi/4.9.3/../../../../arm-none-eabi/lib/armv7e-m/fpu\libm.a(lib_a-wf_pow.o)
                                  0x8 (size before relaxing)
 *fill*         0x0801ef6d        0x3 
 .rodata.dp_h   0x0801ef70        0x8 c:/program files/gnu tools arm embedded/4.9 2014q4/bin/../lib/gcc/arm-none-eabi/4.9.3/../../../../arm-none-eabi/lib/armv7e-m/fpu\libm.a(lib_a-ef_pow.o)
 .rodata.dp_l   0x0801ef78        0x8 c:/program files/gnu tools arm embedded/4.9 2014q4/bin/../lib/gcc/arm-none-eabi/4.9.3/../../../../arm-none-eabi/lib/armv7e-m/fpu\libm.a(lib_a-ef_pow.o)
 .rodata.bp     0x0801ef80        0x8 c:/program files/gnu tools arm embedded/4.9 2014q4/bin/../lib/gcc/arm-none-eabi/4.9.3/../../../../arm-none-eabi/lib/armv7e-m/fpu\libm.a(lib_a-ef_pow.o)
 .rodata.str1.4
                0x00000000        0x5 c:/program files/gnu tools arm embedded/4.9 2014q4/bin/../lib/gcc/arm-none-eabi/4.9.3/../../../../arm-none-eabi/lib/armv7e-m/fpu\libm.a(lib_a-ef_pow.o)
                                  0x4 (size before relaxing)
 .rodata.npio2_hw
                0x0801ef88       0x80 c:/program files/gnu tools arm embedded/4.9 2014q4/bin/../lib/gcc/arm-none-eabi/4.9.3/../../../../arm-none-eabi/lib/armv7e-m/fpu\libm.a(lib_a-ef_rem_pio2.o)
 .rodata.two_over_pi
                0x0801f008      0x318 c:/program files/gnu tools arm embedded/4.9 2014q4/bin/../lib/gcc/arm-none-eabi/4.9.3/../../../../arm-none-eabi/lib/armv7e-m/fpu\libm.a(lib_a-ef_rem_pio2.o)
 .rodata.init_jk
                0x0801f320        0xc c:/program files/gnu tools arm embedded/4.9 2014q4/bin/../lib/gcc/arm-none-eabi/4.9.3/../../../../arm-none-eabi/lib/armv7e-m/fpu\libm.a(lib_a-kf_rem_pio2.o)
 .rodata.PIo2   0x0801f32c       0x2c c:/program files/gnu tools arm embedded/4.9 2014q4/bin/../lib/gcc/arm-none-eabi/4.9.3/../../../../arm-none-eabi/lib/armv7e-m/fpu\libm.a(lib_a-kf_rem_pio2.o)
 .rodata.TWO52  0x0801f358       0x10 c:/program files/gnu tools arm embedded/4.9 2014q4/bin/../lib/gcc/arm-none-eabi/4.9.3/../../../../arm-none-eabi/lib/armv7e-m/fpu\libm.a(lib_a-s_rint.o)
 .rodata.str1.4
                0x0801f368        0x2 c:/program files/gnu tools arm embedded/4.9 2014q4/bin/../lib/gcc/arm-none-eabi/4.9.3/../../../../arm-none-eabi/lib/armv7e-m/fpu\libc.a(lib_a-impure.o)
                                  0x4 (size before relaxing)
 *fill*         0x0801f36a        0x2 
 .rodata._global_impure_ptr
                0x0801f36c        0x4 c:/program files/gnu tools arm embedded/4.9 2014q4/bin/../lib/gcc/arm-none-eabi/4.9.3/../../../../arm-none-eabi/lib/armv7e-m/fpu\libc.a(lib_a-impure.o)
                0x0801f36c                _global_impure_ptr
                0x0801f370                . = ALIGN (0x4)

.rel.dyn        0x0801f370        0x0
 .rel.iplt      0x00000000        0x0 c:/program files/gnu tools arm embedded/4.9 2014q4/bin/../lib/gcc/arm-none-eabi/4.9.3/armv7e-m/fpu/crtbegin.o

.ARM.extab
 *(.ARM.extab* .gnu.linkonce.armextab.*)

.ARM            0x0801f370        0x0
                0x0801f370                __exidx_start = .
 *(.ARM.exidx*)
                0x0801f370                __exidx_end = .

.preinit_array  0x0801f370        0x0
                0x0801f370                PROVIDE (__preinit_array_start, .)
 *(.preinit_array*)
                0x0801f370                PROVIDE (__preinit_array_end, .)

.init_array     0x0801f370        0x8
                0x0801f370                PROVIDE (__init_array_start, .)
 *(SORT(.init_array.*))
 .init_array.00000
                0x0801f370        0x4 c:/program files/gnu tools arm embedded/4.9 2014q4/bin/../lib/gcc/arm-none-eabi/4.9.3/../../../../arm-none-eabi/lib/armv7e-m/fpu\libc.a(lib_a-__call_atexit.o)
 *(.init_array*)
 .init_array    0x0801f374        0x4 c:/program files/gnu tools arm embedded/4.9 2014q4/bin/../lib/gcc/arm-none-eabi/4.9.3/armv7e-m/fpu/crtbegin.o
                0x0801f378                PROVIDE (__init_array_end, .)

.fini_array     0x0801f378        0x4
                0x0801f378                PROVIDE (__fini_array_start, .)
 *(SORT(.fini_array.*))
 *(.fini_array*)
 .fini_array    0x0801f378        0x4 c:/program files/gnu tools arm embedded/4.9 2014q4/bin/../lib/gcc/arm-none-eabi/4.9.3/armv7e-m/fpu/crtbegin.o
                0x0801f37c                PROVIDE (__fini_array_end, .)
                0x0801f37c                _sidata = LOADADDR (.data)

.data           0x20000000      0x8b4 load address 0x0801f37c
                0x20000000                . = ALIGN (0x4)
                0x20000000                _sdata = .
 *(.data)
 *(.data*)
 .data.cs43l22_drv
                0x20000000       0x2c C:\Users\CNous\AppData\Local\Temp\cc1ONpuh.ltrans0.ltrans.o
 .data.MIDI_Class
                0x2000002c       0x20 C:\Users\CNous\AppData\Local\Temp\cc1ONpuh.ltrans0.ltrans.o
 .data.demoMode
                0x2000004c        0x1 C:\Users\CNous\AppData\Local\Temp\cc1ONpuh.ltrans1.ltrans.o
                0x2000004c                demoMode
 *fill*         0x2000004d        0x3 
 .data.fdb.lto_priv.173
                0x20000050        0x4 C:\Users\CNous\AppData\Local\Temp\cc1ONpuh.ltrans1.ltrans.o
                0x20000050                fdb.lto_priv.173
 .data.centralFreq
                0x20000054        0x4 C:\Users\CNous\AppData\Local\Temp\cc1ONpuh.ltrans1.ltrans.o
                0x20000054                centralFreq
 .data.wet.lto_priv.141
                0x20000058        0x4 C:\Users\CNous\AppData\Local\Temp\cc1ONpuh.ltrans1.ltrans.o
                0x20000058                wet.lto_priv.141
 .data.volume   0x2000005c        0x1 C:\Users\CNous\AppData\Local\Temp\cc1ONpuh.ltrans2.ltrans.o
 .data.Is_cs43l22_Stop.lto_priv.177
                0x2000005d        0x1 C:\Users\CNous\AppData\Local\Temp\cc1ONpuh.ltrans6.ltrans.o
                0x2000005d                Is_cs43l22_Stop.lto_priv.177
 .data.Count    0x2000005e        0x1 C:\Users\CNous\AppData\Local\Temp\cc1ONpuh.ltrans8.ltrans.o
 *fill*         0x2000005f        0x1 
 .data.SystemCoreClock
                0x20000060        0x4 C:\Users\CNous\AppData\Local\Temp\cc1ONpuh.ltrans12.ltrans.o
 .data.GPIO_PORT
                0x20000064       0x10 C:\Users\CNous\AppData\Local\Temp\cc1ONpuh.ltrans13.ltrans.o
                0x20000064                GPIO_PORT
 .data.__fdlib_version
                0x20000074        0x1 c:/program files/gnu tools arm embedded/4.9 2014q4/bin/../lib/gcc/arm-none-eabi/4.9.3/../../../../arm-none-eabi/lib/armv7e-m/fpu\libm.a(lib_a-s_lib_ver.o)
                0x20000074                __fdlib_version
 *fill*         0x20000075        0x3 
 .data.impure_data
                0x20000078      0x428 c:/program files/gnu tools arm embedded/4.9 2014q4/bin/../lib/gcc/arm-none-eabi/4.9.3/../../../../arm-none-eabi/lib/armv7e-m/fpu\libc.a(lib_a-impure.o)
 .data._impure_ptr
                0x200004a0        0x4 c:/program files/gnu tools arm embedded/4.9 2014q4/bin/../lib/gcc/arm-none-eabi/4.9.3/../../../../arm-none-eabi/lib/armv7e-m/fpu\libc.a(lib_a-impure.o)
                0x200004a0                _impure_ptr
 .data.__malloc_av_
                0x200004a4      0x408 c:/program files/gnu tools arm embedded/4.9 2014q4/bin/../lib/gcc/arm-none-eabi/4.9.3/../../../../arm-none-eabi/lib/armv7e-m/fpu\libc.a(lib_a-mallocr.o)
                0x200004a4                __malloc_av_
 .data.__malloc_trim_threshold
                0x200008ac        0x4 c:/program files/gnu tools arm embedded/4.9 2014q4/bin/../lib/gcc/arm-none-eabi/4.9.3/../../../../arm-none-eabi/lib/armv7e-m/fpu\libc.a(lib_a-mallocr.o)
                0x200008ac                __malloc_trim_threshold
 .data.__malloc_sbrk_base
                0x200008b0        0x4 c:/program files/gnu tools arm embedded/4.9 2014q4/bin/../lib/gcc/arm-none-eabi/4.9.3/../../../../arm-none-eabi/lib/armv7e-m/fpu\libc.a(lib_a-mallocr.o)
                0x200008b0                __malloc_sbrk_base
                0x200008b4                . = ALIGN (0x4)
                0x200008b4                _edata = .
                0x0801fc30                _siccmram = LOADADDR (.ccmram)

.jcr            0x200008b4        0x0 load address 0x0801fc30
 .jcr           0x200008b4        0x0 c:/program files/gnu tools arm embedded/4.9 2014q4/bin/../lib/gcc/arm-none-eabi/4.9.3/armv7e-m/fpu/crtbegin.o

.igot.plt       0x200008b4        0x0 load address 0x0801fc30
 .igot.plt      0x00000000        0x0 c:/program files/gnu tools arm embedded/4.9 2014q4/bin/../lib/gcc/arm-none-eabi/4.9.3/armv7e-m/fpu/crtbegin.o

.ccmram         0x10000000     0x3eb0 load address 0x0801fc30
                0x10000000                . = ALIGN (0x4)
                0x10000000                _sccmram = .
 *(.ccmram)
 .ccmram        0x10000000     0x3eb0 C:\Users\CNous\AppData\Local\Temp\cc1ONpuh.ltrans1.ltrans.o
                0x10000000                seq
                0x10000034                noteG
                0x10000044                a
                0x10000070                ph
                0x1000009c                adsr
                0x100000c4                autoFilterON.lto_priv.148
                0x100000c8                SVFilter
                0x100000e8                autoSound.lto_priv.149
                0x100000e9                sound.lto_priv.147
                0x100000f0                vol.lto_priv.146
                0x100000f4                vibr_lfo
                0x10000114                op1
                0x10000134                mbTriOsc
                0x1000068c                mbRectOsc
                0x10000be8                op2
                0x10000c08                op3
                0x10000c28                d1
                0x10000c54                d2
                0x10000c80                d3
                0x10000cac                op4
                0x10000ccc                mbSawOsc
                0x10001218                amp_lfo
                0x10001238                env.lto_priv.145
                0x1000123c                filt_lfo
                0x1000125c                filt2_lfo
                0x1000127c                SVFilter2
                0x1000129c                delayON.lto_priv.151
                0x1000129d                phaserON.lto_priv.152
                0x1000129e                chorusON.lto_priv.150
                0x100012a0                delL.lto_priv.157
                0x10002898                lfoL.lto_priv.159
                0x100028a8                delR.lto_priv.158
                0x10003ea0                lfoR.lto_priv.160
 *(.ccmram*)
                0x10003eb0                . = ALIGN (0x4)
                0x10003eb0                _eccmram = .
                0x10003eb0                . = ALIGN (0x4)

.bss            0x200008b4    0x1ef00
                0x200008b4                _sbss = .
                0x200008b4                __bss_start__ = _sbss
 *(.bss)
 .bss           0x200008b4       0x1c c:/program files/gnu tools arm embedded/4.9 2014q4/bin/../lib/gcc/arm-none-eabi/4.9.3/armv7e-m/fpu/crtbegin.o
 *(.bss*)
 .bss.audiobuff
                0x200008d0      0xfa0 C:\Users\CNous\AppData\Local\Temp\cc1ONpuh.ltrans0.ltrans.o
                0x200008d0                audiobuff
 .bss.hAudioOutI2s
                0x20001870       0x40 C:\Users\CNous\AppData\Local\Temp\cc1ONpuh.ltrans0.ltrans.o
                0x20001870                hAudioOutI2s
 .bss.RngHandle
                0x200018b0        0x8 C:\Users\CNous\AppData\Local\Temp\cc1ONpuh.ltrans0.ltrans.o
 .bss.hHCD      0x200018b8      0x290 C:\Users\CNous\AppData\Local\Temp\cc1ONpuh.ltrans0.ltrans.o
                0x200018b8                hHCD
 .bss.MIDI_RX_Buffer
                0x20001b48       0x40 C:\Users\CNous\AppData\Local\Temp\cc1ONpuh.ltrans0.ltrans.o
                0x20001b48                MIDI_RX_Buffer
 .bss.hdma_i2sTx.6914
                0x20001b88       0x50 C:\Users\CNous\AppData\Local\Temp\cc1ONpuh.ltrans0.ltrans.o
 .bss.pAudioDrv.lto_priv.179
                0x20001bd8        0x4 C:\Users\CNous\AppData\Local\Temp\cc1ONpuh.ltrans0.ltrans.o
                0x20001bd8                pAudioDrv.lto_priv.179
 .bss.old_dy    0x20001bdc        0x4 C:\Users\CNous\AppData\Local\Temp\cc1ONpuh.ltrans1.ltrans.o
 .bss.delayline.lto_priv.162
                0x20001be0    0x1d4c8 C:\Users\CNous\AppData\Local\Temp\cc1ONpuh.ltrans1.ltrans.o
                0x20001be0                delayline.lto_priv.162
 .bss.filterFreq2
                0x2001f0a8        0x4 C:\Users\CNous\AppData\Local\Temp\cc1ONpuh.ltrans1.ltrans.o
                0x2001f0a8                filterFreq2
 .bss.writepos.lto_priv.163
                0x2001f0ac        0x4 C:\Users\CNous\AppData\Local\Temp\cc1ONpuh.ltrans1.ltrans.o
                0x2001f0ac                writepos.lto_priv.163
 .bss.a1        0x2001f0b0        0x4 C:\Users\CNous\AppData\Local\Temp\cc1ONpuh.ltrans1.ltrans.o
 .bss.wet.lto_priv.142
                0x2001f0b4        0x4 C:\Users\CNous\AppData\Local\Temp\cc1ONpuh.ltrans1.ltrans.o
                0x2001f0b4                wet.lto_priv.142
 .bss.dmax.lto_priv.155
                0x2001f0b8        0x4 C:\Users\CNous\AppData\Local\Temp\cc1ONpuh.ltrans1.ltrans.o
                0x2001f0b8                dmax.lto_priv.155
 .bss.filterFreq
                0x2001f0bc        0x4 C:\Users\CNous\AppData\Local\Temp\cc1ONpuh.ltrans1.ltrans.o
                0x2001f0bc                filterFreq
 .bss.lfoPhase  0x2001f0c0        0x4 C:\Users\CNous\AppData\Local\Temp\cc1ONpuh.ltrans1.ltrans.o
 .bss.old       0x2001f0c4       0x18 C:\Users\CNous\AppData\Local\Temp\cc1ONpuh.ltrans1.ltrans.o
 .bss.lfoInc.lto_priv.156
                0x2001f0dc        0x4 C:\Users\CNous\AppData\Local\Temp\cc1ONpuh.ltrans1.ltrans.o
                0x2001f0dc                lfoInc.lto_priv.156
 .bss.zm1       0x2001f0e0        0x4 C:\Users\CNous\AppData\Local\Temp\cc1ONpuh.ltrans1.ltrans.o
 .bss.dmin.lto_priv.154
                0x2001f0e4        0x4 C:\Users\CNous\AppData\Local\Temp\cc1ONpuh.ltrans1.ltrans.o
                0x2001f0e4                dmin.lto_priv.154
 .bss.readpos.lto_priv.161
                0x2001f0e8        0x4 C:\Users\CNous\AppData\Local\Temp\cc1ONpuh.ltrans1.ltrans.o
                0x2001f0e8                readpos.lto_priv.161
 .bss.fb.lto_priv.153
                0x2001f0ec        0x4 C:\Users\CNous\AppData\Local\Temp\cc1ONpuh.ltrans1.ltrans.o
                0x2001f0ec                fb.lto_priv.153
 .bss.freeze    0x2001f0f0        0x1 C:\Users\CNous\AppData\Local\Temp\cc1ONpuh.ltrans1.ltrans.o
                0x2001f0f0                freeze
 .bss.OutputDev
                0x2001f0f1        0x1 C:\Users\CNous\AppData\Local\Temp\cc1ONpuh.ltrans6.ltrans.o
                0x2001f0f1                OutputDev
 *fill*         0x2001f0f2        0x2 
 .bss.TimingDelay1
                0x2001f0f4        0x4 C:\Users\CNous\AppData\Local\Temp\cc1ONpuh.ltrans8.ltrans.o
 .bss.BlueLED_counter
                0x2001f0f8        0x4 C:\Users\CNous\AppData\Local\Temp\cc1ONpuh.ltrans8.ltrans.o
 .bss.DebouncedKeyPress
                0x2001f0fc        0x1 C:\Users\CNous\AppData\Local\Temp\cc1ONpuh.ltrans8.ltrans.o
 .bss.Key_changed
                0x2001f0fd        0x1 C:\Users\CNous\AppData\Local\Temp\cc1ONpuh.ltrans8.ltrans.o
 .bss.Key_pressed
                0x2001f0fe        0x1 C:\Users\CNous\AppData\Local\Temp\cc1ONpuh.ltrans8.ltrans.o
 *fill*         0x2001f0ff        0x1 
 .bss.TimingDelay
                0x2001f100        0x4 C:\Users\CNous\AppData\Local\Temp\cc1ONpuh.ltrans8.ltrans.o
 .bss.hUSBHost  0x2001f104      0x618 C:\Users\CNous\AppData\Local\Temp\cc1ONpuh.ltrans10.ltrans.o
                0x2001f104                hUSBHost
 .bss.buffer_offset
                0x2001f71c        0x1 C:\Users\CNous\AppData\Local\Temp\cc1ONpuh.ltrans12.ltrans.o
 *fill*         0x2001f71d        0x3 
 .bss.swrate.lto_priv.174
                0x2001f720        0x4 C:\Users\CNous\AppData\Local\Temp\cc1ONpuh.ltrans13.ltrans.o
                0x2001f720                swrate.lto_priv.174
 .bss.rateCoeff
                0x2001f724        0x4 C:\Users\CNous\AppData\Local\Temp\cc1ONpuh.ltrans13.ltrans.o
                0x2001f724                rateCoeff
 .bss.shift.lto_priv.172
                0x2001f728        0x4 C:\Users\CNous\AppData\Local\Temp\cc1ONpuh.ltrans13.ltrans.o
                0x2001f728                shift.lto_priv.172
 .bss.f_min     0x2001f72c        0x4 C:\Users\CNous\AppData\Local\Temp\cc1ONpuh.ltrans13.ltrans.o
 .bss.f_max     0x2001f730        0x4 C:\Users\CNous\AppData\Local\Temp\cc1ONpuh.ltrans13.ltrans.o
 .bss.I2cHandle.lto_priv.175
                0x2001f734       0x38 C:\Users\CNous\AppData\Local\Temp\cc1ONpuh.ltrans16.ltrans.o
                0x2001f734                I2cHandle.lto_priv.175
 .bss.uwTick.lto_priv.165
                0x2001f76c        0x4 C:\Users\CNous\AppData\Local\Temp\cc1ONpuh.ltrans16.ltrans.o
                0x2001f76c                uwTick.lto_priv.165
 .bss.Appli_state
                0x2001f770        0x1 C:\Users\CNous\AppData\Local\Temp\cc1ONpuh.ltrans19.ltrans.o
                0x2001f770                Appli_state
 *fill*         0x2001f771        0x3 
 .bss.__malloc_max_total_mem
                0x2001f774        0x4 c:/program files/gnu tools arm embedded/4.9 2014q4/bin/../lib/gcc/arm-none-eabi/4.9.3/../../../../arm-none-eabi/lib/armv7e-m/fpu\libc.a(lib_a-mallocr.o)
                0x2001f774                __malloc_max_total_mem
 .bss.__malloc_max_sbrked_mem
                0x2001f778        0x4 c:/program files/gnu tools arm embedded/4.9 2014q4/bin/../lib/gcc/arm-none-eabi/4.9.3/../../../../arm-none-eabi/lib/armv7e-m/fpu\libc.a(lib_a-mallocr.o)
                0x2001f778                __malloc_max_sbrked_mem
 .bss.__malloc_top_pad
                0x2001f77c        0x4 c:/program files/gnu tools arm embedded/4.9 2014q4/bin/../lib/gcc/arm-none-eabi/4.9.3/../../../../arm-none-eabi/lib/armv7e-m/fpu\libc.a(lib_a-mallocr.o)
                0x2001f77c                __malloc_top_pad
 .bss.__malloc_current_mallinfo
                0x2001f780       0x28 c:/program files/gnu tools arm embedded/4.9 2014q4/bin/../lib/gcc/arm-none-eabi/4.9.3/../../../../arm-none-eabi/lib/armv7e-m/fpu\libc.a(lib_a-mallocr.o)
                0x2001f780                __malloc_current_mallinfo
 .bss.heap_end.4079
                0x2001f7a8        0x4 c:/program files/gnu tools arm embedded/4.9 2014q4/bin/../lib/gcc/arm-none-eabi/4.9.3/../../../../arm-none-eabi/lib/armv7e-m/fpu\libnosys.a(sbrk.o)
 *(COMMON)
 COMMON         0x2001f7ac        0x4 C:\Users\CNous\AppData\Local\Temp\cc1ONpuh.ltrans15.ltrans.o
                0x2001f7ac                __errno
 COMMON         0x2001f7b0        0x4 c:/program files/gnu tools arm embedded/4.9 2014q4/bin/../lib/gcc/arm-none-eabi/4.9.3/../../../../arm-none-eabi/lib/armv7e-m/fpu\libc.a(lib_a-reent.o)
                0x2001f7b0                errno
                0x2001f7b4                . = ALIGN (0x4)
                0x2001f7b4                _ebss = .
                0x2001f7b4                __bss_end__ = _ebss

._user_heap_stack
                0x10003eb0     0x2000
                0x10003eb0                . = ALIGN (0x4)
                0x10003eb0                PROVIDE (end, .)
                0x10003eb0                PROVIDE (_end, .)
                0x10004eb0                . = (. + _Min_Heap_Size)
 *fill*         0x10003eb0     0x1000 
                0x10005eb0                . = (. + _Min_Stack_Size)
 *fill*         0x10004eb0     0x1000 
                0x10005eb0                . = ALIGN (0x4)

/DISCARD/
 libc.a(*)
 libm.a(*)
 libgcc.a(*)

.ARM.attributes
                0x00000000       0x30
 *(.ARM.attributes)
 .ARM.attributes
                0x00000000       0x22 c:/program files/gnu tools arm embedded/4.9 2014q4/bin/../lib/gcc/arm-none-eabi/4.9.3/armv7e-m/fpu/crti.o
 .ARM.attributes
                0x00000022       0x34 c:/program files/gnu tools arm embedded/4.9 2014q4/bin/../lib/gcc/arm-none-eabi/4.9.3/armv7e-m/fpu/crtbegin.o
 .ARM.attributes
                0x00000056       0x37 C:\Users\CNous\AppData\Local\Temp\cc1ONpuh.ltrans0.ltrans.o
 .ARM.attributes
                0x0000008d       0x37 C:\Users\CNous\AppData\Local\Temp\cc1ONpuh.ltrans1.ltrans.o
 .ARM.attributes
                0x000000c4       0x37 C:\Users\CNous\AppData\Local\Temp\cc1ONpuh.ltrans2.ltrans.o
 .ARM.attributes
                0x000000fb       0x37 C:\Users\CNous\AppData\Local\Temp\cc1ONpuh.ltrans3.ltrans.o
 .ARM.attributes
                0x00000132       0x37 C:\Users\CNous\AppData\Local\Temp\cc1ONpuh.ltrans4.ltrans.o
 .ARM.attributes
                0x00000169       0x37 C:\Users\CNous\AppData\Local\Temp\cc1ONpuh.ltrans5.ltrans.o
 .ARM.attributes
                0x000001a0       0x37 C:\Users\CNous\AppData\Local\Temp\cc1ONpuh.ltrans6.ltrans.o
 .ARM.attributes
                0x000001d7       0x37 C:\Users\CNous\AppData\Local\Temp\cc1ONpuh.ltrans7.ltrans.o
 .ARM.attributes
                0x0000020e       0x37 C:\Users\CNous\AppData\Local\Temp\cc1ONpuh.ltrans8.ltrans.o
 .ARM.attributes
                0x00000245       0x37 C:\Users\CNous\AppData\Local\Temp\cc1ONpuh.ltrans9.ltrans.o
 .ARM.attributes
                0x0000027c       0x37 C:\Users\CNous\AppData\Local\Temp\cc1ONpuh.ltrans10.ltrans.o
 .ARM.attributes
                0x000002b3       0x37 C:\Users\CNous\AppData\Local\Temp\cc1ONpuh.ltrans11.ltrans.o
 .ARM.attributes
                0x000002ea       0x37 C:\Users\CNous\AppData\Local\Temp\cc1ONpuh.ltrans12.ltrans.o
 .ARM.attributes
                0x00000321       0x37 C:\Users\CNous\AppData\Local\Temp\cc1ONpuh.ltrans13.ltrans.o
 .ARM.attributes
                0x00000358       0x37 C:\Users\CNous\AppData\Local\Temp\cc1ONpuh.ltrans14.ltrans.o
 .ARM.attributes
                0x0000038f       0x37 C:\Users\CNous\AppData\Local\Temp\cc1ONpuh.ltrans15.ltrans.o
 .ARM.attributes
                0x000003c6       0x37 C:\Users\CNous\AppData\Local\Temp\cc1ONpuh.ltrans16.ltrans.o
 .ARM.attributes
                0x000003fd       0x37 C:\Users\CNous\AppData\Local\Temp\cc1ONpuh.ltrans17.ltrans.o
 .ARM.attributes
                0x00000434       0x37 C:\Users\CNous\AppData\Local\Temp\cc1ONpuh.ltrans18.ltrans.o
 .ARM.attributes
                0x0000046b       0x37 C:\Users\CNous\AppData\Local\Temp\cc1ONpuh.ltrans19.ltrans.o
 .ARM.attributes
                0x000004a2       0x37 C:\Users\CNous\AppData\Local\Temp\cc1ONpuh.ltrans20.ltrans.o
 .ARM.attributes
                0x000004d9       0x21 ./drivers/BSP/startup_stm32f407xx.o
 .ARM.attributes
                0x000004fa       0x34 c:/program files/gnu tools arm embedded/4.9 2014q4/bin/../lib/gcc/arm-none-eabi/4.9.3/../../../../arm-none-eabi/lib/armv7e-m/fpu\libm.a(lib_a-sf_fabs.o)
 .ARM.attributes
                0x0000052e       0x34 c:/program files/gnu tools arm embedded/4.9 2014q4/bin/../lib/gcc/arm-none-eabi/4.9.3/../../../../arm-none-eabi/lib/armv7e-m/fpu\libm.a(lib_a-sf_floor.o)
 .ARM.attributes
                0x00000562       0x34 c:/program files/gnu tools arm embedded/4.9 2014q4/bin/../lib/gcc/arm-none-eabi/4.9.3/../../../../arm-none-eabi/lib/armv7e-m/fpu\libm.a(lib_a-sf_lrint.o)
 .ARM.attributes
                0x00000596       0x34 c:/program files/gnu tools arm embedded/4.9 2014q4/bin/../lib/gcc/arm-none-eabi/4.9.3/../../../../arm-none-eabi/lib/armv7e-m/fpu\libm.a(lib_a-sf_rint.o)
 .ARM.attributes
                0x000005ca       0x34 c:/program files/gnu tools arm embedded/4.9 2014q4/bin/../lib/gcc/arm-none-eabi/4.9.3/../../../../arm-none-eabi/lib/armv7e-m/fpu\libm.a(lib_a-sf_sin.o)
 .ARM.attributes
                0x000005fe       0x34 c:/program files/gnu tools arm embedded/4.9 2014q4/bin/../lib/gcc/arm-none-eabi/4.9.3/../../../../arm-none-eabi/lib/armv7e-m/fpu\libm.a(lib_a-wf_pow.o)
 .ARM.attributes
                0x00000632       0x34 c:/program files/gnu tools arm embedded/4.9 2014q4/bin/../lib/gcc/arm-none-eabi/4.9.3/../../../../arm-none-eabi/lib/armv7e-m/fpu\libm.a(lib_a-ef_pow.o)
 .ARM.attributes
                0x00000666       0x34 c:/program files/gnu tools arm embedded/4.9 2014q4/bin/../lib/gcc/arm-none-eabi/4.9.3/../../../../arm-none-eabi/lib/armv7e-m/fpu\libm.a(lib_a-ef_rem_pio2.o)
 .ARM.attributes
                0x0000069a       0x34 c:/program files/gnu tools arm embedded/4.9 2014q4/bin/../lib/gcc/arm-none-eabi/4.9.3/../../../../arm-none-eabi/lib/armv7e-m/fpu\libm.a(lib_a-ef_sqrt.o)
 .ARM.attributes
                0x000006ce       0x34 c:/program files/gnu tools arm embedded/4.9 2014q4/bin/../lib/gcc/arm-none-eabi/4.9.3/../../../../arm-none-eabi/lib/armv7e-m/fpu\libm.a(lib_a-kf_cos.o)
 .ARM.attributes
                0x00000702       0x34 c:/program files/gnu tools arm embedded/4.9 2014q4/bin/../lib/gcc/arm-none-eabi/4.9.3/../../../../arm-none-eabi/lib/armv7e-m/fpu\libm.a(lib_a-kf_rem_pio2.o)
 .ARM.attributes
                0x00000736       0x34 c:/program files/gnu tools arm embedded/4.9 2014q4/bin/../lib/gcc/arm-none-eabi/4.9.3/../../../../arm-none-eabi/lib/armv7e-m/fpu\libm.a(lib_a-kf_sin.o)
 .ARM.attributes
                0x0000076a       0x34 c:/program files/gnu tools arm embedded/4.9 2014q4/bin/../lib/gcc/arm-none-eabi/4.9.3/../../../../arm-none-eabi/lib/armv7e-m/fpu\libm.a(lib_a-s_lib_ver.o)
 .ARM.attributes
                0x0000079e       0x34 c:/program files/gnu tools arm embedded/4.9 2014q4/bin/../lib/gcc/arm-none-eabi/4.9.3/../../../../arm-none-eabi/lib/armv7e-m/fpu\libm.a(lib_a-s_matherr.o)
 .ARM.attributes
                0x000007d2       0x34 c:/program files/gnu tools arm embedded/4.9 2014q4/bin/../lib/gcc/arm-none-eabi/4.9.3/../../../../arm-none-eabi/lib/armv7e-m/fpu\libm.a(lib_a-s_rint.o)
 .ARM.attributes
                0x00000806       0x34 c:/program files/gnu tools arm embedded/4.9 2014q4/bin/../lib/gcc/arm-none-eabi/4.9.3/../../../../arm-none-eabi/lib/armv7e-m/fpu\libm.a(lib_a-sf_finite.o)
 .ARM.attributes
                0x0000083a       0x34 c:/program files/gnu tools arm embedded/4.9 2014q4/bin/../lib/gcc/arm-none-eabi/4.9.3/../../../../arm-none-eabi/lib/armv7e-m/fpu\libm.a(lib_a-sf_fpclassify.o)
 .ARM.attributes
                0x0000086e       0x34 c:/program files/gnu tools arm embedded/4.9 2014q4/bin/../lib/gcc/arm-none-eabi/4.9.3/../../../../arm-none-eabi/lib/armv7e-m/fpu\libm.a(lib_a-sf_nan.o)
 .ARM.attributes
                0x000008a2       0x34 c:/program files/gnu tools arm embedded/4.9 2014q4/bin/../lib/gcc/arm-none-eabi/4.9.3/../../../../arm-none-eabi/lib/armv7e-m/fpu\libm.a(lib_a-sf_scalbn.o)
 .ARM.attributes
                0x000008d6       0x34 c:/program files/gnu tools arm embedded/4.9 2014q4/bin/../lib/gcc/arm-none-eabi/4.9.3/../../../../arm-none-eabi/lib/armv7e-m/fpu\libm.a(lib_a-sf_copysign.o)
 .ARM.attributes
                0x0000090a       0x22 c:/program files/gnu tools arm embedded/4.9 2014q4/bin/../lib/gcc/arm-none-eabi/4.9.3/armv7e-m/fpu\libgcc.a(_arm_addsubdf3.o)
 .ARM.attributes
                0x0000092c       0x22 c:/program files/gnu tools arm embedded/4.9 2014q4/bin/../lib/gcc/arm-none-eabi/4.9.3/armv7e-m/fpu\libgcc.a(_arm_muldivdf3.o)
 .ARM.attributes
                0x0000094e       0x22 c:/program files/gnu tools arm embedded/4.9 2014q4/bin/../lib/gcc/arm-none-eabi/4.9.3/armv7e-m/fpu\libgcc.a(_arm_cmpdf2.o)
 .ARM.attributes
                0x00000970       0x22 c:/program files/gnu tools arm embedded/4.9 2014q4/bin/../lib/gcc/arm-none-eabi/4.9.3/armv7e-m/fpu\libgcc.a(_arm_truncdfsf2.o)
 .ARM.attributes
                0x00000992       0x34 c:/program files/gnu tools arm embedded/4.9 2014q4/bin/../lib/gcc/arm-none-eabi/4.9.3/../../../../arm-none-eabi/lib/armv7e-m/fpu\libc.a(lib_a-impure.o)
 .ARM.attributes
                0x000009c6       0x34 c:/program files/gnu tools arm embedded/4.9 2014q4/bin/../lib/gcc/arm-none-eabi/4.9.3/../../../../arm-none-eabi/lib/armv7e-m/fpu\libc.a(lib_a-init.o)
 .ARM.attributes
                0x000009fa       0x34 c:/program files/gnu tools arm embedded/4.9 2014q4/bin/../lib/gcc/arm-none-eabi/4.9.3/../../../../arm-none-eabi/lib/armv7e-m/fpu\libc.a(lib_a-malloc.o)
 .ARM.attributes
                0x00000a2e       0x34 c:/program files/gnu tools arm embedded/4.9 2014q4/bin/../lib/gcc/arm-none-eabi/4.9.3/../../../../arm-none-eabi/lib/armv7e-m/fpu\libc.a(lib_a-mallocr.o)
 .ARM.attributes
                0x00000a62       0x20 c:/program files/gnu tools arm embedded/4.9 2014q4/bin/../lib/gcc/arm-none-eabi/4.9.3/../../../../arm-none-eabi/lib/armv7e-m/fpu\libc.a(lib_a-memcpy.o)
 .ARM.attributes
                0x00000a82       0x34 c:/program files/gnu tools arm embedded/4.9 2014q4/bin/../lib/gcc/arm-none-eabi/4.9.3/../../../../arm-none-eabi/lib/armv7e-m/fpu\libc.a(lib_a-memset.o)
 .ARM.attributes
                0x00000ab6       0x34 c:/program files/gnu tools arm embedded/4.9 2014q4/bin/../lib/gcc/arm-none-eabi/4.9.3/../../../../arm-none-eabi/lib/armv7e-m/fpu\libc.a(lib_a-mlock.o)
 .ARM.attributes
                0x00000aea       0x34 c:/program files/gnu tools arm embedded/4.9 2014q4/bin/../lib/gcc/arm-none-eabi/4.9.3/../../../../arm-none-eabi/lib/armv7e-m/fpu\libc.a(lib_a-rand.o)
 .ARM.attributes
                0x00000b1e       0x34 c:/program files/gnu tools arm embedded/4.9 2014q4/bin/../lib/gcc/arm-none-eabi/4.9.3/../../../../arm-none-eabi/lib/armv7e-m/fpu\libc.a(lib_a-sbrkr.o)
 .ARM.attributes
                0x00000b52       0x34 c:/program files/gnu tools arm embedded/4.9 2014q4/bin/../lib/gcc/arm-none-eabi/4.9.3/../../../../arm-none-eabi/lib/armv7e-m/fpu\libc.a(lib_a-__call_atexit.o)
 .ARM.attributes
                0x00000b86       0x34 c:/program files/gnu tools arm embedded/4.9 2014q4/bin/../lib/gcc/arm-none-eabi/4.9.3/../../../../arm-none-eabi/lib/armv7e-m/fpu\libc.a(lib_a-atexit.o)
 .ARM.attributes
                0x00000bba       0x34 c:/program files/gnu tools arm embedded/4.9 2014q4/bin/../lib/gcc/arm-none-eabi/4.9.3/../../../../arm-none-eabi/lib/armv7e-m/fpu\libc.a(lib_a-fini.o)
 .ARM.attributes
                0x00000bee       0x34 c:/program files/gnu tools arm embedded/4.9 2014q4/bin/../lib/gcc/arm-none-eabi/4.9.3/../../../../arm-none-eabi/lib/armv7e-m/fpu\libc.a(lib_a-freer.o)
 .ARM.attributes
                0x00000c22       0x34 c:/program files/gnu tools arm embedded/4.9 2014q4/bin/../lib/gcc/arm-none-eabi/4.9.3/../../../../arm-none-eabi/lib/armv7e-m/fpu\libc.a(lib_a-reent.o)
 .ARM.attributes
                0x00000c56       0x34 c:/program files/gnu tools arm embedded/4.9 2014q4/bin/../lib/gcc/arm-none-eabi/4.9.3/../../../../arm-none-eabi/lib/armv7e-m/fpu\libc.a(lib_a-__atexit.o)
 .ARM.attributes
                0x00000c8a       0x34 c:/program files/gnu tools arm embedded/4.9 2014q4/bin/../lib/gcc/arm-none-eabi/4.9.3/../../../../arm-none-eabi/lib/armv7e-m/fpu\libnosys.a(sbrk.o)
 .ARM.attributes
                0x00000cbe       0x22 c:/program files/gnu tools arm embedded/4.9 2014q4/bin/../lib/gcc/arm-none-eabi/4.9.3/armv7e-m/fpu/crtn.o
OUTPUT(Dekrispator_v2.elf elf32-littlearm)

.comment        0x00000000       0x70
 .comment       0x00000000       0x70 C:\Users\CNous\AppData\Local\Temp\cc1ONpuh.ltrans0.ltrans.o
                                 0x71 (size before relaxing)
 .comment       0x00000000       0x71 C:\Users\CNous\AppData\Local\Temp\cc1ONpuh.ltrans1.ltrans.o
 .comment       0x00000000       0x71 C:\Users\CNous\AppData\Local\Temp\cc1ONpuh.ltrans2.ltrans.o
 .comment       0x00000000       0x71 C:\Users\CNous\AppData\Local\Temp\cc1ONpuh.ltrans3.ltrans.o
 .comment       0x00000000       0x71 C:\Users\CNous\AppData\Local\Temp\cc1ONpuh.ltrans4.ltrans.o
 .comment       0x00000000       0x71 C:\Users\CNous\AppData\Local\Temp\cc1ONpuh.ltrans5.ltrans.o
 .comment       0x00000000       0x71 C:\Users\CNous\AppData\Local\Temp\cc1ONpuh.ltrans6.ltrans.o
 .comment       0x00000000       0x71 C:\Users\CNous\AppData\Local\Temp\cc1ONpuh.ltrans7.ltrans.o
 .comment       0x00000000       0x71 C:\Users\CNous\AppData\Local\Temp\cc1ONpuh.ltrans8.ltrans.o
 .comment       0x00000000       0x71 C:\Users\CNous\AppData\Local\Temp\cc1ONpuh.ltrans9.ltrans.o
 .comment       0x00000000       0x71 C:\Users\CNous\AppData\Local\Temp\cc1ONpuh.ltrans10.ltrans.o
 .comment       0x00000000       0x71 C:\Users\CNous\AppData\Local\Temp\cc1ONpuh.ltrans11.ltrans.o
 .comment       0x00000000       0x71 C:\Users\CNous\AppData\Local\Temp\cc1ONpuh.ltrans12.ltrans.o
 .comment       0x00000000       0x71 C:\Users\CNous\AppData\Local\Temp\cc1ONpuh.ltrans13.ltrans.o
 .comment       0x00000000       0x71 C:\Users\CNous\AppData\Local\Temp\cc1ONpuh.ltrans14.ltrans.o
 .comment       0x00000000       0x71 C:\Users\CNous\AppData\Local\Temp\cc1ONpuh.ltrans15.ltrans.o
 .comment       0x00000000       0x71 C:\Users\CNous\AppData\Local\Temp\cc1ONpuh.ltrans16.ltrans.o
 .comment       0x00000000       0x71 C:\Users\CNous\AppData\Local\Temp\cc1ONpuh.ltrans17.ltrans.o
 .comment       0x00000000       0x71 C:\Users\CNous\AppData\Local\Temp\cc1ONpuh.ltrans18.ltrans.o
 .comment       0x00000000       0x71 C:\Users\CNous\AppData\Local\Temp\cc1ONpuh.ltrans19.ltrans.o
 .comment       0x00000000       0x71 C:\Users\CNous\AppData\Local\Temp\cc1ONpuh.ltrans20.ltrans.o

.debug_frame    0x00000000      0x74c
 .debug_frame   0x00000000       0x20 c:/program files/gnu tools arm embedded/4.9 2014q4/bin/../lib/gcc/arm-none-eabi/4.9.3/../../../../arm-none-eabi/lib/armv7e-m/fpu\libm.a(lib_a-sf_fabs.o)
 .debug_frame   0x00000020       0x20 c:/program files/gnu tools arm embedded/4.9 2014q4/bin/../lib/gcc/arm-none-eabi/4.9.3/../../../../arm-none-eabi/lib/armv7e-m/fpu\libm.a(lib_a-sf_floor.o)
 .debug_frame   0x00000040       0x38 c:/program files/gnu tools arm embedded/4.9 2014q4/bin/../lib/gcc/arm-none-eabi/4.9.3/../../../../arm-none-eabi/lib/armv7e-m/fpu\libm.a(lib_a-sf_lrint.o)
 .debug_frame   0x00000078       0x48 c:/program files/gnu tools arm embedded/4.9 2014q4/bin/../lib/gcc/arm-none-eabi/4.9.3/../../../../arm-none-eabi/lib/armv7e-m/fpu\libm.a(lib_a-sf_rint.o)
 .debug_frame   0x000000c0       0x34 c:/program files/gnu tools arm embedded/4.9 2014q4/bin/../lib/gcc/arm-none-eabi/4.9.3/../../../../arm-none-eabi/lib/armv7e-m/fpu\libm.a(lib_a-sf_sin.o)
 .debug_frame   0x000000f4       0x64 c:/program files/gnu tools arm embedded/4.9 2014q4/bin/../lib/gcc/arm-none-eabi/4.9.3/../../../../arm-none-eabi/lib/armv7e-m/fpu\libm.a(lib_a-wf_pow.o)
 .debug_frame   0x00000158       0x7c c:/program files/gnu tools arm embedded/4.9 2014q4/bin/../lib/gcc/arm-none-eabi/4.9.3/../../../../arm-none-eabi/lib/armv7e-m/fpu\libm.a(lib_a-ef_pow.o)
 .debug_frame   0x000001d4       0x3c c:/program files/gnu tools arm embedded/4.9 2014q4/bin/../lib/gcc/arm-none-eabi/4.9.3/../../../../arm-none-eabi/lib/armv7e-m/fpu\libm.a(lib_a-ef_rem_pio2.o)
 .debug_frame   0x00000210       0x3c c:/program files/gnu tools arm embedded/4.9 2014q4/bin/../lib/gcc/arm-none-eabi/4.9.3/../../../../arm-none-eabi/lib/armv7e-m/fpu\libm.a(lib_a-ef_sqrt.o)
 .debug_frame   0x0000024c       0x20 c:/program files/gnu tools arm embedded/4.9 2014q4/bin/../lib/gcc/arm-none-eabi/4.9.3/../../../../arm-none-eabi/lib/armv7e-m/fpu\libm.a(lib_a-kf_cos.o)
 .debug_frame   0x0000026c       0x5c c:/program files/gnu tools arm embedded/4.9 2014q4/bin/../lib/gcc/arm-none-eabi/4.9.3/../../../../arm-none-eabi/lib/armv7e-m/fpu\libm.a(lib_a-kf_rem_pio2.o)
 .debug_frame   0x000002c8       0x20 c:/program files/gnu tools arm embedded/4.9 2014q4/bin/../lib/gcc/arm-none-eabi/4.9.3/../../../../arm-none-eabi/lib/armv7e-m/fpu\libm.a(lib_a-kf_sin.o)
 .debug_frame   0x000002e8       0x20 c:/program files/gnu tools arm embedded/4.9 2014q4/bin/../lib/gcc/arm-none-eabi/4.9.3/../../../../arm-none-eabi/lib/armv7e-m/fpu\libm.a(lib_a-s_matherr.o)
 .debug_frame   0x00000308       0x3c c:/program files/gnu tools arm embedded/4.9 2014q4/bin/../lib/gcc/arm-none-eabi/4.9.3/../../../../arm-none-eabi/lib/armv7e-m/fpu\libm.a(lib_a-s_rint.o)
 .debug_frame   0x00000344       0x20 c:/program files/gnu tools arm embedded/4.9 2014q4/bin/../lib/gcc/arm-none-eabi/4.9.3/../../../../arm-none-eabi/lib/armv7e-m/fpu\libm.a(lib_a-sf_finite.o)
 .debug_frame   0x00000364       0x20 c:/program files/gnu tools arm embedded/4.9 2014q4/bin/../lib/gcc/arm-none-eabi/4.9.3/../../../../arm-none-eabi/lib/armv7e-m/fpu\libm.a(lib_a-sf_fpclassify.o)
 .debug_frame   0x00000384       0x20 c:/program files/gnu tools arm embedded/4.9 2014q4/bin/../lib/gcc/arm-none-eabi/4.9.3/../../../../arm-none-eabi/lib/armv7e-m/fpu\libm.a(lib_a-sf_nan.o)
 .debug_frame   0x000003a4       0x44 c:/program files/gnu tools arm embedded/4.9 2014q4/bin/../lib/gcc/arm-none-eabi/4.9.3/../../../../arm-none-eabi/lib/armv7e-m/fpu\libm.a(lib_a-sf_scalbn.o)
 .debug_frame   0x000003e8       0x20 c:/program files/gnu tools arm embedded/4.9 2014q4/bin/../lib/gcc/arm-none-eabi/4.9.3/../../../../arm-none-eabi/lib/armv7e-m/fpu\libm.a(lib_a-sf_copysign.o)
 .debug_frame   0x00000408       0x2c c:/program files/gnu tools arm embedded/4.9 2014q4/bin/../lib/gcc/arm-none-eabi/4.9.3/../../../../arm-none-eabi/lib/armv7e-m/fpu\libc.a(lib_a-init.o)
 .debug_frame   0x00000434       0x30 c:/program files/gnu tools arm embedded/4.9 2014q4/bin/../lib/gcc/arm-none-eabi/4.9.3/../../../../arm-none-eabi/lib/armv7e-m/fpu\libc.a(lib_a-malloc.o)
 .debug_frame   0x00000464       0x58 c:/program files/gnu tools arm embedded/4.9 2014q4/bin/../lib/gcc/arm-none-eabi/4.9.3/../../../../arm-none-eabi/lib/armv7e-m/fpu\libc.a(lib_a-mallocr.o)
 .debug_frame   0x000004bc       0x34 c:/program files/gnu tools arm embedded/4.9 2014q4/bin/../lib/gcc/arm-none-eabi/4.9.3/../../../../arm-none-eabi/lib/armv7e-m/fpu\libc.a(lib_a-memset.o)
 .debug_frame   0x000004f0       0x30 c:/program files/gnu tools arm embedded/4.9 2014q4/bin/../lib/gcc/arm-none-eabi/4.9.3/../../../../arm-none-eabi/lib/armv7e-m/fpu\libc.a(lib_a-mlock.o)
 .debug_frame   0x00000520       0x3c c:/program files/gnu tools arm embedded/4.9 2014q4/bin/../lib/gcc/arm-none-eabi/4.9.3/../../../../arm-none-eabi/lib/armv7e-m/fpu\libc.a(lib_a-rand.o)
 .debug_frame   0x0000055c       0x2c c:/program files/gnu tools arm embedded/4.9 2014q4/bin/../lib/gcc/arm-none-eabi/4.9.3/../../../../arm-none-eabi/lib/armv7e-m/fpu\libc.a(lib_a-sbrkr.o)
 .debug_frame   0x00000588       0x50 c:/program files/gnu tools arm embedded/4.9 2014q4/bin/../lib/gcc/arm-none-eabi/4.9.3/../../../../arm-none-eabi/lib/armv7e-m/fpu\libc.a(lib_a-__call_atexit.o)
 .debug_frame   0x000005d8       0x20 c:/program files/gnu tools arm embedded/4.9 2014q4/bin/../lib/gcc/arm-none-eabi/4.9.3/../../../../arm-none-eabi/lib/armv7e-m/fpu\libc.a(lib_a-atexit.o)
 .debug_frame   0x000005f8       0x34 c:/program files/gnu tools arm embedded/4.9 2014q4/bin/../lib/gcc/arm-none-eabi/4.9.3/../../../../arm-none-eabi/lib/armv7e-m/fpu\libc.a(lib_a-fini.o)
 .debug_frame   0x0000062c       0x74 c:/program files/gnu tools arm embedded/4.9 2014q4/bin/../lib/gcc/arm-none-eabi/4.9.3/../../../../arm-none-eabi/lib/armv7e-m/fpu\libc.a(lib_a-freer.o)
 .debug_frame   0x000006a0       0x58 c:/program files/gnu tools arm embedded/4.9 2014q4/bin/../lib/gcc/arm-none-eabi/4.9.3/../../../../arm-none-eabi/lib/armv7e-m/fpu\libc.a(lib_a-reent.o)
 .debug_frame   0x000006f8       0x34 c:/program files/gnu tools arm embedded/4.9 2014q4/bin/../lib/gcc/arm-none-eabi/4.9.3/../../../../arm-none-eabi/lib/armv7e-m/fpu\libc.a(lib_a-__atexit.o)
 .debug_frame   0x0000072c       0x20 c:/program files/gnu tools arm embedded/4.9 2014q4/bin/../lib/gcc/arm-none-eabi/4.9.3/../../../../arm-none-eabi/lib/armv7e-m/fpu\libnosys.a(sbrk.o)
