Archive member included because of file (symbol)

/usr/bin/../lib/gcc/arm-none-eabi/4.9.3/../../../../arm-none-eabi/lib/armv7e-m/fpu/libc.a(lib_a-exit.o)
                              /usr/bin/../lib/gcc/arm-none-eabi/4.9.3/../../../../arm-none-eabi/lib/armv7e-m/fpu/crt0.o (exit)
/usr/bin/../lib/gcc/arm-none-eabi/4.9.3/../../../../arm-none-eabi/lib/armv7e-m/fpu/libc.a(lib_a-impure.o)
                              /usr/bin/../lib/gcc/arm-none-eabi/4.9.3/../../../../arm-none-eabi/lib/armv7e-m/fpu/libc.a(lib_a-exit.o) (_global_impure_ptr)
/usr/bin/../lib/gcc/arm-none-eabi/4.9.3/../../../../arm-none-eabi/lib/armv7e-m/fpu/libc.a(lib_a-init.o)
                              /usr/bin/../lib/gcc/arm-none-eabi/4.9.3/../../../../arm-none-eabi/lib/armv7e-m/fpu/crt0.o (__libc_init_array)
/usr/bin/../lib/gcc/arm-none-eabi/4.9.3/../../../../arm-none-eabi/lib/armv7e-m/fpu/libc.a(lib_a-memset.o)
                              /usr/bin/../lib/gcc/arm-none-eabi/4.9.3/../../../../arm-none-eabi/lib/armv7e-m/fpu/crt0.o (memset)
/usr/bin/../lib/gcc/arm-none-eabi/4.9.3/../../../../arm-none-eabi/lib/armv7e-m/fpu/libc.a(lib_a-rand.o)
                              ./Synth/random.o (symbol from plugin) (srand)
/usr/bin/../lib/gcc/arm-none-eabi/4.9.3/../../../../arm-none-eabi/lib/armv7e-m/fpu/libc.a(lib_a-__call_atexit.o)
                              /usr/bin/../lib/gcc/arm-none-eabi/4.9.3/../../../../arm-none-eabi/lib/armv7e-m/fpu/libc.a(lib_a-exit.o) (__call_exitprocs)
/usr/bin/../lib/gcc/arm-none-eabi/4.9.3/../../../../arm-none-eabi/lib/armv7e-m/fpu/libc.a(lib_a-atexit.o)
                              /usr/bin/../lib/gcc/arm-none-eabi/4.9.3/../../../../arm-none-eabi/lib/armv7e-m/fpu/libc.a(lib_a-__call_atexit.o) (atexit)
/usr/bin/../lib/gcc/arm-none-eabi/4.9.3/../../../../arm-none-eabi/lib/armv7e-m/fpu/libc.a(lib_a-fini.o)
                              /usr/bin/../lib/gcc/arm-none-eabi/4.9.3/../../../../arm-none-eabi/lib/armv7e-m/fpu/libc.a(lib_a-__call_atexit.o) (__libc_fini_array)
/usr/bin/../lib/gcc/arm-none-eabi/4.9.3/../../../../arm-none-eabi/lib/armv7e-m/fpu/libc.a(lib_a-__atexit.o)
                              /usr/bin/../lib/gcc/arm-none-eabi/4.9.3/../../../../arm-none-eabi/lib/armv7e-m/fpu/libc.a(lib_a-atexit.o) (__register_exitproc)
/usr/bin/../lib/gcc/arm-none-eabi/4.9.3/../../../../arm-none-eabi/lib/armv7e-m/fpu/libnosys.a(_exit.o)
                              /usr/bin/../lib/gcc/arm-none-eabi/4.9.3/../../../../arm-none-eabi/lib/armv7e-m/fpu/libc.a(lib_a-exit.o) (_exit)
/usr/bin/../lib/gcc/arm-none-eabi/4.9.3/../../../../arm-none-eabi/lib/armv7e-m/fpu/libc.a(lib_a-malloc.o)
                              /tmp/ccvze4t7.ltrans16.ltrans.o (malloc)
/usr/bin/../lib/gcc/arm-none-eabi/4.9.3/../../../../arm-none-eabi/lib/armv7e-m/fpu/libc.a(lib_a-mallocr.o)
                              /usr/bin/../lib/gcc/arm-none-eabi/4.9.3/../../../../arm-none-eabi/lib/armv7e-m/fpu/libc.a(lib_a-malloc.o) (_malloc_r)
/usr/bin/../lib/gcc/arm-none-eabi/4.9.3/../../../../arm-none-eabi/lib/armv7e-m/fpu/libc.a(lib_a-memcpy.o)
                              /tmp/ccvze4t7.ltrans1.ltrans.o (memcpy)
/usr/bin/../lib/gcc/arm-none-eabi/4.9.3/../../../../arm-none-eabi/lib/armv7e-m/fpu/libc.a(lib_a-mlock.o)
                              /usr/bin/../lib/gcc/arm-none-eabi/4.9.3/../../../../arm-none-eabi/lib/armv7e-m/fpu/libc.a(lib_a-mallocr.o) (__malloc_lock)
/usr/bin/../lib/gcc/arm-none-eabi/4.9.3/../../../../arm-none-eabi/lib/armv7e-m/fpu/libc.a(lib_a-sbrkr.o)
                              /usr/bin/../lib/gcc/arm-none-eabi/4.9.3/../../../../arm-none-eabi/lib/armv7e-m/fpu/libc.a(lib_a-mallocr.o) (_sbrk_r)
/usr/bin/../lib/gcc/arm-none-eabi/4.9.3/../../../../arm-none-eabi/lib/armv7e-m/fpu/libc.a(lib_a-freer.o)
                              /usr/bin/../lib/gcc/arm-none-eabi/4.9.3/../../../../arm-none-eabi/lib/armv7e-m/fpu/libc.a(lib_a-malloc.o) (_free_r)
/usr/bin/../lib/gcc/arm-none-eabi/4.9.3/../../../../arm-none-eabi/lib/armv7e-m/fpu/libc.a(lib_a-reent.o)
                              /usr/bin/../lib/gcc/arm-none-eabi/4.9.3/../../../../arm-none-eabi/lib/armv7e-m/fpu/libc.a(lib_a-sbrkr.o) (errno)
/usr/bin/../lib/gcc/arm-none-eabi/4.9.3/../../../../arm-none-eabi/lib/armv7e-m/fpu/libnosys.a(sbrk.o)
                              /usr/bin/../lib/gcc/arm-none-eabi/4.9.3/../../../../arm-none-eabi/lib/armv7e-m/fpu/libc.a(lib_a-sbrkr.o) (_sbrk)
/usr/bin/../lib/gcc/arm-none-eabi/4.9.3/../../../../arm-none-eabi/lib/armv7e-m/fpu/libm.a(lib_a-sf_floor.o)
                              /tmp/ccvze4t7.ltrans18.ltrans.o (floorf)
/usr/bin/../lib/gcc/arm-none-eabi/4.9.3/../../../../arm-none-eabi/lib/armv7e-m/fpu/libm.a(lib_a-sf_lrint.o)
                              /tmp/ccvze4t7.ltrans1.ltrans.o (lrintf)
/usr/bin/../lib/gcc/arm-none-eabi/4.9.3/../../../../arm-none-eabi/lib/armv7e-m/fpu/libm.a(lib_a-sf_rint.o)
                              /tmp/ccvze4t7.ltrans1.ltrans.o (rintf)
[...]
Memory Configuration

Name             Origin             Length             Attributes
FLASH            0x0000000008000000 0x0000000000100000 xr
RAM              0x0000000020000000 0x0000000000020000 xrw
CCMRAM           0x0000000010000000 0x0000000000010000 rw
*default*        0x0000000000000000 0xffffffffffffffff

Linker script and memory map

LOAD /usr/bin/../lib/gcc/arm-none-eabi/4.9.3/armv7e-m/fpu/crti.o
LOAD /usr/bin/../lib/gcc/arm-none-eabi/4.9.3/armv7e-m/fpu/crtbegin.o
LOAD /usr/bin/../lib/gcc/arm-none-eabi/4.9.3/../../../../arm-none-eabi/lib/armv7e-m/fpu/crt0.o
LOAD ./drivers/USBH_midi_class/Src/usbh_MIDI.o
LOAD /tmp/ccvze4t7.ltrans0.ltrans.o
LOAD /tmp/ccvze4t7.ltrans1.ltrans.o
LOAD /tmp/ccvze4t7.ltrans2.ltrans.o
LOAD /tmp/ccvze4t7.ltrans3.ltrans.o
LOAD /tmp/ccvze4t7.ltrans4.ltrans.o
LOAD /tmp/ccvze4t7.ltrans5.ltrans.o
LOAD /tmp/ccvze4t7.ltrans6.ltrans.o
LOAD /tmp/ccvze4t7.ltrans7.ltrans.o
LOAD /tmp/ccvze4t7.ltrans8.ltrans.o
LOAD /tmp/ccvze4t7.ltrans9.ltrans.o
LOAD /tmp/ccvze4t7.ltrans10.ltrans.o
LOAD /tmp/ccvze4t7.ltrans11.ltrans.o
LOAD /tmp/ccvze4t7.ltrans12.ltrans.o
LOAD /tmp/ccvze4t7.ltrans13.ltrans.o
LOAD /tmp/ccvze4t7.ltrans14.ltrans.o
LOAD /tmp/ccvze4t7.ltrans15.ltrans.o
LOAD /tmp/ccvze4t7.ltrans16.ltrans.o
LOAD /tmp/ccvze4t7.ltrans17.ltrans.o
LOAD /tmp/ccvze4t7.ltrans18.ltrans.o
LOAD /usr/bin/../lib/gcc/arm-none-eabi/4.9.3/armv7e-m/fpu/libgcc.a
LOAD /usr/bin/../lib/gcc/arm-none-eabi/4.9.3/../../../../arm-none-eabi/lib/armv7e-m/fpu/libc.a
LOAD /usr/bin/../lib/gcc/arm-none-eabi/4.9.3/armv7e-m/fpu/libgcc.a
LOAD /usr/bin/../lib/gcc/arm-none-eabi/4.9.3/../../../../arm-none-eabi/lib/armv7e-m/fpu/libc.a
LOAD /usr/bin/../lib/gcc/arm-none-eabi/4.9.3/../../../../arm-none-eabi/lib/armv7e-m/fpu/libnosys.a
LOAD ./drivers/STM32_USB_Host_Library/Core/Src/usbh_core.o
LOAD ./drivers/STM32_USB_Host_Library/Core/Src/usbh_ctlreq.o
LOAD ./drivers/STM32_USB_Host_Library/Core/Src/usbh_ioreq.o
LOAD ./drivers/STM32_USB_Host_Library/Core/Src/usbh_pipes.o
LOAD ./drivers/STM32F4xx_HAL_Driver/Src/stm32f4xx_hal.o
LOAD ./drivers/STM32F4xx_HAL_Driver/Src/stm32f4xx_hal_adc.o
LOAD ./drivers/STM32F4xx_HAL_Driver/Src/stm32f4xx_hal_adc_ex.o
LOAD ./drivers/STM32F4xx_HAL_Driver/Src/stm32f4xx_hal_can.o
LOAD ./drivers/STM32F4xx_HAL_Driver/Src/stm32f4xx_hal_cortex.o
LOAD ./drivers/STM32F4xx_HAL_Driver/Src/stm32f4xx_hal_crc.o
LOAD ./drivers/STM32F4xx_HAL_Driver/Src/stm32f4xx_hal_cryp.o
LOAD ./drivers/STM32F4xx_HAL_Driver/Src/stm32f4xx_hal_cryp_ex.o
LOAD ./drivers/STM32F4xx_HAL_Driver/Src/stm32f4xx_hal_dac.o
LOAD ./drivers/STM32F4xx_HAL_Driver/Src/stm32f4xx_hal_dac_ex.o
LOAD ./drivers/STM32F4xx_HAL_Driver/Src/stm32f4xx_hal_dcmi.o
LOAD ./drivers/STM32F4xx_HAL_Driver/Src/stm32f4xx_hal_dma.o
LOAD ./drivers/STM32F4xx_HAL_Driver/Src/stm32f4xx_hal_dma2d.o
LOAD ./drivers/STM32F4xx_HAL_Driver/Src/stm32f4xx_hal_dma_ex.o
LOAD ./drivers/STM32F4xx_HAL_Driver/Src/stm32f4xx_hal_eth.o
LOAD ./drivers/STM32F4xx_HAL_Driver/Src/stm32f4xx_hal_flash.o
LOAD ./drivers/STM32F4xx_HAL_Driver/Src/stm32f4xx_hal_flash_ex.o
LOAD ./drivers/STM32F4xx_HAL_Driver/Src/stm32f4xx_hal_flash_ramfunc.o
LOAD ./drivers/STM32F4xx_HAL_Driver/Src/stm32f4xx_hal_gpio.o
LOAD ./drivers/STM32F4xx_HAL_Driver/Src/stm32f4xx_hal_hash.o
LOAD ./drivers/STM32F4xx_HAL_Driver/Src/stm32f4xx_hal_hash_ex.o
LOAD ./drivers/STM32F4xx_HAL_Driver/Src/stm32f4xx_hal_hcd.o
LOAD ./drivers/STM32F4xx_HAL_Driver/Src/stm32f4xx_hal_i2c.o
LOAD ./drivers/STM32F4xx_HAL_Driver/Src/stm32f4xx_hal_i2c_ex.o
LOAD ./drivers/STM32F4xx_HAL_Driver/Src/stm32f4xx_hal_i2s.o
LOAD ./drivers/STM32F4xx_HAL_Driver/Src/stm32f4xx_hal_i2s_ex.o
LOAD ./drivers/STM32F4xx_HAL_Driver/Src/stm32f4xx_hal_irda.o
LOAD ./drivers/STM32F4xx_HAL_Driver/Src/stm32f4xx_hal_iwdg.o
LOAD ./drivers/STM32F4xx_HAL_Driver/Src/stm32f4xx_hal_ltdc.o
LOAD ./drivers/STM32F4xx_HAL_Driver/Src/stm32f4xx_hal_msp_template.o
LOAD ./drivers/STM32F4xx_HAL_Driver/Src/stm32f4xx_hal_nand.o
LOAD ./drivers/STM32F4xx_HAL_Driver/Src/stm32f4xx_hal_nor.o
LOAD ./drivers/STM32F4xx_HAL_Driver/Src/stm32f4xx_hal_pccard.o
LOAD ./drivers/STM32F4xx_HAL_Driver/Src/stm32f4xx_hal_pcd.o
LOAD ./drivers/STM32F4xx_HAL_Driver/Src/stm32f4xx_hal_pcd_ex.o
LOAD ./drivers/STM32F4xx_HAL_Driver/Src/stm32f4xx_hal_pwr.o
LOAD ./drivers/STM32F4xx_HAL_Driver/Src/stm32f4xx_hal_pwr_ex.o
LOAD ./drivers/STM32F4xx_HAL_Driver/Src/stm32f4xx_hal_rcc.o
LOAD ./drivers/STM32F4xx_HAL_Driver/Src/stm32f4xx_hal_rcc_ex.o
LOAD ./drivers/STM32F4xx_HAL_Driver/Src/stm32f4xx_hal_rng.o
LOAD ./drivers/STM32F4xx_HAL_Driver/Src/stm32f4xx_hal_rtc.o
LOAD ./drivers/STM32F4xx_HAL_Driver/Src/stm32f4xx_hal_rtc_ex.o
LOAD ./drivers/STM32F4xx_HAL_Driver/Src/stm32f4xx_hal_sai.o
LOAD ./drivers/STM32F4xx_HAL_Driver/Src/stm32f4xx_hal_sd.o
LOAD ./drivers/STM32F4xx_HAL_Driver/Src/stm32f4xx_hal_sdram.o
LOAD ./drivers/STM32F4xx_HAL_Driver/Src/stm32f4xx_hal_smartcard.o
LOAD ./drivers/STM32F4xx_HAL_Driver/Src/stm32f4xx_hal_spi.o
LOAD ./drivers/STM32F4xx_HAL_Driver/Src/stm32f4xx_hal_sram.o
LOAD ./drivers/STM32F4xx_HAL_Driver/Src/stm32f4xx_hal_tim.o
LOAD ./drivers/STM32F4xx_HAL_Driver/Src/stm32f4xx_hal_tim_ex.o
LOAD ./drivers/STM32F4xx_HAL_Driver/Src/stm32f4xx_hal_uart.o
LOAD ./drivers/STM32F4xx_HAL_Driver/Src/stm32f4xx_hal_usart.o
LOAD ./drivers/STM32F4xx_HAL_Driver/Src/stm32f4xx_hal_wwdg.o
LOAD ./drivers/STM32F4xx_HAL_Driver/Src/stm32f4xx_ll_fmc.o
LOAD ./drivers/STM32F4xx_HAL_Driver/Src/stm32f4xx_ll_fsmc.o
LOAD ./drivers/STM32F4xx_HAL_Driver/Src/stm32f4xx_ll_sdmmc.o
LOAD ./drivers/STM32F4xx_HAL_Driver/Src/stm32f4xx_ll_usb.o
LOAD ./drivers/BSP/cs43l22.o
LOAD ./drivers/BSP/lis302dl.o
LOAD ./drivers/BSP/lis3dsh.o
LOAD ./drivers/BSP/stm32f4_discovery.o
LOAD ./drivers/BSP/stm32f4_discovery_accelerometer.o
LOAD ./drivers/BSP/stm32f4_discovery_audio.o
LOAD ./Synth/MIDI_application.o
LOAD ./Synth/adsr.o
LOAD ./Synth/audio_conf.o
LOAD ./Synth/blepvco.o
LOAD ./Synth/chorusFD.o
LOAD ./Synth/delay.o
LOAD ./Synth/drifter.o
LOAD ./Synth/main.o
LOAD ./Synth/math_tools.o
LOAD ./Synth/minblep_tables.o
LOAD ./Synth/notesTables.o
LOAD ./Synth/oscillators.o
LOAD ./Synth/phaser.o
LOAD ./Synth/random.o
LOAD ./Synth/resonantFilter.o
LOAD ./Synth/sequencer.o
LOAD ./Synth/sinetable.o
LOAD ./Synth/soundGen.o
LOAD ./Synth/startup_stm32f407xx.o
LOAD ./Synth/stm32f4xx_it.o
LOAD ./Synth/system_stm32f4xx.o
LOAD ./Synth/timers.o
LOAD ./Synth/usbh_conf.o
LOAD /usr/bin/../lib/gcc/arm-none-eabi/4.9.3/../../../../arm-none-eabi/lib/armv7e-m/fpu/libm.a
LOAD /usr/bin/../lib/gcc/arm-none-eabi/4.9.3/../../../../arm-none-eabi/lib/armv7e-m/fpu/libc.a
LOAD /usr/bin/../lib/gcc/arm-none-eabi/4.9.3/../../../../arm-none-eabi/lib/armv7e-m/fpu/libg.a
START GROUP
LOAD /usr/bin/../lib/gcc/arm-none-eabi/4.9.3/armv7e-m/fpu/libgcc.a
LOAD /usr/bin/../lib/gcc/arm-none-eabi/4.9.3/../../../../arm-none-eabi/lib/armv7e-m/fpu/libc.a
END GROUP
START GROUP
LOAD /usr/bin/../lib/gcc/arm-none-eabi/4.9.3/armv7e-m/fpu/libgcc.a
LOAD /usr/bin/../lib/gcc/arm-none-eabi/4.9.3/../../../../arm-none-eabi/lib/armv7e-m/fpu/libc.a
LOAD /usr/bin/../lib/gcc/arm-none-eabi/4.9.3/../../../../arm-none-eabi/lib/armv7e-m/fpu/libnosys.a
END GROUP
LOAD /usr/bin/../lib/gcc/arm-none-eabi/4.9.3/armv7e-m/fpu/crtend.o
LOAD /usr/bin/../lib/gcc/arm-none-eabi/4.9.3/armv7e-m/fpu/crtn.o
                0x000000002001ffff                _estack = 0x2001ffff
                0x0000000000001000                _Min_Heap_Size = 0x1000
                0x0000000000001000                _Min_Stack_Size = 0x1000

.isr_vector     0x0000000008000000      0x188
                0x0000000008000000                . = ALIGN (0x4)
 *(.isr_vector)
 .isr_vector    0x0000000008000000      0x188 ./Synth/startup_stm32f407xx.o
                0x0000000008000000                g_pfnVectors
                0x0000000008000188                . = ALIGN (0x4)

.text           0x0000000008000188    0x10720
                0x0000000008000188                . = ALIGN (0x4)
 *(.text)
 .text          0x0000000008000188       0x5c /usr/bin/../lib/gcc/arm-none-eabi/4.9.3/armv7e-m/fpu/crtbegin.o
 .text          0x00000000080001e4      0x134 /usr/bin/../lib/gcc/arm-none-eabi/4.9.3/../../../../arm-none-eabi/lib/armv7e-m/fpu/libc.a(lib_a-memcpy.o)
                0x00000000080001e4                memcpy
 .text          0x0000000008000318      0x370 /usr/bin/../lib/gcc/arm-none-eabi/4.9.3/armv7e-m/fpu/libgcc.a(_arm_addsubdf3.o)
                0x0000000008000318                __aeabi_drsub
                0x0000000008000320                __aeabi_dsub
                0x0000000008000320                __subdf3
                0x0000000008000324                __adddf3
                0x0000000008000324                __aeabi_dadd
                0x000000000800059c                __aeabi_ui2d
                0x000000000800059c                __floatunsidf
                0x00000000080005bc                __floatsidf
                0x00000000080005bc                __aeabi_i2d
                0x00000000080005e0                __extendsfdf2
                0x00000000080005e0                __aeabi_f2d
                0x000000000800061c                __aeabi_ul2d
                0x000000000800061c                __floatundidf
                0x000000000800062c                __floatdidf
                0x000000000800062c                __aeabi_l2d
 .text          0x0000000008000688      0x424 /usr/bin/../lib/gcc/arm-none-eabi/4.9.3/armv7e-m/fpu/libgcc.a(_arm_muldivdf3.o)
                0x0000000008000688                __aeabi_dmul
                0x0000000008000688                __muldf3
                0x00000000080008dc                __aeabi_ddiv
                0x00000000080008dc                __divdf3
 .text          0x0000000008000aac      0x110 /usr/bin/../lib/gcc/arm-none-eabi/4.9.3/armv7e-m/fpu/libgcc.a(_arm_cmpdf2.o)
                0x0000000008000aac                __gtdf2
                0x0000000008000aac                __gedf2
                0x0000000008000ab4                __ltdf2
                0x0000000008000ab4                __ledf2
                0x0000000008000abc                __cmpdf2
                0x0000000008000abc                __eqdf2
                0x0000000008000abc                __nedf2
                0x0000000008000b38                __aeabi_cdrcmple
                0x0000000008000b48                __aeabi_cdcmple
                0x0000000008000b48                __aeabi_cdcmpeq
                0x0000000008000b58                __aeabi_dcmpeq
                0x0000000008000b6c                __aeabi_dcmplt
                0x0000000008000b80                __aeabi_dcmple
                0x0000000008000b94                __aeabi_dcmpge
                0x0000000008000ba8                __aeabi_dcmpgt
 .text          0x0000000008000bbc       0xa0 /usr/bin/../lib/gcc/arm-none-eabi/4.9.3/armv7e-m/fpu/libgcc.a(_arm_truncdfsf2.o)
                0x0000000008000bbc                __aeabi_d2f
                0x0000000008000bbc                __truncdfsf2
 *(.text*)
 .text.startup.main
                0x0000000008000c5c     0x1ad8 /tmp/ccvze4t7.ltrans0.ltrans.o
                0x0000000008000c5c                main
 .text.make_sound.constprop.28
                0x0000000008002734     0x39c0 /tmp/ccvze4t7.ltrans1.ltrans.o
                0x0000000008002734                make_sound.constprop.28
 .text.USBH_MIDI_Process.lto_priv.168
                0x00000000080060f4     0x18ac /tmp/ccvze4t7.ltrans2.ltrans.o
                0x00000000080060f4                USBH_MIDI_Process.lto_priv.168
 .text.HAL_DMA_IRQHandler
                0x00000000080079a0      0xc88 /tmp/ccvze4t7.ltrans3.ltrans.o
                0x00000000080079a0                HAL_DMA_IRQHandler
 .text.cs43l22_Init
                0x0000000008008628      0x820 /tmp/ccvze4t7.ltrans4.ltrans.o
                0x0000000008008628                cs43l22_Init
 .text.cs43l22_ReadID
                0x0000000008008e48      0x248 /tmp/ccvze4t7.ltrans5.ltrans.o
                0x0000000008008e48                cs43l22_ReadID
 .text.cs43l22_SetFrequency
                0x0000000008009090        0x4 /tmp/ccvze4t7.ltrans6.ltrans.o
                0x0000000008009090                cs43l22_SetFrequency
 .text.cs43l22_SetOutputMode
                0x0000000008009094      0x2b4 /tmp/ccvze4t7.ltrans6.ltrans.o
                0x0000000008009094                cs43l22_SetOutputMode
 .text.cs43l22_SetMute
                0x0000000008009348       0xe8 /tmp/ccvze4t7.ltrans6.ltrans.o
                0x0000000008009348                cs43l22_SetMute
 .text.cs43l22_SetVolume
                0x0000000008009430      0x20c /tmp/ccvze4t7.ltrans6.ltrans.o
                0x0000000008009430                cs43l22_SetVolume
 .text.cs43l22_Stop
                0x000000000800963c      0x114 /tmp/ccvze4t7.ltrans6.ltrans.o
                0x000000000800963c                cs43l22_Stop
 .text.MagicPatch.part.2.lto_priv.142
                0x0000000008009750      0xc60 /tmp/ccvze4t7.ltrans7.ltrans.o
                0x0000000008009750                MagicPatch.part.2.lto_priv.142
 .text.SystemInit
                0x000000000800a3b0       0x50 /tmp/ccvze4t7.ltrans8.ltrans.o
                0x000000000800a3b0                SystemInit
 .text.TIM4_IRQHandler
                0x000000000800a400        0x4 /tmp/ccvze4t7.ltrans8.ltrans.o
                0x000000000800a400                TIM4_IRQHandler
 .text.DMA1_Stream3_IRQHandler
                0x000000000800a404        0x8 /tmp/ccvze4t7.ltrans8.ltrans.o
                0x000000000800a404                DMA1_Stream3_IRQHandler
 .text.DMA1_Stream7_IRQHandler
                0x000000000800a40c        0xc /tmp/ccvze4t7.ltrans8.ltrans.o
                0x000000000800a40c                DMA1_Stream7_IRQHandler
 .text.EXTI1_IRQHandler
                0x000000000800a418       0x14 /tmp/ccvze4t7.ltrans8.ltrans.o
                0x000000000800a418                EXTI1_IRQHandler
 .text.EXTI0_IRQHandler
                0x000000000800a42c       0x14 /tmp/ccvze4t7.ltrans8.ltrans.o
                0x000000000800a42c                EXTI0_IRQHandler
 .text.SysTick_Handler
                0x000000000800a440       0xcc /tmp/ccvze4t7.ltrans8.ltrans.o
                0x000000000800a440                SysTick_Handler
 .text.OTG_FS_IRQHandler
                0x000000000800a50c      0x978 /tmp/ccvze4t7.ltrans8.ltrans.o
                0x000000000800a50c                OTG_FS_IRQHandler
 .text.HAL_GPIO_Init.constprop.98
                0x000000000800ae84       0x78 /tmp/ccvze4t7.ltrans9.ltrans.o
                0x000000000800ae84                HAL_GPIO_Init.constprop.98
 .text.HAL_NVIC_SetPriority.constprop.96
                0x000000000800aefc       0x64 /tmp/ccvze4t7.ltrans9.ltrans.o
                0x000000000800aefc                HAL_NVIC_SetPriority.constprop.96
 .text.USBH_Get_DevDesc.constprop.104
                0x000000000800af60      0x48c /tmp/ccvze4t7.ltrans9.ltrans.o
                0x000000000800af60                USBH_Get_DevDesc.constprop.104
 .text.USBH_UserProcess_callback.lto_priv.164
                0x000000000800b3ec       0x6c /tmp/ccvze4t7.ltrans10.ltrans.o
                0x000000000800b3ec                USBH_UserProcess_callback.lto_priv.164
 .text.PendSV_Handler
                0x000000000800b458        0x4 /tmp/ccvze4t7.ltrans10.ltrans.o
                0x000000000800b458                PendSV_Handler
 .text.DebugMon_Handler
                0x000000000800b45c        0x4 /tmp/ccvze4t7.ltrans10.ltrans.o
                0x000000000800b45c                DebugMon_Handler
 .text.SVC_Handler
                0x000000000800b460        0x4 /tmp/ccvze4t7.ltrans10.ltrans.o
                0x000000000800b460                SVC_Handler
 .text.UsageFault_Handler
                0x000000000800b464        0x4 /tmp/ccvze4t7.ltrans10.ltrans.o
                0x000000000800b464                UsageFault_Handler
 .text.BusFault_Handler
                0x000000000800b468        0x4 /tmp/ccvze4t7.ltrans10.ltrans.o
                0x000000000800b468                BusFault_Handler
 .text.MemManage_Handler
                0x000000000800b46c        0x4 /tmp/ccvze4t7.ltrans10.ltrans.o
                0x000000000800b46c                MemManage_Handler
 .text.HardFault_Handler
                0x000000000800b470        0x4 /tmp/ccvze4t7.ltrans10.ltrans.o
                0x000000000800b470                HardFault_Handler
 .text.NMI_Handler
                0x000000000800b474        0x4 /tmp/ccvze4t7.ltrans10.ltrans.o
                0x000000000800b474                NMI_Handler
 .text.seq_sequence_new
                0x000000000800b478       0xc4 /tmp/ccvze4t7.ltrans10.ltrans.o
                0x000000000800b478                seq_sequence_new
 .text.Synth_Init
                0x000000000800b53c      0x690 /tmp/ccvze4t7.ltrans10.ltrans.o
                0x000000000800b53c                Synth_Init
 .text.SVF_calcSample
                0x000000000800bbcc      0x270 /tmp/ccvze4t7.ltrans10.ltrans.o
                0x000000000800bbcc                SVF_calcSample
 .text.Error_Handler
                0x000000000800be3c       0x10 /tmp/ccvze4t7.ltrans10.ltrans.o
                0x000000000800be3c                Error_Handler
 .text.USBH_Get_StringDesc.constprop.109
                0x000000000800be4c      0x418 /tmp/ccvze4t7.ltrans11.ltrans.o
                0x000000000800be4c                USBH_Get_StringDesc.constprop.109
 .text.USBH_MIDI_SOFProcess.lto_priv.169
                0x000000000800c264        0x4 /tmp/ccvze4t7.ltrans12.ltrans.o
                0x000000000800c264                USBH_MIDI_SOFProcess.lto_priv.169
 .text.HAL_Delay
                0x000000000800c268       0x1c /tmp/ccvze4t7.ltrans12.ltrans.o
                0x000000000800c268                HAL_Delay
 .text.USBH_CtlReq
                0x000000000800c284      0x3b4 /tmp/ccvze4t7.ltrans12.ltrans.o
                0x000000000800c284                USBH_CtlReq
 .text.USB_WritePacket
                0x000000000800c638       0x28 /tmp/ccvze4t7.ltrans13.ltrans.o
 .text.USB_FlushRxFifo
                0x000000000800c660       0x20 /tmp/ccvze4t7.ltrans13.ltrans.o
 .text.USB_FlushTxFifo
                0x000000000800c680       0x24 /tmp/ccvze4t7.ltrans13.ltrans.o
 .text.USB_DisableGlobalInt
                0x000000000800c6a4       0x10 /tmp/ccvze4t7.ltrans13.ltrans.o
                0x000000000800c6a4                USB_DisableGlobalInt
 .text.USB_EnableGlobalInt
                0x000000000800c6b4       0x10 /tmp/ccvze4t7.ltrans13.ltrans.o
                0x000000000800c6b4                USB_EnableGlobalInt
 .text.I2S_DMAError
                0x000000000800c6c4       0x30 /tmp/ccvze4t7.ltrans13.ltrans.o
                0x000000000800c6c4                I2S_DMAError
 .text.I2S_DMATxHalfCplt
                0x000000000800c6f4       0x30 /tmp/ccvze4t7.ltrans13.ltrans.o
                0x000000000800c6f4                I2S_DMATxHalfCplt
 .text.I2S_DMATxCplt
                0x000000000800c724       0x88 /tmp/ccvze4t7.ltrans13.ltrans.o
                0x000000000800c724                I2S_DMATxCplt
 .text.USB_StopHost
                0x000000000800c7ac      0x100 /tmp/ccvze4t7.ltrans13.ltrans.o
                0x000000000800c7ac                USB_StopHost
 .text.USB_DoPing
                0x000000000800c8ac       0x84 /tmp/ccvze4t7.ltrans13.ltrans.o
 .text.USB_HC_Halt
                0x000000000800c930      0x1f8 /tmp/ccvze4t7.ltrans13.ltrans.o
                0x000000000800c930                USB_HC_Halt
 .text.USB_HC_ReadInterrupt
                0x000000000800cb28       0x20 /tmp/ccvze4t7.ltrans13.ltrans.o
                0x000000000800cb28                USB_HC_ReadInterrupt
 .text.USB_HC_StartXfer
                0x000000000800cb48      0x284 /tmp/ccvze4t7.ltrans13.ltrans.o
                0x000000000800cb48                USB_HC_StartXfer
 .text.unlikely.USB_CoreReset.lto_priv.170
                0x000000000800cdcc       0x30 /tmp/ccvze4t7.ltrans13.ltrans.o
                0x000000000800cdcc                USB_CoreReset.lto_priv.170
 .text.HAL_RCC_GetHCLKFreq
                0x000000000800cdfc       0xc4 /tmp/ccvze4t7.ltrans13.ltrans.o
                0x000000000800cdfc                HAL_RCC_GetHCLKFreq
 .text.HAL_GPIO_Init
                0x000000000800cec0      0x22c /tmp/ccvze4t7.ltrans13.ltrans.o
                0x000000000800cec0                HAL_GPIO_Init
 .text.MagicFX.part.1.lto_priv.143
                0x000000000800d0ec      0x42c /tmp/ccvze4t7.ltrans14.ltrans.o
                0x000000000800d0ec                MagicFX.part.1.lto_priv.143
 .text.I2Cx_Init.lto_priv.175
                0x000000000800d518      0x204 /tmp/ccvze4t7.ltrans14.ltrans.o
                0x000000000800d518                I2Cx_Init.lto_priv.175
 .text.BSP_LED_Init
                0x000000000800d71c       0x58 /tmp/ccvze4t7.ltrans14.ltrans.o
                0x000000000800d71c                BSP_LED_Init
 .text.cs43l22_Resume
                0x000000000800d774      0x1ac /tmp/ccvze4t7.ltrans15.ltrans.o
                0x000000000800d774                cs43l22_Resume
 .text.cs43l22_Pause
                0x000000000800d920      0x108 /tmp/ccvze4t7.ltrans15.ltrans.o
                0x000000000800d920                cs43l22_Pause
 .text.cs43l22_Play
                0x000000000800da28      0x128 /tmp/ccvze4t7.ltrans15.ltrans.o
                0x000000000800da28                cs43l22_Play
 .text.USBH_MIDI_ClassRequest.lto_priv.167
                0x000000000800db50       0x10 /tmp/ccvze4t7.ltrans16.ltrans.o
                0x000000000800db50                USBH_MIDI_ClassRequest.lto_priv.167
 .text.USBH_MIDI_InterfaceInit.lto_priv.165
                0x000000000800db60      0x520 /tmp/ccvze4t7.ltrans16.ltrans.o
                0x000000000800db60                USBH_MIDI_InterfaceInit.lto_priv.165
 .text.USBH_MIDI_InterfaceDeInit.lto_priv.166
                0x000000000800e080       0xa8 /tmp/ccvze4t7.ltrans16.ltrans.o
                0x000000000800e080                USBH_MIDI_InterfaceDeInit.lto_priv.166
 .text.HAL_InitTick.constprop.79
                0x000000000800e128       0x44 /tmp/ccvze4t7.ltrans17.ltrans.o
                0x000000000800e128                HAL_InitTick.constprop.79
 .text.I2C_RequestMemoryWrite.constprop.55
                0x000000000800e16c       0xdc /tmp/ccvze4t7.ltrans17.ltrans.o
                0x000000000800e16c                I2C_RequestMemoryWrite.constprop.55
 .text.HAL_I2C_Mem_Write.part.16.constprop.52
                0x000000000800e248       0x9c /tmp/ccvze4t7.ltrans17.ltrans.o
                0x000000000800e248                HAL_I2C_Mem_Write.part.16.constprop.52
 .text.delay_read
                0x000000000800e2e4      0x144 /tmp/ccvze4t7.ltrans18.ltrans.o
 .text.mono_chorus_compute
                0x000000000800e428      0x148 /tmp/ccvze4t7.ltrans18.ltrans.o
                0x000000000800e428                mono_chorus_compute
 .text.malloc   0x000000000800e570       0x10 /usr/bin/../lib/gcc/arm-none-eabi/4.9.3/../../../../arm-none-eabi/lib/armv7e-m/fpu/libc.a(lib_a-malloc.o)
                0x000000000800e570                malloc
 .text.free     0x000000000800e580       0x10 /usr/bin/../lib/gcc/arm-none-eabi/4.9.3/../../../../arm-none-eabi/lib/armv7e-m/fpu/libc.a(lib_a-malloc.o)
                0x000000000800e580                free
 .text._malloc_r
                0x000000000800e590      0x51c /usr/bin/../lib/gcc/arm-none-eabi/4.9.3/../../../../arm-none-eabi/lib/armv7e-m/fpu/libc.a(lib_a-mallocr.o)
                0x000000000800e590                _malloc_r
 .text.__malloc_lock
                0x000000000800eaac        0x4 /usr/bin/../lib/gcc/arm-none-eabi/4.9.3/../../../../arm-none-eabi/lib/armv7e-m/fpu/libc.a(lib_a-mlock.o)
                0x000000000800eaac                __malloc_lock
 .text.__malloc_unlock
                0x000000000800eab0        0x4 /usr/bin/../lib/gcc/arm-none-eabi/4.9.3/../../../../arm-none-eabi/lib/armv7e-m/fpu/libc.a(lib_a-mlock.o)
                0x000000000800eab0                __malloc_unlock
 .text._sbrk_r  0x000000000800eab4       0x24 /usr/bin/../lib/gcc/arm-none-eabi/4.9.3/../../../../arm-none-eabi/lib/armv7e-m/fpu/libc.a(lib_a-sbrkr.o)
                0x000000000800eab4                _sbrk_r
 .text._malloc_trim_r
                0x000000000800ead8       0x9c /usr/bin/../lib/gcc/arm-none-eabi/4.9.3/../../../../arm-none-eabi/lib/armv7e-m/fpu/libc.a(lib_a-freer.o)
                0x000000000800ead8                _malloc_trim_r
 .text._free_r  0x000000000800eb74      0x1b0 /usr/bin/../lib/gcc/arm-none-eabi/4.9.3/../../../../arm-none-eabi/lib/armv7e-m/fpu/libc.a(lib_a-freer.o)
                0x000000000800eb74                _free_r
 .text._sbrk    0x000000000800ed24       0x1c /usr/bin/../lib/gcc/arm-none-eabi/4.9.3/../../../../arm-none-eabi/lib/armv7e-m/fpu/libnosys.a(sbrk.o)
                0x000000000800ed24                _sbrk
 .text.Reset_Handler
                0x000000000800ed40       0x50 ./Synth/startup_stm32f407xx.o
                0x000000000800ed40                Reset_Handler
 .text.Default_Handler
                0x000000000800ed90        0x2 ./Synth/startup_stm32f407xx.o
                0x000000000800ed90                RTC_Alarm_IRQHandler
                0x000000000800ed90                HASH_RNG_IRQHandler
                0x000000000800ed90                EXTI2_IRQHandler
                0x000000000800ed90                TIM8_CC_IRQHandler
                0x000000000800ed90                TIM1_CC_IRQHandler
                0x000000000800ed90                DMA2_Stream5_IRQHandler
                0x000000000800ed90                DMA1_Stream5_IRQHandler
                0x000000000800ed90                PVD_IRQHandler
                0x000000000800ed90                SDIO_IRQHandler
                0x000000000800ed90                TAMP_STAMP_IRQHandler
                0x000000000800ed90                CAN2_RX1_IRQHandler
                0x000000000800ed90                EXTI3_IRQHandler
                0x000000000800ed90                TIM8_TRG_COM_TIM14_IRQHandler
                0x000000000800ed90                TIM1_UP_TIM10_IRQHandler
                0x000000000800ed90                TIM8_UP_TIM13_IRQHandler
                0x000000000800ed90                I2C3_ER_IRQHandler
                0x000000000800ed90                I2C2_EV_IRQHandler
                0x000000000800ed90                DMA1_Stream2_IRQHandler
                0x000000000800ed90                CAN1_RX0_IRQHandler
                0x000000000800ed90                FPU_IRQHandler
                0x000000000800ed90                OTG_HS_WKUP_IRQHandler
                0x000000000800ed90                CAN2_SCE_IRQHandler
                0x000000000800ed90                DMA2_Stream2_IRQHandler
                0x000000000800ed90                SPI1_IRQHandler
                0x000000000800ed90                TIM6_DAC_IRQHandler
                0x000000000800ed90                TIM1_BRK_TIM9_IRQHandler
                0x000000000800ed90                DCMI_IRQHandler
                0x000000000800ed90                CAN2_RX0_IRQHandler
                0x000000000800ed90                DMA2_Stream3_IRQHandler
                0x000000000800ed90                USART6_IRQHandler
                0x000000000800ed90                USART3_IRQHandler
                0x000000000800ed90                CAN1_RX1_IRQHandler
                0x000000000800ed90                UART5_IRQHandler
                0x000000000800ed90                DMA2_Stream0_IRQHandler
                0x000000000800ed90                I2C1_EV_IRQHandler
                0x000000000800ed90                DMA1_Stream6_IRQHandler
                0x000000000800ed90                DMA1_Stream1_IRQHandler
                0x000000000800ed90                UART4_IRQHandler
                0x000000000800ed90                TIM3_IRQHandler
                0x000000000800ed90                RCC_IRQHandler
                0x000000000800ed90                TIM8_BRK_TIM12_IRQHandler
                0x000000000800ed90                Default_Handler
                0x000000000800ed90                EXTI15_10_IRQHandler
                0x000000000800ed90                ADC_IRQHandler
                0x000000000800ed90                TIM7_IRQHandler
                0x000000000800ed90                CAN2_TX_IRQHandler
                0x000000000800ed90                TIM5_IRQHandler
                0x000000000800ed90                DMA2_Stream7_IRQHandler
                0x000000000800ed90                I2C3_EV_IRQHandler
                0x000000000800ed90                EXTI9_5_IRQHandler
                0x000000000800ed90                RTC_WKUP_IRQHandler
                0x000000000800ed90                ETH_WKUP_IRQHandler
                0x000000000800ed90                SPI2_IRQHandler
                0x000000000800ed90                OTG_HS_EP1_IN_IRQHandler
                0x000000000800ed90                DMA1_Stream0_IRQHandler
                0x000000000800ed90                CAN1_TX_IRQHandler
                0x000000000800ed90                EXTI4_IRQHandler
                0x000000000800ed90                FSMC_IRQHandler
                0x000000000800ed90                ETH_IRQHandler
                0x000000000800ed90                OTG_HS_EP1_OUT_IRQHandler
                0x000000000800ed90                WWDG_IRQHandler
                0x000000000800ed90                TIM2_IRQHandler
                0x000000000800ed90                OTG_FS_WKUP_IRQHandler
                0x000000000800ed90                TIM1_TRG_COM_TIM11_IRQHandler
                0x000000000800ed90                OTG_HS_IRQHandler
                0x000000000800ed90                USART2_IRQHandler
                0x000000000800ed90                I2C2_ER_IRQHandler
                0x000000000800ed90                DMA2_Stream1_IRQHandler
                0x000000000800ed90                CAN1_SCE_IRQHandler
                0x000000000800ed90                FLASH_IRQHandler
                0x000000000800ed90                DMA2_Stream4_IRQHandler
                0x000000000800ed90                USART1_IRQHandler
                0x000000000800ed90                SPI3_IRQHandler
                0x000000000800ed90                DMA1_Stream4_IRQHandler
                0x000000000800ed90                I2C1_ER_IRQHandler
                0x000000000800ed90                DMA2_Stream6_IRQHandler
 *fill*         0x000000000800ed92        0x2 
 .text.__libc_init_array
                0x000000000800ed94       0x50 /usr/bin/../lib/gcc/arm-none-eabi/4.9.3/../../../../arm-none-eabi/lib/armv7e-m/fpu/libc.a(lib_a-init.o)
                0x000000000800ed94                __libc_init_array
 .text.memset   0x000000000800ede4       0x9c /usr/bin/../lib/gcc/arm-none-eabi/4.9.3/../../../../arm-none-eabi/lib/armv7e-m/fpu/libc.a(lib_a-memset.o)
                0x000000000800ede4                memset
 .text.srand    0x000000000800ee80       0x14 /usr/bin/../lib/gcc/arm-none-eabi/4.9.3/../../../../arm-none-eabi/lib/armv7e-m/fpu/libc.a(lib_a-rand.o)
                0x000000000800ee80                srand
 .text.rand     0x000000000800ee94       0x40 /usr/bin/../lib/gcc/arm-none-eabi/4.9.3/../../../../arm-none-eabi/lib/armv7e-m/fpu/libc.a(lib_a-rand.o)
                0x000000000800ee94                rand
 .text.startup.register_fini
                0x000000000800eed4       0x14 /usr/bin/../lib/gcc/arm-none-eabi/4.9.3/../../../../arm-none-eabi/lib/armv7e-m/fpu/libc.a(lib_a-__call_atexit.o)
 .text.atexit   0x000000000800eee8        0xc /usr/bin/../lib/gcc/arm-none-eabi/4.9.3/../../../../arm-none-eabi/lib/armv7e-m/fpu/libc.a(lib_a-atexit.o)
                0x000000000800eee8                atexit
 .text.__libc_fini_array
                0x000000000800eef4       0x2c /usr/bin/../lib/gcc/arm-none-eabi/4.9.3/../../../../arm-none-eabi/lib/armv7e-m/fpu/libc.a(lib_a-fini.o)
                0x000000000800eef4                __libc_fini_array
 .text.__register_exitproc
                0x000000000800ef20       0xa4 /usr/bin/../lib/gcc/arm-none-eabi/4.9.3/../../../../arm-none-eabi/lib/armv7e-m/fpu/libc.a(lib_a-__atexit.o)
                0x000000000800ef20                __register_exitproc
 .text.floorf   0x000000000800efc4       0x90 /usr/bin/../lib/gcc/arm-none-eabi/4.9.3/../../../../arm-none-eabi/lib/armv7e-m/fpu/libm.a(lib_a-sf_floor.o)
                0x000000000800efc4                floorf
 .text.lrintf   0x000000000800f054       0x8c /usr/bin/../lib/gcc/arm-none-eabi/4.9.3/../../../../arm-none-eabi/lib/armv7e-m/fpu/libm.a(lib_a-sf_lrint.o)
                0x000000000800f054                lrintf
 .text.rintf    0x000000000800f0e0       0xd0 /usr/bin/../lib/gcc/arm-none-eabi/4.9.3/../../../../arm-none-eabi/lib/armv7e-m/fpu/libm.a(lib_a-sf_rint.o)
                0x000000000800f0e0                rintf
 .text.sinf     0x000000000800f1b0       0x7c /usr/bin/../lib/gcc/arm-none-eabi/4.9.3/../../../../arm-none-eabi/lib/armv7e-m/fpu/libm.a(lib_a-sf_sin.o)
                0x000000000800f1b0                sinf
 .text.powf     0x000000000800f22c      0x344 /usr/bin/../lib/gcc/arm-none-eabi/4.9.3/../../../../arm-none-eabi/lib/armv7e-m/fpu/libm.a(lib_a-wf_pow.o)
                0x000000000800f22c                powf
 .text.__ieee754_powf
                0x000000000800f570      0x5f0 /usr/bin/../lib/gcc/arm-none-eabi/4.9.3/../../../../arm-none-eabi/lib/armv7e-m/fpu/libm.a(lib_a-ef_pow.o)
                0x000000000800f570                __ieee754_powf
 .text.__ieee754_rem_pio2f
                0x000000000800fb60      0x290 /usr/bin/../lib/gcc/arm-none-eabi/4.9.3/../../../../arm-none-eabi/lib/armv7e-m/fpu/libm.a(lib_a-ef_rem_pio2.o)
                0x000000000800fb60                __ieee754_rem_pio2f
 .text.__ieee754_sqrtf
                0x000000000800fdf0       0xa4 /usr/bin/../lib/gcc/arm-none-eabi/4.9.3/../../../../arm-none-eabi/lib/armv7e-m/fpu/libm.a(lib_a-ef_sqrt.o)
                0x000000000800fdf0                __ieee754_sqrtf
 .text.__kernel_cosf
                0x000000000800fe94      0x104 /usr/bin/../lib/gcc/arm-none-eabi/4.9.3/../../../../arm-none-eabi/lib/armv7e-m/fpu/libm.a(lib_a-kf_cos.o)
                0x000000000800fe94                __kernel_cosf
 .text.__kernel_rem_pio2f
                0x000000000800ff98      0x5e4 /usr/bin/../lib/gcc/arm-none-eabi/4.9.3/../../../../arm-none-eabi/lib/armv7e-m/fpu/libm.a(lib_a-kf_rem_pio2.o)
                0x000000000800ff98                __kernel_rem_pio2f
 .text.__kernel_sinf
                0x000000000801057c       0x90 /usr/bin/../lib/gcc/arm-none-eabi/4.9.3/../../../../arm-none-eabi/lib/armv7e-m/fpu/libm.a(lib_a-kf_sin.o)
                0x000000000801057c                __kernel_sinf
 .text.matherr  0x000000000801060c        0x4 /usr/bin/../lib/gcc/arm-none-eabi/4.9.3/../../../../arm-none-eabi/lib/armv7e-m/fpu/libm.a(lib_a-s_matherr.o)
                0x000000000801060c                matherr
 .text.rint     0x0000000008010610      0x124 /usr/bin/../lib/gcc/arm-none-eabi/4.9.3/../../../../arm-none-eabi/lib/armv7e-m/fpu/libm.a(lib_a-s_rint.o)
                0x0000000008010610                rint
 .text.fabsf    0x0000000008010734       0x10 /usr/bin/../lib/gcc/arm-none-eabi/4.9.3/../../../../arm-none-eabi/lib/armv7e-m/fpu/libm.a(lib_a-sf_fabs.o)
                0x0000000008010734                fabsf
 .text.finitef  0x0000000008010744       0x14 /usr/bin/../lib/gcc/arm-none-eabi/4.9.3/../../../../arm-none-eabi/lib/armv7e-m/fpu/libm.a(lib_a-sf_finite.o)
                0x0000000008010744                finitef
 .text.__fpclassifyf
                0x0000000008010758       0x38 /usr/bin/../lib/gcc/arm-none-eabi/4.9.3/../../../../arm-none-eabi/lib/armv7e-m/fpu/libm.a(lib_a-sf_fpclassify.o)
                0x0000000008010758                __fpclassifyf
 .text.nanf     0x0000000008010790        0xc /usr/bin/../lib/gcc/arm-none-eabi/4.9.3/../../../../arm-none-eabi/lib/armv7e-m/fpu/libm.a(lib_a-sf_nan.o)
                0x0000000008010790                nanf
 .text.scalbnf  0x000000000801079c       0xd0 /usr/bin/../lib/gcc/arm-none-eabi/4.9.3/../../../../arm-none-eabi/lib/armv7e-m/fpu/libm.a(lib_a-sf_scalbn.o)
                0x000000000801079c                scalbnf
 .text.copysignf
                0x000000000801086c       0x18 /usr/bin/../lib/gcc/arm-none-eabi/4.9.3/../../../../arm-none-eabi/lib/armv7e-m/fpu/libm.a(lib_a-sf_copysign.o)
                0x000000000801086c                copysignf
 .text.__errno  0x0000000008010884        0xc /usr/bin/../lib/gcc/arm-none-eabi/4.9.3/../../../../arm-none-eabi/lib/armv7e-m/fpu/libc.a(lib_a-errno.o)
                0x0000000008010884                __errno
 *(.glue_7)
 .glue_7        0x0000000000000000        0x0 linker stubs
 *(.glue_7t)
 .glue_7t       0x0000000000000000        0x0 linker stubs
 *(.eh_frame)
 .eh_frame      0x0000000008010890        0x0 /usr/bin/../lib/gcc/arm-none-eabi/4.9.3/armv7e-m/fpu/crtbegin.o
 *(.init)
 .init          0x0000000008010890        0x4 /usr/bin/../lib/gcc/arm-none-eabi/4.9.3/armv7e-m/fpu/crti.o
                0x0000000008010890                _init
 .init          0x0000000008010894        0x8 /usr/bin/../lib/gcc/arm-none-eabi/4.9.3/armv7e-m/fpu/crtn.o
 *(.fini)
 .fini          0x000000000801089c        0x4 /usr/bin/../lib/gcc/arm-none-eabi/4.9.3/armv7e-m/fpu/crti.o
                0x000000000801089c                _fini
 .fini          0x00000000080108a0        0x8 /usr/bin/../lib/gcc/arm-none-eabi/4.9.3/armv7e-m/fpu/crtn.o
                0x00000000080108a8                . = ALIGN (0x4)
                0x00000000080108a8                _etext = .

.vfp11_veneer   0x00000000080108a8        0x0
 .vfp11_veneer  0x0000000000000000        0x0 linker stubs

.v4_bx          0x00000000080108a8        0x0
 .v4_bx         0x0000000000000000        0x0 linker stubs

.iplt           0x00000000080108a8        0x0
 .iplt          0x0000000000000000        0x0 /usr/bin/../lib/gcc/arm-none-eabi/4.9.3/armv7e-m/fpu/crtbegin.o

.rodata         0x00000000080108a8     0xed98
                0x00000000080108a8                . = ALIGN (0x4)
 *(.rodata)
 *(.rodata*)
 .rodata.str1.4
                0x00000000080108a8        0x5 /tmp/ccvze4t7.ltrans0.ltrans.o
                                          0x8 (size before relaxing)
 *fill*         0x00000000080108ad        0x3 
 .rodata.CSWTCH.11
                0x00000000080108b0        0x4 /tmp/ccvze4t7.ltrans0.ltrans.o
 .rodata.step_dd_table
                0x00000000080108b4     0x9008 /tmp/ccvze4t7.ltrans1.ltrans.o
 .rodata.slope_dd_table
                0x00000000080198bc     0x4704 /tmp/ccvze4t7.ltrans1.ltrans.o
 .rodata.notesFreq
                0x000000000801dfc0      0x1ac /tmp/ccvze4t7.ltrans1.ltrans.o
 .rodata.sinetable
                0x000000000801e16c     0x1004 /tmp/ccvze4t7.ltrans1.ltrans.o
                0x000000000801e16c                sinetable
 .rodata.MIDIscale04
                0x000000000801f170        0x8 /tmp/ccvze4t7.ltrans7.ltrans.o
                0x000000000801f170                MIDIscale04
 .rodata.MIDIscale05
                0x000000000801f178        0x8 /tmp/ccvze4t7.ltrans7.ltrans.o
                0x000000000801f178                MIDIscale05
 .rodata.MIDIscale11
                0x000000000801f180        0x8 /tmp/ccvze4t7.ltrans7.ltrans.o
                0x000000000801f180                MIDIscale11
 .rodata.MIDIscale12
                0x000000000801f188       0x10 /tmp/ccvze4t7.ltrans7.ltrans.o
                0x000000000801f188                MIDIscale12
 .rodata.MIDIscale08
                0x000000000801f198        0x4 /tmp/ccvze4t7.ltrans7.ltrans.o
                0x000000000801f198                MIDIscale08
 .rodata.MIDIscale09
                0x000000000801f19c        0x4 /tmp/ccvze4t7.ltrans7.ltrans.o
                0x000000000801f19c                MIDIscale09
 .rodata.MIDIscale07
                0x000000000801f1a0        0x4 /tmp/ccvze4t7.ltrans7.ltrans.o
                0x000000000801f1a0                MIDIscale07
 .rodata.MIDIscale06
                0x000000000801f1a4        0x8 /tmp/ccvze4t7.ltrans7.ltrans.o
                0x000000000801f1a4                MIDIscale06
 .rodata.MIDIscale10
                0x000000000801f1ac        0x8 /tmp/ccvze4t7.ltrans7.ltrans.o
                0x000000000801f1ac                MIDIscale10
 .rodata.CSWTCH.11.lto_priv.177
                0x000000000801f1b4       0x3c /tmp/ccvze4t7.ltrans7.ltrans.o
                0x000000000801f1b4                CSWTCH.11.lto_priv.177
 .rodata.MIDIscale14
                0x000000000801f1f0        0x4 /tmp/ccvze4t7.ltrans7.ltrans.o
                0x000000000801f1f0                MIDIscale14
 .rodata.MIDIscale01
                0x000000000801f1f4        0x8 /tmp/ccvze4t7.ltrans7.ltrans.o
                0x000000000801f1f4                MIDIscale01
 .rodata.MIDIscale02
                0x000000000801f1fc        0x8 /tmp/ccvze4t7.ltrans7.ltrans.o
                0x000000000801f1fc                MIDIscale02
 .rodata.MIDIscale03
                0x000000000801f204        0x8 /tmp/ccvze4t7.ltrans7.ltrans.o
                0x000000000801f204                MIDIscale03
 .rodata.GPIO_PIN
                0x000000000801f20c        0x8 /tmp/ccvze4t7.ltrans8.ltrans.o
                0x000000000801f20c                GPIO_PIN
 .rodata.MIDIscale13
                0x000000000801f214        0x4 /tmp/ccvze4t7.ltrans10.ltrans.o
                0x000000000801f214                MIDIscale13
 .rodata.APBAHBPrescTable
                0x000000000801f218       0x10 /tmp/ccvze4t7.ltrans14.ltrans.o
                0x000000000801f218                APBAHBPrescTable
 .rodata.str1.4
                0x000000000801f228        0x2 /usr/bin/../lib/gcc/arm-none-eabi/4.9.3/../../../../arm-none-eabi/lib/armv7e-m/fpu/libc.a(lib_a-impure.o)
                                          0x4 (size before relaxing)
 *fill*         0x000000000801f22a        0x2 
 .rodata._global_impure_ptr
                0x000000000801f22c        0x4 /usr/bin/../lib/gcc/arm-none-eabi/4.9.3/../../../../arm-none-eabi/lib/armv7e-m/fpu/libc.a(lib_a-impure.o)
                0x000000000801f22c                _global_impure_ptr
 .rodata.TWO23  0x000000000801f230        0x8 /usr/bin/../lib/gcc/arm-none-eabi/4.9.3/../../../../arm-none-eabi/lib/armv7e-m/fpu/libm.a(lib_a-sf_lrint.o)
 .rodata.TWO23  0x000000000801f238        0x8 /usr/bin/../lib/gcc/arm-none-eabi/4.9.3/../../../../arm-none-eabi/lib/armv7e-m/fpu/libm.a(lib_a-sf_rint.o)
 .rodata.str1.4
                0x000000000801f240        0x5 /usr/bin/../lib/gcc/arm-none-eabi/4.9.3/../../../../arm-none-eabi/lib/armv7e-m/fpu/libm.a(lib_a-wf_pow.o)
                                          0x8 (size before relaxing)
 *fill*         0x000000000801f245        0x3 
 .rodata.dp_h   0x000000000801f248        0x8 /usr/bin/../lib/gcc/arm-none-eabi/4.9.3/../../../../arm-none-eabi/lib/armv7e-m/fpu/libm.a(lib_a-ef_pow.o)
 .rodata.dp_l   0x000000000801f250        0x8 /usr/bin/../lib/gcc/arm-none-eabi/4.9.3/../../../../arm-none-eabi/lib/armv7e-m/fpu/libm.a(lib_a-ef_pow.o)
 .rodata.bp     0x000000000801f258        0x8 /usr/bin/../lib/gcc/arm-none-eabi/4.9.3/../../../../arm-none-eabi/lib/armv7e-m/fpu/libm.a(lib_a-ef_pow.o)
 .rodata.str1.4
                0x0000000000000000        0x8 /usr/bin/../lib/gcc/arm-none-eabi/4.9.3/../../../../arm-none-eabi/lib/armv7e-m/fpu/libm.a(lib_a-ef_pow.o)
                                          0x4 (size before relaxing)
 .rodata.npio2_hw
                0x000000000801f260       0x80 /usr/bin/../lib/gcc/arm-none-eabi/4.9.3/../../../../arm-none-eabi/lib/armv7e-m/fpu/libm.a(lib_a-ef_rem_pio2.o)
 .rodata.two_over_pi
                0x000000000801f2e0      0x318 /usr/bin/../lib/gcc/arm-none-eabi/4.9.3/../../../../arm-none-eabi/lib/armv7e-m/fpu/libm.a(lib_a-ef_rem_pio2.o)
 .rodata.init_jk
                0x000000000801f5f8        0xc /usr/bin/../lib/gcc/arm-none-eabi/4.9.3/../../../../arm-none-eabi/lib/armv7e-m/fpu/libm.a(lib_a-kf_rem_pio2.o)
 .rodata.PIo2   0x000000000801f604       0x2c /usr/bin/../lib/gcc/arm-none-eabi/4.9.3/../../../../arm-none-eabi/lib/armv7e-m/fpu/libm.a(lib_a-kf_rem_pio2.o)
 .rodata.TWO52  0x000000000801f630       0x10 /usr/bin/../lib/gcc/arm-none-eabi/4.9.3/../../../../arm-none-eabi/lib/armv7e-m/fpu/libm.a(lib_a-s_rint.o)
                0x000000000801f640                . = ALIGN (0x4)

.rel.dyn        0x000000000801f640        0x0
 .rel.iplt      0x0000000000000000        0x0 /usr/bin/../lib/gcc/arm-none-eabi/4.9.3/armv7e-m/fpu/crtbegin.o

.ARM.extab
 *(.ARM.extab* .gnu.linkonce.armextab.*)

.ARM            0x000000000801f640        0x0
                0x000000000801f640                __exidx_start = .
 *(.ARM.exidx*)
                0x000000000801f640                __exidx_end = .

.preinit_array  0x000000000801f640        0x0
                0x000000000801f640                PROVIDE (__preinit_array_start, .)
 *(.preinit_array*)
                0x000000000801f640                PROVIDE (__preinit_array_end, .)

.init_array     0x000000000801f640        0x8
                0x000000000801f640                PROVIDE (__init_array_start, .)
 *(SORT(.init_array.*))
 .init_array.00000
                0x000000000801f640        0x4 /usr/bin/../lib/gcc/arm-none-eabi/4.9.3/../../../../arm-none-eabi/lib/armv7e-m/fpu/libc.a(lib_a-__call_atexit.o)
 *(.init_array*)
 .init_array    0x000000000801f644        0x4 /usr/bin/../lib/gcc/arm-none-eabi/4.9.3/armv7e-m/fpu/crtbegin.o
                0x000000000801f648                PROVIDE (__init_array_end, .)

.fini_array     0x000000000801f648        0x4
                0x000000000801f648                PROVIDE (__fini_array_start, .)
 *(SORT(.fini_array.*))
 *(.fini_array*)
 .fini_array    0x000000000801f648        0x4 /usr/bin/../lib/gcc/arm-none-eabi/4.9.3/armv7e-m/fpu/crtbegin.o
                0x000000000801f64c                PROVIDE (__fini_array_end, .)
                0x000000000801f64c                _sidata = LOADADDR (.data)

.data           0x0000000020000000      0x8b8 load address 0x000000000801f64c
                0x0000000020000000                . = ALIGN (0x4)
                0x0000000020000000                _sdata = .
 *(.data)
 *(.data*)
 .data.cs43l22_drv
                0x0000000020000000       0x2c /tmp/ccvze4t7.ltrans0.ltrans.o
 .data.MIDI_Class
                0x000000002000002c       0x20 /tmp/ccvze4t7.ltrans0.ltrans.o
 .data.demoMode
                0x000000002000004c        0x1 /tmp/ccvze4t7.ltrans1.ltrans.o
                0x000000002000004c                demoMode
 *fill*         0x000000002000004d        0x3 
 .data.fdb.lto_priv.172
                0x0000000020000050        0x4 /tmp/ccvze4t7.ltrans1.ltrans.o
                0x0000000020000050                fdb.lto_priv.172
 .data.centralFreq
                0x0000000020000054        0x4 /tmp/ccvze4t7.ltrans1.ltrans.o
                0x0000000020000054                centralFreq
 .data.wet.lto_priv.140
                0x0000000020000058        0x4 /tmp/ccvze4t7.ltrans1.ltrans.o
                0x0000000020000058                wet.lto_priv.140
 .data.volume   0x000000002000005c        0x1 /tmp/ccvze4t7.ltrans2.ltrans.o
 .data.Is_cs43l22_Stop.lto_priv.176
                0x000000002000005d        0x1 /tmp/ccvze4t7.ltrans6.ltrans.o
                0x000000002000005d                Is_cs43l22_Stop.lto_priv.176
 *fill*         0x000000002000005e        0x2 
 .data.GPIO_PORT
                0x0000000020000060       0x10 /tmp/ccvze4t7.ltrans8.ltrans.o
                0x0000000020000060                GPIO_PORT
 .data.Count    0x0000000020000070        0x1 /tmp/ccvze4t7.ltrans8.ltrans.o
 *fill*         0x0000000020000071        0x3 
 .data.SystemCoreClock
                0x0000000020000074        0x4 /tmp/ccvze4t7.ltrans13.ltrans.o
 .data.__malloc_av_
                0x0000000020000078      0x408 /usr/bin/../lib/gcc/arm-none-eabi/4.9.3/../../../../arm-none-eabi/lib/armv7e-m/fpu/libc.a(lib_a-mallocr.o)
                0x0000000020000078                __malloc_av_
 .data.__malloc_trim_threshold
                0x0000000020000480        0x4 /usr/bin/../lib/gcc/arm-none-eabi/4.9.3/../../../../arm-none-eabi/lib/armv7e-m/fpu/libc.a(lib_a-mallocr.o)
                0x0000000020000480                __malloc_trim_threshold
 .data.__malloc_sbrk_base
                0x0000000020000484        0x4 /usr/bin/../lib/gcc/arm-none-eabi/4.9.3/../../../../arm-none-eabi/lib/armv7e-m/fpu/libc.a(lib_a-mallocr.o)
                0x0000000020000484                __malloc_sbrk_base
 .data.impure_data
                0x0000000020000488      0x428 /usr/bin/../lib/gcc/arm-none-eabi/4.9.3/../../../../arm-none-eabi/lib/armv7e-m/fpu/libc.a(lib_a-impure.o)
 .data._impure_ptr
                0x00000000200008b0        0x4 /usr/bin/../lib/gcc/arm-none-eabi/4.9.3/../../../../arm-none-eabi/lib/armv7e-m/fpu/libc.a(lib_a-impure.o)
                0x00000000200008b0                _impure_ptr
 .data.__fdlib_version
                0x00000000200008b4        0x1 /usr/bin/../lib/gcc/arm-none-eabi/4.9.3/../../../../arm-none-eabi/lib/armv7e-m/fpu/libm.a(lib_a-s_lib_ver.o)
                0x00000000200008b4                __fdlib_version
                0x00000000200008b8                . = ALIGN (0x4)
 *fill*         0x00000000200008b5        0x3 
                0x00000000200008b8                _edata = .
                0x000000000801ff04                _siccmram = LOADADDR (.ccmram)

.jcr            0x00000000200008b8        0x0 load address 0x000000000801ff04
 .jcr           0x00000000200008b8        0x0 /usr/bin/../lib/gcc/arm-none-eabi/4.9.3/armv7e-m/fpu/crtbegin.o

.igot.plt       0x00000000200008b8        0x0 load address 0x000000000801ff04
 .igot.plt      0x0000000000000000        0x0 /usr/bin/../lib/gcc/arm-none-eabi/4.9.3/armv7e-m/fpu/crtbegin.o

.ccmram         0x0000000010000000     0x3ed4 load address 0x000000000801ff04
                0x0000000010000000                . = ALIGN (0x4)
                0x0000000010000000                _sccmram = .
 *(.ccmram)
 .ccmram        0x0000000010000000     0x3ed4 /tmp/ccvze4t7.ltrans1.ltrans.o
                0x0000000010000000                seq
                0x0000000010000054                noteG
                0x0000000010000068                a
                0x0000000010000094                ph
                0x00000000100000c0                adsr
                0x00000000100000e8                autoFilterON.lto_priv.148
                0x00000000100000ec                SVFilter
                0x000000001000010c                autoSound.lto_priv.149
                0x000000001000010d                sound.lto_priv.147
                0x0000000010000114                vol.lto_priv.146
                0x0000000010000118                vibr_lfo
                0x0000000010000138                op1
                0x0000000010000158                mbTriOsc
                0x00000000100006b0                mbRectOsc
                0x0000000010000c0c                op2
                0x0000000010000c2c                op3
                0x0000000010000c4c                d1
                0x0000000010000c78                d2
                0x0000000010000ca4                d3
                0x0000000010000cd0                op4
                0x0000000010000cf0                mbSawOsc
                0x000000001000123c                amp_lfo
                0x000000001000125c                env.lto_priv.145
                0x0000000010001260                filt_lfo
                0x0000000010001280                filt2_lfo
                0x00000000100012a0                SVFilter2
                0x00000000100012c0                delayON.lto_priv.151
                0x00000000100012c1                phaserON.lto_priv.152
                0x00000000100012c2                chorusON.lto_priv.150
                0x00000000100012c4                delL.lto_priv.157
                0x00000000100028bc                lfoL.lto_priv.159
                0x00000000100028cc                delR.lto_priv.158
                0x0000000010003ec4                lfoR.lto_priv.160
 *(.ccmram*)
                0x0000000010003ed4                . = ALIGN (0x4)
                0x0000000010003ed4                _eccmram = .
                0x0000000010003ed4                . = ALIGN (0x4)

.bss            0x00000000200008b8    0x1ef0c
                0x00000000200008b8                _sbss = .
                0x00000000200008b8                __bss_start__ = _sbss
 *(.bss)
 .bss           0x00000000200008b8       0x1c /usr/bin/../lib/gcc/arm-none-eabi/4.9.3/armv7e-m/fpu/crtbegin.o
 *(.bss*)
 .bss.audiobuff
                0x00000000200008d4      0xfa0 /tmp/ccvze4t7.ltrans0.ltrans.o
                0x00000000200008d4                audiobuff
 .bss.hdma_i2sTx.7231
                0x0000000020001874       0x50 /tmp/ccvze4t7.ltrans0.ltrans.o
 .bss.RngHandle
                0x00000000200018c4        0x8 /tmp/ccvze4t7.ltrans0.ltrans.o
 .bss.MIDI_RX_Buffer
                0x00000000200018cc       0x40 /tmp/ccvze4t7.ltrans0.ltrans.o
                0x00000000200018cc                MIDI_RX_Buffer
 .bss.pAudioDrv.lto_priv.178
                0x000000002000190c        0x4 /tmp/ccvze4t7.ltrans0.ltrans.o
                0x000000002000190c                pAudioDrv.lto_priv.178
 .bss.old_dy    0x0000000020001910        0x4 /tmp/ccvze4t7.ltrans1.ltrans.o
 .bss.delayline.lto_priv.162
                0x0000000020001914    0x1d4c8 /tmp/ccvze4t7.ltrans1.ltrans.o
                0x0000000020001914                delayline.lto_priv.162
 .bss.wet.lto_priv.141
                0x000000002001eddc        0x4 /tmp/ccvze4t7.ltrans1.ltrans.o
                0x000000002001eddc                wet.lto_priv.141
 .bss.filterFreq2
                0x000000002001ede0        0x4 /tmp/ccvze4t7.ltrans1.ltrans.o
                0x000000002001ede0                filterFreq2
 .bss.writepos.lto_priv.163
                0x000000002001ede4        0x4 /tmp/ccvze4t7.ltrans1.ltrans.o
                0x000000002001ede4                writepos.lto_priv.163
 .bss.a1        0x000000002001ede8        0x4 /tmp/ccvze4t7.ltrans1.ltrans.o
 .bss.dmax.lto_priv.155
                0x000000002001edec        0x4 /tmp/ccvze4t7.ltrans1.ltrans.o
                0x000000002001edec                dmax.lto_priv.155
 .bss.filterFreq
                0x000000002001edf0        0x4 /tmp/ccvze4t7.ltrans1.ltrans.o
                0x000000002001edf0                filterFreq
 .bss.lfoPhase  0x000000002001edf4        0x4 /tmp/ccvze4t7.ltrans1.ltrans.o
 .bss.old       0x000000002001edf8       0x18 /tmp/ccvze4t7.ltrans1.ltrans.o
 .bss.lfoInc.lto_priv.156
                0x000000002001ee10        0x4 /tmp/ccvze4t7.ltrans1.ltrans.o
                0x000000002001ee10                lfoInc.lto_priv.156
 .bss.zm1       0x000000002001ee14        0x4 /tmp/ccvze4t7.ltrans1.ltrans.o
 .bss.dmin.lto_priv.154
                0x000000002001ee18        0x4 /tmp/ccvze4t7.ltrans1.ltrans.o
                0x000000002001ee18                dmin.lto_priv.154
 .bss.readpos.lto_priv.161
                0x000000002001ee1c        0x4 /tmp/ccvze4t7.ltrans1.ltrans.o
                0x000000002001ee1c                readpos.lto_priv.161
 .bss.fb.lto_priv.153
                0x000000002001ee20        0x4 /tmp/ccvze4t7.ltrans1.ltrans.o
                0x000000002001ee20                fb.lto_priv.153
 .bss.freeze    0x000000002001ee24        0x1 /tmp/ccvze4t7.ltrans1.ltrans.o
                0x000000002001ee24                freeze
 .bss.OutputDev
                0x000000002001ee25        0x1 /tmp/ccvze4t7.ltrans6.ltrans.o
                0x000000002001ee25                OutputDev
 *fill*         0x000000002001ee26        0x2 
 .bss.TimingDelay1
                0x000000002001ee28        0x4 /tmp/ccvze4t7.ltrans8.ltrans.o
 .bss.DebouncedKeyPress
                0x000000002001ee2c        0x1 /tmp/ccvze4t7.ltrans8.ltrans.o
 *fill*         0x000000002001ee2d        0x3 
 .bss.hAudioOutI2s
                0x000000002001ee30       0x40 /tmp/ccvze4t7.ltrans8.ltrans.o
                0x000000002001ee30                hAudioOutI2s
 .bss.Key_changed
                0x000000002001ee70        0x1 /tmp/ccvze4t7.ltrans8.ltrans.o
 *fill*         0x000000002001ee71        0x3 
 .bss.LED_counter
                0x000000002001ee74       0x10 /tmp/ccvze4t7.ltrans8.ltrans.o
                0x000000002001ee74                LED_counter
 .bss.Key_pressed
                0x000000002001ee84        0x1 /tmp/ccvze4t7.ltrans8.ltrans.o
 *fill*         0x000000002001ee85        0x3 
 .bss.hHCD      0x000000002001ee88      0x290 /tmp/ccvze4t7.ltrans8.ltrans.o
                0x000000002001ee88                hHCD
 .bss.TimingDelay
                0x000000002001f118        0x4 /tmp/ccvze4t7.ltrans8.ltrans.o
 .bss.rateCoeff
                0x000000002001f11c        0x4 /tmp/ccvze4t7.ltrans10.ltrans.o
                0x000000002001f11c                rateCoeff
 .bss.shift.lto_priv.171
                0x000000002001f120        0x4 /tmp/ccvze4t7.ltrans10.ltrans.o
                0x000000002001f120                shift.lto_priv.171
 .bss.Appli_state
                0x000000002001f124        0x1 /tmp/ccvze4t7.ltrans10.ltrans.o
                0x000000002001f124                Appli_state
 *fill*         0x000000002001f125        0x3 
 .bss.f_min     0x000000002001f128        0x4 /tmp/ccvze4t7.ltrans10.ltrans.o
 .bss.f_max     0x000000002001f12c        0x4 /tmp/ccvze4t7.ltrans10.ltrans.o
 .bss.swrate.lto_priv.173
                0x000000002001f130        0x4 /tmp/ccvze4t7.ltrans10.ltrans.o
                0x000000002001f130                swrate.lto_priv.173
 .bss.hUSBHost  0x000000002001f134      0x618 /tmp/ccvze4t7.ltrans11.ltrans.o
                0x000000002001f134                hUSBHost
 .bss.uwTick.lto_priv.144
                0x000000002001f74c        0x4 /tmp/ccvze4t7.ltrans17.ltrans.o
                0x000000002001f74c                uwTick.lto_priv.144
 .bss.I2cHandle.lto_priv.174
                0x000000002001f750       0x38 /tmp/ccvze4t7.ltrans17.ltrans.o
                0x000000002001f750                I2cHandle.lto_priv.174
 .bss.__malloc_max_total_mem
                0x000000002001f788        0x4 /usr/bin/../lib/gcc/arm-none-eabi/4.9.3/../../../../arm-none-eabi/lib/armv7e-m/fpu/libc.a(lib_a-mallocr.o)
                0x000000002001f788                __malloc_max_total_mem
 .bss.__malloc_max_sbrked_mem
                0x000000002001f78c        0x4 /usr/bin/../lib/gcc/arm-none-eabi/4.9.3/../../../../arm-none-eabi/lib/armv7e-m/fpu/libc.a(lib_a-mallocr.o)
                0x000000002001f78c                __malloc_max_sbrked_mem
 .bss.__malloc_top_pad
                0x000000002001f790        0x4 /usr/bin/../lib/gcc/arm-none-eabi/4.9.3/../../../../arm-none-eabi/lib/armv7e-m/fpu/libc.a(lib_a-mallocr.o)
                0x000000002001f790                __malloc_top_pad
 .bss.__malloc_current_mallinfo
                0x000000002001f794       0x28 /usr/bin/../lib/gcc/arm-none-eabi/4.9.3/../../../../arm-none-eabi/lib/armv7e-m/fpu/libc.a(lib_a-mallocr.o)
                0x000000002001f794                __malloc_current_mallinfo
 .bss.heap_end.4079
                0x000000002001f7bc        0x4 /usr/bin/../lib/gcc/arm-none-eabi/4.9.3/../../../../arm-none-eabi/lib/armv7e-m/fpu/libnosys.a(sbrk.o)
 *(COMMON)
 COMMON         0x000000002001f7c0        0x4 /usr/bin/../lib/gcc/arm-none-eabi/4.9.3/../../../../arm-none-eabi/lib/armv7e-m/fpu/libc.a(lib_a-reent.o)
                0x000000002001f7c0                errno
                0x000000002001f7c4                . = ALIGN (0x4)
                0x000000002001f7c4                _ebss = .
                0x000000002001f7c4                __bss_end__ = _ebss

._user_heap_stack
                0x0000000010003ed4     0x2000
                0x0000000010003ed4                . = ALIGN (0x4)
                0x0000000010003ed4                PROVIDE (end, .)
                0x0000000010003ed4                PROVIDE (_end, .)
                0x0000000010004ed4                . = (. + _Min_Heap_Size)
 *fill*         0x0000000010003ed4     0x1000 
                0x0000000010005ed4                . = (. + _Min_Stack_Size)
 *fill*         0x0000000010004ed4     0x1000 
                0x0000000010005ed4                . = ALIGN (0x4)

/DISCARD/
 libc.a(*)
 libm.a(*)
 libgcc.a(*)

.ARM.attributes
                0x0000000000000000       0x30
 *(.ARM.attributes)
 .ARM.attributes
                0x0000000000000000       0x22 /usr/bin/../lib/gcc/arm-none-eabi/4.9.3/armv7e-m/fpu/crti.o
 .ARM.attributes
                0x0000000000000022       0x34 /usr/bin/../lib/gcc/arm-none-eabi/4.9.3/armv7e-m/fpu/crtbegin.o
 .ARM.attributes
                0x0000000000000056       0x37 /tmp/ccvze4t7.ltrans0.ltrans.o
 .ARM.attributes
                0x000000000000008d       0x37 /tmp/ccvze4t7.ltrans1.ltrans.o
 .ARM.attributes
                0x00000000000000c4       0x37 /tmp/ccvze4t7.ltrans2.ltrans.o
 .ARM.attributes
                0x00000000000000fb       0x37 /tmp/ccvze4t7.ltrans3.ltrans.o
 .ARM.attributes
                0x0000000000000132       0x37 /tmp/ccvze4t7.ltrans4.ltrans.o
 .ARM.attributes
                0x0000000000000169       0x37 /tmp/ccvze4t7.ltrans5.ltrans.o
 .ARM.attributes
                0x00000000000001a0       0x37 /tmp/ccvze4t7.ltrans6.ltrans.o
 .ARM.attributes
                0x00000000000001d7       0x37 /tmp/ccvze4t7.ltrans7.ltrans.o
 .ARM.attributes
                0x000000000000020e       0x37 /tmp/ccvze4t7.ltrans8.ltrans.o
 .ARM.attributes
                0x0000000000000245       0x37 /tmp/ccvze4t7.ltrans9.ltrans.o
 .ARM.attributes
                0x000000000000027c       0x37 /tmp/ccvze4t7.ltrans10.ltrans.o
 .ARM.attributes
                0x00000000000002b3       0x37 /tmp/ccvze4t7.ltrans11.ltrans.o
 .ARM.attributes
                0x00000000000002ea       0x37 /tmp/ccvze4t7.ltrans12.ltrans.o
 .ARM.attributes
                0x0000000000000321       0x37 /tmp/ccvze4t7.ltrans13.ltrans.o
 .ARM.attributes
                0x0000000000000358       0x37 /tmp/ccvze4t7.ltrans14.ltrans.o
 .ARM.attributes
                0x000000000000038f       0x37 /tmp/ccvze4t7.ltrans15.ltrans.o
 .ARM.attributes
                0x00000000000003c6       0x37 /tmp/ccvze4t7.ltrans16.ltrans.o
 .ARM.attributes
                0x00000000000003fd       0x37 /tmp/ccvze4t7.ltrans17.ltrans.o
 .ARM.attributes
                0x0000000000000434       0x37 /tmp/ccvze4t7.ltrans18.ltrans.o
 .ARM.attributes
                0x000000000000046b       0x34 /usr/bin/../lib/gcc/arm-none-eabi/4.9.3/../../../../arm-none-eabi/lib/armv7e-m/fpu/libc.a(lib_a-malloc.o)
 .ARM.attributes
                0x000000000000049f       0x34 /usr/bin/../lib/gcc/arm-none-eabi/4.9.3/../../../../arm-none-eabi/lib/armv7e-m/fpu/libc.a(lib_a-mallocr.o)
 .ARM.attributes
                0x00000000000004d3       0x20 /usr/bin/../lib/gcc/arm-none-eabi/4.9.3/../../../../arm-none-eabi/lib/armv7e-m/fpu/libc.a(lib_a-memcpy.o)
 .ARM.attributes
                0x00000000000004f3       0x34 /usr/bin/../lib/gcc/arm-none-eabi/4.9.3/../../../../arm-none-eabi/lib/armv7e-m/fpu/libc.a(lib_a-mlock.o)
 .ARM.attributes
                0x0000000000000527       0x34 /usr/bin/../lib/gcc/arm-none-eabi/4.9.3/../../../../arm-none-eabi/lib/armv7e-m/fpu/libc.a(lib_a-sbrkr.o)
 .ARM.attributes
                0x000000000000055b       0x34 /usr/bin/../lib/gcc/arm-none-eabi/4.9.3/../../../../arm-none-eabi/lib/armv7e-m/fpu/libc.a(lib_a-freer.o)
 .ARM.attributes
                0x000000000000058f       0x34 /usr/bin/../lib/gcc/arm-none-eabi/4.9.3/../../../../arm-none-eabi/lib/armv7e-m/fpu/libc.a(lib_a-reent.o)
 .ARM.attributes
                0x00000000000005c3       0x34 /usr/bin/../lib/gcc/arm-none-eabi/4.9.3/../../../../arm-none-eabi/lib/armv7e-m/fpu/libnosys.a(sbrk.o)
 .ARM.attributes
                0x00000000000005f7       0x21 ./Synth/startup_stm32f407xx.o
 .ARM.attributes
                0x0000000000000618       0x34 /usr/bin/../lib/gcc/arm-none-eabi/4.9.3/../../../../arm-none-eabi/lib/armv7e-m/fpu/libc.a(lib_a-impure.o)
 .ARM.attributes
                0x000000000000064c       0x34 /usr/bin/../lib/gcc/arm-none-eabi/4.9.3/../../../../arm-none-eabi/lib/armv7e-m/fpu/libc.a(lib_a-init.o)
 .ARM.attributes
                0x0000000000000680       0x34 /usr/bin/../lib/gcc/arm-none-eabi/4.9.3/../../../../arm-none-eabi/lib/armv7e-m/fpu/libc.a(lib_a-memset.o)
 .ARM.attributes
                0x00000000000006b4       0x34 /usr/bin/../lib/gcc/arm-none-eabi/4.9.3/../../../../arm-none-eabi/lib/armv7e-m/fpu/libc.a(lib_a-rand.o)
 .ARM.attributes
                0x00000000000006e8       0x34 /usr/bin/../lib/gcc/arm-none-eabi/4.9.3/../../../../arm-none-eabi/lib/armv7e-m/fpu/libc.a(lib_a-__call_atexit.o)
 .ARM.attributes
                0x000000000000071c       0x34 /usr/bin/../lib/gcc/arm-none-eabi/4.9.3/../../../../arm-none-eabi/lib/armv7e-m/fpu/libc.a(lib_a-atexit.o)
 .ARM.attributes
                0x0000000000000750       0x34 /usr/bin/../lib/gcc/arm-none-eabi/4.9.3/../../../../arm-none-eabi/lib/armv7e-m/fpu/libc.a(lib_a-fini.o)
 .ARM.attributes
                0x0000000000000784       0x34 /usr/bin/../lib/gcc/arm-none-eabi/4.9.3/../../../../arm-none-eabi/lib/armv7e-m/fpu/libc.a(lib_a-__atexit.o)
 .ARM.attributes
                0x00000000000007b8       0x22 /usr/bin/../lib/gcc/arm-none-eabi/4.9.3/armv7e-m/fpu/crtn.o
 .ARM.attributes
                0x00000000000007da       0x34 /usr/bin/../lib/gcc/arm-none-eabi/4.9.3/../../../../arm-none-eabi/lib/armv7e-m/fpu/libm.a(lib_a-sf_floor.o)
 .ARM.attributes
                0x000000000000080e       0x34 /usr/bin/../lib/gcc/arm-none-eabi/4.9.3/../../../../arm-none-eabi/lib/armv7e-m/fpu/libm.a(lib_a-sf_lrint.o)
 .ARM.attributes
                0x0000000000000842       0x34 /usr/bin/../lib/gcc/arm-none-eabi/4.9.3/../../../../arm-none-eabi/lib/armv7e-m/fpu/libm.a(lib_a-sf_rint.o)
 .ARM.attributes
                0x0000000000000876       0x34 /usr/bin/../lib/gcc/arm-none-eabi/4.9.3/../../../../arm-none-eabi/lib/armv7e-m/fpu/libm.a(lib_a-sf_sin.o)
 .ARM.attributes
                0x00000000000008aa       0x34 /usr/bin/../lib/gcc/arm-none-eabi/4.9.3/../../../../arm-none-eabi/lib/armv7e-m/fpu/libm.a(lib_a-wf_pow.o)
 .ARM.attributes
                0x00000000000008de       0x34 /usr/bin/../lib/gcc/arm-none-eabi/4.9.3/../../../../arm-none-eabi/lib/armv7e-m/fpu/libm.a(lib_a-ef_pow.o)
 .ARM.attributes
                0x0000000000000912       0x34 /usr/bin/../lib/gcc/arm-none-eabi/4.9.3/../../../../arm-none-eabi/lib/armv7e-m/fpu/libm.a(lib_a-ef_rem_pio2.o)
 .ARM.attributes
                0x0000000000000946       0x34 /usr/bin/../lib/gcc/arm-none-eabi/4.9.3/../../../../arm-none-eabi/lib/armv7e-m/fpu/libm.a(lib_a-ef_sqrt.o)
 .ARM.attributes
                0x000000000000097a       0x34 /usr/bin/../lib/gcc/arm-none-eabi/4.9.3/../../../../arm-none-eabi/lib/armv7e-m/fpu/libm.a(lib_a-kf_cos.o)
 .ARM.attributes
                0x00000000000009ae       0x34 /usr/bin/../lib/gcc/arm-none-eabi/4.9.3/../../../../arm-none-eabi/lib/armv7e-m/fpu/libm.a(lib_a-kf_rem_pio2.o)
 .ARM.attributes
                0x00000000000009e2       0x34 /usr/bin/../lib/gcc/arm-none-eabi/4.9.3/../../../../arm-none-eabi/lib/armv7e-m/fpu/libm.a(lib_a-kf_sin.o)
 .ARM.attributes
                0x0000000000000a16       0x34 /usr/bin/../lib/gcc/arm-none-eabi/4.9.3/../../../../arm-none-eabi/lib/armv7e-m/fpu/libm.a(lib_a-s_lib_ver.o)
 .ARM.attributes
                0x0000000000000a4a       0x34 /usr/bin/../lib/gcc/arm-none-eabi/4.9.3/../../../../arm-none-eabi/lib/armv7e-m/fpu/libm.a(lib_a-s_matherr.o)
 .ARM.attributes
                0x0000000000000a7e       0x34 /usr/bin/../lib/gcc/arm-none-eabi/4.9.3/../../../../arm-none-eabi/lib/armv7e-m/fpu/libm.a(lib_a-s_rint.o)
 .ARM.attributes
                0x0000000000000ab2       0x34 /usr/bin/../lib/gcc/arm-none-eabi/4.9.3/../../../../arm-none-eabi/lib/armv7e-m/fpu/libm.a(lib_a-sf_fabs.o)
 .ARM.attributes
                0x0000000000000ae6       0x34 /usr/bin/../lib/gcc/arm-none-eabi/4.9.3/../../../../arm-none-eabi/lib/armv7e-m/fpu/libm.a(lib_a-sf_finite.o)
 .ARM.attributes
                0x0000000000000b1a       0x34 /usr/bin/../lib/gcc/arm-none-eabi/4.9.3/../../../../arm-none-eabi/lib/armv7e-m/fpu/libm.a(lib_a-sf_fpclassify.o)
 .ARM.attributes
                0x0000000000000b4e       0x34 /usr/bin/../lib/gcc/arm-none-eabi/4.9.3/../../../../arm-none-eabi/lib/armv7e-m/fpu/libm.a(lib_a-sf_nan.o)
 .ARM.attributes
                0x0000000000000b82       0x34 /usr/bin/../lib/gcc/arm-none-eabi/4.9.3/../../../../arm-none-eabi/lib/armv7e-m/fpu/libm.a(lib_a-sf_scalbn.o)
 .ARM.attributes
                0x0000000000000bb6       0x34 /usr/bin/../lib/gcc/arm-none-eabi/4.9.3/../../../../arm-none-eabi/lib/armv7e-m/fpu/libm.a(lib_a-sf_copysign.o)
 .ARM.attributes
                0x0000000000000bea       0x34 /usr/bin/../lib/gcc/arm-none-eabi/4.9.3/../../../../arm-none-eabi/lib/armv7e-m/fpu/libc.a(lib_a-errno.o)
 .ARM.attributes
                0x0000000000000c1e       0x22 /usr/bin/../lib/gcc/arm-none-eabi/4.9.3/armv7e-m/fpu/libgcc.a(_arm_addsubdf3.o)
 .ARM.attributes
                0x0000000000000c40       0x22 /usr/bin/../lib/gcc/arm-none-eabi/4.9.3/armv7e-m/fpu/libgcc.a(_arm_muldivdf3.o)
 .ARM.attributes
                0x0000000000000c62       0x22 /usr/bin/../lib/gcc/arm-none-eabi/4.9.3/armv7e-m/fpu/libgcc.a(_arm_cmpdf2.o)
 .ARM.attributes
                0x0000000000000c84       0x22 /usr/bin/../lib/gcc/arm-none-eabi/4.9.3/armv7e-m/fpu/libgcc.a(_arm_truncdfsf2.o)
OUTPUT(Dekrispator_v2.elf elf32-littlearm)

.comment        0x0000000000000000       0x70
 .comment       0x0000000000000000       0x70 /tmp/ccvze4t7.ltrans0.ltrans.o
                                         0x71 (size before relaxing)
 .comment       0x0000000000000000       0x71 /tmp/ccvze4t7.ltrans1.ltrans.o
 .comment       0x0000000000000000       0x71 /tmp/ccvze4t7.ltrans2.ltrans.o
 .comment       0x0000000000000000       0x71 /tmp/ccvze4t7.ltrans3.ltrans.o
 .comment       0x0000000000000000       0x71 /tmp/ccvze4t7.ltrans4.ltrans.o
 .comment       0x0000000000000000       0x71 /tmp/ccvze4t7.ltrans5.ltrans.o
 .comment       0x0000000000000000       0x71 /tmp/ccvze4t7.ltrans6.ltrans.o
 .comment       0x0000000000000000       0x71 /tmp/ccvze4t7.ltrans7.ltrans.o
 .comment       0x0000000000000000       0x71 /tmp/ccvze4t7.ltrans8.ltrans.o
 .comment       0x0000000000000000       0x71 /tmp/ccvze4t7.ltrans9.ltrans.o
 .comment       0x0000000000000000       0x71 /tmp/ccvze4t7.ltrans10.ltrans.o
 .comment       0x0000000000000000       0x71 /tmp/ccvze4t7.ltrans11.ltrans.o
 .comment       0x0000000000000000       0x71 /tmp/ccvze4t7.ltrans12.ltrans.o
 .comment       0x0000000000000000       0x71 /tmp/ccvze4t7.ltrans13.ltrans.o
 .comment       0x0000000000000000       0x71 /tmp/ccvze4t7.ltrans14.ltrans.o
 .comment       0x0000000000000000       0x71 /tmp/ccvze4t7.ltrans15.ltrans.o
 .comment       0x0000000000000000       0x71 /tmp/ccvze4t7.ltrans16.ltrans.o
 .comment       0x0000000000000000       0x71 /tmp/ccvze4t7.ltrans17.ltrans.o
 .comment       0x0000000000000000       0x71 /tmp/ccvze4t7.ltrans18.ltrans.o

.debug_frame    0x0000000000000000      0x76c
 .debug_frame   0x0000000000000000       0x30 /usr/bin/../lib/gcc/arm-none-eabi/4.9.3/../../../../arm-none-eabi/lib/armv7e-m/fpu/libc.a(lib_a-malloc.o)
 .debug_frame   0x0000000000000030       0x58 /usr/bin/../lib/gcc/arm-none-eabi/4.9.3/../../../../arm-none-eabi/lib/armv7e-m/fpu/libc.a(lib_a-mallocr.o)
 .debug_frame   0x0000000000000088       0x30 /usr/bin/../lib/gcc/arm-none-eabi/4.9.3/../../../../arm-none-eabi/lib/armv7e-m/fpu/libc.a(lib_a-mlock.o)
 .debug_frame   0x00000000000000b8       0x2c /usr/bin/../lib/gcc/arm-none-eabi/4.9.3/../../../../arm-none-eabi/lib/armv7e-m/fpu/libc.a(lib_a-sbrkr.o)
 .debug_frame   0x00000000000000e4       0x74 /usr/bin/../lib/gcc/arm-none-eabi/4.9.3/../../../../arm-none-eabi/lib/armv7e-m/fpu/libc.a(lib_a-freer.o)
 .debug_frame   0x0000000000000158       0x58 /usr/bin/../lib/gcc/arm-none-eabi/4.9.3/../../../../arm-none-eabi/lib/armv7e-m/fpu/libc.a(lib_a-reent.o)
 .debug_frame   0x00000000000001b0       0x20 /usr/bin/../lib/gcc/arm-none-eabi/4.9.3/../../../../arm-none-eabi/lib/armv7e-m/fpu/libnosys.a(sbrk.o)
 .debug_frame   0x00000000000001d0       0x2c /usr/bin/../lib/gcc/arm-none-eabi/4.9.3/../../../../arm-none-eabi/lib/armv7e-m/fpu/libc.a(lib_a-init.o)
 .debug_frame   0x00000000000001fc       0x34 /usr/bin/../lib/gcc/arm-none-eabi/4.9.3/../../../../arm-none-eabi/lib/armv7e-m/fpu/libc.a(lib_a-memset.o)
 .debug_frame   0x0000000000000230       0x3c /usr/bin/../lib/gcc/arm-none-eabi/4.9.3/../../../../arm-none-eabi/lib/armv7e-m/fpu/libc.a(lib_a-rand.o)
 .debug_frame   0x000000000000026c       0x50 /usr/bin/../lib/gcc/arm-none-eabi/4.9.3/../../../../arm-none-eabi/lib/armv7e-m/fpu/libc.a(lib_a-__call_atexit.o)
 .debug_frame   0x00000000000002bc       0x20 /usr/bin/../lib/gcc/arm-none-eabi/4.9.3/../../../../arm-none-eabi/lib/armv7e-m/fpu/libc.a(lib_a-atexit.o)
 .debug_frame   0x00000000000002dc       0x34 /usr/bin/../lib/gcc/arm-none-eabi/4.9.3/../../../../arm-none-eabi/lib/armv7e-m/fpu/libc.a(lib_a-fini.o)
 .debug_frame   0x0000000000000310       0x34 /usr/bin/../lib/gcc/arm-none-eabi/4.9.3/../../../../arm-none-eabi/lib/armv7e-m/fpu/libc.a(lib_a-__atexit.o)
 .debug_frame   0x0000000000000344       0x20 /usr/bin/../lib/gcc/arm-none-eabi/4.9.3/../../../../arm-none-eabi/lib/armv7e-m/fpu/libm.a(lib_a-sf_floor.o)
 .debug_frame   0x0000000000000364       0x38 /usr/bin/../lib/gcc/arm-none-eabi/4.9.3/../../../../arm-none-eabi/lib/armv7e-m/fpu/libm.a(lib_a-sf_lrint.o)
 .debug_frame   0x000000000000039c       0x48 /usr/bin/../lib/gcc/arm-none-eabi/4.9.3/../../../../arm-none-eabi/lib/armv7e-m/fpu/libm.a(lib_a-sf_rint.o)
 .debug_frame   0x00000000000003e4       0x34 /usr/bin/../lib/gcc/arm-none-eabi/4.9.3/../../../../arm-none-eabi/lib/armv7e-m/fpu/libm.a(lib_a-sf_sin.o)
 .debug_frame   0x0000000000000418       0x64 /usr/bin/../lib/gcc/arm-none-eabi/4.9.3/../../../../arm-none-eabi/lib/armv7e-m/fpu/libm.a(lib_a-wf_pow.o)
 .debug_frame   0x000000000000047c       0x7c /usr/bin/../lib/gcc/arm-none-eabi/4.9.3/../../../../arm-none-eabi/lib/armv7e-m/fpu/libm.a(lib_a-ef_pow.o)
 .debug_frame   0x00000000000004f8       0x3c /usr/bin/../lib/gcc/arm-none-eabi/4.9.3/../../../../arm-none-eabi/lib/armv7e-m/fpu/libm.a(lib_a-ef_rem_pio2.o)
 .debug_frame   0x0000000000000534       0x3c /usr/bin/../lib/gcc/arm-none-eabi/4.9.3/../../../../arm-none-eabi/lib/armv7e-m/fpu/libm.a(lib_a-ef_sqrt.o)
 .debug_frame   0x0000000000000570       0x20 /usr/bin/../lib/gcc/arm-none-eabi/4.9.3/../../../../arm-none-eabi/lib/armv7e-m/fpu/libm.a(lib_a-kf_cos.o)
 .debug_frame   0x0000000000000590       0x5c /usr/bin/../lib/gcc/arm-none-eabi/4.9.3/../../../../arm-none-eabi/lib/armv7e-m/fpu/libm.a(lib_a-kf_rem_pio2.o)
 .debug_frame   0x00000000000005ec       0x20 /usr/bin/../lib/gcc/arm-none-eabi/4.9.3/../../../../arm-none-eabi/lib/armv7e-m/fpu/libm.a(lib_a-kf_sin.o)
 .debug_frame   0x000000000000060c       0x20 /usr/bin/../lib/gcc/arm-none-eabi/4.9.3/../../../../arm-none-eabi/lib/armv7e-m/fpu/libm.a(lib_a-s_matherr.o)
 .debug_frame   0x000000000000062c       0x3c /usr/bin/../lib/gcc/arm-none-eabi/4.9.3/../../../../arm-none-eabi/lib/armv7e-m/fpu/libm.a(lib_a-s_rint.o)
 .debug_frame   0x0000000000000668       0x20 /usr/bin/../lib/gcc/arm-none-eabi/4.9.3/../../../../arm-none-eabi/lib/armv7e-m/fpu/libm.a(lib_a-sf_fabs.o)
 .debug_frame   0x0000000000000688       0x20 /usr/bin/../lib/gcc/arm-none-eabi/4.9.3/../../../../arm-none-eabi/lib/armv7e-m/fpu/libm.a(lib_a-sf_finite.o)
 .debug_frame   0x00000000000006a8       0x20 /usr/bin/../lib/gcc/arm-none-eabi/4.9.3/../../../../arm-none-eabi/lib/armv7e-m/fpu/libm.a(lib_a-sf_fpclassify.o)
 .debug_frame   0x00000000000006c8       0x20 /usr/bin/../lib/gcc/arm-none-eabi/4.9.3/../../../../arm-none-eabi/lib/armv7e-m/fpu/libm.a(lib_a-sf_nan.o)
 .debug_frame   0x00000000000006e8       0x44 /usr/bin/../lib/gcc/arm-none-eabi/4.9.3/../../../../arm-none-eabi/lib/armv7e-m/fpu/libm.a(lib_a-sf_scalbn.o)
 .debug_frame   0x000000000000072c       0x20 /usr/bin/../lib/gcc/arm-none-eabi/4.9.3/../../../../arm-none-eabi/lib/armv7e-m/fpu/libm.a(lib_a-sf_copysign.o)
 .debug_frame   0x000000000000074c       0x20 /usr/bin/../lib/gcc/arm-none-eabi/4.9.3/../../../../arm-none-eabi/lib/armv7e-m/fpu/libc.a(lib_a-errno.o)
